
Before deleting alignment gaps
      2    597

SEQ1                            --- --- --- --- --- --- --- --- --- --- --- --- --- --- --- --- --- --- --- --- --- --- --- --- --- --- --- --- --- --- --- --- --- --- --- --- --- --- --- --- --- --- --- --- --- --- --- --- --- --- --- --- --- --- --- --- --- --- --- --- --- --- --- --- --- --- --- --- --- --- --- --- --- --- --- --- --- --- --- --- --- ATG TCC TAC GAG CAG CTG ATG CAG CTC TGC AGT GCC CGG CAG CGG CGG CGG CTG AAC CGC GGC CTG CGT CGC AAG CAG CAC TCT CTC CTC AAG CGC CTG CGC AAG GCC AAG AAG GAG GCC CCA CCC ATG GAG AAG CCT GAG GTA GTC AAG ACC CAC CTG CGT GAC ATG ATT ATC CTC CCC GAG ATG GTG GGC AGC ATG GTT GGC GTG TAC AAC GGC AAG ACC TTC AAC CAG GTG GAA ATC AAG CCT GAA ATG ATT GGC CAC TAT TTA GGG GAA TTT TCC ATC ACT TAC AAA CCC GTG AAA CAC GGC CGC CCT GGT ATT GGG GCC ACC CAC TCA TCT CGG TTC ATT CCT CTG AAG 
SEQ2                            ATG CGC ACA AGC AGC TTG TGG GCG GAA GCC GGC GTT CTA GAG CCG GCG GTT GGG CGT AAC GTC GCG TTG GTC CCT CTC CCG GCC CGG AAG TCG TCC CTC TCG CGA GAC CAA GAG CCG CCC GCG CGA GAG CTC GGC CTT TTC CCG GAG AAG ACT GCG GCC AAG ATG GCG GAA GTG GAG CAA AAG AAG AAA CGC ACC TTC AGG AAG TTC ACC TAT CGC GGT GTG GAC CTG GAT CAG CTC CTC GAC ATG TCC TAT GAG CAA CTG ATG CAG CTC TAC AGC GCC CGG CAG CGG CGG CGG CTG AAC CGT GGC CTG CGT CGC AAG CAG CAC TCT CTC CTC AAG CGC CTG CGC AAG GCC AAG AAG GAG GCC CCA CCC ATG GAG AAG CCC GAG GTA GTC AAG ACC CAC TTG CGC GAC ATG ATT ATC CTC CCT GAG ATG GTG GGC AGC ATG GTT GGC GTG TAC AAC GGC AAG ACC TTC AAC CAG GTG GAA ATC AAG CCT GAA ATG ATT GGC CAC TAT TTA GGG GAA TTT TCC ATC ACT TAC AAA CCC GTG AAA CAC GGC CGA CCC GGT ATT GGG GCC ACC CAC TCA TCT CGG TTC ATT CCT CTG AAG 



After deleting gaps. 354 sites
      2    354

SEQ1                            ATG TCC TAC GAG CAG CTG ATG CAG CTC TGC AGT GCC CGG CAG CGG CGG CGG CTG AAC CGC GGC CTG CGT CGC AAG CAG CAC TCT CTC CTC AAG CGC CTG CGC AAG GCC AAG AAG GAG GCC CCA CCC ATG GAG AAG CCT GAG GTA GTC AAG ACC CAC CTG CGT GAC ATG ATT ATC CTC CCC GAG ATG GTG GGC AGC ATG GTT GGC GTG TAC AAC GGC AAG ACC TTC AAC CAG GTG GAA ATC AAG CCT GAA ATG ATT GGC CAC TAT TTA GGG GAA TTT TCC ATC ACT TAC AAA CCC GTG AAA CAC GGC CGC CCT GGT ATT GGG GCC ACC CAC TCA TCT CGG TTC ATT CCT CTG AAG 
SEQ2                            ATG TCC TAT GAG CAA CTG ATG CAG CTC TAC AGC GCC CGG CAG CGG CGG CGG CTG AAC CGT GGC CTG CGT CGC AAG CAG CAC TCT CTC CTC AAG CGC CTG CGC AAG GCC AAG AAG GAG GCC CCA CCC ATG GAG AAG CCC GAG GTA GTC AAG ACC CAC TTG CGC GAC ATG ATT ATC CTC CCT GAG ATG GTG GGC AGC ATG GTT GGC GTG TAC AAC GGC AAG ACC TTC AAC CAG GTG GAA ATC AAG CCT GAA ATG ATT GGC CAC TAT TTA GGG GAA TTT TCC ATC ACT TAC AAA CCC GTG AAA CAC GGC CGA CCC GGT ATT GGG GCC ACC CAC TCA TCT CGG TTC ATT CCT CTG AAG 



Printing out site pattern counts


         2        144  P

SEQ1                            AAA AAC AAG ACC ACT AGC AGT ATC ATG ATT CAC CAG CAG CCA CCC CCC CCT CCT CGC CGC CGC CGG CGT CGT CTC CTG CTG GAA GAC GAG GCC GGC GGG GGT GTA GTC GTG GTT TAC TAC TAT TCA TCC TCT TGC TTA TTC TTT 
SEQ2                            ... ... ... ... ... ... ..C ... ... ... ... ..A ... ... ... ..T ..C ... ..A ... ..T ... ..C ... ... ... T.. ... ... ... ... ... ... ... ... ... ... ... ... ..T ... ... ... ... .A. ... ... ... 

    2    3   10    3    1    1    1    3    7    4    5    1    4    1    2
    1    2    2    1    3    1    5    1    1    4    5    1    3    1    5
    4    6    2    1    1    1    4    1    2    1    1    1    2    2    1
    1    2    1

YN00 paml/jobs/LOCW_00021318__LOC_00019284/LOCW_00021318__LOC_00019284.phy

ns =   2	ls = 118

Codon position x base (3x4) table for each sequence.

SEQ1                
position  1:    T:0.11864    C:0.33898    A:0.29661    G:0.24576
position  2:    T:0.29661    C:0.17797    A:0.32203    G:0.20339
position  3:    T:0.15254    C:0.39831    A:0.07627    G:0.37288

SEQ2                
position  1:    T:0.12712    C:0.33051    A:0.29661    G:0.24576
position  2:    T:0.29661    C:0.17797    A:0.33051    G:0.19492
position  3:    T:0.14407    C:0.39831    A:0.09322    G:0.36441

Average
position  1:    T:0.12288    C:0.33475    A:0.29661    G:0.24576
position  2:    T:0.29661    C:0.17797    A:0.32627    G:0.19915
position  3:    T:0.14831    C:0.39831    A:0.08475    G:0.36864

Codon usage for each species
----------------------------------------------------------------------
Phe TTT   1   1 | Ser TCT   2   2 | Tyr TAT   1   2 | Cys TGT   0   0
    TTC   2   2 |     TCC   2   2 |     TAC   3   3 |     TGC   1   0
Leu TTA   1   1 |     TCA   1   1 | *** TAA   0   0 | *** TGA   0   0
    TTG   0   1 |     TCG   0   0 |     TAG   0   0 | Trp TGG   0   0
----------------------------------------------------------------------
Leu CTT   0   0 | Pro CCT   4   3 | His CAT   0   0 | Arg CGT   2   2
    CTC   4   4 |     CCC   3   4 |     CAC   5   5 |     CGC   5   4
    CTA   0   0 |     CCA   1   1 | Gln CAA   0   1 |     CGA   0   1
    CTG   6   5 |     CCG   0   0 |     CAG   5   4 |     CGG   5   5
----------------------------------------------------------------------
Ile ATT   4   4 | Thr ACT   1   1 | Asn AAT   0   0 | Ser AGT   1   0
    ATC   3   3 |     ACC   3   3 |     AAC   3   3 |     AGC   1   2
    ATA   0   0 |     ACA   0   0 | Lys AAA   2   2 | Arg AGA   0   0
Met ATG   7   7 |     ACG   0   0 |     AAG  10  10 |     AGG   0   0
----------------------------------------------------------------------
Val GTT   1   1 | Ala GCT   0   0 | Asp GAT   0   0 | Gly GGT   1   1
    GTC   1   1 |     GCC   4   4 |     GAC   1   1 |     GGC   6   6
    GTA   1   1 |     GCA   0   0 | Glu GAA   3   3 |     GGA   0   0
    GTG   4   4 |     GCG   0   0 |     GAG   5   5 |     GGG   2   2
----------------------------------------------------------------------


Sums
------------------------------------------------------
Phe TTT   2 | Ser TCT   4 | Tyr TAT   3 | Cys TGT   0
    TTC   4 |     TCC   4 |     TAC   6 |     TGC   1
Leu TTA   2 |     TCA   2 | *** TAA   0 | *** TGA   0
    TTG   1 |     TCG   0 |     TAG   0 | Trp TGG   0
------------------------------------------------------
Leu CTT   0 | Pro CCT   7 | His CAT   0 | Arg CGT   4
    CTC   8 |     CCC   7 |     CAC  10 |     CGC   9
    CTA   0 |     CCA   2 | Gln CAA   1 |     CGA   1
    CTG  11 |     CCG   0 |     CAG   9 |     CGG  10
------------------------------------------------------
Ile ATT   8 | Thr ACT   2 | Asn AAT   0 | Ser AGT   1
    ATC   6 |     ACC   6 |     AAC   6 |     AGC   3
    ATA   0 |     ACA   0 | Lys AAA   4 | Arg AGA   0
Met ATG  14 |     ACG   0 |     AAG  20 |     AGG   0
------------------------------------------------------
Val GTT   2 | Ala GCT   0 | Asp GAT   0 | Gly GGT   2
    GTC   2 |     GCC   8 |     GAC   2 |     GGC  12
    GTA   2 |     GCA   0 | Glu GAA   6 |     GGA   0
    GTG   8 |     GCG   0 |     GAG  10 |     GGG   4
------------------------------------------------------



(A) Nei-Gojobori (1986) method



Nei & Gojobori 1986. dN/dS (dN, dS)
(Note: This matrix is not used in later ML. analysis.
Use runmode = -2 for ML pairwise comparison.)

SEQ1                
SEQ2                 0.0295 (0.0037 0.1269)


(B) Yang & Nielsen (2000) method

Yang Z, Nielsen R (2000) Estimating synonymous and nonsynonymous substitution rates under realistic evolutionary models. Mol. Biol. Evol. 17:32-43

(equal weighting of pathways)

seq. seq.     S       N        t   kappa   omega     dN +- SE    dS +- SE

   2    1    80.1   273.9   0.1049 12.2327  0.0258 0.0037 +- 0.0037  0.1421 +- 0.0482


(C) LWL85, LPB93 & LWLm methods

Li W.-H., C.-I. Wu, Luo (1985) A new method for estimating synonymous and nonsynonymous rates of nucleotide substitutions considering the relative likelihood of nucleotide and codon changes. Mol. Biol. Evol. 2: 150-174.
Li W-H (1993) Unbiased estimation of the rates of synonymous and nonsynonymous substitution. J. Mol. Evol. 36:96-99
Pamilo P, Bianchi NO (1993) Evolution of the Zfx and Zfy genes - rates and interdependence between the genes. Mol. Biol. Evol. 10:271-281
Yang Z (2006) Computational Molecular Evolution. Oxford University Press, Oxford. Eqs. 2.12 & 2.13

2 (SEQ2) vs. 1 (SEQ1)

L(i):      230.5      65.0      58.5  sum=    354.0
Ns(i):    1.0000    4.0000    5.0000  sum=  10.0000
Nv(i):    0.0000    0.0000    1.0000  sum=   1.0000
A(i):     0.0044    0.0657    0.0955
B(i):    -0.0000   -0.0000    0.0174
LWL85:  dS =  0.1356 dN =  0.0037 w = 0.0271 S =   80.2 N =  273.8
LWL85m: dS =  0.0958 dN =  0.0042 w = 0.0436 S =  113.5 N =  240.5 (rho = 0.846)
LPB93:  dS =  0.0972 dN =  0.0044 w = 0.0448

