
Before deleting alignment gaps
      2   4665

SEQ1                            --- --- --- --- --- --- --- --- --- --- --- --- --- --- --- --- --- --- --- --- --- --- --- --- --- --- --- --- --- --- --- --- --- --- --- --- --- --- --- --- --- --- --- --- --- --- --- --- --- --- --- --- --- --- --- --- --- --- --- --- --- --- --- --- --- --- --- --- --- --- --- --- --- --- --- --- --- --- --- --- --- --- --- --- --- --- --- --- --- --- --- --- --- --- --- --- --- --- --- --- --- --- --- --- --- --- --- --- --- --- --- --- --- --- --- --- --- --- --- --- --- --- --- --- --- --- --- --- --- --- --- --- --- --- --- --- --- --- --- --- --- --- --- --- --- --- --- --- --- --- --- --- --- --- --- --- --- --- --- --- --- --- --- --- --- --- --- --- --- --- TCA GGT GTG GGT CAA GTT GTT CTA CAG GTT GCC GCC GCC ACA AAC TGC AAG CAT CAC TAT GGA GTG GAG AAA GCA GAT ATT CCG GCC AAA TAT GCT GAG ACA ATG GAC AAA GAA TTT CGG AAG TGG ATG AAA TGG TAT GGG AAA AAA CAT GCA GAT TAC ACA CTG GAA AGA GGT GAC TTC CTC TCA GAA GAA TGG CGA GAG AGA ATT GCA AAC ACA AGT GTT ATT TTT GTG AAT AAT TTT GCC TTT GGT CCT GAG GTG GAT CAC CAA CTG AAG GAA CGA TTT GCA AAC ATG AAG GAA GGT GGC CAG ATT GTA TCC TCA AAA CCT TTT GCA CCG CTA AAC TTC AGA ATA AAC AGT CGA AAT TTG AGT GAT ATT GGC ACT ATA ATG AGA GTT GTG GAA TTG TCA CCA CTG AAA GGC TCT GTC TCA TGG ACC GGG AAA CCA GTT TCT TAC TAC CTG CAT ACT ATC GAT CGA ACC ATA CTT GAA AAT TAC TTC TCT AGT CTG AAA AAT CCA AAA CTC AGG GAG GAA CAA GAG GCA GCT AGG CGC CGA CAG CAA AGA GAA AAC AAG AGT AAC ACG GCA ACC CCA ACA AAG GTC CAA GAG AAC AAG GAT TAT GGT GCT GAA GAA GAG AAG ACC CTG GAG GCC AAC ACC ATG AAA AAG CCA TCT CCG TCC AAC GCA CGT AAG AAG AAG CTG AGC AAA AAG GGA AGG AAA ATG GCA GGC AGG AAG CGC GGG CGC CCC AAG AAA ATG AAC ATT GTG AGT GTG GAG TGC AAG ACC AAG AAG AAC CAA ACT GCG CTG GAA CTT ATC CAT GCT CAG ACT GTA TCC CAA GCA TGT TCA TCC TCT CCT CAG GAT GCA TAC AGG TCT CCT CGT AGT CCA TTT TAC CAA CTA CCT CCT AAA GTG CAG CGG CAT TCA TCA AAC CAG CTG TTG GTG ACT CCC GTC CCA CCT GCA CTA CAG AAG CTG CTA GAT TCA TTT AAG ATC CAG TAC ATG CAG TTC CTG GCC TAT ATG AAG ACT CCT CAG TAC AAG GCC AAC CTT CAG CAG TTG TTG GAA CAA GAG AAG GAA AAG AAT GCT CAG CTG CTG GTG AAG GCC CAA CAG TTG TTC ACT CAC TGC CAG ACT CAG AAA GAA GAA ATC AAG CAA CTC TTC CAG CAG AAG CTA GAT GAG CTG GGT GTC AAG GCA CTG ACA TAC AAT GAC CTT ATC CAA GCT CAG AAA GAG ATT TTG GCT CAC AAC CAA CAG CTG AAG GAA CAG AGC AAA CAG TTG GAG AAA GAC AAT GGC AAG CTC AGG AAC CAG AGT TTA CAG CTG CTG AAG GCC AGA TGT GAG GAA CTG AAG CTG GAC TGG TCA ACC CTT TCA CTG GAG AAT CTG CTG AAA GAA AAG CAA GCA CTG AAA AAT CAG ATT TCT GAA AAA CAA AAG CAT TGC TTG GAA TTG CAG ATT AGC ATT GTG GAG CTG GAG AAG AGC CAA AGG CAG CAG GAG CTG CTA CAG CTG AAA TCC TAC ATG CTG CCC GAT GAA TCA CTG CCA GTG CAT CTG CAC CAT AAG AAC CCC CTG AGC CAC GAG GCA GAG CCC GAT CTT GGC ATG TTC CCC CTG GAG CTG GAG TGT CCC AAG TTC CCC ATG TCC CAG CTC AAT GGC ATG AGC CCC GAG CTG TCC ATG AAC GGC CAC GCC ACC TCT TAC GAG ATC CAC CAG GCT CTT GGC AGA CCC TCC TCC AAG CAG AGC TCC CCT CAG CAC CCC ACT TCT CAC CTG GAC CAA GAC ATC ATT CCC TGC ACC GCA AAC CAC AGC TGG AGA CAG AAA CTG GAC AAA ACC TCC AGC TTG GCC TTG CCA GAC TAC ACC AGG TTT TCC CCT GCT AAG ATA GCC CTG CAG AGG CAT TTG AAC CAG GAC CAG GTC AGC AAC AGG AGG GCA GCA CCC ACT GAG AAC CAG CAG AGG ACT GAT CAT TTA AAA GAG AAT GGC CTT ACA TTT CCA AGC CCA GCA ATA TCA AAT GGG ATA AAG ATG AGC CCC CTG GAA GCC CAG TCC TCT TCT CCA GCA GCT TCA CCG ATC ACT AAT GAG AAG GCC GTG CAC GAG AAG ACC CCT GCA AGT AAT GGG GAG ATG ATC ACC AGC CTT CCC ATC AGT ATT CCC CTC AGT ACC GTG CAG CCC AAT AAA CTC CCC GTT AGC ATC CCC CTG GCC AGC GTC GTC CTA CCC AGC CGT GTT GAG AAG GTG AGA AGC ACG CCT AGC CCT GTC CAT CAG AAC CGA GAA TCC TTT TCA ACA CTT GAA AAA CAA TTT GGT GGT AAT TCT CAT AAC AGC ATT AAC ACC ACT GCT GGC AAC AAA CCA CCA GCT TTG GCT ACC TCA GGT TTT CCT TAC GTT TCT GGC TCC ATG CCA GTC CAT GGG ACT CTT CCA AAC AGC CCT GCT CAT CTT AAT CAC AGT GTG GAC CAT GCT GCT CTA GAG GAT GTA TCC AGT TCA GGA AGC TTG TTC AAC TCA GTG GGG TCC CAG AGC TCC ACC CTG CAG CAC CCC ACT GTG CTG CCG ATG CCC TTG CAA CAT CCT GGG CAG GGG TCC CCC ACC CAC CAG CAT GCG GCG AGC CCC CGA CTG AAT GGG GCC TGC CAG AGC CTC AGA GGG GTG CTC CAG TAT GTC GAG GCC CAG AAG CCG TTT GCA GAG GGC TCC TGG GCA GAT GTG CAG CAA GAG CCG GCC TTT TCC GAC CCA GAA AGC GAG GGC AAG CGA AGG ATC ATC TTC ACC ATC TCA CCT GGC CCA GGG AGC ATC AAG CAT TCC CCT TCG AGC AAG CAC AGT CCG CTC ATG GCA AGC ATC TGG GTG GAG TGC GGC CAG GCC TGC GTG CAG GAC GGG AAG AAG CGC GGG CGG AGG AAG CGC TCT TCT GCT GGA GCG CTG AGC ATG AAC TCT GGC GTG TCT CCG AAG CGC AAA CCC CTG CCT GCA ATG GCC GGG CGC TTT GCC CAG TCT TCA GGG TCT CCC CTT AAC ATC AAC TCC ATG GTC AGT AAC ATA AAC CAG CCT TTA GAA ATA ACA GCC ATT TCT TCT CCC GAA AAC TCC CTG AAG AAT TCT CCC GCC CCG TAC CAG GAC AAT GAC CAG CCG CCA GTG CTG AAG AAG GAG AAG CCC CTC ACT CAG ATG AAT GGC ATC CAT TAC CCT TTG CTG ACG TCC GAT GAA GAG CAG GGC TCG GAG GAT GAC CAC AAC AGC ACC AGA ATT GAG AGA AAA ATA GCA ACA ATA ACA TTG GAA AGC AAA CCT CCA CAG AAG CCA ATG GAA AAC AGC ATA AGC TCA GTG AGG AGA AAG CCA GCT AGT GAG AAT ATG AAC AGC AGC AAG TGG AAG TCA ACC TTT TCT CCC ATT TCG GAC ATC AAC TTG ACC AAA ACA GTG GAC AGT CCT CTG CAG GGC ACG TCC CTG GGC CAG AAC TCC CTC TTC TCT TTC AGG CCG TCC GTG GGG GAC GGC CCG GCG GTG GAC ACC AAG GCT GCA GCC CAT GTC CGG AAG CAC CAG GCC GCA CCC GGT CCC GGC TCC GAG GGG CTC AGC CAG AGC ACC AGC CTG GTG AAT GGG TTC ACT TAC AAC GGC GGG CTG TCT GCA GAG GGC GCG TTG CAC AGC TTC ATG GAT GGT GCG TCG CTT CCT CAG AAA GCC GCC GAG GCC GCG GCG GCA CTG GGG GGG GCG TCC CTG AAC TTT CTG ATG CAG CGA AGC AAG GAG GCC GCC GGG GTC TCC GAG ACG AAT CCG TTC CTG AGC AAG AGG CAG CTA GAG AGC CTT GGC GCT GGG AAG GGG GAA GAC TTG AAA TGG CCT CTG CCC AGA GGC AAA GAG GGT GGC GAA CCA GGC GTC CGC CTG AGC GGC CCT TTG GAC AAG CCC TCG GTG TTG CAC CCA AGC AAG ATC AGC AAA GGG CGG GAG CGG GAC GTG GAG CTG AAG ACT GGC CAC AAC CTC TTC ATT GCT GCC GCC GCC GCC ACC GTC CCC TCC AGC GGC CTT CTC AAC GGC AAG GGC CAC TCT GCC GCG GCC GCC AGC AGC TCG CCC GCC ACC GCT GCC TCT GCC CAA GTA CCC CAC CCT TTC TTG AAC CCG CTG ACC ACT GGC TCG GCT TTC CCC CTC GGC CCC GTG GTG ACG AAT GCG TCG GTA CTA CAG ACC TTC TTT AAC TCG ATG CCA GCT GCC GGC TTG GTC CAC GTT TCG TCA GCT GCT ACC CGG CTG ACC AAC TCG CAC CCC ATG GCA ACC TTC TCT CCC GGA ATG ACA GGT GGA ACA GTT GGA GGT AGG 
SEQ2                            ATG GGC GAG AGG TTG GAG CTC CGG CTG AAG TCG CCC GTG GGA GCC GAG CCG GCC GTG TAC CCC TGG CCC CTG CCC GTC TAC GTG AGT ACC GGA GCG GAC GGG GAC AAA CAC CAT GAT GCT GCT CAT GAA ATC ATT GAG ACA ATT CGG TGG GTC TGC GAA GAA ATT CCA GAC CTC AAA CTT GCT ATG GAA AAC TAT GTT TTA ATT GAC TAT GAT ACT AAA AGC TTT GAA AGC ATG CAA AGA CTT TGT GAC AAG TAC AAC CGA GCC ATC GAT AGC ATT CAC CAG TTG TGG AAA GGA ACC ACC CAG CCC ATG AAA CTG AAC ACC CGC CCT TCC AAT GGA CTT CTC CGC CAT ATC CTC CAA CAG GTC TAT AAT CAC TCA GTG ACT GAC CCG GAA AAG CTG AAC AAC TAC GAA CCC TTT TCC CCA GAG GTG TAT GGA GAG ACT TCC TTC GAC TTG GTG GCC CAG ATG ATA GAT GAG ATA AAA ATG ACT GAA GAT GAC CTG TTT GTA GAC TTG GGC AGT GGT GTG GGT CAA GTT GTT CTA CAG GTT GCC GCC GCC ACA AAC TGC AAG CAT CAC TAT GGA GTG GAG AAA GCA GAT ATT CCG GCC AAA TAT GCT GAG ACG ATG GAC AAA GAA TTT CGA AAG TGG ATG AAA TGG TAT GGG AAA AAA CAT GCA GAT TAC ACA CTG GAA AGA GGT GAC TTC CTC TCA GAA GAA TGG CGG GAG AGA ATC GCA AAC ACG AGT GTT ATT TTT GTG AAT AAC TTT GCC TTT GGT CCT GAG GTG GAT CAC CAA CTG AAG GAG CGC TTT GCA AAC ATG AAG GAA GGT GGC CAG ATT GTA TCC TCA AAA CCT TTT GCA CCG CTA AAC TTC AGA ATA AAC AGT CGA AAC TTG AGT GAT ATT GGC ACT ATA ATG AGA GTT GTG GAA TTG TCA CCA CTG AAA GGC TCC GTC TCA TGG ACC GGC AAA CCA GTT TCT TAC TAC CTG CAT ACT ATC GAT CGA ACC ATA CTT GAA AAT TAC TTC TCT AGT CTG AAA AAT CCA AAA CTC AGG GAG GAA CAA GAG GCA GCT AGG CGC CGA CAG CAA AGA GAA AAC AAG AGT AAC ACG ACA ACT CCA ACA AAG GTC CAA GAG AAC AAG GAC TAT GGT GCT GAA GAA GAG AAG ACC CTG GGA GCC AGT GCT GTG AAA AAG CCA TCT CCG TCC AAA GCA CGT AAG AAG AAG CTG AGC AAA AAG GGA AGG AAA ATG GCA GGC AGG AAG CGC GGG CGC CCC AAG AAA ATG AAC ATC GTG AAT GCG GAG CGC AAG ACC AAG AAG AAC CAA ACG GCG CTG GAA CTT CTG CAT GCG CAG ACT GTA TCC CAA GCA TGC TCA TCC TCT CCT CAG GAT GCA TAC AGG TCT CCT CGT AGT CCA TTT TAC CAA CTA CCT CCT AAA GTG CAG CGG CAT TCG TCA AAC CAG CTG TTG GTG ACT CCC GCC CCA CCT GCA CTA CAG AAG CTG CTA GAC TCA TTT AAG TTC CAG TAC ATG CAG TTC CTG GCC TAC ATG AAG ACT CCT CAG TAC AAG GCC AAC CTT CAG CAG TTG TTG GAA CAG GAA AAG GAG AAG AAC ACC CAG CTC TTG GGG AAG GCC CAG CAG CTG TTC ACT CAC TGC CAG GCT CAG AAA GAA GAA ATC AAG CGG CTG TTC CAG CAG AAG CTC GAT GAG CTG GGT GTC AAG GCG CTG ACG TAC AAT GAC CTT ATC CAA GCT CAG AAG GAG ATT TCG GCT CAC AAC CAA CAG CTG AAG GAA CAG AGC AAA CAG TTG GAG AAG GAC AAT GGC GAG CTC AGG AAC CAG AGT TTG CAG CTG CTG AAG GCC AGA TGT GAA GAA CTG AAG CTA GAC TGG TCA ACC CTT TCA CTG GAG AAT CTG CTC AAA GAA AAG CAA GCA CTG AAG AAT CAG ATT TCT GAA AAA CAA AAG CAT TGC TTG GAA TTG CAG ATT AGT ATT GTG GAG CTG GAG AAG AGC CAA AGG CAG CAG GAG CTC TTG CAG CTG AAG TCC TGC ATG CCC CCC GAC GAG TCG CTG CCG GTG CAG CTG CGC CAT AAG AAC CCC CCG AGC CGC GAG GCA GAG CCC GAT CAC GGC GCG TTC CCC CTG GAG TTC GAG TGC CCC AAG TTC CCG ATG CCC CAG TTC AAC GGC ATG AGC CCC GAG CTG TCC ATG AAC GGC CAC GCC ACC TCC TTC GAG ATC CAC CAG GCG CTC GGC AGG CCC TCC TCC AAG CAG AGC ACC CCT CAG TAC CCC GTT TCT CAC CTG GAC CAA GAC ATC GTT CCC TGC ACC CCG AAC CAC GGC TGC AGA CAG AAA CCG GAC AAG ACC TCT GGC TTG GCC TTG CCA GAC TAC ACC AGG TTT TCC CCT GCT AAG ATA GCC CTG CGG AGG CAT TTG AAC CAG GAC CAG GTC AGC AAC GGG AGG GCA GCG CCC GCC GAG AAC CTG CAG AGA GCT GAG CAT TTA AAG GAG AAC AGC CTT ACA GTT CCA AGC CAA GCA CTA TCG AAT GGG ATA AAG ATG AGC CCC CTA GAA GCC CAG CCC TCT TCT CCA GCA GCT TCA CCG ATC CCT AAC GAG AAG GCC TTG CGC GAG AGG ACC CCC GCG AGC CAT GGG GAG ACG ATC ACC AGC CTC CCC ATC AGT ATT CCC CTC AGC ACC GTG CAG CCC AAT AAA CTC CCC GTT AGC ATC CCC CTG GCC AGC GTC GTC CTA CCC AGC CGT GTT GAG AAG GTG AGA AGC ACG CCT AGC CCT GTC CAT CAG AAC CGA GAA TGC TTT CCA ACA CTT GAA AAA CAA TTT GGT GCT AAT TCT CAT AAC GGC ATT AAC AGT GGC GCC GGC AGC AAG CCG CCT GCT CTG GCT ACC TCA GGT TTT CCT TAC GTT TCT GGC TCC ATG CCA GTC CAT GGG ACT CTT CCA AAC AGC CCT GCT CAT CTT AAT CAC AGC GTG GAC CAT GCT GCC GTA GAG GAC GTA TCC AGT TCG GGA AGC TTG TTC AAC CCG GTG GGG TCC CAG AGC GCC ACC CCG CAG CTC CCC ACC GTG CTG ACG ATG CCC TTG CGC CAT CCT GGG CAG GGC TCC CCC GCC CAC CAG CAC GCG GCG AGC CCC CGG CTG AAT GGG GCC TGC CAG AGC CTC GGA GGG GTG CTC CAG TAC GTC GAG GCC CAG AAG CCG TTT GCA GAG GGC TCC CGG GCA GAC GTG CAG CAA GAG CCG GCC GCC TCC GAC CCT GAA AGC GAG GGC AAG CGA AGG ATC ATC TTC ACC ATC TCC CCC GCC CCG GGG GGC ATC AAG CAC TCC CCT TCG AGC AAG CAC AGT CCG CTC ATG GCG AGC ATC CGG GTG GAG TGC GGC CAG GCC TGC GCG CAG GAC GGG AAG AAG CGC GGG CGG AGG AAG CGC TCT TCC GCT GGA GCG CTG AAT GTG AAC TCC GGC GTG TCT CCG AAG CGC AAG CCT CTG CCT GCA GCA ACC GGG CGC TTT GCC CAG TCT TCA GGG TCT CCC CTT AAC ATC AAC TCC ATG GTC AAT AAC ATA AAC CAG CCT TTA GAA ATA ACG GCC ATT TCT TCC CCC GAA AAC TCC CTG AAG AAT TCT CCC GCC CCG TAC CAG GAC AAC GAC CAG CCG CCG GTG CTG AAG AAG GAG AAG CCC CTC GCC CAG ACG AAC GGC ATC CAT TAC TCT CCG CTG ACG TCC GAT GAG GAG CAG GGC TCA GAG GAT GAG CAC AAC AGC ACC AGG ATT GAG AGA AAA ATT GCA ACA ATA TCA TTG GAA AGC AAA TCT CCA CAG AAG CCA ATG GAA AAC AGC TTA AGC TTA GTG GGA AGA AAG CCA GCT AGT GAG AAT ATG AAC AGC AGC AAG TGG AAG TCA ACC TTT TCT CCC ATT TCG GAC ATC AAC TTG ACC AAA ACA GTG GAC AGT CCT CTG CAG GGC ACG TCC CTG GGC CAG AAC TCC CTC TTC TCT TTC AGG CCG TCC GTG GGG GAC GGC CCG GCG GTG GAC ACC AAG GCT GCA GCC CAT GTC CGG AAG CAC CAG GCC GCA CCC GGT CCC GGC TCC GAG GGG CTC AGC CAG AGC ACC AGC CTG GTG AAT GGG TTC ACT TAC AAC GGC GGG CTG TCT GCA GAG GGC GCG TTG CAC AGC TTC ATG GAT GGT GCG TCG CTT CCT CAG AAA GCC GCC GAG GCC GCG GCG GCA CTG GGG GGG GCG TCC CTG AAC TTC CTG ATG CAG CGA AGC AAG GAG GCC GCC GGG GTC TCC GAG ACG AAT CCG TTC CTG AGC AAG AGG CAG CTA GAG AGC CTT GGC GCT GGG AAG GGG GAA GAC CTG AAA TGG CCT GCG CCC AGA GGC AAA GAG GGT GGC GAA CCG GGC GTC CGC CTG AGC GGC CCT TTG GAC AAG CCC TCG GTG TTG CAC CCA AGC AAG ATC AGC AAA GGG CGG GAG CGG GAC GTG GAG CTG AAG ACT GGC CAC AAC CTC TTC ATT GCT GCC GCC GCC GCC ACC GTC CCC TCC AGC GGC CTT CTC AAC GGC AAG GGC CAC TCT GCC GCT GCC GCC AGC AGC TCG CCC GCC ACC GCT GCC TCT GCC CAA GTA CCC CAC CCT TTC TTG AAC CCG CTG ACC ACT GGC TCG GCT TTC CCC CTC GGC CCC GTG GTG ACG AAT GCG TCG GTA CTA CAG ACC TTC TTT AAC TCG ATG CCA GCT GCC GGC TTG GTC CAC GTT TCG TCA GCT GCT ACC CGG CTG ACC AAC TCG CAC CCC ATG GCA ACC TTC TCT CCC GGA ATG ACA GGT GGA ACA GTT GGA GGT AGG 



After deleting gaps. 4155 sites
      2   4155

SEQ1                            TCA GGT GTG GGT CAA GTT GTT CTA CAG GTT GCC GCC GCC ACA AAC TGC AAG CAT CAC TAT GGA GTG GAG AAA GCA GAT ATT CCG GCC AAA TAT GCT GAG ACA ATG GAC AAA GAA TTT CGG AAG TGG ATG AAA TGG TAT GGG AAA AAA CAT GCA GAT TAC ACA CTG GAA AGA GGT GAC TTC CTC TCA GAA GAA TGG CGA GAG AGA ATT GCA AAC ACA AGT GTT ATT TTT GTG AAT AAT TTT GCC TTT GGT CCT GAG GTG GAT CAC CAA CTG AAG GAA CGA TTT GCA AAC ATG AAG GAA GGT GGC CAG ATT GTA TCC TCA AAA CCT TTT GCA CCG CTA AAC TTC AGA ATA AAC AGT CGA AAT TTG AGT GAT ATT GGC ACT ATA ATG AGA GTT GTG GAA TTG TCA CCA CTG AAA GGC TCT GTC TCA TGG ACC GGG AAA CCA GTT TCT TAC TAC CTG CAT ACT ATC GAT CGA ACC ATA CTT GAA AAT TAC TTC TCT AGT CTG AAA AAT CCA AAA CTC AGG GAG GAA CAA GAG GCA GCT AGG CGC CGA CAG CAA AGA GAA AAC AAG AGT AAC ACG GCA ACC CCA ACA AAG GTC CAA GAG AAC AAG GAT TAT GGT GCT GAA GAA GAG AAG ACC CTG GAG GCC AAC ACC ATG AAA AAG CCA TCT CCG TCC AAC GCA CGT AAG AAG AAG CTG AGC AAA AAG GGA AGG AAA ATG GCA GGC AGG AAG CGC GGG CGC CCC AAG AAA ATG AAC ATT GTG AGT GTG GAG TGC AAG ACC AAG AAG AAC CAA ACT GCG CTG GAA CTT ATC CAT GCT CAG ACT GTA TCC CAA GCA TGT TCA TCC TCT CCT CAG GAT GCA TAC AGG TCT CCT CGT AGT CCA TTT TAC CAA CTA CCT CCT AAA GTG CAG CGG CAT TCA TCA AAC CAG CTG TTG GTG ACT CCC GTC CCA CCT GCA CTA CAG AAG CTG CTA GAT TCA TTT AAG ATC CAG TAC ATG CAG TTC CTG GCC TAT ATG AAG ACT CCT CAG TAC AAG GCC AAC CTT CAG CAG TTG TTG GAA CAA GAG AAG GAA AAG AAT GCT CAG CTG CTG GTG AAG GCC CAA CAG TTG TTC ACT CAC TGC CAG ACT CAG AAA GAA GAA ATC AAG CAA CTC TTC CAG CAG AAG CTA GAT GAG CTG GGT GTC AAG GCA CTG ACA TAC AAT GAC CTT ATC CAA GCT CAG AAA GAG ATT TTG GCT CAC AAC CAA CAG CTG AAG GAA CAG AGC AAA CAG TTG GAG AAA GAC AAT GGC AAG CTC AGG AAC CAG AGT TTA CAG CTG CTG AAG GCC AGA TGT GAG GAA CTG AAG CTG GAC TGG TCA ACC CTT TCA CTG GAG AAT CTG CTG AAA GAA AAG CAA GCA CTG AAA AAT CAG ATT TCT GAA AAA CAA AAG CAT TGC TTG GAA TTG CAG ATT AGC ATT GTG GAG CTG GAG AAG AGC CAA AGG CAG CAG GAG CTG CTA CAG CTG AAA TCC TAC ATG CTG CCC GAT GAA TCA CTG CCA GTG CAT CTG CAC CAT AAG AAC CCC CTG AGC CAC GAG GCA GAG CCC GAT CTT GGC ATG TTC CCC CTG GAG CTG GAG TGT CCC AAG TTC CCC ATG TCC CAG CTC AAT GGC ATG AGC CCC GAG CTG TCC ATG AAC GGC CAC GCC ACC TCT TAC GAG ATC CAC CAG GCT CTT GGC AGA CCC TCC TCC AAG CAG AGC TCC CCT CAG CAC CCC ACT TCT CAC CTG GAC CAA GAC ATC ATT CCC TGC ACC GCA AAC CAC AGC TGG AGA CAG AAA CTG GAC AAA ACC TCC AGC TTG GCC TTG CCA GAC TAC ACC AGG TTT TCC CCT GCT AAG ATA GCC CTG CAG AGG CAT TTG AAC CAG GAC CAG GTC AGC AAC AGG AGG GCA GCA CCC ACT GAG AAC CAG CAG AGG ACT GAT CAT TTA AAA GAG AAT GGC CTT ACA TTT CCA AGC CCA GCA ATA TCA AAT GGG ATA AAG ATG AGC CCC CTG GAA GCC CAG TCC TCT TCT CCA GCA GCT TCA CCG ATC ACT AAT GAG AAG GCC GTG CAC GAG AAG ACC CCT GCA AGT AAT GGG GAG ATG ATC ACC AGC CTT CCC ATC AGT ATT CCC CTC AGT ACC GTG CAG CCC AAT AAA CTC CCC GTT AGC ATC CCC CTG GCC AGC GTC GTC CTA CCC AGC CGT GTT GAG AAG GTG AGA AGC ACG CCT AGC CCT GTC CAT CAG AAC CGA GAA TCC TTT TCA ACA CTT GAA AAA CAA TTT GGT GGT AAT TCT CAT AAC AGC ATT AAC ACC ACT GCT GGC AAC AAA CCA CCA GCT TTG GCT ACC TCA GGT TTT CCT TAC GTT TCT GGC TCC ATG CCA GTC CAT GGG ACT CTT CCA AAC AGC CCT GCT CAT CTT AAT CAC AGT GTG GAC CAT GCT GCT CTA GAG GAT GTA TCC AGT TCA GGA AGC TTG TTC AAC TCA GTG GGG TCC CAG AGC TCC ACC CTG CAG CAC CCC ACT GTG CTG CCG ATG CCC TTG CAA CAT CCT GGG CAG GGG TCC CCC ACC CAC CAG CAT GCG GCG AGC CCC CGA CTG AAT GGG GCC TGC CAG AGC CTC AGA GGG GTG CTC CAG TAT GTC GAG GCC CAG AAG CCG TTT GCA GAG GGC TCC TGG GCA GAT GTG CAG CAA GAG CCG GCC TTT TCC GAC CCA GAA AGC GAG GGC AAG CGA AGG ATC ATC TTC ACC ATC TCA CCT GGC CCA GGG AGC ATC AAG CAT TCC CCT TCG AGC AAG CAC AGT CCG CTC ATG GCA AGC ATC TGG GTG GAG TGC GGC CAG GCC TGC GTG CAG GAC GGG AAG AAG CGC GGG CGG AGG AAG CGC TCT TCT GCT GGA GCG CTG AGC ATG AAC TCT GGC GTG TCT CCG AAG CGC AAA CCC CTG CCT GCA ATG GCC GGG CGC TTT GCC CAG TCT TCA GGG TCT CCC CTT AAC ATC AAC TCC ATG GTC AGT AAC ATA AAC CAG CCT TTA GAA ATA ACA GCC ATT TCT TCT CCC GAA AAC TCC CTG AAG AAT TCT CCC GCC CCG TAC CAG GAC AAT GAC CAG CCG CCA GTG CTG AAG AAG GAG AAG CCC CTC ACT CAG ATG AAT GGC ATC CAT TAC CCT TTG CTG ACG TCC GAT GAA GAG CAG GGC TCG GAG GAT GAC CAC AAC AGC ACC AGA ATT GAG AGA AAA ATA GCA ACA ATA ACA TTG GAA AGC AAA CCT CCA CAG AAG CCA ATG GAA AAC AGC ATA AGC TCA GTG AGG AGA AAG CCA GCT AGT GAG AAT ATG AAC AGC AGC AAG TGG AAG TCA ACC TTT TCT CCC ATT TCG GAC ATC AAC TTG ACC AAA ACA GTG GAC AGT CCT CTG CAG GGC ACG TCC CTG GGC CAG AAC TCC CTC TTC TCT TTC AGG CCG TCC GTG GGG GAC GGC CCG GCG GTG GAC ACC AAG GCT GCA GCC CAT GTC CGG AAG CAC CAG GCC GCA CCC GGT CCC GGC TCC GAG GGG CTC AGC CAG AGC ACC AGC CTG GTG AAT GGG TTC ACT TAC AAC GGC GGG CTG TCT GCA GAG GGC GCG TTG CAC AGC TTC ATG GAT GGT GCG TCG CTT CCT CAG AAA GCC GCC GAG GCC GCG GCG GCA CTG GGG GGG GCG TCC CTG AAC TTT CTG ATG CAG CGA AGC AAG GAG GCC GCC GGG GTC TCC GAG ACG AAT CCG TTC CTG AGC AAG AGG CAG CTA GAG AGC CTT GGC GCT GGG AAG GGG GAA GAC TTG AAA TGG CCT CTG CCC AGA GGC AAA GAG GGT GGC GAA CCA GGC GTC CGC CTG AGC GGC CCT TTG GAC AAG CCC TCG GTG TTG CAC CCA AGC AAG ATC AGC AAA GGG CGG GAG CGG GAC GTG GAG CTG AAG ACT GGC CAC AAC CTC TTC ATT GCT GCC GCC GCC GCC ACC GTC CCC TCC AGC GGC CTT CTC AAC GGC AAG GGC CAC TCT GCC GCG GCC GCC AGC AGC TCG CCC GCC ACC GCT GCC TCT GCC CAA GTA CCC CAC CCT TTC TTG AAC CCG CTG ACC ACT GGC TCG GCT TTC CCC CTC GGC CCC GTG GTG ACG AAT GCG TCG GTA CTA CAG ACC TTC TTT AAC TCG ATG CCA GCT GCC GGC TTG GTC CAC GTT TCG TCA GCT GCT ACC CGG CTG ACC AAC TCG CAC CCC ATG GCA ACC TTC TCT CCC GGA ATG ACA GGT GGA ACA GTT GGA GGT AGG 
SEQ2                            AGT GGT GTG GGT CAA GTT GTT CTA CAG GTT GCC GCC GCC ACA AAC TGC AAG CAT CAC TAT GGA GTG GAG AAA GCA GAT ATT CCG GCC AAA TAT GCT GAG ACG ATG GAC AAA GAA TTT CGA AAG TGG ATG AAA TGG TAT GGG AAA AAA CAT GCA GAT TAC ACA CTG GAA AGA GGT GAC TTC CTC TCA GAA GAA TGG CGG GAG AGA ATC GCA AAC ACG AGT GTT ATT TTT GTG AAT AAC TTT GCC TTT GGT CCT GAG GTG GAT CAC CAA CTG AAG GAG CGC TTT GCA AAC ATG AAG GAA GGT GGC CAG ATT GTA TCC TCA AAA CCT TTT GCA CCG CTA AAC TTC AGA ATA AAC AGT CGA AAC TTG AGT GAT ATT GGC ACT ATA ATG AGA GTT GTG GAA TTG TCA CCA CTG AAA GGC TCC GTC TCA TGG ACC GGC AAA CCA GTT TCT TAC TAC CTG CAT ACT ATC GAT CGA ACC ATA CTT GAA AAT TAC TTC TCT AGT CTG AAA AAT CCA AAA CTC AGG GAG GAA CAA GAG GCA GCT AGG CGC CGA CAG CAA AGA GAA AAC AAG AGT AAC ACG ACA ACT CCA ACA AAG GTC CAA GAG AAC AAG GAC TAT GGT GCT GAA GAA GAG AAG ACC CTG GGA GCC AGT GCT GTG AAA AAG CCA TCT CCG TCC AAA GCA CGT AAG AAG AAG CTG AGC AAA AAG GGA AGG AAA ATG GCA GGC AGG AAG CGC GGG CGC CCC AAG AAA ATG AAC ATC GTG AAT GCG GAG CGC AAG ACC AAG AAG AAC CAA ACG GCG CTG GAA CTT CTG CAT GCG CAG ACT GTA TCC CAA GCA TGC TCA TCC TCT CCT CAG GAT GCA TAC AGG TCT CCT CGT AGT CCA TTT TAC CAA CTA CCT CCT AAA GTG CAG CGG CAT TCG TCA AAC CAG CTG TTG GTG ACT CCC GCC CCA CCT GCA CTA CAG AAG CTG CTA GAC TCA TTT AAG TTC CAG TAC ATG CAG TTC CTG GCC TAC ATG AAG ACT CCT CAG TAC AAG GCC AAC CTT CAG CAG TTG TTG GAA CAG GAA AAG GAG AAG AAC ACC CAG CTC TTG GGG AAG GCC CAG CAG CTG TTC ACT CAC TGC CAG GCT CAG AAA GAA GAA ATC AAG CGG CTG TTC CAG CAG AAG CTC GAT GAG CTG GGT GTC AAG GCG CTG ACG TAC AAT GAC CTT ATC CAA GCT CAG AAG GAG ATT TCG GCT CAC AAC CAA CAG CTG AAG GAA CAG AGC AAA CAG TTG GAG AAG GAC AAT GGC GAG CTC AGG AAC CAG AGT TTG CAG CTG CTG AAG GCC AGA TGT GAA GAA CTG AAG CTA GAC TGG TCA ACC CTT TCA CTG GAG AAT CTG CTC AAA GAA AAG CAA GCA CTG AAG AAT CAG ATT TCT GAA AAA CAA AAG CAT TGC TTG GAA TTG CAG ATT AGT ATT GTG GAG CTG GAG AAG AGC CAA AGG CAG CAG GAG CTC TTG CAG CTG AAG TCC TGC ATG CCC CCC GAC GAG TCG CTG CCG GTG CAG CTG CGC CAT AAG AAC CCC CCG AGC CGC GAG GCA GAG CCC GAT CAC GGC GCG TTC CCC CTG GAG TTC GAG TGC CCC AAG TTC CCG ATG CCC CAG TTC AAC GGC ATG AGC CCC GAG CTG TCC ATG AAC GGC CAC GCC ACC TCC TTC GAG ATC CAC CAG GCG CTC GGC AGG CCC TCC TCC AAG CAG AGC ACC CCT CAG TAC CCC GTT TCT CAC CTG GAC CAA GAC ATC GTT CCC TGC ACC CCG AAC CAC GGC TGC AGA CAG AAA CCG GAC AAG ACC TCT GGC TTG GCC TTG CCA GAC TAC ACC AGG TTT TCC CCT GCT AAG ATA GCC CTG CGG AGG CAT TTG AAC CAG GAC CAG GTC AGC AAC GGG AGG GCA GCG CCC GCC GAG AAC CTG CAG AGA GCT GAG CAT TTA AAG GAG AAC AGC CTT ACA GTT CCA AGC CAA GCA CTA TCG AAT GGG ATA AAG ATG AGC CCC CTA GAA GCC CAG CCC TCT TCT CCA GCA GCT TCA CCG ATC CCT AAC GAG AAG GCC TTG CGC GAG AGG ACC CCC GCG AGC CAT GGG GAG ACG ATC ACC AGC CTC CCC ATC AGT ATT CCC CTC AGC ACC GTG CAG CCC AAT AAA CTC CCC GTT AGC ATC CCC CTG GCC AGC GTC GTC CTA CCC AGC CGT GTT GAG AAG GTG AGA AGC ACG CCT AGC CCT GTC CAT CAG AAC CGA GAA TGC TTT CCA ACA CTT GAA AAA CAA TTT GGT GCT AAT TCT CAT AAC GGC ATT AAC AGT GGC GCC GGC AGC AAG CCG CCT GCT CTG GCT ACC TCA GGT TTT CCT TAC GTT TCT GGC TCC ATG CCA GTC CAT GGG ACT CTT CCA AAC AGC CCT GCT CAT CTT AAT CAC AGC GTG GAC CAT GCT GCC GTA GAG GAC GTA TCC AGT TCG GGA AGC TTG TTC AAC CCG GTG GGG TCC CAG AGC GCC ACC CCG CAG CTC CCC ACC GTG CTG ACG ATG CCC TTG CGC CAT CCT GGG CAG GGC TCC CCC GCC CAC CAG CAC GCG GCG AGC CCC CGG CTG AAT GGG GCC TGC CAG AGC CTC GGA GGG GTG CTC CAG TAC GTC GAG GCC CAG AAG CCG TTT GCA GAG GGC TCC CGG GCA GAC GTG CAG CAA GAG CCG GCC GCC TCC GAC CCT GAA AGC GAG GGC AAG CGA AGG ATC ATC TTC ACC ATC TCC CCC GCC CCG GGG GGC ATC AAG CAC TCC CCT TCG AGC AAG CAC AGT CCG CTC ATG GCG AGC ATC CGG GTG GAG TGC GGC CAG GCC TGC GCG CAG GAC GGG AAG AAG CGC GGG CGG AGG AAG CGC TCT TCC GCT GGA GCG CTG AAT GTG AAC TCC GGC GTG TCT CCG AAG CGC AAG CCT CTG CCT GCA GCA ACC GGG CGC TTT GCC CAG TCT TCA GGG TCT CCC CTT AAC ATC AAC TCC ATG GTC AAT AAC ATA AAC CAG CCT TTA GAA ATA ACG GCC ATT TCT TCC CCC GAA AAC TCC CTG AAG AAT TCT CCC GCC CCG TAC CAG GAC AAC GAC CAG CCG CCG GTG CTG AAG AAG GAG AAG CCC CTC GCC CAG ACG AAC GGC ATC CAT TAC TCT CCG CTG ACG TCC GAT GAG GAG CAG GGC TCA GAG GAT GAG CAC AAC AGC ACC AGG ATT GAG AGA AAA ATT GCA ACA ATA TCA TTG GAA AGC AAA TCT CCA CAG AAG CCA ATG GAA AAC AGC TTA AGC TTA GTG GGA AGA AAG CCA GCT AGT GAG AAT ATG AAC AGC AGC AAG TGG AAG TCA ACC TTT TCT CCC ATT TCG GAC ATC AAC TTG ACC AAA ACA GTG GAC AGT CCT CTG CAG GGC ACG TCC CTG GGC CAG AAC TCC CTC TTC TCT TTC AGG CCG TCC GTG GGG GAC GGC CCG GCG GTG GAC ACC AAG GCT GCA GCC CAT GTC CGG AAG CAC CAG GCC GCA CCC GGT CCC GGC TCC GAG GGG CTC AGC CAG AGC ACC AGC CTG GTG AAT GGG TTC ACT TAC AAC GGC GGG CTG TCT GCA GAG GGC GCG TTG CAC AGC TTC ATG GAT GGT GCG TCG CTT CCT CAG AAA GCC GCC GAG GCC GCG GCG GCA CTG GGG GGG GCG TCC CTG AAC TTC CTG ATG CAG CGA AGC AAG GAG GCC GCC GGG GTC TCC GAG ACG AAT CCG TTC CTG AGC AAG AGG CAG CTA GAG AGC CTT GGC GCT GGG AAG GGG GAA GAC CTG AAA TGG CCT GCG CCC AGA GGC AAA GAG GGT GGC GAA CCG GGC GTC CGC CTG AGC GGC CCT TTG GAC AAG CCC TCG GTG TTG CAC CCA AGC AAG ATC AGC AAA GGG CGG GAG CGG GAC GTG GAG CTG AAG ACT GGC CAC AAC CTC TTC ATT GCT GCC GCC GCC GCC ACC GTC CCC TCC AGC GGC CTT CTC AAC GGC AAG GGC CAC TCT GCC GCT GCC GCC AGC AGC TCG CCC GCC ACC GCT GCC TCT GCC CAA GTA CCC CAC CCT TTC TTG AAC CCG CTG ACC ACT GGC TCG GCT TTC CCC CTC GGC CCC GTG GTG ACG AAT GCG TCG GTA CTA CAG ACC TTC TTT AAC TCG ATG CCA GCT GCC GGC TTG GTC CAC GTT TCG TCA GCT GCT ACC CGG CTG ACC AAC TCG CAC CCC ATG GCA ACC TTC TCT CCC GGA ATG ACA GGT GGA ACA GTT GGA GGT AGG 



Printing out site pattern counts


         2        561  P

SEQ1                            AAA AAA AAC AAC AAC AAC AAG AAG AAG AAT AAT AAT ACA ACA ACA ACC ACC ACC ACC ACC ACG ACT ACT ACT ACT ACT ACT ACT ACT AGA AGA AGA AGC AGC AGC AGC AGG AGG AGG AGG AGT AGT AGT ATA ATA ATA ATA ATC ATC ATC ATG ATG ATG ATG ATG ATT ATT ATT CAA CAA CAA CAA CAC CAC CAC CAC CAG CAG CAG CAT CAT CAT CCA CCA CCA CCA CCC CCC CCC CCG CCG CCT CCT CCT CGA CGA CGA CGC CGG CGG CGT CTA CTA CTA CTA CTC CTC CTC CTG CTG CTG CTG CTG CTG CTG CTG CTT CTT CTT GAA GAA GAC GAC GAG GAG GAG GAT GAT GAT GCA GCA GCA GCA GCC GCC GCG GCG GCT GCT GCT GCT GGA GGC GGC GGC GGG GGG GGT GGT GTA GTC GTC GTG GTG GTG GTG GTT TAC TAC TAC TAT TAT TCA TCA TCA TCA TCA TCA TCA TCC TCC TCC TCC TCC TCC TCG TCG TCT TCT TGC TGC TGG TGG TGG TGT TGT TTA TTA TTC TTG TTG TTG TTG TTT TTT TTT TTT 
SEQ2                            ... ..G ..A ... .G. .GT ... .G. G.. ..C ... C.. ... ..G T.. ... ..T .GT G.. G.T ... ..C ..G ... C.. G.C G.. GGC GT. ... ..G G.. .AT ... ..T G.. ..A ... G.A G.. .A. ..C ... ... ..T C.. T.. ... C.G T.. .C. ... GCA GC. G.. ..C ... G.. ... ..G .GC .GG ... .G. .T. T.. ... .G. .T. ..C ..G ... .A. ... ..G ..T ... ..G ..T A.. ... ..C ... T.. ... ..C ..G ... ..A ... ... ... ..C G.. T.G ... ..G T.. .CC .C. ..A ..C ... GC. T.C T.. .AC ..C ... ... ..G ... ..G ..A ... .GA ..C ..G ... A.. C.G ... ..G A.. ... ... ..T A.C ..C ..G ... ... A.. .C. ... ..C ... .C. ... ... .C. ... .C. .G. ... T.. ... ... .G. .T. ..C ... AGT C.. C.G ... ..C ..G .T. A.. C.. G.. ... ..T .G. ..A ... ..C ... C.. ... C.. ..C ... ..C ... ... ..G ... CC. C.. .C. ... GCC G.. ..C ... 

   30    8    1   43    1    1   66    1    1    8   17    1    9    4    1
   27    1    1    1    1    6    1    1   10    1    2    2    1    1   11
    2    1    1   42    1    4    1   15    1    1    2    3   12    8    1
    1    1   18    1    1    2   24    1    1    2    2   14    1   17    2
    1    1   20    3    1    1   66    1    1    2    1   17    1   17    5
    2   39    1    1    1   14    2   23    2    6    1    2    8    1    6
    3    8    1    1    1   14    1    1    1    3    2    3   48    1    1
    1    1    2   13   30    4   22    1    2   48    1    5    1   11    1
    1   25    4    1   41   11    1    1    2    2   21    7    1    1   35
    2   24    1   14    5    1   15    2    1   29    1   11   14    1    1
    2    4    1    1    1   14    1    4    1    1    2    1   26    1    1
    1   10    5   23    1    7    2    1    7    2    1    2    1   20    1
    3    1   20    1    1    1   16

YN00 paml/jobs/LOC_00019156__LOCZ_00019156/LOC_00019156__LOCZ_00019156.phy

ns =   2	ls =1385

Codon position x base (3x4) table for each sequence.

SEQ1                
position  1:    T:0.14729    C:0.26859    A:0.30542    G:0.27870
position  2:    T:0.22599    C:0.27653    A:0.33141    G:0.16606
position  3:    T:0.19495    C:0.30975    A:0.17762    G:0.31769

SEQ2                
position  1:    T:0.14368    C:0.27292    A:0.29025    G:0.29314
position  2:    T:0.21733    C:0.28375    A:0.32491    G:0.17401
position  3:    T:0.16968    C:0.34007    A:0.15090    G:0.33935

Average
position  1:    T:0.14549    C:0.27076    A:0.29783    G:0.28592
position  2:    T:0.22166    C:0.28014    A:0.32816    G:0.17004
position  3:    T:0.18231    C:0.32491    A:0.16426    G:0.32852

Codon usage for each species
----------------------------------------------------------------------
Phe TTT  19  16 | Ser TCT  28  26 | Tyr TAT   6   4 | Cys TGT   3   1
    TTC  20  25 |     TCC  32  32 |     TAC  16  17 |     TGC   8  12
Leu TTA   3   4 |     TCA  23  16 | *** TAA   0   0 | *** TGA   0   0
    TTG  25  24 |     TCG  11  15 |     TAG   0   0 | Trp TGG  10   7
----------------------------------------------------------------------
Leu CTT  16  13 | Pro CCT  27  27 | His CAT  20  18 | Arg CGT   3   3
    CTC  16  21 |     CCC  41  44 |     CAC  25  23 |     CGC   8  14
    CTA  11  11 |     CCA  25  18 | Gln CAA  21  18 |     CGA   9   7
    CTG  60  54 |     CCG  15  26 |     CAG  68  69 |     CGG   7  12
----------------------------------------------------------------------
Ile ATT  17  15 | Thr ACT  19  11 | Asn AAT  26  20 | Ser AGT  17  16
    ATC  20  20 |     ACC  31  31 |     AAC  46  51 |     AGC  48  47
    ATA  11   8 |     ACA  14  10 | Lys AAA  38  31 | Arg AGA  14  12
Met ATG  30  24 |     ACG   6  14 |     AAG  68  74 |     AGG  18  18
----------------------------------------------------------------------
Val GTT  11  14 | Ala GCT  26  26 | Asp GAT  17  11 | Gly GGT  15  14
    GTC  16  15 |     GCC  42  50 |     GAC  23  27 |     GGC  37  42
    GTA   5   6 |     GCA  31  26 | Glu GAA  34  32 |     GGA   7  10
    GTG  33  31 |     GCG  12  21 |     GAG  51  55 |     GGG  26  26
----------------------------------------------------------------------


Sums
------------------------------------------------------
Phe TTT  35 | Ser TCT  54 | Tyr TAT  10 | Cys TGT   4
    TTC  45 |     TCC  64 |     TAC  33 |     TGC  20
Leu TTA   7 |     TCA  39 | *** TAA   0 | *** TGA   0
    TTG  49 |     TCG  26 |     TAG   0 | Trp TGG  17
------------------------------------------------------
Leu CTT  29 | Pro CCT  54 | His CAT  38 | Arg CGT   6
    CTC  37 |     CCC  85 |     CAC  48 |     CGC  22
    CTA  22 |     CCA  43 | Gln CAA  39 |     CGA  16
    CTG 114 |     CCG  41 |     CAG 137 |     CGG  19
------------------------------------------------------
Ile ATT  32 | Thr ACT  30 | Asn AAT  46 | Ser AGT  33
    ATC  40 |     ACC  62 |     AAC  97 |     AGC  95
    ATA  19 |     ACA  24 | Lys AAA  69 | Arg AGA  26
Met ATG  54 |     ACG  20 |     AAG 142 |     AGG  36
------------------------------------------------------
Val GTT  25 | Ala GCT  52 | Asp GAT  28 | Gly GGT  29
    GTC  31 |     GCC  92 |     GAC  50 |     GGC  79
    GTA  11 |     GCA  57 | Glu GAA  66 |     GGA  17
    GTG  64 |     GCG  33 |     GAG 106 |     GGG  52
------------------------------------------------------



(A) Nei-Gojobori (1986) method



Nei & Gojobori 1986. dN/dS (dN, dS)
(Note: This matrix is not used in later ML. analysis.
Use runmode = -2 for ML pairwise comparison.)

SEQ1                
SEQ2                 0.2427 (0.0337 0.1390)


(B) Yang & Nielsen (2000) method

Yang Z, Nielsen R (2000) Estimating synonymous and nonsynonymous substitution rates under realistic evolutionary models. Mol. Biol. Evol. 17:32-43

(equal weighting of pathways)

seq. seq.     S       N        t   kappa   omega     dN +- SE    dS +- SE

   2    1  1170.5  2984.5   0.1787  5.4024  0.2982 0.0358 +- 0.0035  0.1201 +- 0.0112


(C) LWL85, LPB93 & LWLm methods

Li W.-H., C.-I. Wu, Luo (1985) A new method for estimating synonymous and nonsynonymous rates of nucleotide substitutions considering the relative likelihood of nucleotide and codon changes. Mol. Biol. Evol. 2: 150-174.
Li W-H (1993) Unbiased estimation of the rates of synonymous and nonsynonymous substitution. J. Mol. Evol. 36:96-99
Pamilo P, Bianchi NO (1993) Evolution of the Zfx and Zfy genes - rates and interdependence between the genes. Mol. Biol. Evol. 10:271-281
Yang Z (2006) Computational Molecular Evolution. Oxford University Press, Oxford. Eqs. 2.12 & 2.13

2 (SEQ2) vs. 1 (SEQ1)

L(i):     2661.0     819.5     674.5  sum=   4155.0
Ns(i):   66.0000   60.0000   49.0000  sum= 175.0000
Nv(i):   26.5000   10.5000   19.0000  sum=  56.0000
A(i):     0.0257    0.0802    0.0808
B(i):     0.0101    0.0130    0.0290
LWL85:  dS =  0.1475 dN =  0.0330 w = 0.2235 S =  947.7 N = 3207.3
LWL85m: dS =  0.1094 dN =  0.0367 w = 0.3358 S = 1277.5 N = 2877.5 (rho = 0.736)
LPB93:  dS =  0.1095 dN =  0.0364 w = 0.3327

