
Before deleting alignment gaps
      2   1644

SEQ1                            ATG GAC ACG CAA AGG GAT GAG TTC CAT CCC TTC ATT GAG GCG CTG CTC CCA CAC ATC CGG GCA TTT GCT TAC ACC TGG TTT AAC CTT CAG GCC CGG AAG CGC AAG TAC TTC AAG AAG CAT GAG AAG CGG ATG ACA AAG GAC GAG GAG CGG GCC GTC AAA GAT GAG CTC CTC AAC GAG AAG CCC GAG GTG AAG CAG AAG TGG GCC TCT CGC TTG CTG GCC AAA CTG CGC AAG GAC ATT CGG CCC GAG TAC CGC GAG GAC TTT GTG CTC TCC ATC ACA GGG AAG AAG CCC TCC TGC TGC GTC CTC TCC AAC CCT GAC CAG AAG GGC AAG ATG CGC CGG ATC GAC TGC CTG CGC CAG GCT GAC AAA GTC TGG CGC CTG GAC CTC GTC ATG GTC ATC CTT TTT AAG GGA ATC CCC CTG GAG AGC ACT GAC GGG GAG CGG CTC GTC AAG GCT GCG CAG TGC AAC AAC CCC GTC CTC TGC GTC CAG CCG CAT CAC ATC AGC GTC TCA GTC AAG GAG CTT GAT CTC TAC CTG GCC TAT TTC GTC CGT GAG AGA GAT TCA GAG CAG AGC AGC AGT CCA AGG ACA GGA ATC AGT TCT GAC CAG GAG GAC AGC AAA CCC ATC ATC ACG CTG GAC GCA ACA GAT TTC CAA GAG AAT TTC ATC ACG TCG GGT GTG TTC AGT GTC ACA GAG CTT ATC CAA GTT TCC CAG ACG CCT GTG GTG ACA GGC ACG GGG CCA AAC CTC TCC TTG GGG GAG TTG CAG GGG CAT CTA GCC TAT GAC CTG AAC CCC TCG AGT ACA GGG ATG AGG CGG ACG CTT CCA AGC ACT TCC TCC AGT GGG AGT AAG CGG CAT AAG TCA GGT TCC ATG GAA GAT GAC CTG GAT GCC AGC CCA GGG GGT GAA TAT TAT GCA TCC CCT AGC TCG CCC ACG AGT AGC AGC CGC AAC TGG ACA AAA GAC AAG GAA GGG GGC ATC TCT CCA ACT GTG AAA AAG ACA GAA ATG GAC AAG TCT CCC TTC AAC AGC CCA TCT CCA CAG GAC ACT TCA CCC CGG CTG ACC AGC TTC ACC CAG CAT CAC CGT CCT GTC ATT GCT GTA CAC AGT GGT ATC ACC CGA AGC CCC CAC CCC TCT GCT GTG CTG CAC TTC CCC ACC ACC TCC ATC CTG CCC CAG ACG GCC TCC ACC TAC TTC CCG CAC ACA GCC ATA AGG TAC CCG CCT CAT CTG AAT CCG CAG GAC CCT CTG AAA GAT CTC GTC TCG TTG GCC TGC GAC CCG TCC AAC CAA CAG CCC GGA CCG TTA AAT GGA GGT GGT CAA GTG AAG GTA CCT GGG CAC TAC CTT CCC ACC CAG ATG TTG GCG CCG CCG CCC CTG AGC ATG CCC CTC CTG GCA ATC TCA CCT GAC ACC AAA TCT ACC ACG ACA ACT TCC GAG GGA GGG ACC ATC TCA CCA ACG TCT CCC ACC TAC TCC ACC CCA GGC ACA CCC CCT GCG AAC CGC TTC GTG GGA CTA GGA CCA CGG GAT CCT GGC AGC ATC TAT CAG GCT CAG TCC TGG TAT CTA GGT --- --- --- --- --- --- --- --- --- --- --- --- --- --- --- --- --- --- --- --- --- --- --- --- --- --- --- --- --- --- --- --- --- --- --- --- --- --- --- --- --- --- --- 
SEQ2                            --- --- --- --- ATG GAT GAG TTC CAT CCC TTT ATC GAG GCG CTG CTC CCA CAC GTC CGG GCG TTT GCT TAC ACC TGG TTC AAC CTT CAG GCC CGG AAG CGC AAG TAC TTC AAG AAG CAC GAG AAG CGG ATG ACG AAG GAT GAG GAG CGG GCC GTC AAA GAC GAG CTC CTC AAC GAG AAG CCC GAG GTG AAG CAG AAG TGG GCC TCT CGC TTG CTG GCC AAA CTG CGC AAG GAC ATT CGG CCC GAG TAC CGC GAG GAC TTT GTG CTC TCC ATC ACA GGG AAG AAG CCC TCC TGC TGC GTC CTC TCC AAC CCT GAC CAG AAG GGC AAG ATG CGC CGG ATC GAC TGC CTG CGC CAG GCC GAC AAA GTC TGG CGC CTG GAC CTC GTC ATG GTC ATC CTT TTT AAG GGA ATC CCC CTG GAG AGC ACT GAC GGG GAG CGG CTC GTC AAA GCT GCG CAG TGC ACC AAC CCC GTC CTC TGC GTC CAG CCG CAT CAC ATC AGC GTC TCA GTC AAG GAG CTT GAT CTC TAC CTG GCC TAT TTC GTC CGT GAG AGA GAT TCA GAT CAG AGT AGC AGC CCA AGG ACG GGA ATC AGT TCT GAC CAG GAG GAC AGC AAA CCC ATC ATC ACT CTG GAT GCA ACA GAT TTC CAA GAG AAT TTC GTC ACG TCG GGT GTG TTC AGC GTC ACA GAG CTC ATC CAG GTT TCC CGG ACA CCT GTG GTG ACT GGC ACG GGG CCA AAC TTC TCC TTG GGG GAG TTG CAG GGG CAT CTA GCC TAC GAC CTG AAC CCC TCG AGT ACG GGG ATG AGG CGG ACG CTT CCA AGC ACT TCC TCC AGT GGG AGT AAG CGG CAT AAA TCA GGT TCC ATG GAA GAT GAC CTG GAT GCC AGC CCA GGG GGT GAA TAT TAT ACA TCC CCT AGC TCG CCC ACG AGT AGC AGC CGC AAT TGG ACA GAA GAC ATG GAA GGG GGC ATC TCT CCA ACT GTG AAA AAG ACA GAA ATG GAC AAG TCT CCT TTC AAC AGC CCG TCT CCG CAG GAC ACT TCA CCC CGG CTG ACC AGC TTC ACC CAG CAT CAC CGT CCT GTC ATT GCT GTT CAC AGT GGT ATC GCC CGA AGC CCC CAC CCC TCT GCC ACA CTG CAC TTC CCC ACC ACC TCC ATC CTG CCC CAG ACG GCC TCC ACC TAC TTC CCG CAC ACA GCC ATA AGG TAC CCG CCT CAT CTG AAT CCA CAG GAC CCT CTG AAA GAT CTC GTC TCG TTG GCC TGC GAC CCG TCC AAC CAA CAA CCC GGA CCG TTA AAT GGA GGT GGT CAA GTG AAG GTA CCT GGA CAC TAC CTT CCC ACC CAG ATG TTG GCG CCA CCG CCC CCG GGC ATG CCC CGC CTG GCA ATC TCA CCT GAC ACC AAA TCT ACC ACG ACA ACG TCC GAG GGA GGG ACC ATC TCA CCG ACG TCT CCC ACC TAC TCC GCC CCA GGC ACA CCC CCT GCG AAC CGC TTC GTG GGA CTA GGA CCA CGG GAT CCT GGC AGC ATC TAT CAG GCA CAG --- --- --- --- --- GTG AGT CAG CAG AAC TGG TCA TCG TGC TGC CAG GGA GGG AGA TCC ACA ACA GAT CTC GTC CCC AAC AGC AGC CAG CTT GGG TGT TGC AGG GAA GAG AAT AAG CAG AGC ATG AAG GCA GCT GCC TTC CCG 



After deleting gaps. 1488 sites
      2   1488

SEQ1                            AGG GAT GAG TTC CAT CCC TTC ATT GAG GCG CTG CTC CCA CAC ATC CGG GCA TTT GCT TAC ACC TGG TTT AAC CTT CAG GCC CGG AAG CGC AAG TAC TTC AAG AAG CAT GAG AAG CGG ATG ACA AAG GAC GAG GAG CGG GCC GTC AAA GAT GAG CTC CTC AAC GAG AAG CCC GAG GTG AAG CAG AAG TGG GCC TCT CGC TTG CTG GCC AAA CTG CGC AAG GAC ATT CGG CCC GAG TAC CGC GAG GAC TTT GTG CTC TCC ATC ACA GGG AAG AAG CCC TCC TGC TGC GTC CTC TCC AAC CCT GAC CAG AAG GGC AAG ATG CGC CGG ATC GAC TGC CTG CGC CAG GCT GAC AAA GTC TGG CGC CTG GAC CTC GTC ATG GTC ATC CTT TTT AAG GGA ATC CCC CTG GAG AGC ACT GAC GGG GAG CGG CTC GTC AAG GCT GCG CAG TGC AAC AAC CCC GTC CTC TGC GTC CAG CCG CAT CAC ATC AGC GTC TCA GTC AAG GAG CTT GAT CTC TAC CTG GCC TAT TTC GTC CGT GAG AGA GAT TCA GAG CAG AGC AGC AGT CCA AGG ACA GGA ATC AGT TCT GAC CAG GAG GAC AGC AAA CCC ATC ATC ACG CTG GAC GCA ACA GAT TTC CAA GAG AAT TTC ATC ACG TCG GGT GTG TTC AGT GTC ACA GAG CTT ATC CAA GTT TCC CAG ACG CCT GTG GTG ACA GGC ACG GGG CCA AAC CTC TCC TTG GGG GAG TTG CAG GGG CAT CTA GCC TAT GAC CTG AAC CCC TCG AGT ACA GGG ATG AGG CGG ACG CTT CCA AGC ACT TCC TCC AGT GGG AGT AAG CGG CAT AAG TCA GGT TCC ATG GAA GAT GAC CTG GAT GCC AGC CCA GGG GGT GAA TAT TAT GCA TCC CCT AGC TCG CCC ACG AGT AGC AGC CGC AAC TGG ACA AAA GAC AAG GAA GGG GGC ATC TCT CCA ACT GTG AAA AAG ACA GAA ATG GAC AAG TCT CCC TTC AAC AGC CCA TCT CCA CAG GAC ACT TCA CCC CGG CTG ACC AGC TTC ACC CAG CAT CAC CGT CCT GTC ATT GCT GTA CAC AGT GGT ATC ACC CGA AGC CCC CAC CCC TCT GCT GTG CTG CAC TTC CCC ACC ACC TCC ATC CTG CCC CAG ACG GCC TCC ACC TAC TTC CCG CAC ACA GCC ATA AGG TAC CCG CCT CAT CTG AAT CCG CAG GAC CCT CTG AAA GAT CTC GTC TCG TTG GCC TGC GAC CCG TCC AAC CAA CAG CCC GGA CCG TTA AAT GGA GGT GGT CAA GTG AAG GTA CCT GGG CAC TAC CTT CCC ACC CAG ATG TTG GCG CCG CCG CCC CTG AGC ATG CCC CTC CTG GCA ATC TCA CCT GAC ACC AAA TCT ACC ACG ACA ACT TCC GAG GGA GGG ACC ATC TCA CCA ACG TCT CCC ACC TAC TCC ACC CCA GGC ACA CCC CCT GCG AAC CGC TTC GTG GGA CTA GGA CCA CGG GAT CCT GGC AGC ATC TAT CAG GCT CAG 
SEQ2                            ATG GAT GAG TTC CAT CCC TTT ATC GAG GCG CTG CTC CCA CAC GTC CGG GCG TTT GCT TAC ACC TGG TTC AAC CTT CAG GCC CGG AAG CGC AAG TAC TTC AAG AAG CAC GAG AAG CGG ATG ACG AAG GAT GAG GAG CGG GCC GTC AAA GAC GAG CTC CTC AAC GAG AAG CCC GAG GTG AAG CAG AAG TGG GCC TCT CGC TTG CTG GCC AAA CTG CGC AAG GAC ATT CGG CCC GAG TAC CGC GAG GAC TTT GTG CTC TCC ATC ACA GGG AAG AAG CCC TCC TGC TGC GTC CTC TCC AAC CCT GAC CAG AAG GGC AAG ATG CGC CGG ATC GAC TGC CTG CGC CAG GCC GAC AAA GTC TGG CGC CTG GAC CTC GTC ATG GTC ATC CTT TTT AAG GGA ATC CCC CTG GAG AGC ACT GAC GGG GAG CGG CTC GTC AAA GCT GCG CAG TGC ACC AAC CCC GTC CTC TGC GTC CAG CCG CAT CAC ATC AGC GTC TCA GTC AAG GAG CTT GAT CTC TAC CTG GCC TAT TTC GTC CGT GAG AGA GAT TCA GAT CAG AGT AGC AGC CCA AGG ACG GGA ATC AGT TCT GAC CAG GAG GAC AGC AAA CCC ATC ATC ACT CTG GAT GCA ACA GAT TTC CAA GAG AAT TTC GTC ACG TCG GGT GTG TTC AGC GTC ACA GAG CTC ATC CAG GTT TCC CGG ACA CCT GTG GTG ACT GGC ACG GGG CCA AAC TTC TCC TTG GGG GAG TTG CAG GGG CAT CTA GCC TAC GAC CTG AAC CCC TCG AGT ACG GGG ATG AGG CGG ACG CTT CCA AGC ACT TCC TCC AGT GGG AGT AAG CGG CAT AAA TCA GGT TCC ATG GAA GAT GAC CTG GAT GCC AGC CCA GGG GGT GAA TAT TAT ACA TCC CCT AGC TCG CCC ACG AGT AGC AGC CGC AAT TGG ACA GAA GAC ATG GAA GGG GGC ATC TCT CCA ACT GTG AAA AAG ACA GAA ATG GAC AAG TCT CCT TTC AAC AGC CCG TCT CCG CAG GAC ACT TCA CCC CGG CTG ACC AGC TTC ACC CAG CAT CAC CGT CCT GTC ATT GCT GTT CAC AGT GGT ATC GCC CGA AGC CCC CAC CCC TCT GCC ACA CTG CAC TTC CCC ACC ACC TCC ATC CTG CCC CAG ACG GCC TCC ACC TAC TTC CCG CAC ACA GCC ATA AGG TAC CCG CCT CAT CTG AAT CCA CAG GAC CCT CTG AAA GAT CTC GTC TCG TTG GCC TGC GAC CCG TCC AAC CAA CAA CCC GGA CCG TTA AAT GGA GGT GGT CAA GTG AAG GTA CCT GGA CAC TAC CTT CCC ACC CAG ATG TTG GCG CCA CCG CCC CCG GGC ATG CCC CGC CTG GCA ATC TCA CCT GAC ACC AAA TCT ACC ACG ACA ACG TCC GAG GGA GGG ACC ATC TCA CCG ACG TCT CCC ACC TAC TCC GCC CCA GGC ACA CCC CCT GCG AAC CGC TTC GTG GGA CTA GGA CCA CGG GAT CCT GGC AGC ATC TAT CAG GCA CAG 



Printing out site pattern counts


         2        303  P

SEQ1                            AAA AAA AAC AAC AAC AAG AAG AAG AAT ACA ACA ACA ACC ACC ACG ACG ACG ACT ACT AGA AGC AGC AGC AGG AGG AGT AGT ATA ATC ATC ATG ATT ATT CAA CAA CAC CAG CAG CAG CAT CAT CCA CCA CCC CCC CCG CCG CCT CGA CGC CGG CGT CTA CTC CTC CTC CTG CTG CTT CTT GAA GAC GAC GAG GAG GAT GAT GCA GCA GCA GCC GCG GCT GCT GCT GGA GGC GGG GGG GGT GTA GTA GTC GTG GTG GTT TAC TAT TAT TCA TCC TCG TCT TGC TGG TTA TTC TTC TTG TTT TTT 
SEQ2                            ... G.. ... ..T .C. ..A ... .T. ... ... ..G ..T ... G.. ..A ... ..T ..G ... ... ... ..T G.. ... .T. ..C ... ... ... G.. ... ..C ... ... ..G ... ..A ... .G. ..C ... ... ..G ... ..T ..A ... ... ... ... ... ... ... .G. ... T.. .C. ... ..C ... ... ... ..T ... ..T ..C ... A.. ... ..G ... ... ..A ..C ... ... ... ..A ... ... ... ..T ... ACA ... ... ... ..C ... ... ... ... ... ... ... ... ... ..T ... ..C ... 

    7    1    9    1    1    2   20    1    3    8    3    1   11    2    1
    7    1    1    4    1   13    1    1    3    1    2    6    1   15    2
    8    1    2    3    1    8    1   16    1    1    6    8    3   20    1
    2    6   10    1    9   11    2    2    1   10    1    1   16    1    5
    4   17    2   19    1    1    8    1    2    1   10    4    1    2    3
    7    5    1   10    6    1    1   14    1    8    1    8    1    4    6
   14    4    8    6    4    1   11    1    5    1    3

YN00 paml/jobs/LOCW_00021375__LOC_00019175/LOCW_00021375__LOC_00019175.phy

ns =   2	ls = 496

Codon position x base (3x4) table for each sequence.

SEQ1                
position  1:    T:0.15524    C:0.29637    A:0.28427    G:0.26411
position  2:    T:0.22984    C:0.29234    A:0.29637    G:0.18145
position  3:    T:0.16734    C:0.39113    A:0.12903    G:0.31250

SEQ2                
position  1:    T:0.15726    C:0.29435    A:0.27621    G:0.27218
position  2:    T:0.22782    C:0.29839    A:0.29032    G:0.18347
position  3:    T:0.16331    C:0.39919    A:0.12702    G:0.31048

Average
position  1:    T:0.15625    C:0.29536    A:0.28024    G:0.26815
position  2:    T:0.22883    C:0.29536    A:0.29335    G:0.18246
position  3:    T:0.16532    C:0.39516    A:0.12802    G:0.31149

Codon usage for each species
----------------------------------------------------------------------
Phe TTT   4   4 | Ser TCT   8   8 | Tyr TAT   5   4 | Cys TGT   0   0
    TTC  12  13 |     TCC  14  14 |     TAC   8   9 |     TGC   6   6
Leu TTA   1   1 |     TCA   6   6 | *** TAA   0   0 | *** TGA   0   0
    TTG   5   5 |     TCG   4   4 |     TAG   0   0 | Trp TGG   4   4
----------------------------------------------------------------------
Leu CTT   6   5 | Pro CCT  10  11 | His CAT   7   6 | Arg CGT   2   2
    CTC  12  11 |     CCC  21  20 |     CAC   8   9 |     CGC   9  10
    CTA   2   2 |     CCA  11  10 | Gln CAA   4   4 |     CGA   1   1
    CTG  17  16 |     CCG   8  10 |     CAG  18  17 |     CGG  11  12
----------------------------------------------------------------------
Ile ATT   3   2 | Thr ACT   5   6 | Asn AAT   3   4 | Ser AGT   8   7
    ATC  17  16 |     ACC  13  12 |     AAC  11   9 |     AGC  15  15
    ATA   1   1 |     ACA  12  11 | Lys AAA   8   9 | Arg AGA   1   1
Met ATG   8  10 |     ACG   9  11 |     AAG  23  20 |     AGG   4   3
----------------------------------------------------------------------
Val GTT   1   2 | Ala GCT   6   3 | Asp GAT   9  11 | Gly GGT   6   6
    GTC  14  16 |     GCC  10  14 |     GAC  19  18 |     GGC   5   6
    GTA   2   1 |     GCA   4   3 | Glu GAA   4   5 |     GGA   7   8
    GTG   9   8 |     GCG   4   5 |     GAG  20  19 |     GGG  11  10
----------------------------------------------------------------------


Sums
------------------------------------------------------
Phe TTT   8 | Ser TCT  16 | Tyr TAT   9 | Cys TGT   0
    TTC  25 |     TCC  28 |     TAC  17 |     TGC  12
Leu TTA   2 |     TCA  12 | *** TAA   0 | *** TGA   0
    TTG  10 |     TCG   8 |     TAG   0 | Trp TGG   8
------------------------------------------------------
Leu CTT  11 | Pro CCT  21 | His CAT  13 | Arg CGT   4
    CTC  23 |     CCC  41 |     CAC  17 |     CGC  19
    CTA   4 |     CCA  21 | Gln CAA   8 |     CGA   2
    CTG  33 |     CCG  18 |     CAG  35 |     CGG  23
------------------------------------------------------
Ile ATT   5 | Thr ACT  11 | Asn AAT   7 | Ser AGT  15
    ATC  33 |     ACC  25 |     AAC  20 |     AGC  30
    ATA   2 |     ACA  23 | Lys AAA  17 | Arg AGA   2
Met ATG  18 |     ACG  20 |     AAG  43 |     AGG   7
------------------------------------------------------
Val GTT   3 | Ala GCT   9 | Asp GAT  20 | Gly GGT  12
    GTC  30 |     GCC  24 |     GAC  37 |     GGC  11
    GTA   3 |     GCA   7 | Glu GAA   9 |     GGA  15
    GTG  17 |     GCG   9 |     GAG  39 |     GGG  21
------------------------------------------------------



(A) Nei-Gojobori (1986) method



Nei & Gojobori 1986. dN/dS (dN, dS)
(Note: This matrix is not used in later ML. analysis.
Use runmode = -2 for ML pairwise comparison.)

SEQ1                
SEQ2                 0.1444 (0.0155 0.1073)


(B) Yang & Nielsen (2000) method

Yang Z, Nielsen R (2000) Estimating synonymous and nonsynonymous substitution rates under realistic evolutionary models. Mol. Biol. Evol. 17:32-43

(equal weighting of pathways)

seq. seq.     S       N        t   kappa   omega     dN +- SE    dS +- SE

   2    1   385.8  1102.2   0.1164  6.3225  0.1507 0.0158 +- 0.0038  0.1046 +- 0.0180


(C) LWL85, LPB93 & LWLm methods

Li W.-H., C.-I. Wu, Luo (1985) A new method for estimating synonymous and nonsynonymous rates of nucleotide substitutions considering the relative likelihood of nucleotide and codon changes. Mol. Biol. Evol. 2: 150-174.
Li W-H (1993) Unbiased estimation of the rates of synonymous and nonsynonymous substitution. J. Mol. Evol. 36:96-99
Pamilo P, Bianchi NO (1993) Evolution of the Zfx and Zfy genes - rates and interdependence between the genes. Mol. Biol. Evol. 10:271-281
Yang Z (2006) Computational Molecular Evolution. Oxford University Press, Oxford. Eqs. 2.12 & 2.13

2 (SEQ2) vs. 1 (SEQ1)

L(i):      963.5     262.5     262.0  sum=   1488.0
Ns(i):   12.0000   16.0000   16.0000  sum=  44.0000
Nv(i):    4.0000    1.0000    5.0000  sum=  10.0000
A(i):     0.0127    0.0653    0.0664
B(i):     0.0042    0.0038    0.0195
LWL85:  dS =  0.1134 dN =  0.0151 w = 0.1334 S =  349.5 N = 1138.5
LWL85m: dS =  0.0852 dN =  0.0168 w = 0.1975 S =  465.0 N = 1023.0 (rho = 0.773)
LPB93:  dS =  0.0853 dN =  0.0168 w = 0.1965

