
Before deleting alignment gaps
      2    639

SEQ1                            --- --- --- --- --- --- --- --- --- --- --- --- --- --- --- --- --- --- --- --- --- --- --- --- --- --- --- --- --- --- --- --- --- --- --- --- --- --- --- --- --- --- --- --- --- --- --- --- --- --- --- --- --- --- --- --- --- --- --- --- --- ATG TTT GCC ATC AGC TGC AGC ATG GGG CCG CTC ATG AAT TAC TGG TAC CTG TGG CTG GAC TGG GCT TTC CCT GCT GCT GGA TTC CAG GGC CTC CAA GTC GTC CTG AAA AAG GTG TTC ATC GAC CAG ATC GTG GCC TCC CCA GCT TTC GGG GTG TGG TAT TTT TTG GGG ATG GGA TTG TTG GGG GGA CAA ACT CTG GAG CAG AGC TGG CAC GAG CTG GAG GAC AAC TTC TGG GAG TTC TAC AGG ATG GAC TGG TGC GTG TGG CCG CCA GCC CAG CTG ATC AAC TTC TTG TAC CTG CCG CCC AAG TAC CGT GTG GTC TAC ATG AGC GTC GTC ACT CTT GGC TGG GAC ACC TAC CTG TCA TAC CTG AAG CAT CGC CCT AAG CAG TCC TGC CTC AGC CTG GAG GAG GAA TGT AAG CCC TGC ACT GCC GAG ATC GAT CAA GAC AGC TGC GTG AAA GGT GGA 
SEQ2                            ATG GCG CCC CGC GCC CGG GGG CTG CTG CGC GCC TGC TGC GCC CGG CTG GGC GCG GGC CGC CTG CTG CTG GCC GCC AAC ACG GCC GGC TGC GGG GCG CTG CTG GCG GCG GGC GAC GCG CTG CGC CAG GCC TGG GAG CTG CGG CGC GGC GCG CGG CGC CGG CGC GAC GCG CGG CGC ACA GCT CGG ATG TTC GCC GTC GGC TGC AGC ATG GGG CCG CTC ATG CAT TAC TGG TAC CTG TGG CTG GAC CGG GCT TTC CCC GCC GCC GGG CTC CGG GGC CTC CGG GTC GTC CTG AAG AAG GTG CTC ATC GAC CAG GTC GTG GCT TCC CCA GCT TTC GGG GTG TGG TAT TTC CTG GGG ATG GGA TCC TTG GAG GGA CAA ACT CTG GAG CAG AGC TGG CAC GAG TTG GAG GAC AAC TTC TGG GAG TTC TAC AAG ATG GAC TGG TGC GTG TGG CCG CCA GCC CAG CTG ATC AAC TTC TTG TAC GTG CCG CCC AAG TAC CGT GTG GCC TAC ATG AAT GTC ATC ACT CTT GGC TGG GAC ACC TAC CTG TCA TAC TTG AAG CAT CGC CCT AAG CAG TCC TGC --- --- CTG GAA GAG GAA TGC AAG CCC TGC ACT GGT GAG ATC --- --- GAG ACG GCT GTG --- --- --- 



After deleting gaps. 435 sites
      2    435

SEQ1                            ATG TTT GCC ATC AGC TGC AGC ATG GGG CCG CTC ATG AAT TAC TGG TAC CTG TGG CTG GAC TGG GCT TTC CCT GCT GCT GGA TTC CAG GGC CTC CAA GTC GTC CTG AAA AAG GTG TTC ATC GAC CAG ATC GTG GCC TCC CCA GCT TTC GGG GTG TGG TAT TTT TTG GGG ATG GGA TTG TTG GGG GGA CAA ACT CTG GAG CAG AGC TGG CAC GAG CTG GAG GAC AAC TTC TGG GAG TTC TAC AGG ATG GAC TGG TGC GTG TGG CCG CCA GCC CAG CTG ATC AAC TTC TTG TAC CTG CCG CCC AAG TAC CGT GTG GTC TAC ATG AGC GTC GTC ACT CTT GGC TGG GAC ACC TAC CTG TCA TAC CTG AAG CAT CGC CCT AAG CAG TCC TGC CTG GAG GAG GAA TGT AAG CCC TGC ACT GCC GAG ATC GAC AGC TGC GTG 
SEQ2                            ATG TTC GCC GTC GGC TGC AGC ATG GGG CCG CTC ATG CAT TAC TGG TAC CTG TGG CTG GAC CGG GCT TTC CCC GCC GCC GGG CTC CGG GGC CTC CGG GTC GTC CTG AAG AAG GTG CTC ATC GAC CAG GTC GTG GCT TCC CCA GCT TTC GGG GTG TGG TAT TTC CTG GGG ATG GGA TCC TTG GAG GGA CAA ACT CTG GAG CAG AGC TGG CAC GAG TTG GAG GAC AAC TTC TGG GAG TTC TAC AAG ATG GAC TGG TGC GTG TGG CCG CCA GCC CAG CTG ATC AAC TTC TTG TAC GTG CCG CCC AAG TAC CGT GTG GCC TAC ATG AAT GTC ATC ACT CTT GGC TGG GAC ACC TAC CTG TCA TAC TTG AAG CAT CGC CCT AAG CAG TCC TGC CTG GAA GAG GAA TGC AAG CCC TGC ACT GGT GAG ATC GAG ACG GCT GTG 



Printing out site pattern counts


         2        198  P

SEQ1                            AAA AAC AAG AAT ACC ACT AGC AGC AGC AGC AGG ATC ATC ATG CAA CAA CAC CAG CAG CAT CCA CCC CCG CCT CCT CGC CGT CTC CTG CTG CTG CTT GAA GAC GAC GAG GAG GCC GCC GCC GCT GCT GGA GGA GGC GGG GGG GTC GTC GTC GTG TAC TAT TCA TCC TGC TGC TGG TGG TGT TTC TTC TTG TTG TTG TTT 
SEQ2                            ..G ... ... C.. ... ... .AT .CG ... G.. .A. ... G.. ... ... .GG ... ... .G. ... ... ... ... ..C ... ... ... ... ... G.. T.. ... ... ... ..G ..A ... ... ..T .GT ..C ... ... ..G ... .A. ... A.. .C. ... ... ... ... ... ... GCT ... C.. ... ..C C.. ... C.. .CC ... ..C 

    1    2    5    1    1    3    1    1    2    1    1    3    2    6    1
    1    1    4    1    1    2    2    3    1    1    1    1    2    7    1
    2    1    1    5    1    1    6    2    1    1    2    2    2    1    2
    1    3    1    1    3    6    8    1    1    2    1    4    1    8    1
    2    5    1    1    2    2

YN00 paml/jobs/LOCW_00021408__LOC_00019335/LOCW_00021408__LOC_00019335.phy

ns =   2	ls = 145

Codon position x base (3x4) table for each sequence.

SEQ1                
position  1:    T:0.27586    C:0.22759    A:0.20690    G:0.28966
position  2:    T:0.33103    C:0.16552    A:0.28276    G:0.22069
position  3:    T:0.11724    C:0.40000    A:0.06897    G:0.41379

SEQ2                
position  1:    T:0.25517    C:0.24138    A:0.18621    G:0.31724
position  2:    T:0.31724    C:0.18621    A:0.28966    G:0.20690
position  3:    T:0.10345    C:0.40690    A:0.05517    G:0.43448

Average
position  1:    T:0.26552    C:0.23448    A:0.19655    G:0.30345
position  2:    T:0.32414    C:0.17586    A:0.28621    G:0.21379
position  3:    T:0.11034    C:0.40345    A:0.06207    G:0.42414

Codon usage for each species
----------------------------------------------------------------------
Phe TTT   2   0 | Ser TCT   0   0 | Tyr TAT   1   1 | Cys TGT   1   0
    TTC   7   7 |     TCC   2   3 |     TAC   8   8 |     TGC   5   5
Leu TTA   0   0 |     TCA   1   1 | *** TAA   0   0 | *** TGA   0   0
    TTG   4   4 |     TCG   0   0 |     TAG   0   0 | Trp TGG   9   8
----------------------------------------------------------------------
Leu CTT   1   1 | Pro CCT   2   1 | His CAT   1   2 | Arg CGT   1   1
    CTC   2   4 |     CCC   2   3 |     CAC   1   1 |     CGC   1   1
    CTA   0   0 |     CCA   2   2 | Gln CAA   2   1 |     CGA   0   0
    CTG  10   8 |     CCG   3   3 |     CAG   5   4 |     CGG   0   3
----------------------------------------------------------------------
Ile ATT   0   0 | Thr ACT   3   3 | Asn AAT   1   1 | Ser AGT   0   0
    ATC   5   4 |     ACC   1   1 |     AAC   2   2 |     AGC   5   2
    ATA   0   0 |     ACA   0   0 | Lys AAA   1   0 | Arg AGA   0   0
Met ATG   6   6 |     ACG   0   1 |     AAG   5   7 |     AGG   1   0
----------------------------------------------------------------------
Val GTT   0   0 | Ala GCT   4   4 | Asp GAT   0   0 | Gly GGT   0   1
    GTC   5   5 |     GCC   4   5 |     GAC   6   5 |     GGC   2   3
    GTA   0   0 |     GCA   0   0 | Glu GAA   1   2 |     GGA   3   2
    GTG   6   7 |     GCG   0   0 |     GAG   7   8 |     GGG   4   4
----------------------------------------------------------------------


Sums
------------------------------------------------------
Phe TTT   2 | Ser TCT   0 | Tyr TAT   2 | Cys TGT   1
    TTC  14 |     TCC   5 |     TAC  16 |     TGC  10
Leu TTA   0 |     TCA   2 | *** TAA   0 | *** TGA   0
    TTG   8 |     TCG   0 |     TAG   0 | Trp TGG  17
------------------------------------------------------
Leu CTT   2 | Pro CCT   3 | His CAT   3 | Arg CGT   2
    CTC   6 |     CCC   5 |     CAC   2 |     CGC   2
    CTA   0 |     CCA   4 | Gln CAA   3 |     CGA   0
    CTG  18 |     CCG   6 |     CAG   9 |     CGG   3
------------------------------------------------------
Ile ATT   0 | Thr ACT   6 | Asn AAT   2 | Ser AGT   0
    ATC   9 |     ACC   2 |     AAC   4 |     AGC   7
    ATA   0 |     ACA   0 | Lys AAA   1 | Arg AGA   0
Met ATG  12 |     ACG   1 |     AAG  12 |     AGG   1
------------------------------------------------------
Val GTT   0 | Ala GCT   8 | Asp GAT   0 | Gly GGT   1
    GTC  10 |     GCC   9 |     GAC  11 |     GGC   5
    GTA   0 |     GCA   0 | Glu GAA   3 |     GGA   5
    GTG  13 |     GCG   0 |     GAG  15 |     GGG   8
------------------------------------------------------



(A) Nei-Gojobori (1986) method



Nei & Gojobori 1986. dN/dS (dN, dS)
(Note: This matrix is not used in later ML. analysis.
Use runmode = -2 for ML pairwise comparison.)

SEQ1                
SEQ2                 0.3206 (0.0681 0.2125)


(B) Yang & Nielsen (2000) method

Yang Z, Nielsen R (2000) Estimating synonymous and nonsynonymous substitution rates under realistic evolutionary models. Mol. Biol. Evol. 17:32-43

(equal weighting of pathways)

seq. seq.     S       N        t   kappa   omega     dN +- SE    dS +- SE

   2    1    86.0   349.0   0.3207  5.5380  0.2434 0.0662 +- 0.0144  0.2721 +- 0.0763


(C) LWL85, LPB93 & LWLm methods

Li W.-H., C.-I. Wu, Luo (1985) A new method for estimating synonymous and nonsynonymous rates of nucleotide substitutions considering the relative likelihood of nucleotide and codon changes. Mol. Biol. Evol. 2: 150-174.
Li W-H (1993) Unbiased estimation of the rates of synonymous and nonsynonymous substitution. J. Mol. Evol. 36:96-99
Pamilo P, Bianchi NO (1993) Evolution of the Zfx and Zfy genes - rates and interdependence between the genes. Mol. Biol. Evol. 10:271-281
Yang Z (2006) Computational Molecular Evolution. Oxford University Press, Oxford. Eqs. 2.12 & 2.13

2 (SEQ2) vs. 1 (SEQ1)

L(i):      289.5      82.5      63.0  sum=    435.0
Ns(i):   13.5000   10.5000    7.0000  sum=  31.0000
Nv(i):    5.5000    2.5000    1.0000  sum=   9.0000
A(i):     0.0499    0.1520    0.1279
B(i):     0.0194    0.0313    0.0161
LWL85:  dS =  0.2388 dN =  0.0657 w = 0.2749 S =   90.5 N =  344.5
LWL85m: dS =  0.1586 dN =  0.0757 w = 0.4773 S =  136.3 N =  298.7 (rho = 0.888)
LPB93:  dS =  0.1577 dN =  0.0719 w = 0.4557

