      2    627

SEQ1                            ATG GAG AAG ACT CGG CGG TCC GTG GTG GTG ACG GGG TTT GGT CCA TTT GGG GAA CAT TCC GTC AAC GCC AGT TGG AAA GCA GTT CAG GAG CTG GAA AAA ATG GGC CTC GGA GAC GAC GTG GAT CTA CAC GTC TAC GAA ATC CCG GTG GAG TAC CAG GCG GTG CAG AGA CTG ATT CCC GCC CTG TGG AAG AAG CAC AGC CCA CAA CTC GTG GTT CAC GTG GGC CTG TCC GGC ATG GCG ACA ACG GTG ACG CTG GAG AAA TGT GGC CAC AAT GTG GGC TAC CGG GGC TTG GAC AAC TGC CGC TTC TGC CCG GGC TCG CAC TGC TGC GTC GAA GGG GGG CCA GAG TGC ATT GAC TCG ATT ATC GAC ATG GAC GCC GTG TGC AGG AGG GTC TCG GCC TTG GGG CTG GAA GTC GCC GTC ACA ATA TCA AAG GAT GCT GGC AGG TAC CTC TGC GAC TTC ACC TAC TAC ACT TCC CTC TAC CAG AGC CAT GGC CGG TCA GCC TTT GTC CAC GTG CCT CCC CTG GGC AAG CCT TAC AGC GCC GAG CAG CTG GGC CGG GCG CTC CAG GCT GTC ATA GCG GAG ATG CTC TGC CTC CTG GAA CGC TCC GAG AGC AAC ATC AGC TGT CAC CAC GAG CAC 
SEQ2                            ATG GAG AAG ACC CGG CGG CCC GTG GTG GTG ACG GGG TTC GGT CCG TTT GGG GAA CAT TCC GTC AAC GCC AGT TGG ATA GCG GTT CAG GAG CTG GAA AAA ATG GGC CTC GGA GAC GAC GTG GAT CTA CAC GTC TAC GAA ATC CCA GTG GAG TAC CAG GCA GTG CAG AGA CTG ATT CCC GCC TTG TGG AAA AAG CAC AGC CCA CAA CTC GTG GTC CAC GTG GGC CTG TCC GGC ATG GCG ACG ACA GTG ACG CTG GAG AAA TGT GGC CAC AAT GTG GGC TAC CGG GGC TTG GAC AAC TGC CGC TTC TGC CCG GGC TCG CAC TGC TGC ATT GAA GGG GGG CCG GAG TGC ATT GAC TCG ATC ATC GAC ATG GAC GCT GTG TGC AGG AGG GTC TCG GCC TTG GGG CTG GAC ATT GCC GTC ACG ATA TCA AAG GAC GCG GGC AGG TAC CTC TGC GAC TTC ACC TAC TAC ACG TCC CTC TAC CAG AGC CAC GGC CGG TCA GCC TTT GTC CAC GTG CCT CCC CTG GGC AAG CCT TAC AGC GCC GAG CAG CTG GGC CAG GCA CTC CAG GCC GTC ATC GCG GAG ATG CTG CGC CTC CTG GAA CGC TCC GAG AGC AAC ATC AGC TGT CAC CAC GAG CAC 



Printing out site pattern counts


         2        228  P

SEQ1                            AAA AAA AAC AAG AAG AAT ACA ACC ACG ACG ACT ACT AGA AGC AGG AGT ATA ATA ATC ATG ATT ATT CAA CAC CAG CAT CAT CCA CCA CCC CCG CCG CCT CGC CGG CGG CTA CTC CTC CTG CTG GAA GAA GAC GAG GAT GAT GCA GCC GCC GCG GCG GCT GCT GGA GGC GGG GGT GTC GTC GTG GTT GTT TAC TCA TCC TCC TCG TGC TGC TGG TGT TTC TTG TTT TTT 
SEQ2                            ... .T. ... ..A ... ... ..G ... ..A ... ..C ..G ... ... ... ... ... ..C ... ... ..C ... ... ... ... ..C ... ... ..G ... ..A ... ... ... .A. ... ... ... ..G ... T.. ... ..C ... ... ..C ... ..G ... ..T ..A ... ..C ..G ... ... ... ... A.T ... ... ..C ... ... ... C.. ... ... C.. ... ... ... ... ... ..C ... 

    2    1    3    1    4    1    2    1    1    2    1    1    1    5    3
    1    1    1    3    5    1    2    1    9    6    1    1    1    2    2
    1    1    2    2    1    4    1    6    1    8    1    5    1    7    9
    1    1    1    6    1    2    2    1    1    1   11    5    1    2    6
   12    1    1    8    2    1    4    3    1    7    2    2    2    2    1
    2

YN00 paml/jobs/LOCW_00021403__LOC_00019329/LOCW_00021403__LOC_00019329.phy

ns =   2	ls = 209

Codon position x base (3x4) table for each sequence.

SEQ1                
position  1:    T:0.17703    C:0.24402    A:0.20574    G:0.37321
position  2:    T:0.28230    C:0.19617    A:0.29665    G:0.22488
position  3:    T:0.11005    C:0.42105    A:0.11005    G:0.35885

SEQ2                
position  1:    T:0.17225    C:0.24880    A:0.21531    G:0.36364
position  2:    T:0.28708    C:0.19617    A:0.29665    G:0.22010
position  3:    T:0.08134    C:0.44498    A:0.10048    G:0.37321

Average
position  1:    T:0.17464    C:0.24641    A:0.21053    G:0.36842
position  2:    T:0.28469    C:0.19617    A:0.29665    G:0.22249
position  3:    T:0.09569    C:0.43301    A:0.10526    G:0.36603

Codon usage for each species
----------------------------------------------------------------------
Phe TTT   3   2 | Ser TCT   0   0 | Tyr TAT   0   0 | Cys TGT   2   2
    TTC   2   3 |     TCC   5   4 |     TAC   8   8 |     TGC   8   7
Leu TTA   0   0 |     TCA   2   2 | *** TAA   0   0 | *** TGA   0   0
    TTG   2   3 |     TCG   3   3 |     TAG   0   0 | Trp TGG   2   2
----------------------------------------------------------------------
Leu CTT   0   0 | Pro CCT   2   2 | His CAT   2   1 | Arg CGT   0   0
    CTC   7   6 |     CCC   2   3 |     CAC   9  10 |     CGC   2   3
    CTA   1   1 |     CCA   3   2 | Gln CAA   1   1 |     CGA   0   0
    CTG   9   9 |     CCG   2   3 |     CAG   6   7 |     CGG   5   4
----------------------------------------------------------------------
Ile ATT   3   4 | Thr ACT   2   0 | Asn AAT   1   1 | Ser AGT   1   1
    ATC   3   5 |     ACC   1   2 |     AAC   3   3 |     AGC   5   5
    ATA   2   2 |     ACA   2   1 | Lys AAA   3   3 | Arg AGA   1   1
Met ATG   5   5 |     ACG   3   5 |     AAG   5   4 |     AGG   3   3
----------------------------------------------------------------------
Val GTT   2   1 | Ala GCT   2   1 | Asp GAT   2   1 | Gly GGT   1   1
    GTC   8   7 |     GCC   7   7 |     GAC   7   9 |     GGC  11  11
    GTA   0   0 |     GCA   1   2 | Glu GAA   6   5 |     GGA   1   1
    GTG  12  12 |     GCG   4   4 |     GAG   9   9 |     GGG   5   5
----------------------------------------------------------------------


Sums
------------------------------------------------------
Phe TTT   5 | Ser TCT   0 | Tyr TAT   0 | Cys TGT   4
    TTC   5 |     TCC   9 |     TAC  16 |     TGC  15
Leu TTA   0 |     TCA   4 | *** TAA   0 | *** TGA   0
    TTG   5 |     TCG   6 |     TAG   0 | Trp TGG   4
------------------------------------------------------
Leu CTT   0 | Pro CCT   4 | His CAT   3 | Arg CGT   0
    CTC  13 |     CCC   5 |     CAC  19 |     CGC   5
    CTA   2 |     CCA   5 | Gln CAA   2 |     CGA   0
    CTG  18 |     CCG   5 |     CAG  13 |     CGG   9
------------------------------------------------------
Ile ATT   7 | Thr ACT   2 | Asn AAT   2 | Ser AGT   2
    ATC   8 |     ACC   3 |     AAC   6 |     AGC  10
    ATA   4 |     ACA   3 | Lys AAA   6 | Arg AGA   2
Met ATG  10 |     ACG   8 |     AAG   9 |     AGG   6
------------------------------------------------------
Val GTT   3 | Ala GCT   3 | Asp GAT   3 | Gly GGT   2
    GTC  15 |     GCC  14 |     GAC  16 |     GGC  22
    GTA   0 |     GCA   3 | Glu GAA  11 |     GGA   2
    GTG  24 |     GCG   8 |     GAG  18 |     GGG  10
------------------------------------------------------



(A) Nei-Gojobori (1986) method



Nei & Gojobori 1986. dN/dS (dN, dS)
(Note: This matrix is not used in later ML. analysis.
Use runmode = -2 for ML pairwise comparison.)

SEQ1                
SEQ2                 0.0803 (0.0149 0.1854)


(B) Yang & Nielsen (2000) method

Yang Z, Nielsen R (2000) Estimating synonymous and nonsynonymous substitution rates under realistic evolutionary models. Mol. Biol. Evol. 17:32-43

(equal weighting of pathways)

seq. seq.     S       N        t   kappa   omega     dN +- SE    dS +- SE

   2    1   130.8   496.2   0.1800 12.0911  0.0611 0.0143 +- 0.0054  0.2335 +- 0.0523


(C) LWL85, LPB93 & LWLm methods

Li W.-H., C.-I. Wu, Luo (1985) A new method for estimating synonymous and nonsynonymous rates of nucleotide substitutions considering the relative likelihood of nucleotide and codon changes. Mol. Biol. Evol. 2: 150-174.
Li W-H (1993) Unbiased estimation of the rates of synonymous and nonsynonymous substitution. J. Mol. Evol. 36:96-99
Pamilo P, Bianchi NO (1993) Evolution of the Zfx and Zfy genes - rates and interdependence between the genes. Mol. Biol. Evol. 10:271-281
Yang Z (2006) Computational Molecular Evolution. Oxford University Press, Oxford. Eqs. 2.12 & 2.13

2 (SEQ2) vs. 1 (SEQ1)

L(i):      404.0     119.5     103.5  sum=    627.0
Ns(i):    5.0000    7.0000   14.0000  sum=  26.0000
Nv(i):    1.0000    2.0000    3.0000  sum=   6.0000
A(i):     0.0126    0.0634    0.1631
B(i):     0.0025    0.0170    0.0299
LWL85:  dS =  0.1921 dN =  0.0168 w = 0.0873 S =  143.3 N =  483.7
LWL85m: dS =  0.1347 dN =  0.0192 w = 0.1426 S =  204.5 N =  422.5 (rho = 0.845)
LPB93:  dS =  0.1395 dN =  0.0184 w = 0.1316

