
Before deleting alignment gaps
      2   1866

SEQ1                            ATG TCC GCC TCG CCG GCC GCC GGC GCC CCC CGC GCG GCG GCC TCG CCG CGG AGC CCG GCG CGC CTC TCG CGG CGG CAG GAG AAG GAG GAG CTG CGG CGC CTC AAC GAC CGC CTG GCG CGC TAC ATC GAG CGC GCG CGC GCC CTC GAG CTC GAG AAC GGC CGC CTG CTC CTG CGC GTC TCC GAG GAG GAG GAG GTC GTC ACG CGC GAG GTG ACT GGC ATC AAG GCC CTC TAT GAG TCG GAG TTG GCG GAT GCC CGG AGA GTC CTC GAT GAG ACA GCC AGA GAG AGG GCC AAG CTC CAG ATA GAA ATA GGG AAA CTG CGG GCG GAG CTT GAC GAG CTC AGT AAG AGC TAT AAA AAG AAA GAT GGG GAG TGG TCC ACG TCT CAG GGC CGC ATC AAG GAG CTG GAA GTC CTC TTC CAT CGG AGT GAA GCA GAA CTC ACT GCC ACC CTG ACT GAG AAG CGA AAC CTG GAG GCC GAG GTA GCT GAT CTC CGT GTC CAA CTG GCC AAG TCG GAA GAT GCT CAT GCC GTG GCC AAG AAG CAG CTG GAG AAG GAG ACG CTC ATG AGG GTG GAC CTG GAG AAC CGC TGC CAG AGC CTG CAG GAG GAG CTG GAC TTC AGG AAG AGC ATT TTT GAG GAG GCG GAG GCC GCT GTG GGG GGG TCC TGC CCT GTG GCA CCC TTG ATC CGA GGC CGC CGC GGG CCG GCT TTG CTC CCA CAG GAA GTG AGG GAG ACG CAG AAG TGG CAT GAG CGC CAG TTG GTG GAG GTG GAC AGC AGC CGC CAG CAG GAG TAC GAG TCC AAG GTC GCC CAA GCC CTG GAG GAC CTG CGC AGC CAG CAC GAT GAG CAG GTC CGG CTC TAC AAG CAG GAG CTC GAG CAG ACC TAT CAG GCC AAG CTG GAG AAT GCC AGG CTC TGC TCT GAC CAA AAC GAC AAA GCT GCA AGT GCT GCT CGC GAG GAG CTG AAG GAA GCC CGC GTG AGG ATT GAG TCC CTC AGC TAC CAG CTA TCT GGG CTG CAA AAG CAG GCA AAT GCA GCA GAA GAA CGG ATC CGG GAC CTG GAG GAC CTG ATG GGC AGT GAG CGA GAG AAG CTC CGG AAG ATG CTG GAG GCC AAG GAG CGG GAG ATG AGC GAG ATG CAG GAC CAG ATG CAG CAG CAG CTG ATG GAG TAC CAG GAG CTT CTG GAC GTC AAG CTG GCG CTG GAC ATG GAG ATC AGT GCT TAC CGG AAG CTG CTG GAA GGG GAA GAG GAG AGA CTG AAG CTG ACT CCG AGC CCT CTG TCC CGC ATC ACA GTG TCG CGG GCC ACC TCC TCC AGC AGC ACC TCG GTC ACT CGC TCG GGC CGG GGG AAG CGG AAG CGC ATG GGA GCC GAG GAG CTC TCC AGC AGC ATT TCC AGT GGG ATC GGC CCC GGG AGC AGT AGT GCC AGC AGC CGT TTC CAG GTG AGC CAG CAG GCC TCG GCC AAA GGC AGC ATC AGC ATC GAG GAG GTC AAC CCG GAA GGG AAG TAC GTT CAG CTG AAG AAC CGC TCT GAC AAG GAT CAG TCT CTT GGG AAC TGG AGA CTG AAG AGA AAG ACT GGA GAC GGA GAA GAG ATT GCT TAC AAA TTT ACC CCC AAG TAT GTC CTC CGG GCT GGG CAG ACA GTC ACA GTC TGG GCT GCC GAT GCC GGC GTG GCC CAC AGT CCG CCC TCA GTC CTC GTG TGG AAG AAC CAG AGC AGC TGG GGC ACT GGA GCC AAC ATC CAC ACC TAC CTG GTG AAC TCA GAT GGA GAG GAA GTT GCT GTG AGA AGT TTG ACC CAG TTG TCC ACT CTG CTG CAG GAG AAT GAG GAG GAA GAT GAA GCG GAG TTT GGA GAG GAA GAC CTT TTC CAC CAG CAG GGG GAT CCC AGG ACA ACG TCC AGA GGA TGT GCT GTC ATG 
SEQ2                            ATG TCC GCC TCG CCG GCC GCC GGC GCC CCC CGC GCG GCG GCC TCG CCG CGG AGC CCG GCG CGC CTC TCG CGG CGG CAG GAG AAG GAG GAG CTG CGG CGC CTC AAC GAC CGC CTG GCG CGC TAC ATC GAG CGC GCG CGC GCC CTC GAG CTC GAG AAC GGC CGC CTG CTC CTG CGC GTC TCC GAG GAG GAG GAG GTC GTC ACG CGC GAG GTG ACT GGC ATC AAG GCC CTC TAT GAG TCG GAG TTG GCG GAT GCC CGG AGA GTC CTC GAT GAG ACA GCC AGA GAG AGG GCC AAG CTC CAG ATA GAA ATA GGG AAA CTG CGG GCG GAG CTT GAC GAG CTC AGT AAG AGC TAT AAA AAG AAA GAT GGG GAG TGG TCC ACG TCT CAG GGC CGC ATC AAG GAG CTG GAA GTC CTC TTC CAT CGG AGT GAA GCA GAA CTC ACT GCC ACC CTG ACT GAG AAG CGA AAC CTG GAG GCC GAG GTA GCT GAT CTC CGT GTC CAA CTG GCC AAG TCG GAA GAT GCT CAT GCC GTG GCC AAG AAG CAG CTG GAG AAG GAG ACG CTC ATG AGG GTG GAC CTG GAG AAC CGC TGC CAG AGC CTG CAG GAG GAG CTG GAC TTC AGG AAG AGC ATT TTT GAG GAG --- --- --- --- --- --- --- --- --- --- --- --- --- --- --- --- --- --- --- --- --- --- --- --- --- --- GAA GTG AGG GAG ACG CAG AAG TGG CAT GAG CGC CAG TTG GTG GAG GTG GAC AGC AGC CGC CAG CAG GAG TAC GAG TCC AAG GTC GCC CAA GCC CTG GAG GAC CTG CGC AGC CAG CAC GAT GAG CAG GTC CGG CTC TAC AAG CAG GAG CTC GAG CAG ACC TAT CAG GCC AAG CTG GAG AAT GCC AGG CTC TGC TCT GAC CAA AAC GAC AAA GCT GCA AGT GCT GCT CGC GAG GAG CTG AAG GAA GCC CGC GTG AGG ATT GAG TCC CTC AGC TAC CAG CTA TCT GGG CTG CAA AAG CAG GCA AAT GCA GCA GAA GAA CGG ATC CGG GAC CTG GAG GAC CTG ATG GGC AGT GAG CGA GAG AAG CTC CGG AAG ATG CTG GAG GCC AAG GAG CGG GAG ATG AGC GAG ATG CAG GAC CAG ATG CAG CAG CAG CTG ATG GAG TAC CAG GAG CTT CTG GAC GTC AAG CTG GCG CTG GAC ATG GAG ATC AGT GCT TAC CGG AAG CTG CTG GAA GGG GAA GAG GAG AGA CTG AAG CTG ACT CCG AGC CCT CCG TCC CGC ATC ACA GTG TCG CGG GCC ACC TCC TCC AGC AGC ACC TCG GTC ACT CGC TCG GGC CGG GGG AAG CGG AAG CGC ATG GGA GCC GAG GAG CTC TCC AGC AGC ATT TCC AGT GGG ATC GGC CCC GGG AGC AGT AGT GCC AGC AGC CGT TTC CAG GTG AGC CAG CAG GCC TCG GCC AAA GGC AGC ATC AGC ATC GAG GAG GTC AAC CCG GAA GGG AAG TAC GTT CAG CTG AAG AAC CGC TCT GAC AAG GAT CAG TCT CTT GGG AAC TGG AGA CTG AAG AGA AAG ACT GGA GAC GGA GAA GAG ATT GCT TAC AAA TTT ACC CCC AAG TAT GTC CTC CGG GCT GGG CAG ACA GTC ACA GTC TGG GCT GCC GAT GCC GGC GTG GCC CAC AGT CCG CCC TCA GTC CTC GTG TGG AAG AAC CAG AGC AGC TGG GGC ACT GGA GCC AAC ATC CAC ACC TAC CTG GTG AAC TCA GAT GGA GAG GAA GTT GCT GTG AGA AGT TTG ACC CAG TTG TCC ACT CTG CTG CAG GAG AAT GAG GAG GAA GAT GAA GCG GAG TTT GGA GAG GAA GAC CTT TTC CAC CAG CAG GGG GAT CCC AGG ACA ACG TCC AGA GGA TGT GCT GTC ATG 



After deleting gaps. 1788 sites
      2   1788

SEQ1                            ATG TCC GCC TCG CCG GCC GCC GGC GCC CCC CGC GCG GCG GCC TCG CCG CGG AGC CCG GCG CGC CTC TCG CGG CGG CAG GAG AAG GAG GAG CTG CGG CGC CTC AAC GAC CGC CTG GCG CGC TAC ATC GAG CGC GCG CGC GCC CTC GAG CTC GAG AAC GGC CGC CTG CTC CTG CGC GTC TCC GAG GAG GAG GAG GTC GTC ACG CGC GAG GTG ACT GGC ATC AAG GCC CTC TAT GAG TCG GAG TTG GCG GAT GCC CGG AGA GTC CTC GAT GAG ACA GCC AGA GAG AGG GCC AAG CTC CAG ATA GAA ATA GGG AAA CTG CGG GCG GAG CTT GAC GAG CTC AGT AAG AGC TAT AAA AAG AAA GAT GGG GAG TGG TCC ACG TCT CAG GGC CGC ATC AAG GAG CTG GAA GTC CTC TTC CAT CGG AGT GAA GCA GAA CTC ACT GCC ACC CTG ACT GAG AAG CGA AAC CTG GAG GCC GAG GTA GCT GAT CTC CGT GTC CAA CTG GCC AAG TCG GAA GAT GCT CAT GCC GTG GCC AAG AAG CAG CTG GAG AAG GAG ACG CTC ATG AGG GTG GAC CTG GAG AAC CGC TGC CAG AGC CTG CAG GAG GAG CTG GAC TTC AGG AAG AGC ATT TTT GAG GAG GAA GTG AGG GAG ACG CAG AAG TGG CAT GAG CGC CAG TTG GTG GAG GTG GAC AGC AGC CGC CAG CAG GAG TAC GAG TCC AAG GTC GCC CAA GCC CTG GAG GAC CTG CGC AGC CAG CAC GAT GAG CAG GTC CGG CTC TAC AAG CAG GAG CTC GAG CAG ACC TAT CAG GCC AAG CTG GAG AAT GCC AGG CTC TGC TCT GAC CAA AAC GAC AAA GCT GCA AGT GCT GCT CGC GAG GAG CTG AAG GAA GCC CGC GTG AGG ATT GAG TCC CTC AGC TAC CAG CTA TCT GGG CTG CAA AAG CAG GCA AAT GCA GCA GAA GAA CGG ATC CGG GAC CTG GAG GAC CTG ATG GGC AGT GAG CGA GAG AAG CTC CGG AAG ATG CTG GAG GCC AAG GAG CGG GAG ATG AGC GAG ATG CAG GAC CAG ATG CAG CAG CAG CTG ATG GAG TAC CAG GAG CTT CTG GAC GTC AAG CTG GCG CTG GAC ATG GAG ATC AGT GCT TAC CGG AAG CTG CTG GAA GGG GAA GAG GAG AGA CTG AAG CTG ACT CCG AGC CCT CTG TCC CGC ATC ACA GTG TCG CGG GCC ACC TCC TCC AGC AGC ACC TCG GTC ACT CGC TCG GGC CGG GGG AAG CGG AAG CGC ATG GGA GCC GAG GAG CTC TCC AGC AGC ATT TCC AGT GGG ATC GGC CCC GGG AGC AGT AGT GCC AGC AGC CGT TTC CAG GTG AGC CAG CAG GCC TCG GCC AAA GGC AGC ATC AGC ATC GAG GAG GTC AAC CCG GAA GGG AAG TAC GTT CAG CTG AAG AAC CGC TCT GAC AAG GAT CAG TCT CTT GGG AAC TGG AGA CTG AAG AGA AAG ACT GGA GAC GGA GAA GAG ATT GCT TAC AAA TTT ACC CCC AAG TAT GTC CTC CGG GCT GGG CAG ACA GTC ACA GTC TGG GCT GCC GAT GCC GGC GTG GCC CAC AGT CCG CCC TCA GTC CTC GTG TGG AAG AAC CAG AGC AGC TGG GGC ACT GGA GCC AAC ATC CAC ACC TAC CTG GTG AAC TCA GAT GGA GAG GAA GTT GCT GTG AGA AGT TTG ACC CAG TTG TCC ACT CTG CTG CAG GAG AAT GAG GAG GAA GAT GAA GCG GAG TTT GGA GAG GAA GAC CTT TTC CAC CAG CAG GGG GAT CCC AGG ACA ACG TCC AGA GGA TGT GCT GTC ATG 
SEQ2                            ATG TCC GCC TCG CCG GCC GCC GGC GCC CCC CGC GCG GCG GCC TCG CCG CGG AGC CCG GCG CGC CTC TCG CGG CGG CAG GAG AAG GAG GAG CTG CGG CGC CTC AAC GAC CGC CTG GCG CGC TAC ATC GAG CGC GCG CGC GCC CTC GAG CTC GAG AAC GGC CGC CTG CTC CTG CGC GTC TCC GAG GAG GAG GAG GTC GTC ACG CGC GAG GTG ACT GGC ATC AAG GCC CTC TAT GAG TCG GAG TTG GCG GAT GCC CGG AGA GTC CTC GAT GAG ACA GCC AGA GAG AGG GCC AAG CTC CAG ATA GAA ATA GGG AAA CTG CGG GCG GAG CTT GAC GAG CTC AGT AAG AGC TAT AAA AAG AAA GAT GGG GAG TGG TCC ACG TCT CAG GGC CGC ATC AAG GAG CTG GAA GTC CTC TTC CAT CGG AGT GAA GCA GAA CTC ACT GCC ACC CTG ACT GAG AAG CGA AAC CTG GAG GCC GAG GTA GCT GAT CTC CGT GTC CAA CTG GCC AAG TCG GAA GAT GCT CAT GCC GTG GCC AAG AAG CAG CTG GAG AAG GAG ACG CTC ATG AGG GTG GAC CTG GAG AAC CGC TGC CAG AGC CTG CAG GAG GAG CTG GAC TTC AGG AAG AGC ATT TTT GAG GAG GAA GTG AGG GAG ACG CAG AAG TGG CAT GAG CGC CAG TTG GTG GAG GTG GAC AGC AGC CGC CAG CAG GAG TAC GAG TCC AAG GTC GCC CAA GCC CTG GAG GAC CTG CGC AGC CAG CAC GAT GAG CAG GTC CGG CTC TAC AAG CAG GAG CTC GAG CAG ACC TAT CAG GCC AAG CTG GAG AAT GCC AGG CTC TGC TCT GAC CAA AAC GAC AAA GCT GCA AGT GCT GCT CGC GAG GAG CTG AAG GAA GCC CGC GTG AGG ATT GAG TCC CTC AGC TAC CAG CTA TCT GGG CTG CAA AAG CAG GCA AAT GCA GCA GAA GAA CGG ATC CGG GAC CTG GAG GAC CTG ATG GGC AGT GAG CGA GAG AAG CTC CGG AAG ATG CTG GAG GCC AAG GAG CGG GAG ATG AGC GAG ATG CAG GAC CAG ATG CAG CAG CAG CTG ATG GAG TAC CAG GAG CTT CTG GAC GTC AAG CTG GCG CTG GAC ATG GAG ATC AGT GCT TAC CGG AAG CTG CTG GAA GGG GAA GAG GAG AGA CTG AAG CTG ACT CCG AGC CCT CCG TCC CGC ATC ACA GTG TCG CGG GCC ACC TCC TCC AGC AGC ACC TCG GTC ACT CGC TCG GGC CGG GGG AAG CGG AAG CGC ATG GGA GCC GAG GAG CTC TCC AGC AGC ATT TCC AGT GGG ATC GGC CCC GGG AGC AGT AGT GCC AGC AGC CGT TTC CAG GTG AGC CAG CAG GCC TCG GCC AAA GGC AGC ATC AGC ATC GAG GAG GTC AAC CCG GAA GGG AAG TAC GTT CAG CTG AAG AAC CGC TCT GAC AAG GAT CAG TCT CTT GGG AAC TGG AGA CTG AAG AGA AAG ACT GGA GAC GGA GAA GAG ATT GCT TAC AAA TTT ACC CCC AAG TAT GTC CTC CGG GCT GGG CAG ACA GTC ACA GTC TGG GCT GCC GAT GCC GGC GTG GCC CAC AGT CCG CCC TCA GTC CTC GTG TGG AAG AAC CAG AGC AGC TGG GGC ACT GGA GCC AAC ATC CAC ACC TAC CTG GTG AAC TCA GAT GGA GAG GAA GTT GCT GTG AGA AGT TTG ACC CAG TTG TCC ACT CTG CTG CAG GAG AAT GAG GAG GAA GAT GAA GCG GAG TTT GGA GAG GAA GAC CTT TTC CAC CAG CAG GGG GAT CCC AGG ACA ACG TCC AGA GGA TGT GCT GTC ATG 



Printing out site pattern counts


         2        177  P

SEQ1                            AAA AAC AAG AAT ACA ACC ACG ACT AGA AGC AGG AGT ATA ATC ATG ATT CAA CAC CAG CAT CCC CCG CCT CGA CGC CGG CGT CTA CTC CTG CTG CTT GAA GAC GAG GAT GCA GCC GCG GCT GGA GGC GGG GTA GTC GTG GTT TAC TAT TCA TCC TCG TCT TGC TGG TGT TTC TTG TTT 
SEQ2                            ... ... ... ... ... ... ... ... ... ... ... ... ... ... ... ... ... ... ... ... ... ... ... ... ... ... ... ... ... .C. ... ... ... ... ... ... ... ... ... ... ... ... ... ... ... ... ... ... ... ... ... ... ... ... ... ... ... ... ... 

    6   11   33    3    5    7    5    8    7   22    7   10    2   10   11
    4    4    4   34    3    5    6    1    2   21   17    2    1   21    1
   34    4   17   16   65   11    5   30    9   11    7   10   11    1   16
   13    2    9    4    2   12    9    5    2    6    1    4    4    3

YN00 paml/jobs/LOCW_00021250__LOC_00019025/LOCW_00021250__LOC_00019025.phy

ns =   2	ls = 596

Codon position x base (3x4) table for each sequence.

SEQ1                
position  1:    T:0.10235    C:0.26846    A:0.25336    G:0.37584
position  2:    T:0.21980    C:0.20134    A:0.36913    G:0.20973
position  3:    T:0.12081    C:0.33557    A:0.09899    G:0.44463

SEQ2                
position  1:    T:0.10235    C:0.26846    A:0.25336    G:0.37584
position  2:    T:0.21812    C:0.20302    A:0.36913    G:0.20973
position  3:    T:0.12081    C:0.33557    A:0.09899    G:0.44463

Average
position  1:    T:0.10235    C:0.26846    A:0.25336    G:0.37584
position  2:    T:0.21896    C:0.20218    A:0.36913    G:0.20973
position  3:    T:0.12081    C:0.33557    A:0.09899    G:0.44463

Codon usage for each species
----------------------------------------------------------------------
Phe TTT   3   3 | Ser TCT   5   5 | Tyr TAT   4   4 | Cys TGT   1   1
    TTC   4   4 |     TCC  12  12 |     TAC   9   9 |     TGC   2   2
Leu TTA   0   0 |     TCA   2   2 | *** TAA   0   0 | *** TGA   0   0
    TTG   4   4 |     TCG   9   9 |     TAG   0   0 | Trp TGG   6   6
----------------------------------------------------------------------
Leu CTT   4   4 | Pro CCT   1   1 | His CAT   3   3 | Arg CGT   2   2
    CTC  21  21 |     CCC   5   5 |     CAC   4   4 |     CGC  21  21
    CTA   1   1 |     CCA   0   0 | Gln CAA   4   4 |     CGA   2   2
    CTG  35  34 |     CCG   6   7 |     CAG  34  34 |     CGG  17  17
----------------------------------------------------------------------
Ile ATT   4   4 | Thr ACT   8   8 | Asn AAT   3   3 | Ser AGT  10  10
    ATC  10  10 |     ACC   7   7 |     AAC  11  11 |     AGC  22  22
    ATA   2   2 |     ACA   5   5 | Lys AAA   6   6 | Arg AGA   7   7
Met ATG  11  11 |     ACG   5   5 |     AAG  33  33 |     AGG   7   7
----------------------------------------------------------------------
Val GTT   2   2 | Ala GCT  11  11 | Asp GAT  11  11 | Gly GGT   0   0
    GTC  16  16 |     GCC  30  30 |     GAC  16  16 |     GGC  10  10
    GTA   1   1 |     GCA   5   5 | Glu GAA  17  17 |     GGA   7   7
    GTG  13  13 |     GCG   9   9 |     GAG  65  65 |     GGG  11  11
----------------------------------------------------------------------


Sums
------------------------------------------------------
Phe TTT   6 | Ser TCT  10 | Tyr TAT   8 | Cys TGT   2
    TTC   8 |     TCC  24 |     TAC  18 |     TGC   4
Leu TTA   0 |     TCA   4 | *** TAA   0 | *** TGA   0
    TTG   8 |     TCG  18 |     TAG   0 | Trp TGG  12
------------------------------------------------------
Leu CTT   8 | Pro CCT   2 | His CAT   6 | Arg CGT   4
    CTC  42 |     CCC  10 |     CAC   8 |     CGC  42
    CTA   2 |     CCA   0 | Gln CAA   8 |     CGA   4
    CTG  69 |     CCG  13 |     CAG  68 |     CGG  34
------------------------------------------------------
Ile ATT   8 | Thr ACT  16 | Asn AAT   6 | Ser AGT  20
    ATC  20 |     ACC  14 |     AAC  22 |     AGC  44
    ATA   4 |     ACA  10 | Lys AAA  12 | Arg AGA  14
Met ATG  22 |     ACG  10 |     AAG  66 |     AGG  14
------------------------------------------------------
Val GTT   4 | Ala GCT  22 | Asp GAT  22 | Gly GGT   0
    GTC  32 |     GCC  60 |     GAC  32 |     GGC  20
    GTA   2 |     GCA  10 | Glu GAA  34 |     GGA  14
    GTG  26 |     GCG  18 |     GAG 130 |     GGG  22
------------------------------------------------------



(A) Nei-Gojobori (1986) method



Nei & Gojobori 1986. dN/dS (dN, dS)
(Note: This matrix is not used in later ML. analysis.
Use runmode = -2 for ML pairwise comparison.)

SEQ1                
SEQ2                -1.0000 (0.0007 0.0000)


(B) Yang & Nielsen (2000) method

Yang Z, Nielsen R (2000) Estimating synonymous and nonsynonymous substitution rates under realistic evolutionary models. Mol. Biol. Evol. 17:32-43

(equal weighting of pathways)

seq. seq.     S       N        t   kappa   omega     dN +- SE    dS +- SE

   2    1   369.0  1419.0   0.0017  4.6000 99.0000 0.0007 +- 0.0007 -0.0000 +- 0.0000


(C) LWL85, LPB93 & LWLm methods

Li W.-H., C.-I. Wu, Luo (1985) A new method for estimating synonymous and nonsynonymous rates of nucleotide substitutions considering the relative likelihood of nucleotide and codon changes. Mol. Biol. Evol. 2: 150-174.
Li W-H (1993) Unbiased estimation of the rates of synonymous and nonsynonymous substitution. J. Mol. Evol. 36:96-99
Pamilo P, Bianchi NO (1993) Evolution of the Zfx and Zfy genes - rates and interdependence between the genes. Mol. Biol. Evol. 10:271-281
Yang Z (2006) Computational Molecular Evolution. Oxford University Press, Oxford. Eqs. 2.12 & 2.13

2 (SEQ2) vs. 1 (SEQ1)

L(i):     1136.5     368.5     283.0  sum=   1788.0
Ns(i):    1.0000    0.0000    0.0000  sum=   1.0000
Nv(i):    0.0000    0.0000    0.0000  sum=   0.0000
A(i):     0.0009    0.0000    0.0000
B(i):    -0.0000   -0.0000   -0.0000
LWL85:  dS =  0.0000 dN =  0.0007 w =    inf S =  405.8 N = 1382.2
LWL85m: dS =    -nan dN =    -nan w =   -nan S =   -nan N =   -nan (rho = -nan)
LPB93:  dS =  0.0000 dN =  0.0009 w =    inf

