
Before deleting alignment gaps
      2   3627

SEQ1                            ATG CAG AAA ATA AAG AGG GCT CGG CTG GAA AAC GGA AGT GCA GGA AGT TGG AGA AGT TCC TTG ACC AGT TTG GTT GGG AGG CCA AGG ATG ACA GCA GTG GAC ACT CTG CTG AAT AGT GCA GAG GCA GTG GAG ATG GAG GAC ACG TCT GCT TCC CGC TTC AAA GTG GAG AAG CAT TCG TGG GAG GGC CTG CGC GAT ATC ATT CAC GGC AGC CGG AAG TGT ACA GGG ATG ATC GTA AAC AAG GCG CCC CAT GAT TTC CAG TTT GTC CAG AAA ACA GAA GAA TCA AGC CCT CAC TCA CAT CGG CTG TAT TAC CTA GGA ATG CCA TAT GGA AGC AGG GAG AAC TCC CTC CTC TAC TCT GAG ATT CCC AAA AAG GTA CGG AAG GAA GCC CTG CTG TTG TTG TCA TGG AAA CAG ATG TTG GAT CAC TTC CAG GCT ACC CCT CAC CAC GGG ATG TAT TCC AGG GAG GAG GAG CTC CTG AGG GAG CGC AAG CGG CTG GGC ATC TTT GGC ATC ACC TCC TAC GAC TTC CAC AGC AAG AGT GGC CTC TTC CTT TTC CAA GCC AGT AAC AGC CTC TTC CAC TGT TGG GAC GGA GGC AAA AAT GGC TTC ATG ATG TCC CCA ATG AAG CCT CTG GAG ATC AAG ACA CAG TGC TTG GGT CCC CGG ATG GAT CCC AAG ATC TGC TCC GCT GAT CCA TCT TTC TTC TCA TTC ATC AAC AAC AAT GAC TTG TGG GTG GCG AAT ATT GAG ACA GGA GAA GAG CGG CGA CTG ACC TTC TGC CAG AAA GGC TTA TCC AGT GTG CTA GAG GAT CCC AAA TCA GCA GGT GTG GCC ACT TTC GTC ACT CAG GAA GAG TTT GAC AGG TTT ACA GGG TAC TGG TGG TGT CCC ATG TCT TGC CAA GAA GGT CCC GAG GCC TGG AAA ACA TTC CGG ATC TTG TAC GAG GAG GTG GAC GAG TCA GAG GTG GAG GTC ATT CAT GTT CCG TCC CCT GCC CTG GAG GAG AGG AAG ACG GAC TCC TAC CGG TAT CCC AGA ACA GGC AGC AAG AAC CCC AAG ATC TCG TTA AAG CTG GCT GAA TTT CAG ACT GAC AGC CAT GGG AAG ATA GTG TAC ACC CAG GAC AAG GAA CTG GTG CAT CCC TTT ACT ACG ATG TTC CCA AGG GTG GAG TAC ATT GCA CGG GCT GGC TGG ACC CGG GAT GGT AAA TAC GCT TGG GCC ATG TTC CTA GAC AGA CCT CAG CAG CAA CTC CAG CTC ATC CTT TTC CCT CCT GCA CTC TTT ATC CCA GTG CCG GAA AGT GAG GAG CAG CGC CAG GAG TTT GCC AAA GCT GTG CCT GAA AAT GTC CAC CCG TTC ATT ATC TAC GAA GAA GTC ACT GAC GTG TGG ATC AAT GTC CAT GAC ATC TTC TAC CCT TTC AGC CTG ACA GAG GCG GAA GAG GAG GAG CTC TGT TTT ATC CAA GCC AAT GAA TGC AAG ACA GGC TTT TGC CAC CTG TAC AGG GTC ACA GCC ATC CTG AAG CGG AAC AGC TAC AAC TGG ACC CAG CCG TAT GTC CCC AGC AAA GGG GAC TTC AAA TGC CCT CTC AAA GAG GAA CTC ACC CTA ACT AGC GGA GAA TGG GAG GTT CTA GCC CGA CAT GGA TAC AAG ATT TGG GTG AAT GAA GAA ACC AAG CTT GTG TAC TTC CAG GGC ACA AAG GAC ACT CCT CTG GAA CAT CAC CTC TAT GTG GTC AGC TAC GAG TCT CCT GGG GAA GTG GTG CGG CTC ACC ACT CTG GGC TTT TCC CAC AGC TGT TCA ATG AGC CAG AAC TTC GAC ATG TTC ATC AGC CAT TAC AGC AGT GTT AGA ACC CCT CCC TGC GTC CAC GTT TAC AAG CTC AGC GGC CCC GAT GAA GAC CCC CTC CAC AAG CAG CCC AAA TTT TGG GCC AGC GTG ATG GAA GCG GCC AGC TGC CCT GCT GAT TAC ATC CCC CCA GAG ATC TTT CAC TTC TGC ACC CAG TCA GAT GTT GAG CTG TAT GGG ATG GTT TAC AAA CCT CAT GAC CTC CAA CCA GGG AAG AAG CAT CCC ACT GTA CTC TTC ATC TAC GGA GGG CCT CAG GTC CAG TTA GTG AAT AAC TCC TTT AAA GGC ATC AAG TAT CTG CGG CTC AAC ACG CTG GCT TCC CTC GGC TAT GCT GTG GTG GTG ATT GAT GGT CGG GGG TCA TGC CAG AGA GGC CTT AAG TTT GAG GGG GCT CTT AAG AAC CAA ATG GGC CAG GTA GAG ATT GAG GAC CAG GTG GAA GGT TTA CAT TAT GTA GCA GAG AAA TAC GGG TTC ATC GAC CTC AGC CGT GTC GCC ATC CAT GGC TGG TCT TAC GGA GGC TTC CTC TCC CTC ATG GGG CTT ATC TGT AAG CCT CAT GTC TTC AAG GTT GCT ATT GCT GGG GCC CCC GTC ACG GTC TGG ATG GCA TAT GAT ACT GGA TAC ACA GAA CGG TAC ATG GAT GTC CCA GAA AAC AAC CAG CTC GGC TAT GAA GCA GGC TCA GTG GCG CTC CAT GTA GAG AAA CTC CCC AAC GAG CCT AAC CGC TTG CTG ATC CTC CAT GGG TTT CTG GAT GAA AAT GTG CAC TTT TTC CAC ACC AAT TTC CTG ATC TCC CAG CTA ATC AGG GCT GGG AAA CCT TAT CAG CTA CAG GTG GGT GAA AAC ATG CTT CCT CTC TTC ATG GCG ACA ATG ACC TGG CTG GTC TTC CTG AGA ACT TTC TCC AGC GTG CTG GAT CTG TCC CTG GAG GGA GCT TGG AAA --- --- --- --- --- --- --- --- --- --- --- --- --- --- --- --- --- --- --- --- --- --- --- --- --- --- --- --- --- --- --- --- --- --- --- --- --- --- --- --- --- --- --- --- --- --- --- --- --- --- --- --- --- --- --- --- --- --- --- --- --- --- --- --- --- --- --- --- --- --- --- --- --- --- --- --- --- --- --- --- --- --- --- --- --- --- --- --- --- --- --- --- --- --- --- --- --- --- --- --- --- --- --- --- --- --- --- --- --- --- --- --- --- --- --- --- --- --- --- --- CTG AGT GGT CAA CTG TAC --- --- --- --- --- --- --- --- --- --- --- --- --- --- --- --- --- --- --- --- --- --- --- --- --- --- --- --- --- --- --- --- --- --- --- --- --- --- --- --- --- --- --- --- --- --- --- --- --- --- --- TTC TGT GGT GAG GCT TCA AGA GAG GAG --- --- --- --- --- --- --- --- --- --- --- --- --- --- --- --- --- --- --- --- --- --- --- --- --- --- --- --- --- --- --- --- --- --- --- --- --- --- --- --- --- --- --- --- --- --- --- --- --- --- --- --- --- --- --- --- --- --- --- --- --- --- --- --- --- --- --- --- --- --- --- --- --- --- --- --- --- --- --- --- --- --- --- --- --- --- --- --- --- --- --- --- --- --- --- --- --- --- --- --- --- --- --- --- --- --- --- --- --- --- --- --- --- --- --- --- --- --- --- --- --- --- --- --- --- 
SEQ2                            ATG CAG AAA ATA AAG AGG GCT CGG CTG GAA AAC GAA AGT GCA GGA AGT TGG AGA AGT TCC TTG ACC AGT TCG GGG GAA AGG CCG AGG ATG ACG GCG GTG GAC TCT CTG CCA GAT AGT GCG GAG GCA GTG GAG ATG GAG GAC ACA TCC GCT TCT CGC TTC CAG GTG GAG AAG CAT TCG TGG GAG GGG CTG CGT GAT ATC ATT CAC GGC AGC CGG AAG TAC ACA GGG ATG ATC GTA AAC AAG GCG CCC CAC GAC TTC CAG TTT GTC CGG AAA ACA GAA GAA TCA AGC CCT CAT TCA CAT CGA CTG TAT TAC CTA GGA ATG CCA TAT GGA AGC AGG GAG AAC TCC CTC CTC TAC TCC GAG ATT CCC AAA AAG GTA CGG AAG GAA GCC CTG CTG TTG TTG TCG TGG AAA CAG ATG TTG GAT CAC TTC CAG GCT ACC CCT CAC CAC GGG ATG TAT TCC AGG GAG GAG GAG CTC CTG AGG GAG CGC AAG CGG CTG GGC GTC TTT GGG ATC ACC TCC TAC GAC TTC CAC AGC GAG AGC GGC CTC TTC CTT TTC CAG GCC AGT AAC AGC CTC TTC CAC TGT CGG GAC GGA GGC AAA AAT GGC TTC ATG ATG TCC CCA ATG AAG CCT CTA GAG ATC AAG ACG CAG TGC TCA GGT CCC CGG ATG GAT CCC AAG ATC TGC TCT GCC GAT CCG TCG TTC TTC TCA TTC ATC AAC AAC AAT GAC TTG TGG GTG GCA AAT ATT GAC ACG GGA GAA GAG CGG CGG CTG ACC TTC TGC CAG AAA GGC TTA TCT AGT GTG CTG GAG GAC CCC AAA TCG GCG GGT GTG GCC ACT TTC GTC ATT CAG GAA GAA TTC GAC AGG TTT ACA GGG TAC TGG TGG TGT CCC ACG TCT TGC CAA GAA GGT CCT GAG GGC TGG AAA ACA TTC CGG ATC TTG TAC GAG GAG GTG GAT GAG TCG GAG GTG GAG GTT ATT CAT GTT CCA TCC CCT GCC CTT GAG GAG CGG AAG ACG GAC TCC TAC CGG TAT CCC AGA ACA GGC AGC AAG AAC CCC AAG ATC TCG TTG AAG CTA GCT GAA TTT CAG ACG GAC AGC CAA GGG AAG ATA GTG TAC GCC CAG GAC AAG GAG CTG GTA TAT CCC TTT GCT ACG ATG TTT CCA AGG GTG GAG TAC ATT GCA CGG GCT GGC TGG ACC CGG GAT GGA AAA TAT GCT TGG GCC ATG TTC CTA GAC AGA CCT CAG CAG CAA CTC CAG CTC GTC CTT TTC CCT CCC GCG CTC TTT ATC CCA GTG CCA GAA AGT GAG GAG CAG CGC CAG GAG TTT GCC AAA GCC GTG CCT GAA AAC GTC CAC CCG TTT GTT ATC TAC GAA GAA GTC ACC GAT GTG TGG ATC AAC GTC CAT GAC ATC TTC TAC CCT TTC AGC CTG CCA GAG GGG GAA GAG GAG GAG CTG TGT TTT ATC CGA GCC AAC GAA TGC AAG ACG GGC TTT TGC CAC CTG TAC AGG GTC ACG GCC GTC CTG CAG CGG AAC AGC TGT GAC TGG ACC CAG CCG TAC GTC CCC AGC AAA GGG GAC TTC AAA TGC CCT CTC AAA GAG GAA CTC GCC CTA ACT AGC GGA GAA TGG GAG GTT CTA GCC CGG CAT GGA TAC AAG ATT TGG GTG AAC GAA GAA ACC AAG CTT GTG TAC TTC CAG GGC ACA AAG GAC ACC CCT CTG GAA CAT CAT CTC TAC GCC GTC AGC TAC GAG TCT CCT GGG GAG GTG GTG AGG CTC ACC ACT TTG GGC TTT TCC CAC AGC TGT TCA ATG AGC CAG AAT TTC GAC ATG TTC ATC AGC CAT TAC AGC AGC GTC AGC ACC CCT CCC TGC GTT CAC GTT TAC AAG CTC AGC GGC CCC GAG GAA GAC CCC CTC CAC AAG CAG CCC AAA TTT TGG GCC AGC ATG ATG GAA GCG GCC AGC TGC CCT GCT GAT TAC ATC CCC CCG GAG ATC TTT CAC TTC CGC ACC CAG TCA GAT GTT GAG CTG TAT GGG ATG GTG TAC AAA CCT CAC GAC CTT CAA CCA GGG AAG AAG CAT CCC ACT GTA CTG TTC ATC TAC GGA GGG CCC CAG GTC CAG TTA GTG AAT AAC TCC TTT AAA GGC ATC AAG TAT CTG CGG CTC AAC ACA CTG GCT TCC CTC GGC TAT GCT GTG GTG GTG ATT GAC GGT CGG GGG TCA TGC CAG AGA GGC CTT CAG TTC GAG GGG GCT CTT AAG AAC CAA ATG GGC CAG GTG GAG ATT GAG GAC CAG GTG GAA GGT TTA CAT TAC GTG GCA GAG AAA TAC GGG TTC GTC GAC CTC AGC CGC GTC GCC ATC CAT GGC TGG TCT TAC GGA GGC TTC CTC TCC CTC ATG GGG CTC ATC TAT AAG CCT CAC GTC TTC AAG GTT GCT ATC GCC GGG GCC CCC GTC ACG GTC TGG ATG GCA TAT GAT ACT GGA TAC ACA GAA CGG TAC ATG GAT GTC CCC GAA AAC AAC CAG CAC GGC TAT GAA GCG GGC TCA GTG GCA CTG CAT GTA GAG AAA CTC CCC AAC GAG CCC AAT CGC TTG CTG ATC CTC CAT GGG TTT CTG GAT GAA AAT GTG CAC TTT TTC CAT ACC AAT TTC CTG ATC TCC CAG CTA ATC CGG GCT GGG AAA CCT TAT CAG CTA CAG GCG GGT GAA AAC ATG CCT CCT CTC TTC ATG ACA ACG ATG ACG TGG ATG GTC TTC CTG AGA ACT TTC TCT AGC GCA CTG GAT CCG GCC CTG GAG GGA GCT TGG AAA GGG TGG AAG GAG CTC CAC AGC AAG GAT TAC CAG GAG GAG GAA GAG GCT TTT CGT CGG GAG GTC TGG GAG AAG AAC CTG CAG AGG GTC GAA CAG CAC AAC GCG GAG GCT TCT CGG GGG AAA CAC ACC TTC CAG TTG GCC ATG AAC CAC CTG GGT GAT TTG ACT GAT GAA GAG TTC AAC CAG ATG CTG AAC GGC TTC CGT CCT GAG CGG GCC AAG TCC CGT GAC AAG AAT GTT GCC TTG TTC CAA GAA TCA GCC ACT CTG GCG GCC CCC AAG GAA GTG GAC TGG CGG GCC AAA GGT TAC GTC ACC CCA GTG AAA GAC CAG GGC CAC TGT GGA GCA TGC TGG GCC TTC AGT GCC ACT GGG GCC CTG GAG GGT TTG CTG TTC AAC AAG ACT AGG AAG TTG ATT CCG CTG AGC GAA CAG AAC CTG ATC GAT TGT TCC TGG AAG CTA GGG AAC CAC GGG TGC CAT GGG GGA TAT ATC ATT CAG GCC TTT CAG TAT GTG CAT GAT AAC GGA GGC ATC GAC TCG GAG CAG GAC TAC CCC TAC GTA GGG GAG --- --- AGG GAG GAA CAC GGG TGT CGT TAC AAA CCA CAG AAC CGA GTG GCC AAC TGC ACT TCC GTG GTG AGG CTT CAA GAG GGG AGC GAG GCA GCC CTG GAG GAA GCC GTG GCA ACG GTC GGG CCG ATT TCT GTG GCC GTG GAT GCC AAG AAC TTT CCA TTC CAT TTC TAC AGG TCA GGA ATC TTT TCC AGT ATC TGG TGC AGC CAT CTG GTG AAC CAC GCC ATG TTG CTG GTT GGC TAT GGC ACA TCC CAG GAG GAC GGG ACG AAC ACG GAT TAT TGG ATC CTC AAG AAC AGC TGG TCT GAA AAC TGG GGC GAA GGA GGT TAC ATG CGA TTG GTG AAA GGC GCT GAC AAT CAC TGT GGT GTG GCA AAT CAA GCC AGC TTC CCC ACC CTG 



After deleting gaps. 2733 sites
      2   2733

SEQ1                            ATG CAG AAA ATA AAG AGG GCT CGG CTG GAA AAC GGA AGT GCA GGA AGT TGG AGA AGT TCC TTG ACC AGT TTG GTT GGG AGG CCA AGG ATG ACA GCA GTG GAC ACT CTG CTG AAT AGT GCA GAG GCA GTG GAG ATG GAG GAC ACG TCT GCT TCC CGC TTC AAA GTG GAG AAG CAT TCG TGG GAG GGC CTG CGC GAT ATC ATT CAC GGC AGC CGG AAG TGT ACA GGG ATG ATC GTA AAC AAG GCG CCC CAT GAT TTC CAG TTT GTC CAG AAA ACA GAA GAA TCA AGC CCT CAC TCA CAT CGG CTG TAT TAC CTA GGA ATG CCA TAT GGA AGC AGG GAG AAC TCC CTC CTC TAC TCT GAG ATT CCC AAA AAG GTA CGG AAG GAA GCC CTG CTG TTG TTG TCA TGG AAA CAG ATG TTG GAT CAC TTC CAG GCT ACC CCT CAC CAC GGG ATG TAT TCC AGG GAG GAG GAG CTC CTG AGG GAG CGC AAG CGG CTG GGC ATC TTT GGC ATC ACC TCC TAC GAC TTC CAC AGC AAG AGT GGC CTC TTC CTT TTC CAA GCC AGT AAC AGC CTC TTC CAC TGT TGG GAC GGA GGC AAA AAT GGC TTC ATG ATG TCC CCA ATG AAG CCT CTG GAG ATC AAG ACA CAG TGC TTG GGT CCC CGG ATG GAT CCC AAG ATC TGC TCC GCT GAT CCA TCT TTC TTC TCA TTC ATC AAC AAC AAT GAC TTG TGG GTG GCG AAT ATT GAG ACA GGA GAA GAG CGG CGA CTG ACC TTC TGC CAG AAA GGC TTA TCC AGT GTG CTA GAG GAT CCC AAA TCA GCA GGT GTG GCC ACT TTC GTC ACT CAG GAA GAG TTT GAC AGG TTT ACA GGG TAC TGG TGG TGT CCC ATG TCT TGC CAA GAA GGT CCC GAG GCC TGG AAA ACA TTC CGG ATC TTG TAC GAG GAG GTG GAC GAG TCA GAG GTG GAG GTC ATT CAT GTT CCG TCC CCT GCC CTG GAG GAG AGG AAG ACG GAC TCC TAC CGG TAT CCC AGA ACA GGC AGC AAG AAC CCC AAG ATC TCG TTA AAG CTG GCT GAA TTT CAG ACT GAC AGC CAT GGG AAG ATA GTG TAC ACC CAG GAC AAG GAA CTG GTG CAT CCC TTT ACT ACG ATG TTC CCA AGG GTG GAG TAC ATT GCA CGG GCT GGC TGG ACC CGG GAT GGT AAA TAC GCT TGG GCC ATG TTC CTA GAC AGA CCT CAG CAG CAA CTC CAG CTC ATC CTT TTC CCT CCT GCA CTC TTT ATC CCA GTG CCG GAA AGT GAG GAG CAG CGC CAG GAG TTT GCC AAA GCT GTG CCT GAA AAT GTC CAC CCG TTC ATT ATC TAC GAA GAA GTC ACT GAC GTG TGG ATC AAT GTC CAT GAC ATC TTC TAC CCT TTC AGC CTG ACA GAG GCG GAA GAG GAG GAG CTC TGT TTT ATC CAA GCC AAT GAA TGC AAG ACA GGC TTT TGC CAC CTG TAC AGG GTC ACA GCC ATC CTG AAG CGG AAC AGC TAC AAC TGG ACC CAG CCG TAT GTC CCC AGC AAA GGG GAC TTC AAA TGC CCT CTC AAA GAG GAA CTC ACC CTA ACT AGC GGA GAA TGG GAG GTT CTA GCC CGA CAT GGA TAC AAG ATT TGG GTG AAT GAA GAA ACC AAG CTT GTG TAC TTC CAG GGC ACA AAG GAC ACT CCT CTG GAA CAT CAC CTC TAT GTG GTC AGC TAC GAG TCT CCT GGG GAA GTG GTG CGG CTC ACC ACT CTG GGC TTT TCC CAC AGC TGT TCA ATG AGC CAG AAC TTC GAC ATG TTC ATC AGC CAT TAC AGC AGT GTT AGA ACC CCT CCC TGC GTC CAC GTT TAC AAG CTC AGC GGC CCC GAT GAA GAC CCC CTC CAC AAG CAG CCC AAA TTT TGG GCC AGC GTG ATG GAA GCG GCC AGC TGC CCT GCT GAT TAC ATC CCC CCA GAG ATC TTT CAC TTC TGC ACC CAG TCA GAT GTT GAG CTG TAT GGG ATG GTT TAC AAA CCT CAT GAC CTC CAA CCA GGG AAG AAG CAT CCC ACT GTA CTC TTC ATC TAC GGA GGG CCT CAG GTC CAG TTA GTG AAT AAC TCC TTT AAA GGC ATC AAG TAT CTG CGG CTC AAC ACG CTG GCT TCC CTC GGC TAT GCT GTG GTG GTG ATT GAT GGT CGG GGG TCA TGC CAG AGA GGC CTT AAG TTT GAG GGG GCT CTT AAG AAC CAA ATG GGC CAG GTA GAG ATT GAG GAC CAG GTG GAA GGT TTA CAT TAT GTA GCA GAG AAA TAC GGG TTC ATC GAC CTC AGC CGT GTC GCC ATC CAT GGC TGG TCT TAC GGA GGC TTC CTC TCC CTC ATG GGG CTT ATC TGT AAG CCT CAT GTC TTC AAG GTT GCT ATT GCT GGG GCC CCC GTC ACG GTC TGG ATG GCA TAT GAT ACT GGA TAC ACA GAA CGG TAC ATG GAT GTC CCA GAA AAC AAC CAG CTC GGC TAT GAA GCA GGC TCA GTG GCG CTC CAT GTA GAG AAA CTC CCC AAC GAG CCT AAC CGC TTG CTG ATC CTC CAT GGG TTT CTG GAT GAA AAT GTG CAC TTT TTC CAC ACC AAT TTC CTG ATC TCC CAG CTA ATC AGG GCT GGG AAA CCT TAT CAG CTA CAG GTG GGT GAA AAC ATG CTT CCT CTC TTC ATG GCG ACA ATG ACC TGG CTG GTC TTC CTG AGA ACT TTC TCC AGC GTG CTG GAT CTG TCC CTG GAG GGA GCT TGG AAA CTG AGT GGT CAA CTG TAC TTC TGT GGT GAG AGA GAG GAG 
SEQ2                            ATG CAG AAA ATA AAG AGG GCT CGG CTG GAA AAC GAA AGT GCA GGA AGT TGG AGA AGT TCC TTG ACC AGT TCG GGG GAA AGG CCG AGG ATG ACG GCG GTG GAC TCT CTG CCA GAT AGT GCG GAG GCA GTG GAG ATG GAG GAC ACA TCC GCT TCT CGC TTC CAG GTG GAG AAG CAT TCG TGG GAG GGG CTG CGT GAT ATC ATT CAC GGC AGC CGG AAG TAC ACA GGG ATG ATC GTA AAC AAG GCG CCC CAC GAC TTC CAG TTT GTC CGG AAA ACA GAA GAA TCA AGC CCT CAT TCA CAT CGA CTG TAT TAC CTA GGA ATG CCA TAT GGA AGC AGG GAG AAC TCC CTC CTC TAC TCC GAG ATT CCC AAA AAG GTA CGG AAG GAA GCC CTG CTG TTG TTG TCG TGG AAA CAG ATG TTG GAT CAC TTC CAG GCT ACC CCT CAC CAC GGG ATG TAT TCC AGG GAG GAG GAG CTC CTG AGG GAG CGC AAG CGG CTG GGC GTC TTT GGG ATC ACC TCC TAC GAC TTC CAC AGC GAG AGC GGC CTC TTC CTT TTC CAG GCC AGT AAC AGC CTC TTC CAC TGT CGG GAC GGA GGC AAA AAT GGC TTC ATG ATG TCC CCA ATG AAG CCT CTA GAG ATC AAG ACG CAG TGC TCA GGT CCC CGG ATG GAT CCC AAG ATC TGC TCT GCC GAT CCG TCG TTC TTC TCA TTC ATC AAC AAC AAT GAC TTG TGG GTG GCA AAT ATT GAC ACG GGA GAA GAG CGG CGG CTG ACC TTC TGC CAG AAA GGC TTA TCT AGT GTG CTG GAG GAC CCC AAA TCG GCG GGT GTG GCC ACT TTC GTC ATT CAG GAA GAA TTC GAC AGG TTT ACA GGG TAC TGG TGG TGT CCC ACG TCT TGC CAA GAA GGT CCT GAG GGC TGG AAA ACA TTC CGG ATC TTG TAC GAG GAG GTG GAT GAG TCG GAG GTG GAG GTT ATT CAT GTT CCA TCC CCT GCC CTT GAG GAG CGG AAG ACG GAC TCC TAC CGG TAT CCC AGA ACA GGC AGC AAG AAC CCC AAG ATC TCG TTG AAG CTA GCT GAA TTT CAG ACG GAC AGC CAA GGG AAG ATA GTG TAC GCC CAG GAC AAG GAG CTG GTA TAT CCC TTT GCT ACG ATG TTT CCA AGG GTG GAG TAC ATT GCA CGG GCT GGC TGG ACC CGG GAT GGA AAA TAT GCT TGG GCC ATG TTC CTA GAC AGA CCT CAG CAG CAA CTC CAG CTC GTC CTT TTC CCT CCC GCG CTC TTT ATC CCA GTG CCA GAA AGT GAG GAG CAG CGC CAG GAG TTT GCC AAA GCC GTG CCT GAA AAC GTC CAC CCG TTT GTT ATC TAC GAA GAA GTC ACC GAT GTG TGG ATC AAC GTC CAT GAC ATC TTC TAC CCT TTC AGC CTG CCA GAG GGG GAA GAG GAG GAG CTG TGT TTT ATC CGA GCC AAC GAA TGC AAG ACG GGC TTT TGC CAC CTG TAC AGG GTC ACG GCC GTC CTG CAG CGG AAC AGC TGT GAC TGG ACC CAG CCG TAC GTC CCC AGC AAA GGG GAC TTC AAA TGC CCT CTC AAA GAG GAA CTC GCC CTA ACT AGC GGA GAA TGG GAG GTT CTA GCC CGG CAT GGA TAC AAG ATT TGG GTG AAC GAA GAA ACC AAG CTT GTG TAC TTC CAG GGC ACA AAG GAC ACC CCT CTG GAA CAT CAT CTC TAC GCC GTC AGC TAC GAG TCT CCT GGG GAG GTG GTG AGG CTC ACC ACT TTG GGC TTT TCC CAC AGC TGT TCA ATG AGC CAG AAT TTC GAC ATG TTC ATC AGC CAT TAC AGC AGC GTC AGC ACC CCT CCC TGC GTT CAC GTT TAC AAG CTC AGC GGC CCC GAG GAA GAC CCC CTC CAC AAG CAG CCC AAA TTT TGG GCC AGC ATG ATG GAA GCG GCC AGC TGC CCT GCT GAT TAC ATC CCC CCG GAG ATC TTT CAC TTC CGC ACC CAG TCA GAT GTT GAG CTG TAT GGG ATG GTG TAC AAA CCT CAC GAC CTT CAA CCA GGG AAG AAG CAT CCC ACT GTA CTG TTC ATC TAC GGA GGG CCC CAG GTC CAG TTA GTG AAT AAC TCC TTT AAA GGC ATC AAG TAT CTG CGG CTC AAC ACA CTG GCT TCC CTC GGC TAT GCT GTG GTG GTG ATT GAC GGT CGG GGG TCA TGC CAG AGA GGC CTT CAG TTC GAG GGG GCT CTT AAG AAC CAA ATG GGC CAG GTG GAG ATT GAG GAC CAG GTG GAA GGT TTA CAT TAC GTG GCA GAG AAA TAC GGG TTC GTC GAC CTC AGC CGC GTC GCC ATC CAT GGC TGG TCT TAC GGA GGC TTC CTC TCC CTC ATG GGG CTC ATC TAT AAG CCT CAC GTC TTC AAG GTT GCT ATC GCC GGG GCC CCC GTC ACG GTC TGG ATG GCA TAT GAT ACT GGA TAC ACA GAA CGG TAC ATG GAT GTC CCC GAA AAC AAC CAG CAC GGC TAT GAA GCG GGC TCA GTG GCA CTG CAT GTA GAG AAA CTC CCC AAC GAG CCC AAT CGC TTG CTG ATC CTC CAT GGG TTT CTG GAT GAA AAT GTG CAC TTT TTC CAT ACC AAT TTC CTG ATC TCC CAG CTA ATC CGG GCT GGG AAA CCT TAT CAG CTA CAG GCG GGT GAA AAC ATG CCT CCT CTC TTC ATG ACA ACG ATG ACG TGG ATG GTC TTC CTG AGA ACT TTC TCT AGC GCA CTG GAT CCG GCC CTG GAG GGA GCT TGG AAA CTG GAG GGT TTG CTG TTC TAC GTA GGG GAG AGG GAG GAA 



Printing out site pattern counts


         2        486  P

SEQ1                            AAA AAA AAC AAC AAC AAG AAG AAG AAT AAT AAT ACA ACA ACA ACC ACC ACC ACG ACG ACT ACT ACT ACT ACT ACT AGA AGA AGA AGC AGG AGG AGT AGT AGT ATA ATC ATC ATG ATG ATT ATT ATT CAA CAA CAA CAA CAC CAC CAG CAG CAT CAT CAT CAT CCA CCA CCA CCC CCC CCG CCG CCT CCT CGA CGC CGC CGG CGG CGG CGT CTA CTA CTC CTC CTC CTC CTG CTG CTG CTG CTG CTG CTG CTT CTT CTT GAA GAA GAC GAC GAG GAG GAG GAT GAT GAT GCA GCA GCC GCC GCG GCG GCG GCG GCT GCT GGA GGA GGC GGC GGG GGG GGT GGT GGT GTA GTA GTC GTC GTG GTG GTG GTG GTG GTG GTT GTT GTT GTT TAC TAC TAC TAC TAT TAT TCA TCA TCC TCC TCC TCG TCT TCT TCT TGC TGC TGG TGG TGT TGT TGT TGT TTA TTA TTC TTC TTC TTG TTG TTG TTT TTT 
SEQ2                            ... C.G ... ..T G.. ... C.. G.. ..C ... G.. ... ..G C.. ... ..G G.. ..A ... ..C ..G ... .T. G.. T.. ... ..C ..G ... ... C.. ..C ... GAG ... ... G.. .C. ... ..C ... G.. ... ..G .G. TTG ... ..T ... .G. ..A ..C ... T.. ... ..C ..G ... ..T ..A ... ..C ... ..G ... ..T A.. ..A ... ..C ... ..G .A. ... ..G ..T A.. .CA .C. ..A ... ..T T.. .C. ..C ... ... ..G ... ..T ..A ..C ... ..C ..G ... ... ..G ... .G. A.A ..A ... .G. ..C ... .A. ... ... ..G .AA ... ..A ..G ... ... ..G ... ..T A.. .CA .CC .C. ..A ... .GG ..C ..G ... ... ..T .GT .T. ..C ... ... ..G G.. ... ..T ... ..C ..G ... C.. ... C.. ... GTA .AC .A. ... ... ..G .A. ... ..T .CA .C. ... ..C ... 

   20    1   15    2    1   28    2    1    4    6    1    7    6    1   11
    1    2    2    3    2    1    6    1    1    1    5    1    1   21    9
    2    2    8    1    2   23    4    1   24    1    8    1    4    1    1
    1   13    3   28    1    1    3   12    1    5    1    3   18    1    2
    2    3   17    2    4    1    1    1   14    1    6    1    1   22    3
    1    1    1    1    2   25    1    1    1    1    5   27    2   18    2
    2    1   44    3    1   11    5    5   13    1    1    2    2    1    3
   13    1   11   20    2    1   16    1    1    7    4    2   15    2    1
    1    1    1    1   24    1    1    1    5   23    1    1    1    3   10
    7    3    1   12    4    2    2    1    3    1   10    1   18    1    1
    1    4    3    1    1   32    2    1    1    7    2   15

YN00 paml/jobs/LOCW_00021385__LOC_00019083/LOCW_00021385__LOC_00019083.phy

ns =   2	ls = 911

Codon position x base (3x4) table for each sequence.

SEQ1                
position  1:    T:0.19319    C:0.23930    A:0.26345    G:0.30406
position  2:    T:0.28760    C:0.19539    A:0.32931    G:0.18771
position  3:    T:0.19759    C:0.33919    A:0.15368    G:0.30955

SEQ2                
position  1:    T:0.19319    C:0.24259    A:0.24698    G:0.31723
position  2:    T:0.27881    C:0.20198    A:0.33150    G:0.18771
position  3:    T:0.17453    C:0.35016    A:0.14160    G:0.33370

Average
position  1:    T:0.19319    C:0.24094    A:0.25521    G:0.31065
position  2:    T:0.28321    C:0.19868    A:0.33041    G:0.18771
position  3:    T:0.18606    C:0.34468    A:0.14764    G:0.32162

Codon usage for each species
----------------------------------------------------------------------
Phe TTT  17  17 | Ser TCT   6   8 | Tyr TAT  13  13 | Cys TGT   7   5
    TTC  35  35 |     TCC  17  14 |     TAC  26  28 |     TGC  11  10
Leu TTA   4   3 |     TCA  10   8 | *** TAA   0   0 | *** TGA   0   0
    TTG   9  10 |     TCG   2   7 |     TAG   0   0 | Trp TGG  19  18
----------------------------------------------------------------------
Leu CTT   7   7 | Pro CCT  20  19 | His CAT  17  15 | Arg CGT   1   1
    CTC  27  23 |     CCC  19  22 |     CAC  16  17 |     CGC   5   6
    CTA   7   8 |     CCA   9   9 | Gln CAA   7   5 |     CGA   2   2
    CTG  32  29 |     CCG   4   6 |     CAG  29  32 |     CGG  16  20
----------------------------------------------------------------------
Ile ATT  10   9 | Thr ACT  12   6 | Asn AAT  11   8 | Ser AGT  11   8
    ATC  27  24 |     ACC  14  13 |     AAC  18  19 |     AGC  21  24
    ATA   2   2 |     ACA  14  10 | Lys AAA  21  20 | Arg AGA   7   5
Met ATG  25  26 |     ACG   5  12 |     AAG  31  28 |     AGG  11  11
----------------------------------------------------------------------
Val GTT   8   8 | Ala GCT  16  14 | Asp GAT  15  14 | Gly GGT   9   7
    GTC  17  20 |     GCC  14  20 |     GAC  20  23 |     GGC  22  21
    GTA   6   6 |     GCA  10   8 | Glu GAA  29  31 |     GGA  12  12
    GTG  29  27 |     GCG   6   8 |     GAG  47  49 |     GGG  17  21
----------------------------------------------------------------------


Sums
------------------------------------------------------
Phe TTT  34 | Ser TCT  14 | Tyr TAT  26 | Cys TGT  12
    TTC  70 |     TCC  31 |     TAC  54 |     TGC  21
Leu TTA   7 |     TCA  18 | *** TAA   0 | *** TGA   0
    TTG  19 |     TCG   9 |     TAG   0 | Trp TGG  37
------------------------------------------------------
Leu CTT  14 | Pro CCT  39 | His CAT  32 | Arg CGT   2
    CTC  50 |     CCC  41 |     CAC  33 |     CGC  11
    CTA  15 |     CCA  18 | Gln CAA  12 |     CGA   4
    CTG  61 |     CCG  10 |     CAG  61 |     CGG  36
------------------------------------------------------
Ile ATT  19 | Thr ACT  18 | Asn AAT  19 | Ser AGT  19
    ATC  51 |     ACC  27 |     AAC  37 |     AGC  45
    ATA   4 |     ACA  24 | Lys AAA  41 | Arg AGA  12
Met ATG  51 |     ACG  17 |     AAG  59 |     AGG  22
------------------------------------------------------
Val GTT  16 | Ala GCT  30 | Asp GAT  29 | Gly GGT  16
    GTC  37 |     GCC  34 |     GAC  43 |     GGC  43
    GTA  12 |     GCA  18 | Glu GAA  60 |     GGA  24
    GTG  56 |     GCG  14 |     GAG  96 |     GGG  38
------------------------------------------------------



(A) Nei-Gojobori (1986) method



Nei & Gojobori 1986. dN/dS (dN, dS)
(Note: This matrix is not used in later ML. analysis.
Use runmode = -2 for ML pairwise comparison.)

SEQ1                
SEQ2                 0.1230 (0.0271 0.2201)


(B) Yang & Nielsen (2000) method

Yang Z, Nielsen R (2000) Estimating synonymous and nonsynonymous substitution rates under realistic evolutionary models. Mol. Biol. Evol. 17:32-43

(equal weighting of pathways)

seq. seq.     S       N        t   kappa   omega     dN +- SE    dS +- SE

   2    1   734.1  1998.9   0.2163  5.5603  0.1505 0.0287 +- 0.0039  0.1904 +- 0.0190


(C) LWL85, LPB93 & LWLm methods

Li W.-H., C.-I. Wu, Luo (1985) A new method for estimating synonymous and nonsynonymous rates of nucleotide substitutions considering the relative likelihood of nucleotide and codon changes. Mol. Biol. Evol. 2: 150-174.
Li W-H (1993) Unbiased estimation of the rates of synonymous and nonsynonymous substitution. J. Mol. Evol. 36:96-99
Pamilo P, Bianchi NO (1993) Evolution of the Zfx and Zfy genes - rates and interdependence between the genes. Mol. Biol. Evol. 10:271-281
Yang Z (2006) Computational Molecular Evolution. Oxford University Press, Oxford. Eqs. 2.12 & 2.13

2 (SEQ2) vs. 1 (SEQ1)

L(i):     1778.0     556.5     398.5  sum=   2733.0
Ns(i):   35.0000   42.0000   58.0000  sum= 135.0000
Nv(i):   15.5000    9.0000   15.5000  sum=  40.0000
A(i):     0.0202    0.0832    0.1800
B(i):     0.0088    0.0164    0.0405
LWL85:  dS =  0.2297 dN =  0.0283 w = 0.1231 S =  584.0 N = 2149.0
LWL85m: dS =  0.1573 dN =  0.0323 w = 0.2055 S =  852.8 N = 1880.2 (rho = 0.816)
LPB93:  dS =  0.1641 dN =  0.0309 w = 0.1881

