
Before deleting alignment gaps
      2   1245

SEQ1                            --- --- --- --- --- --- --- --- --- --- --- --- --- --- --- --- --- --- --- --- --- --- --- --- --- --- --- --- --- --- --- --- --- --- --- --- --- --- --- --- --- --- --- --- --- --- --- --- --- --- --- --- --- --- --- --- --- --- --- --- --- --- GGG AAG AAC CTT TAT ACA AAT GAA TAT GTA GCA ATC AAG TTG GAA CCC ATT AAA TCC AGA GCT CCT CAG CTC CAC CTG GAG TAT CGG TTC TAC AAA CAG CTT GGC AAT GCA GAA GGG ATC CCT CAG GTC TAC TAC TTT GGT CCA TGT GGG AAG TAC AAC GCC ATG GTC TTG GAG CTG CTG GGC CCC AGC CTG GAA GAC CTC TTC GAC CTG TGC GAC CGG ACG TTC TCC CTC AAG ACG GTC CTC ATG ATC GCC ATC CAG CTG ATC ACG CGG ATG GAG TAC GTG CAC ACC AAA AGC CTG ATC TAC AGA GAT GTG AAA CCC GAG AAT TTC CTG GTG GGG CGG CCC GGA AGC AAA CAG CAG CAC ACA ATC CAC ATC ATC GAC TTC GGC CTG GCC AAA GAG TAC ATT GAC CCG GAG ACC AAA AAA CAC ATC CCG TAC CGA GAG CAC AAA AGC CTG ACA GGG ACA GCA CGG TAC ATG AGC ATC AAC ACT CAC CTG GGC AAA GAA CAA AGC CGC AGA GAT GAC CTG GAA GCA TTA GGT CAT ATG TTC ATG TAT TTT CTC CGA GGA AGT CTG CCC TGG CAA GGT CTC AAG GCG GAC ACA CTG AAG GAG CGG TAT CAG AAA ATT GGG GAC ACT AAA AGA GCC ACA CCA GTC GAA GTG CTA TGT GAA AAC TTT CCC GAG GAG ATG GCC ACA TAC CTC CGC TAC GTG CGT CGT CTG GAT TTC TTT GAG AAG CCA GAC TAT GAC TAC CTG CGG AAG CTC TTC ACT GAC CTG TTT GAC CGG AAC GGC TAT GTC TTC GAT TAC GAA TAC GAC TGG GCC GGG AAG CCC TTA CCG ACC CCG ATT GGC ACA ATC CAG AGC GAC GTA CAA GTC CAG CCT CCG AAC CGG GAG AAA CCA CAG CAG TAT GTC AAA TAT CAA GTC ATG AGT TCT ACC AAC GGA GAA CTG AAC ACA GAC GAT CCC ACC GCC GGC CAC TCG AAC GCC CCC ATC ACT GCC CCT GCT GAG GTC GAA GTG GCA GAC GAC ACC AAG TGC TGC TGT TTC TTC AAA AGG AGG AAG AGG AAA GCC ATG CAG CGT CAC AAG 
SEQ2                            ATG GAT TTT GAT AAG AGA GGA GGG AAA GGG GAG AAC GAA GAA GGC AGA AGG ATG TCT AAA ACA GGT GGA ATC AAG AAC ACG CAC GGA AGC CGA ACA ACA GGG ACC AAC TCT GGA GTC TTA ATG GTG GGC CCG AAT TTT CGA GTC GGG AAG AAG ATC GGA TGT GGG AAC TTC GGG GAA CTT CGG CTT GGG AAG AAC CTT TAT ACG AAC GAA TAT GTA GCA ATC AAG TTG GAA CCT ATC AAA TCC AGA GCT CCT CAA CTC CAC CTG GAG TAT CGG TTC TAC AAA CAG CTT GGC AAT GCA GAA GGG ATC CCT CAG GTC TAC TAC TTT GGT CCA TGT GGG AAG TAC AAC GCC ATG GTC TTG GAG CTG CTG GGC CCC AGC CTG GAA GAC CTC TTC GAC CTG TGC GAC CGG ACG TTC TCC CTC AAG ACG GTC CTC ATG ATC GCC ATC CAG CTG ATC ACA CGG ATG GAG TAC GTG CAC ACC AAA AGC CTG ATC TAC AGA GAT GTG AAA CCC GAG AAT TTC CTG GTG GGG CGG CCC GGA AGC AAA CAC CAG CAC ACG ATC CAC ATC ATC GAC TTC GGC CTG GCC AAA GAG TAC ATT GAC CCG GAG ACC AAA AAA CAC ATC CCG TAC CGA GAG CAC AAA AGC CTG ACG GGG ACA GCA CGG TAC ATG AGC ATC AAC ACT CAC CTG GGC AAA GAA CAA AGC CGC AGA GAT GAT CTG GAA GCC TTA GGT CAT ATG TTC ATG TAT TTT CTC CGA GGA AGT CTG CCC TGG CAA GGT CTC AAG GCG GAC ACA CTG AAG GAG CGG TAT CAG AAA ATC GGG GAC ACC AAA AGA GCC ACG CCA GTC GAA GTG CTA TGT GAA AAC TTT CCT GAG GAG ATG GCC ACA TAC CTC CGC TAC GTG CGT CGT CTG GAT TTC TTT GAG AAG CCA GAC TAT GAC TAT CTG CGG AAG CTC TTC ACT GAC CTG TTT GAC CGG AAC GGC TAT GTC TTC GAT TAC GAA TAC GAC TGG GCC GGG AAG CCC TTA CCG ACC CCG ATT GGC ACA ATC CAG AGC GAC GTA CAA GTC CAG CCC CCG AAC CGG GAG AAA CCA CAG CAG TAT GTT AAA CAT CAA GTC ATG AGT TCT ACC AAC GGA GAA CTG AAC ACA GAC GAT CCC ACC GCC GGC CAC TCG AAC GCC CCC ATC ACT GCC CCT GCC GAG GTC GAA GTG GCA GAC GAC ACC AAG TGC TGC TGT TTC TTC AAA AGG AGG AAG AGG AAA GCC ATG CAG CGT CAC AAG 



After deleting gaps. 1059 sites
      2   1059

SEQ1                            GGG AAG AAC CTT TAT ACA AAT GAA TAT GTA GCA ATC AAG TTG GAA CCC ATT AAA TCC AGA GCT CCT CAG CTC CAC CTG GAG TAT CGG TTC TAC AAA CAG CTT GGC AAT GCA GAA GGG ATC CCT CAG GTC TAC TAC TTT GGT CCA TGT GGG AAG TAC AAC GCC ATG GTC TTG GAG CTG CTG GGC CCC AGC CTG GAA GAC CTC TTC GAC CTG TGC GAC CGG ACG TTC TCC CTC AAG ACG GTC CTC ATG ATC GCC ATC CAG CTG ATC ACG CGG ATG GAG TAC GTG CAC ACC AAA AGC CTG ATC TAC AGA GAT GTG AAA CCC GAG AAT TTC CTG GTG GGG CGG CCC GGA AGC AAA CAG CAG CAC ACA ATC CAC ATC ATC GAC TTC GGC CTG GCC AAA GAG TAC ATT GAC CCG GAG ACC AAA AAA CAC ATC CCG TAC CGA GAG CAC AAA AGC CTG ACA GGG ACA GCA CGG TAC ATG AGC ATC AAC ACT CAC CTG GGC AAA GAA CAA AGC CGC AGA GAT GAC CTG GAA GCA TTA GGT CAT ATG TTC ATG TAT TTT CTC CGA GGA AGT CTG CCC TGG CAA GGT CTC AAG GCG GAC ACA CTG AAG GAG CGG TAT CAG AAA ATT GGG GAC ACT AAA AGA GCC ACA CCA GTC GAA GTG CTA TGT GAA AAC TTT CCC GAG GAG ATG GCC ACA TAC CTC CGC TAC GTG CGT CGT CTG GAT TTC TTT GAG AAG CCA GAC TAT GAC TAC CTG CGG AAG CTC TTC ACT GAC CTG TTT GAC CGG AAC GGC TAT GTC TTC GAT TAC GAA TAC GAC TGG GCC GGG AAG CCC TTA CCG ACC CCG ATT GGC ACA ATC CAG AGC GAC GTA CAA GTC CAG CCT CCG AAC CGG GAG AAA CCA CAG CAG TAT GTC AAA TAT CAA GTC ATG AGT TCT ACC AAC GGA GAA CTG AAC ACA GAC GAT CCC ACC GCC GGC CAC TCG AAC GCC CCC ATC ACT GCC CCT GCT GAG GTC GAA GTG GCA GAC GAC ACC AAG TGC TGC TGT TTC TTC AAA AGG AGG AAG AGG AAA GCC ATG CAG CGT CAC AAG 
SEQ2                            GGG AAG AAC CTT TAT ACG AAC GAA TAT GTA GCA ATC AAG TTG GAA CCT ATC AAA TCC AGA GCT CCT CAA CTC CAC CTG GAG TAT CGG TTC TAC AAA CAG CTT GGC AAT GCA GAA GGG ATC CCT CAG GTC TAC TAC TTT GGT CCA TGT GGG AAG TAC AAC GCC ATG GTC TTG GAG CTG CTG GGC CCC AGC CTG GAA GAC CTC TTC GAC CTG TGC GAC CGG ACG TTC TCC CTC AAG ACG GTC CTC ATG ATC GCC ATC CAG CTG ATC ACA CGG ATG GAG TAC GTG CAC ACC AAA AGC CTG ATC TAC AGA GAT GTG AAA CCC GAG AAT TTC CTG GTG GGG CGG CCC GGA AGC AAA CAC CAG CAC ACG ATC CAC ATC ATC GAC TTC GGC CTG GCC AAA GAG TAC ATT GAC CCG GAG ACC AAA AAA CAC ATC CCG TAC CGA GAG CAC AAA AGC CTG ACG GGG ACA GCA CGG TAC ATG AGC ATC AAC ACT CAC CTG GGC AAA GAA CAA AGC CGC AGA GAT GAT CTG GAA GCC TTA GGT CAT ATG TTC ATG TAT TTT CTC CGA GGA AGT CTG CCC TGG CAA GGT CTC AAG GCG GAC ACA CTG AAG GAG CGG TAT CAG AAA ATC GGG GAC ACC AAA AGA GCC ACG CCA GTC GAA GTG CTA TGT GAA AAC TTT CCT GAG GAG ATG GCC ACA TAC CTC CGC TAC GTG CGT CGT CTG GAT TTC TTT GAG AAG CCA GAC TAT GAC TAT CTG CGG AAG CTC TTC ACT GAC CTG TTT GAC CGG AAC GGC TAT GTC TTC GAT TAC GAA TAC GAC TGG GCC GGG AAG CCC TTA CCG ACC CCG ATT GGC ACA ATC CAG AGC GAC GTA CAA GTC CAG CCC CCG AAC CGG GAG AAA CCA CAG CAG TAT GTT AAA CAT CAA GTC ATG AGT TCT ACC AAC GGA GAA CTG AAC ACA GAC GAT CCC ACC GCC GGC CAC TCG AAC GCC CCC ATC ACT GCC CCT GCC GAG GTC GAA GTG GCA GAC GAC ACC AAG TGC TGC TGT TTC TTC AAA AGG AGG AAG AGG AAA GCC ATG CAG CGT CAC AAG 



Printing out site pattern counts


         2        219  P

SEQ1                            AAA AAC AAG AAT AAT ACA ACA ACC ACG ACG ACT ACT AGA AGC AGG AGT ATC ATG ATT ATT CAA CAC CAG CAG CAG CAT CCA CCC CCC CCG CCT CCT CGA CGC CGG CGT CTA CTC CTG CTT GAA GAC GAC GAG GAT GCA GCA GCC GCG GCT GCT GGA GGC GGG GGT GTA GTC GTC GTG TAC TAC TAT TAT TCC TCG TCT TGC TGG TGT TTA TTC TTG TTT 
SEQ2                            ... ... ... ..C ... ... ..G ... ..A ... ..C ... ... ... ... ... ... ... ..C ... ... ... ..A ..C ... ... ... ... ..T ... ..C ... ... ... ... ... ... ... ... ... ... ... ..T ... ... ... ..C ... ... ..C ... ... ... ... ... ... ... ..T ... ... ..T C.. ... ... ... ... ... ... ... ... ... ... ... 

   16    9   12    1    2    5    4    6    1    2    1    3    4    7    3
    2   13    9    2    2    4    9    1    1   10    1    4    7    2    5
    1    3    2    2    9    3    1    8   18    2   11   16    1   13    5
    4    1   10    1    1    1    3    7    7    3    2    8    1    6   13
    1    1    8    2    1    1    3    2    3    2   11    2    5

YN00 paml/jobs/LOC_00019162__LOCZ_00019162/LOC_00019162__LOCZ_00019162.phy

ns =   2	ls = 353

Codon position x base (3x4) table for each sequence.

SEQ1                
position  1:    T:0.15581    C:0.26346    A:0.29462    G:0.28612
position  2:    T:0.26062    C:0.18697    A:0.38244    G:0.16997
position  3:    T:0.14448    C:0.38527    A:0.17847    G:0.29178

SEQ2                
position  1:    T:0.15297    C:0.26629    A:0.29462    G:0.28612
position  2:    T:0.26062    C:0.18697    A:0.38244    G:0.16997
position  3:    T:0.14164    C:0.39377    A:0.16997    G:0.29462

Average
position  1:    T:0.15439    C:0.26487    A:0.29462    G:0.28612
position  2:    T:0.26062    C:0.18697    A:0.38244    G:0.16997
position  3:    T:0.14306    C:0.38952    A:0.17422    G:0.29320

Codon usage for each species
----------------------------------------------------------------------
Phe TTT   5   5 | Ser TCT   1   1 | Tyr TAT   9   9 | Cys TGT   3   3
    TTC  11  11 |     TCC   2   2 |     TAC  14  13 |     TGC   3   3
Leu TTA   2   2 |     TCA   0   0 | *** TAA   0   0 | *** TGA   0   0
    TTG   2   2 |     TCG   1   1 |     TAG   0   0 | Trp TGG   2   2
----------------------------------------------------------------------
Leu CTT   2   2 | Pro CCT   4   5 | His CAT   1   2 | Arg CGT   3   3
    CTC   8   8 |     CCC   9   8 |     CAC   9  10 |     CGC   2   2
    CTA   1   1 |     CCA   4   4 | Gln CAA   4   5 |     CGA   2   2
    CTG  18  18 |     CCG   5   5 |     CAG  12  10 |     CGG   9   9
----------------------------------------------------------------------
Ile ATT   4   2 | Thr ACT   4   3 | Asn AAT   3   2 | Ser AGT   2   2
    ATC  13  15 |     ACC   6   7 |     AAC   9  10 |     AGC   7   7
    ATA   0   0 |     ACA   9   6 | Lys AAA  16  16 | Arg AGA   4   4
Met ATG   9   9 |     ACG   3   6 |     AAG  12  12 |     AGG   3   3
----------------------------------------------------------------------
Val GTT   0   1 | Ala GCT   2   1 | Asp GAT   5   6 | Gly GGT   3   3
    GTC   9   8 |     GCC  10  12 |     GAC  17  16 |     GGC   7   7
    GTA   2   2 |     GCA   5   4 | Glu GAA  11  11 |     GGA   3   3
    GTG   6   6 |     GCG   1   1 |     GAG  13  13 |     GGG   7   7
----------------------------------------------------------------------


Sums
------------------------------------------------------
Phe TTT  10 | Ser TCT   2 | Tyr TAT  18 | Cys TGT   6
    TTC  22 |     TCC   4 |     TAC  27 |     TGC   6
Leu TTA   4 |     TCA   0 | *** TAA   0 | *** TGA   0
    TTG   4 |     TCG   2 |     TAG   0 | Trp TGG   4
------------------------------------------------------
Leu CTT   4 | Pro CCT   9 | His CAT   3 | Arg CGT   6
    CTC  16 |     CCC  17 |     CAC  19 |     CGC   4
    CTA   2 |     CCA   8 | Gln CAA   9 |     CGA   4
    CTG  36 |     CCG  10 |     CAG  22 |     CGG  18
------------------------------------------------------
Ile ATT   6 | Thr ACT   7 | Asn AAT   5 | Ser AGT   4
    ATC  28 |     ACC  13 |     AAC  19 |     AGC  14
    ATA   0 |     ACA  15 | Lys AAA  32 | Arg AGA   8
Met ATG  18 |     ACG   9 |     AAG  24 |     AGG   6
------------------------------------------------------
Val GTT   1 | Ala GCT   3 | Asp GAT  11 | Gly GGT   6
    GTC  17 |     GCC  22 |     GAC  33 |     GGC  14
    GTA   4 |     GCA   9 | Glu GAA  22 |     GGA   6
    GTG  12 |     GCG   2 |     GAG  26 |     GGG  14
------------------------------------------------------



(A) Nei-Gojobori (1986) method



Nei & Gojobori 1986. dN/dS (dN, dS)
(Note: This matrix is not used in later ML. analysis.
Use runmode = -2 for ML pairwise comparison.)

SEQ1                
SEQ2                 0.0314 (0.0025 0.0781)


(B) Yang & Nielsen (2000) method

Yang Z, Nielsen R (2000) Estimating synonymous and nonsynonymous substitution rates under realistic evolutionary models. Mol. Biol. Evol. 17:32-43

(equal weighting of pathways)

seq. seq.     S       N        t   kappa   omega     dN +- SE    dS +- SE

   2    1   311.0   748.0   0.0597 29.5051  0.0437 0.0027 +- 0.0019  0.0613 +- 0.0149


(C) LWL85, LPB93 & LWLm methods

Li W.-H., C.-I. Wu, Luo (1985) A new method for estimating synonymous and nonsynonymous rates of nucleotide substitutions considering the relative likelihood of nucleotide and codon changes. Mol. Biol. Evol. 2: 150-174.
Li W-H (1993) Unbiased estimation of the rates of synonymous and nonsynonymous substitution. J. Mol. Evol. 36:96-99
Pamilo P, Bianchi NO (1993) Evolution of the Zfx and Zfy genes - rates and interdependence between the genes. Mol. Biol. Evol. 10:271-281
Yang Z (2006) Computational Molecular Evolution. Oxford University Press, Oxford. Eqs. 2.12 & 2.13

2 (SEQ2) vs. 1 (SEQ1)

L(i):      676.0     235.0     148.0  sum=   1059.0
Ns(i):    1.0000    6.0000   11.0000  sum=  18.0000
Nv(i):    0.0000    1.0000    1.0000  sum=   2.0000
A(i):     0.0015    0.0263    0.0810
B(i):    -0.0000    0.0043    0.0068
LWL85:  dS =  0.0848 dN =  0.0024 w = 0.0284 S =  226.3 N =  832.7
LWL85m: dS =  0.0526 dN =  0.0029 w = 0.0549 S =  364.8 N =  694.2 (rho = 0.923)
LPB93:  dS =  0.0543 dN =  0.0026 w = 0.0476

