
Before deleting alignment gaps
      2    744

SEQ1                            AGC CCC GTC ATC TCC TGT ACC AGA GAT GTG ACC TCA GGT TCC AAC GTG GTC CTT TCC TGC AAC ATC AGT GAG CCA CCA ATG GTC ATC AGA GAC AGT TAC TGG ATG AAG GGG GAG ATG AAG CTG GAA TCG AAA AAG TCA TCT TCA GAG TTC ACC TCG TAC CTG ATC CCA CAA GTG GAT CAT GAA ACC TCA GGG GAG TAC CAT TGC ATC TTC AAC CCT ACT CCC ATC TTG AGA GGG ACC GTG TAT GTG AAA GTT AAG CCA CAT GTG ATT GCC TAC AAG AAG TCA GAG CAC AGG AAC AAA GGT GAC ACT GCC ATG CTG ACC TGC AAG TGC AAT TCC TAC CTT CCC ATC AGC CAG NNN AAT TTG TTC AAG GTA GTT GAC CAT GTG TAC CAG CCC ATT GTC AAT AGT TCC AAG GTC TGG TTC TAC ATC AAG TCA GAG GGC AAT TGG ACA GAC CTG CAC ATC CTT GAC CTG GAT ATC GAG AAG GAC ACA GGT GAC TAC ATG TGC AAC GGC ACC AAT GAA CAG GGC AAA GGG AGT GCC ATG GTG AGC CTG CAA GTG CAC AGC CGC CTG GCA GCC CTC TGG CCT TTC CTG GGG ATC GTG GCT GAA GTG CTG GTC CTT GTT ACA ATC ATC TTC ATC TAC GAG AAG AGG AGA AAG CCC AAC AAG GTC CCT GAT GAT GAT GAT GGA GGA TCC AGA CTG CTG AAA AGC AAC ACC ACA AAT CAC AAG GAC AAG AAC ATG CAC CAG AGG AAT GCA AAC 
SEQ2                            CGC CCC GCC ATC TCC TCC ACC AGA GAC GTG ACC TCG GGC TCC AAC GTG GTC CTT TCC TGC AAC GTC AGC GAG CCG CCA TCG GTC ATC AGG GAC AGT TAC TGG ATG AAG GGC GAG ACG AAG CTG GAG TCG AAC AAG TCG TCT TCG GAG TTC ACC TCG TAC CTG ATC CCG AAG GTG GAT CAC GAG ACC TCG GGC GAG TAC CAC TGC GTG TTC AAC ACC ACG CCC GTC CTG AGG GGG ACC GTG TAC GTC AAA GTG AAG CCG CAC GTG TTT GCC TAC AAG AAG TCG GAG CAC GGG AAC GAG GGG GAC ACC GCG GTG CTC ACC TGC AAG TGC AGC TCC TAC CCG CCC GTC ACC CAG TGG AGC TGG TTC AAG GTG GTG GAC GAC GTG TAC CAG CCC ATC GTC AAC GGC TCC GAG GAC CGG TTC TTC ATC AAG GCG GGG GGC AAC CGG ACG GAC CTG CGC ATC CTG TCC CTG GAC ATC GAG AAG GAC GCG GGC GAC TAC ATG TGC AAC GGC ACC AAC GAG CAG GGC GAG GGG AGC GCC ATG GTG GGC CTG CGG GTG CGC AGC CGC CTG GCG GCC CTC TGG CCC TTC CTG GGG ATC GTG GCC GAA GTG CTG GTC CTC GTC ACC ATC ATC TTC ATC TAC GAG AAG AGG AGA AAG CCC AAC GAG GTC CCT GAT GAT GAC GAT GGA GGA TCC GCA CCA CTG AAA AGC AAT GCC ACC AAC CAC AAG GAC AAG AAC GTG CGT CAG AGG AAT GCG AAC 



After deleting gaps. 741 sites
      2    741

SEQ1                            AGC CCC GTC ATC TCC TGT ACC AGA GAT GTG ACC TCA GGT TCC AAC GTG GTC CTT TCC TGC AAC ATC AGT GAG CCA CCA ATG GTC ATC AGA GAC AGT TAC TGG ATG AAG GGG GAG ATG AAG CTG GAA TCG AAA AAG TCA TCT TCA GAG TTC ACC TCG TAC CTG ATC CCA CAA GTG GAT CAT GAA ACC TCA GGG GAG TAC CAT TGC ATC TTC AAC CCT ACT CCC ATC TTG AGA GGG ACC GTG TAT GTG AAA GTT AAG CCA CAT GTG ATT GCC TAC AAG AAG TCA GAG CAC AGG AAC AAA GGT GAC ACT GCC ATG CTG ACC TGC AAG TGC AAT TCC TAC CTT CCC ATC AGC CAG AAT TTG TTC AAG GTA GTT GAC CAT GTG TAC CAG CCC ATT GTC AAT AGT TCC AAG GTC TGG TTC TAC ATC AAG TCA GAG GGC AAT TGG ACA GAC CTG CAC ATC CTT GAC CTG GAT ATC GAG AAG GAC ACA GGT GAC TAC ATG TGC AAC GGC ACC AAT GAA CAG GGC AAA GGG AGT GCC ATG GTG AGC CTG CAA GTG CAC AGC CGC CTG GCA GCC CTC TGG CCT TTC CTG GGG ATC GTG GCT GAA GTG CTG GTC CTT GTT ACA ATC ATC TTC ATC TAC GAG AAG AGG AGA AAG CCC AAC AAG GTC CCT GAT GAT GAT GAT GGA GGA TCC AGA CTG CTG AAA AGC AAC ACC ACA AAT CAC AAG GAC AAG AAC ATG CAC CAG AGG AAT GCA AAC 
SEQ2                            CGC CCC GCC ATC TCC TCC ACC AGA GAC GTG ACC TCG GGC TCC AAC GTG GTC CTT TCC TGC AAC GTC AGC GAG CCG CCA TCG GTC ATC AGG GAC AGT TAC TGG ATG AAG GGC GAG ACG AAG CTG GAG TCG AAC AAG TCG TCT TCG GAG TTC ACC TCG TAC CTG ATC CCG AAG GTG GAT CAC GAG ACC TCG GGC GAG TAC CAC TGC GTG TTC AAC ACC ACG CCC GTC CTG AGG GGG ACC GTG TAC GTC AAA GTG AAG CCG CAC GTG TTT GCC TAC AAG AAG TCG GAG CAC GGG AAC GAG GGG GAC ACC GCG GTG CTC ACC TGC AAG TGC AGC TCC TAC CCG CCC GTC ACC CAG AGC TGG TTC AAG GTG GTG GAC GAC GTG TAC CAG CCC ATC GTC AAC GGC TCC GAG GAC CGG TTC TTC ATC AAG GCG GGG GGC AAC CGG ACG GAC CTG CGC ATC CTG TCC CTG GAC ATC GAG AAG GAC GCG GGC GAC TAC ATG TGC AAC GGC ACC AAC GAG CAG GGC GAG GGG AGC GCC ATG GTG GGC CTG CGG GTG CGC AGC CGC CTG GCG GCC CTC TGG CCC TTC CTG GGG ATC GTG GCC GAA GTG CTG GTC CTC GTC ACC ATC ATC TTC ATC TAC GAG AAG AGG AGA AAG CCC AAC GAG GTC CCT GAT GAT GAC GAT GGA GGA TCC GCA CCA CTG AAA AGC AAT GCC ACC AAC CAC AAG GAC AAG AAC GTG CGT CAG AGG AAT GCG AAC 



Printing out site pattern counts


         2        306  P

SEQ1                            AAA AAA AAA AAC AAC AAG AAG AAT AAT AAT ACA ACA ACA ACC ACC ACT ACT AGA AGA AGA AGC AGC AGC AGC AGG AGG AGT AGT AGT ATC ATC ATC ATG ATG ATG ATG ATT ATT CAA CAA CAC CAC CAC CAG CAT CAT CCA CCA CCC CCT CCT CCT CGC CTC CTG CTG CTG CTT CTT CTT CTT GAA GAA GAC GAC GAG GAG GAT GAT GCA GCC GCC GCT GGA GGC GGG GGG GGT GGT GTA GTC GTC GTC GTG GTG GTT GTT TAC TAC TAT TCA TCA TCC TCG TCT TGC TGG TGG TGT TTC TTG TTG 
SEQ2                            ... ..C G.G ... ..T ... G.. ..C ... .GC ..C ..G G.G ... G.. ..C ..G ... ..G GC. .C. ... C.. G.. ... G.. ..C ... G.C ... G.. G.G .C. ... G.. TC. ..C T.. A.G .GG ... .G. .GT ... ..C G.C ... ..G ... A.C ..C ... ... ... .CA ..C ... .CG ..C ..G ... ... ..G ... TC. ... .G. ..C ... ..G ... ..G ..C ... ... ..C ... ..C ..G ..G .A. .C. ... ..C ... ..C ..G ... .T. ..C G.G ..G ... ... ... ... C.. ... .CC ... C.. .G. 

    2    1    2    8    1   14    2    4    1    2    2    1    1    7    1
    1    1    2    2    1    1    2    1    1    2    1    2    1    1   10
    3    1    1    3    2    1    1    1    1    1    2    2    1    4    3
    1    1    3    5    1    1    1    1    1    1    1    9    1    1    1
    1    1    3    7    1    7    1    3    4    2    3    1    1    2    3
    2    3    2    1    1    1    1    5    1   10    1    2    8    1    1
    1    5    6    2    1    5    2    2    1    6    1    1

YN00 paml/jobs/LOC_00019306__LOCZ_00019306/LOC_00019306__LOCZ_00019306.phy

ns =   2	ls = 247

Codon position x base (3x4) table for each sequence.

SEQ1                
position  1:    T:0.17409    C:0.17814    A:0.36842    G:0.27935
position  2:    T:0.27935    C:0.19433    A:0.36032    G:0.16599
position  3:    T:0.17409    C:0.38866    A:0.14170    G:0.29555

SEQ2                
position  1:    T:0.17004    C:0.18219    A:0.29960    G:0.34818
position  2:    T:0.25506    C:0.23077    A:0.32794    G:0.18623
position  3:    T:0.04858    C:0.51012    A:0.04049    G:0.40081

Average
position  1:    T:0.17206    C:0.18016    A:0.33401    G:0.31377
position  2:    T:0.26721    C:0.21255    A:0.34413    G:0.17611
position  3:    T:0.11134    C:0.44939    A:0.09109    G:0.34818

Codon usage for each species
----------------------------------------------------------------------
Phe TTT   0   1 | Ser TCT   1   1 | Tyr TAT   1   0 | Cys TGT   1   0
    TTC   6   7 |     TCC   6   8 |     TAC   9   9 |     TGC   5   5
Leu TTA   0   0 |     TCA   6   0 | *** TAA   0   0 | *** TGA   0   0
    TTG   2   0 |     TCG   2   8 |     TAG   0   0 | Trp TGG   4   3
----------------------------------------------------------------------
Leu CTT   4   1 | Pro CCT   3   1 | His CAT   4   0 | Arg CGT   0   1
    CTC   1   3 |     CCC   5   6 |     CAC   5   5 |     CGC   1   4
    CTA   0   0 |     CCA   4   2 | Gln CAA   2   0 |     CGA   0   0
    CTG  11  11 |     CCG   0   4 |     CAG   4   4 |     CGG   0   3
----------------------------------------------------------------------
Ile ATT   2   0 | Thr ACT   2   0 | Asn AAT   7   2 | Ser AGT   4   1
    ATC  14  11 |     ACC   8  12 |     AAC   9  13 |     AGC   5   6
    ATA   0   0 |     ACA   4   0 | Lys AAA   5   2 | Arg AGA   5   2
Met ATG   7   3 |     ACG   0   3 |     AAG  16  15 |     AGG   3   4
----------------------------------------------------------------------
Val GTT   3   0 | Ala GCT   1   0 | Asp GAT   7   4 | Gly GGT   3   0
    GTC   7  10 |     GCC   4   6 |     GAC   8  12 |     GGC   3   9
    GTA   1   0 |     GCA   2   1 | Glu GAA   4   1 |     GGA   2   2
    GTG  11  16 |     GCG   0   5 |     GAG   8  14 |     GGG   5   6
----------------------------------------------------------------------


Sums
------------------------------------------------------
Phe TTT   1 | Ser TCT   2 | Tyr TAT   1 | Cys TGT   1
    TTC  13 |     TCC  14 |     TAC  18 |     TGC  10
Leu TTA   0 |     TCA   6 | *** TAA   0 | *** TGA   0
    TTG   2 |     TCG  10 |     TAG   0 | Trp TGG   7
------------------------------------------------------
Leu CTT   5 | Pro CCT   4 | His CAT   4 | Arg CGT   1
    CTC   4 |     CCC  11 |     CAC  10 |     CGC   5
    CTA   0 |     CCA   6 | Gln CAA   2 |     CGA   0
    CTG  22 |     CCG   4 |     CAG   8 |     CGG   3
------------------------------------------------------
Ile ATT   2 | Thr ACT   2 | Asn AAT   9 | Ser AGT   5
    ATC  25 |     ACC  20 |     AAC  22 |     AGC  11
    ATA   0 |     ACA   4 | Lys AAA   7 | Arg AGA   7
Met ATG  10 |     ACG   3 |     AAG  31 |     AGG   7
------------------------------------------------------
Val GTT   3 | Ala GCT   1 | Asp GAT  11 | Gly GGT   3
    GTC  17 |     GCC  10 |     GAC  20 |     GGC  12
    GTA   1 |     GCA   3 | Glu GAA   5 |     GGA   4
    GTG  27 |     GCG   5 |     GAG  22 |     GGG  11
------------------------------------------------------



(A) Nei-Gojobori (1986) method



Nei & Gojobori 1986. dN/dS (dN, dS)
(Note: This matrix is not used in later ML. analysis.
Use runmode = -2 for ML pairwise comparison.)

SEQ1                
SEQ2                 0.1555 (0.0865 0.5563)


(B) Yang & Nielsen (2000) method

Yang Z, Nielsen R (2000) Estimating synonymous and nonsynonymous substitution rates under realistic evolutionary models. Mol. Biol. Evol. 17:32-43

(equal weighting of pathways)

seq. seq.     S       N        t   kappa   omega     dN +- SE    dS +- SE

   2    1   136.9   604.1   0.9065  4.2416  0.0642 0.0818 +- 0.0123  1.2743 +- 0.5102


(C) LWL85, LPB93 & LWLm methods

Li W.-H., C.-I. Wu, Luo (1985) A new method for estimating synonymous and nonsynonymous rates of nucleotide substitutions considering the relative likelihood of nucleotide and codon changes. Mol. Biol. Evol. 2: 150-174.
Li W-H (1993) Unbiased estimation of the rates of synonymous and nonsynonymous substitution. J. Mol. Evol. 36:96-99
Pamilo P, Bianchi NO (1993) Evolution of the Zfx and Zfy genes - rates and interdependence between the genes. Mol. Biol. Evol. 10:271-281
Yang Z (2006) Computational Molecular Evolution. Oxford University Press, Oxford. Eqs. 2.12 & 2.13

2 (SEQ2) vs. 1 (SEQ1)

L(i):      482.0     147.5     111.5  sum=    741.0
Ns(i):   28.0000   31.0000   25.0000  sum=  84.0000
Nv(i):   15.0000    1.5000   13.5000  sum=  30.0000
A(i):     0.0636    0.2764    0.3521
B(i):     0.0321    0.0103    0.1386
LWL85:  dS =  0.5943 dN =  0.0821 w = 0.1382 S =  160.7 N =  580.3
LWL85m: dS =  0.4393 dN =  0.0910 w = 0.2072 S =  217.3 N =  523.7 (rho = 0.717)
LPB93:  dS =  0.4476 dN =  0.0906 w = 0.2025

