      2   1602

SEQ1                            ATG AAC AGC TGC AAA TAC AAC GGA GGC GTC ATC CGA CCG CTC AGC AGC CTG AGC GCC TCC TCC CAC CGC AAC CTG CAC GAG CTG GAT GCT GAG ACC CAG CCA CTG CAG ACC TTC CAT GAC TCC GGC TTG GAG GTG GTC ATC TCC AAG TCC GAG CAC AGC AAG ACC TCC GAC CCC CGG CTG GAC GAG GAC TCC GAG CGC CGC TCC CAC AGC CAC AAG AAA AAC CAA AAC GTT GGC TAC CGG CTG GGC CAC CGG CGG GCC CTC TTC GAG AAG CGG AAG CGG CTG AGC GAC TAT GCC TTG ATC TTC GGC ATG TTT GGC ATC GTG GTC ATG GTG ACG GAG ACC GAG CTT TCT TGG GGT ATC TAC ACG AAG GAG TCT TCA TAT TCA TTT GCT CTG AAA TGC CTT ATC AGC CTT TCC ACC ATG ATT CTC CTG GGG CTC ATC ATC ATG TAC CAC GCG AGA GAG ATC CAG CTC TTC ATG GTG GAC AAT GGT GCC GAC GAC TGG CGG ATT GCG ATG ACG TAC GAG CGG ATT TTC TTC ATC ACC CTG GAG CTG GTC GTC TGC GCC ATC CAC CCC ATC CCA GGA CAG TAT GTC TTC ACC TGG ACC ACC CGC CTG GCC TTC ACC TAT GCT ACC TCG GAG GCC AAC ACG GAC GTG GAC ATC ATT CTC TCC ATC CCC ATG TTC CTC CGG CTC TAC CTG ATC GGG CGG GTC ATG CTC CTC CAC AGC AAG CTC TTC ACT GAC GCC TCT TCC CGC AGC ATC GGC GCC CTC AAC AAG ATC AAC TTC AAC ACT CGC TTT GTC ATG AAG ACC CTC ATG ACC ATT TGC CCT GGG ACC GTC CTC CTC GTC TTC AGC ATC TCC TCC TGG ATC ATC GCA GCC TGG ACC GTG CGC GTG TGC GAG AGG TAC CAT GAC AAG CAG GAC GTG ACC AGC AAC TTC CTG GGG GCC ATG TGG CTC ATA TCC ATC ACG TTT CTC TCC ATC GGC TAC GGG GAC ATG GTG CCA CAC ACC TAC TGC GGG AAA GGG GTC TGC TTG CTC ACT GGG ATT ATG GGT GCA GGG TGT ACG GCC TTA GTG GTT GCT GTC GTG GCC CGC AAG CTC GAA CTC ACC AAA GCT GAG AAA CAC GTC CAT AAC TTC ATG ATG GAT ACG CAG CTC ACA AAG CGG GTG AAA AAT TCT GCA GCC AAC GTA CTC AGG GAA ACG TGG CTC ATT TAC AAG CAC ACC AAG CTG GTG AAG AAG ATC GAC CAT GCC AAA GTG CGG AAA CAC CAG CGT AAG TTC CTT CAA GCC ATC CAT CAG TTG AGG AGC GTC AAA ATG GAG CAG AGG AAG CTG AGC GAC CAG GCC AAC ACG CTG GTG GAT TTG TCA AAG ACG CAG AAC ATC ATG TAC GAC ATG GTT TCG GAA CTG CAG GAG CGC AAC GAG GAC CTG GAG AAG CGC ATC AGT GCC CTA GAG GGC AAG ATC GAC ACA CTC GGG CTC ACG CTC CAC GCC CTG CCC AGC CTC GTC AGC CGA GCC ATC CGC CAG CAG CAG CGG GCC CTG GCC CGG GCT TGC GGC ACC TCC AGC AGC TCG GAG CGC TCC TTG TGG ACT CCC ACC CGG CGG CGG AAG GCT CCC TCC ACC GCC CCC CCC ACA TCC TCG GAC AGC GGG 
SEQ2                            ATG AAC AGC TGC AAA TAC AAC GGA GGC GTC ATC CGA CCG CTC AGC AGC CTG AGC GCC TCC TCC CAC CGC AAC CTG CAC GAG CTG GAT GCT GAG ACC CAG CCA CTG CAG ACC TTC CAT GAC TCC GGC TTG GAG GTG GTC ATC TCC AAG TCC GAG CAC AGC AAG ACC TCC GAC CCC CGG CTG GAC GAG GAC TCC GAG CGC CGC TCC CAC AGC CAC AAG AAA AAC CAA AAC GTT GGC TAC CGG CTG GGC CAC CGG CGG GCC CTC TTC GAG AAG CGG AAG CGG CTG AGC GAC TAT GCC TTG ATC TTC GGC ATG TTT GGC ATC GTG GTC ATG GTG ACG GAG ACC GAG CTT TCT TGG GGT ATC TAC ACG AAG GAG TCT TCA TAT TCA TTT GCT CTG AAA TGC CTT ATC AGC CTT TCC ACC ATG ATT CTC CTG GGG CTC ATC ATC ATG TAC CAC GCG AGA GAG ATC CAG CTC TTC ATG GTG GAC AAT GGT GCC GAC GAC TGG CGG ATT GCG ATG ACG TAC GAG CGG ATT TTC TTC ATC ACC CTG GAG CTG GTC GTC TGC GCC ATC CAC CCC ATC CCA GGA CAG TAT GTC TTC ACC TGG ACC ACC CGC CTG GCC TTC ACC TAT GCT ACC TCG GAG GCC AAC ACG GAC GTG GAC ATC ATT CTC TCC ATC CCC ATG TTC CTC CGG CTC TAC CTG ATC GGG CGG GTC ATG CTC CTC CAC AGC AAG CTC TTC ACT GAC GCC TCT TCC CGC AGC ATC GGC GCC CTC AAC AAG ATC AAC TTC AAC ACT CGC TTT GTC ATG AAG ACC CTC ATG ACC ATT TGC CCT GGG ACC GTC CTC CTC GTC TTC AGC ATC TCC TCC TGG ATC ATC GCA GCC TGG ACC GTG CGC GTG TGC GAG AGG TAC CAT GAC AAG CAG GAC GTG ACC AGC AAC TTC CTG GGG GCC ATG TGG CTC ATA TCC ATC ACG TTT CTC TCC ATC GGC TAC GGG GAC ATG GTG CCA CAC ACC TAC TGC GGG AAA GGG GTC TGC TTG CTC ACT GGG ATT ATG GGT GCA GGG TGT ACG GCC TTA GTG GTT GCT GTC GTG GCC CGC AAG CTC GAA CTC ACC AAA GCT GAG AAA CAC GTC CAT AAC TTC ATG ATG GAT ACG CAG CTC ACA AAG CGG GTG AAA AAT TCT GCA GCC AAC GTA CTC AGG GAA ACG TGG CTC ATT TAC AAG CAC ACC AAG CTG GTG AAG AAG ATC GAC CAT GCC AAA GTG CGG AAA CAC CAG CGT AAG TTC CTT CAA GCC ATC CAT CAG TTG AGG AGC GTC AAA ATG GAG CAG AGG AAG CTG AGC GAC CAG GCC AAC ACG CTG GTG GAT TTG TCA AAG ACG CAG AAC ATC ATG TAC GAC ATG GTT TCG GAA CTG CAG GAG CGC AAC GAG GAC CTG GAG AAG CGC ATC AGT GCC CTA GAG GGC AAG ATC GAC ACA CTC GGG CTC ACG CTC CAC GCC CTG CCC AGC CTC GTC AGC CGA GCC ATC CGC CAG CAG CAG CGG GCC CTG GCC CGG GCT TGC GGC ACC TCC AGC AGC TCG GAG CGC TCC TTG TGG ACT CCC ACC CGG CGG CGG AAG GCT CCC TCC ACC GCC CCC CCC ACA TCC TCG GAC AGC GGG 



Printing out site pattern counts


         2        183  P

SEQ1                            AAA AAC AAG AAT ACA ACC ACG ACT AGA AGC AGG AGT ATA ATC ATG ATT CAA CAC CAG CAT CCA CCC CCG CCT CGA CGC CGG CGT CTA CTC CTG CTT GAA GAC GAG GAT GCA GCC GCG GCT GGA GGC GGG GGT GTA GTC GTG GTT TAC TAT TCA TCC TCG TCT TGC TGG TGT TTA TTC TTG TTT 
SEQ2                            ... ... ... ... ... ... ... ... ... ... ... ... ... ... ... ... ... ... ... ... ... ... ... ... ... ... ... ... ... ... ... ... ... ... ... ... ... ... ... ... ... ... ... ... ... ... ... ... ... ... ... ... ... ... ... ... ... ... ... ... ... 

   10   15   22    2    3   22   11    4    1   19    4    1    1   28   19
    7    2   14   15    5    3    8    1    1    2   12   17    1    1   27
   21    4    3   20   22    3    3   23    2    7    2   10   11    3    1
   15   15    3   11    4    3   19    4    4    8    8    1    1   15    6
    4

YN00 paml/jobs/LOCW_00021270__LOC_00019045/LOCW_00021270__LOC_00019045.phy

ns =   2	ls = 534

Codon position x base (3x4) table for each sequence.

SEQ1                
position  1:    T:0.16479    C:0.25094    A:0.31648    G:0.26779
position  2:    T:0.31461    C:0.22097    A:0.27715    G:0.18727
position  3:    T:0.10112    C:0.49813    A:0.06742    G:0.33333

SEQ2                
position  1:    T:0.16479    C:0.25094    A:0.31648    G:0.26779
position  2:    T:0.31461    C:0.22097    A:0.27715    G:0.18727
position  3:    T:0.10112    C:0.49813    A:0.06742    G:0.33333

Average
position  1:    T:0.16479    C:0.25094    A:0.31648    G:0.26779
position  2:    T:0.31461    C:0.22097    A:0.27715    G:0.18727
position  3:    T:0.10112    C:0.49813    A:0.06742    G:0.33333

Codon usage for each species
----------------------------------------------------------------------
Phe TTT   4   4 | Ser TCT   4   4 | Tyr TAT   4   4 | Cys TGT   1   1
    TTC  15  15 |     TCC  19  19 |     TAC  11  11 |     TGC   8   8
Leu TTA   1   1 |     TCA   3   3 | *** TAA   0   0 | *** TGA   0   0
    TTG   6   6 |     TCG   4   4 |     TAG   0   0 | Trp TGG   8   8
----------------------------------------------------------------------
Leu CTT   4   4 | Pro CCT   1   1 | His CAT   5   5 | Arg CGT   1   1
    CTC  27  27 |     CCC   8   8 |     CAC  14  14 |     CGC  12  12
    CTA   1   1 |     CCA   3   3 | Gln CAA   2   2 |     CGA   2   2
    CTG  21  21 |     CCG   1   1 |     CAG  15  15 |     CGG  17  17
----------------------------------------------------------------------
Ile ATT   7   7 | Thr ACT   4   4 | Asn AAT   2   2 | Ser AGT   1   1
    ATC  28  28 |     ACC  22  22 |     AAC  15  15 |     AGC  19  19
    ATA   1   1 |     ACA   3   3 | Lys AAA  10  10 | Arg AGA   1   1
Met ATG  19  19 |     ACG  11  11 |     AAG  22  22 |     AGG   4   4
----------------------------------------------------------------------
Val GTT   3   3 | Ala GCT   7   7 | Asp GAT   3   3 | Gly GGT   3   3
    GTC  15  15 |     GCC  23  23 |     GAC  20  20 |     GGC  10  10
    GTA   1   1 |     GCA   3   3 | Glu GAA   3   3 |     GGA   2   2
    GTG  15  15 |     GCG   2   2 |     GAG  22  22 |     GGG  11  11
----------------------------------------------------------------------


Sums
------------------------------------------------------
Phe TTT   8 | Ser TCT   8 | Tyr TAT   8 | Cys TGT   2
    TTC  30 |     TCC  38 |     TAC  22 |     TGC  16
Leu TTA   2 |     TCA   6 | *** TAA   0 | *** TGA   0
    TTG  12 |     TCG   8 |     TAG   0 | Trp TGG  16
------------------------------------------------------
Leu CTT   8 | Pro CCT   2 | His CAT  10 | Arg CGT   2
    CTC  54 |     CCC  16 |     CAC  28 |     CGC  24
    CTA   2 |     CCA   6 | Gln CAA   4 |     CGA   4
    CTG  42 |     CCG   2 |     CAG  30 |     CGG  34
------------------------------------------------------
Ile ATT  14 | Thr ACT   8 | Asn AAT   4 | Ser AGT   2
    ATC  56 |     ACC  44 |     AAC  30 |     AGC  38
    ATA   2 |     ACA   6 | Lys AAA  20 | Arg AGA   2
Met ATG  38 |     ACG  22 |     AAG  44 |     AGG   8
------------------------------------------------------
Val GTT   6 | Ala GCT  14 | Asp GAT   6 | Gly GGT   6
    GTC  30 |     GCC  46 |     GAC  40 |     GGC  20
    GTA   2 |     GCA   6 | Glu GAA   6 |     GGA   4
    GTG  30 |     GCG   4 |     GAG  44 |     GGG  22
------------------------------------------------------



(A) Nei-Gojobori (1986) method



Nei & Gojobori 1986. dN/dS (dN, dS)
(Note: This matrix is not used in later ML. analysis.
Use runmode = -2 for ML pairwise comparison.)

SEQ1                
SEQ2                -1.0000 (0.0000 0.0000)


(B) Yang & Nielsen (2000) method

Yang Z, Nielsen R (2000) Estimating synonymous and nonsynonymous substitution rates under realistic evolutionary models. Mol. Biol. Evol. 17:32-43

(equal weighting of pathways)

seq. seq.     S       N        t   kappa   omega     dN +- SE    dS +- SE

   2    1   264.4  1337.6  -0.0000  4.6000 99.0000 -0.0000 +- 0.0000 -0.0000 +- 0.0000


(C) LWL85, LPB93 & LWLm methods

Li W.-H., C.-I. Wu, Luo (1985) A new method for estimating synonymous and nonsynonymous rates of nucleotide substitutions considering the relative likelihood of nucleotide and codon changes. Mol. Biol. Evol. 2: 150-174.
Li W-H (1993) Unbiased estimation of the rates of synonymous and nonsynonymous substitution. J. Mol. Evol. 36:96-99
Pamilo P, Bianchi NO (1993) Evolution of the Zfx and Zfy genes - rates and interdependence between the genes. Mol. Biol. Evol. 10:271-281
Yang Z (2006) Computational Molecular Evolution. Oxford University Press, Oxford. Eqs. 2.12 & 2.13

2 (SEQ2) vs. 1 (SEQ1)

L(i):     1042.0     297.0     263.0  sum=   1602.0
Ns(i):    0.0000    0.0000    0.0000  sum=   0.0000
Nv(i):    0.0000    0.0000    0.0000  sum=   0.0000
A(i):     0.0000    0.0000    0.0000
B(i):    -0.0000   -0.0000   -0.0000
LWL85:  dS =  0.0000 dN =  0.0000 w =   -nan S =  362.0 N = 1240.0
LWL85m: dS =    -nan dN =    -nan w =   -nan S =   -nan N =   -nan (rho = -nan)
LPB93:  dS =  0.0000 dN =  0.0000 w =   -nan

