
Before deleting alignment gaps
      2   1386

SEQ1                            ATG AAC AGC GTT GGG AGC GCC GAC GAG ATC GGA AAG TTG TTT GTG GGT GGC CTA GAC TGG AGC ACC ACA CAA GAA ACG CTC CGC AGC TAC TTT TCC CAG TAT GGG GAA GTT GTC GAC TGC GTG ATA ATG AAA GAT AAG ACA ACA AAT CAA TCG CGA GGG TTT GGG TTT GTC AAG TTC AAA GAT CCC AAC TGT GTG GGC ACA GTC CTC GCC AGC AGG CCC CAT ACA TTA GAT GGC CGA AAT ATT GAT CCA AAG CCC TGT ACC CCT CGA GGA ATG CAA CCA GAG AGA ACA CGA CCA AAG GAG GGA TGG AAA GGA TCC AAG AGC GAT AAC AAA TCG AAT AAA ATT TTT GTT GGT GGG ATC CCT CAC AAC TGT GGC GAG ACG GAG CTC AGG GAA TAC TTC AAG AAG TTC GGA GTG GTC ACT GAA GTG GTA ATG ATC TAT GAT GCA GAG AAA CAG CGG CCC CGA GGT TTT GGA TTT ATT ACT TTC GAG GAC GAG CAA TCA GTG GAC CAG GCT GTC AAC ATG CAT TTT CAC GAC ATC ATG GGC AAA AAA GTG GAG GTG AAA TGG GCT GAG CCT CGG GAT AGC AAA AGC CAG ATG CCA GGG CTC ACC GGT ACC AGC CAG TGG GGA AGT CGG ATC ATG CCA AGT GCT GCC AAC GGC TGG GCA GGA CAG CCC CCA CCT ACC TGG CAA CAA GGA TAC GGA CCT CAA GGT ATG TGG GTT CCA GCT GGA CAA GCA CTT GGT GGG TAT GGT CCC CCC GCT CCA GGC CGA GGT GCT CCA CCT CCA CCA CCG CCT TTT ACC TCG TAC ATC GTT TCG ACA CCT CCA GGA GGA TTT GCG CCC CCG CAG GGC TTC CCG CAG GGA TAC GGC ACC CCT CCG CCC TTC AGC TTT GGT TAT GGT GCC CCG CCG CCT CCA CCT GAC CAG TTT GCC CCC GCT GGC ATT CCT CCA CCA CCT GCC ACT CCT GGG GCA GCA CCA CTA GCT TTC CCC CCA CCG CCA CCA CCA TCT CAG CCA ACT CAG GAC ATG AGC AAG CCA CCA ACC TGC CAG CCG GAT TTC CCC TAT AGT CAA TTT GTC ACC CTG GTC TCC TCC GTT TCT TAC CAG GGC TGG GTA CCT ATT CTC AAG ACC CTT CAG GCT TCG GGC CAA TAC TTT GTT TAC ACA CTT ATG GTC AGG CTG AGA AAA ACT GCA ACA GGA ACT CAG CTC CAT CCT CCC CAC CCC ACT TCT TGT CCC TCT CTC TCC CTT CTA GGA CAA GAC TTG AGT GGT TTT GGA CAA GGC TTC GCC GAT CCC AGC CAA CAG CTG CCC TCC TAT GGA AGC TCT TCA GCA CCA CCT TCA AGT GGG CCG CCC GCA GGG GGC AGT GGT TTT GCC CGG GGA CAG AAC CAT AAC GTT CAA GGT TTT CAC CCC TAC CGA CGC 
SEQ2                            ATG AAC AGC GTC GGG AGC GCC GAC GAG ATC GGG AAG CTG TTT GTG GGT GGC CTA GAC TGG AGC ACC ACG CAA GAA ACG CTC CGC GGC TAC TTT TCC CAG TAT GGG GAA GTT GTT GAC TGC GTG ATA ATG AAA GAT AAG ACA ACA AAT CAA TCG CGA GGG TTT GGA TTT GTC AAG TTC AAG GAT CCC AAC TGT GTG GGG ACA GTC CTC GCC AGC AGG CCC CAT ACA TTA GAT GGC CGA AAC ATT GAT CCA AAG CCC TGT ACC CCT CGA GGA ATG CAA CCA GAG AGA ACA CGA CCA AAG GAG GGA TGG AAA GGA TCC AGG AGC GAT AAC AAA TCC AAT AAA ATT TTT GTT GGT GGG ATC CCT CAC AAC TGT GGC GAG ACG GAG CTC AGG GAA TAC TTC AAG AAG TTC GGA GTG GTC ACC GAA GTG GTA ATG ATC TAT GAT GCA GAG AAA CAA CGG CCC CGA GGT TTT GGA TTT ATT ACT TTC GAG GAC GAA CAA TCA GTG GAC CAG GCT GTC AAC ATG CAT TTT CAC GAC ATC ATG GGC AAA AAA GTG GAG GTG AAA CGG GCC GAG CCT CGG GAT AGC AAG AGC CAG ACG CCA GGG CTC ACC GGC GCC AGC CAG TGG GGA AGT CGG ATC ATG CCA AGT GCT GCC AAT GGC TGG GCA GGA CAG CCC CCA CCT ACC TGG CAA CAA GGA TAC GGA CCT CAA GGT ATG TGG GTA CCA GCT GGA CAA GCA CTT GGT GGG TAT GGT CCC CCC CCT CCA GGC CGA GGT GCT CCA CCT CCA CCA CCA CCT TTT ACC TCG TAC ATC GTC TCA ACA CCT CCA GGA GGA TTT GCG CCC CCG CAG GGC TTC CCA CAG GGA TAC GGC ACC CCT CCG CCC TTC AGC TTT GGA TAC GGT GCC CCG CCG CCT CCA CCT GAC CAG TTT GCC CCC GCT GGC ATT CCT CCG CCA CCT GCC ACT CCC GGG GCA GCA CCA CTA GCT TTC CCC CCA CCT CCA CCA CCA TCT CAG CCA ACT CAG GAC ATG AGC AAG CCA CCA ACC GGC CAG CCA GAA TTC CCC TAT AGT CAA TTT --- --- --- --- --- --- --- GGA TAC --- --- --- --- --- --- --- --- --- --- --- --- --- --- --- --- --- --- --- --- --- --- --- --- --- --- --- --- --- --- --- --- --- --- --- --- --- --- --- --- --- --- --- --- --- --- --- --- GGA CAA GAC TTG AGT GGT TTT GGA CAA GGC TTT GCC GAT CCC AGC CAA CAG CCA CCC TCC TAT GGA AGC TCT TCA GCA CCA CCT TCA AGT GGG CCG CCC GCA GGG GGC AGT GGT TTT GGC CGT GGA CAG AAC CAT AAC GTT CAA GGT TTT CAC CCC TAC CGA CGC 



After deleting gaps. 1221 sites
      2   1221

SEQ1                            ATG AAC AGC GTT GGG AGC GCC GAC GAG ATC GGA AAG TTG TTT GTG GGT GGC CTA GAC TGG AGC ACC ACA CAA GAA ACG CTC CGC AGC TAC TTT TCC CAG TAT GGG GAA GTT GTC GAC TGC GTG ATA ATG AAA GAT AAG ACA ACA AAT CAA TCG CGA GGG TTT GGG TTT GTC AAG TTC AAA GAT CCC AAC TGT GTG GGC ACA GTC CTC GCC AGC AGG CCC CAT ACA TTA GAT GGC CGA AAT ATT GAT CCA AAG CCC TGT ACC CCT CGA GGA ATG CAA CCA GAG AGA ACA CGA CCA AAG GAG GGA TGG AAA GGA TCC AAG AGC GAT AAC AAA TCG AAT AAA ATT TTT GTT GGT GGG ATC CCT CAC AAC TGT GGC GAG ACG GAG CTC AGG GAA TAC TTC AAG AAG TTC GGA GTG GTC ACT GAA GTG GTA ATG ATC TAT GAT GCA GAG AAA CAG CGG CCC CGA GGT TTT GGA TTT ATT ACT TTC GAG GAC GAG CAA TCA GTG GAC CAG GCT GTC AAC ATG CAT TTT CAC GAC ATC ATG GGC AAA AAA GTG GAG GTG AAA TGG GCT GAG CCT CGG GAT AGC AAA AGC CAG ATG CCA GGG CTC ACC GGT ACC AGC CAG TGG GGA AGT CGG ATC ATG CCA AGT GCT GCC AAC GGC TGG GCA GGA CAG CCC CCA CCT ACC TGG CAA CAA GGA TAC GGA CCT CAA GGT ATG TGG GTT CCA GCT GGA CAA GCA CTT GGT GGG TAT GGT CCC CCC GCT CCA GGC CGA GGT GCT CCA CCT CCA CCA CCG CCT TTT ACC TCG TAC ATC GTT TCG ACA CCT CCA GGA GGA TTT GCG CCC CCG CAG GGC TTC CCG CAG GGA TAC GGC ACC CCT CCG CCC TTC AGC TTT GGT TAT GGT GCC CCG CCG CCT CCA CCT GAC CAG TTT GCC CCC GCT GGC ATT CCT CCA CCA CCT GCC ACT CCT GGG GCA GCA CCA CTA GCT TTC CCC CCA CCG CCA CCA CCA TCT CAG CCA ACT CAG GAC ATG AGC AAG CCA CCA ACC TGC CAG CCG GAT TTC CCC TAT AGT CAA TTT TCT TAC GGA CAA GAC TTG AGT GGT TTT GGA CAA GGC TTC GCC GAT CCC AGC CAA CAG CTG CCC TCC TAT GGA AGC TCT TCA GCA CCA CCT TCA AGT GGG CCG CCC GCA GGG GGC AGT GGT TTT GCC CGG GGA CAG AAC CAT AAC GTT CAA GGT TTT CAC CCC TAC CGA CGC 
SEQ2                            ATG AAC AGC GTC GGG AGC GCC GAC GAG ATC GGG AAG CTG TTT GTG GGT GGC CTA GAC TGG AGC ACC ACG CAA GAA ACG CTC CGC GGC TAC TTT TCC CAG TAT GGG GAA GTT GTT GAC TGC GTG ATA ATG AAA GAT AAG ACA ACA AAT CAA TCG CGA GGG TTT GGA TTT GTC AAG TTC AAG GAT CCC AAC TGT GTG GGG ACA GTC CTC GCC AGC AGG CCC CAT ACA TTA GAT GGC CGA AAC ATT GAT CCA AAG CCC TGT ACC CCT CGA GGA ATG CAA CCA GAG AGA ACA CGA CCA AAG GAG GGA TGG AAA GGA TCC AGG AGC GAT AAC AAA TCC AAT AAA ATT TTT GTT GGT GGG ATC CCT CAC AAC TGT GGC GAG ACG GAG CTC AGG GAA TAC TTC AAG AAG TTC GGA GTG GTC ACC GAA GTG GTA ATG ATC TAT GAT GCA GAG AAA CAA CGG CCC CGA GGT TTT GGA TTT ATT ACT TTC GAG GAC GAA CAA TCA GTG GAC CAG GCT GTC AAC ATG CAT TTT CAC GAC ATC ATG GGC AAA AAA GTG GAG GTG AAA CGG GCC GAG CCT CGG GAT AGC AAG AGC CAG ACG CCA GGG CTC ACC GGC GCC AGC CAG TGG GGA AGT CGG ATC ATG CCA AGT GCT GCC AAT GGC TGG GCA GGA CAG CCC CCA CCT ACC TGG CAA CAA GGA TAC GGA CCT CAA GGT ATG TGG GTA CCA GCT GGA CAA GCA CTT GGT GGG TAT GGT CCC CCC CCT CCA GGC CGA GGT GCT CCA CCT CCA CCA CCA CCT TTT ACC TCG TAC ATC GTC TCA ACA CCT CCA GGA GGA TTT GCG CCC CCG CAG GGC TTC CCA CAG GGA TAC GGC ACC CCT CCG CCC TTC AGC TTT GGA TAC GGT GCC CCG CCG CCT CCA CCT GAC CAG TTT GCC CCC GCT GGC ATT CCT CCG CCA CCT GCC ACT CCC GGG GCA GCA CCA CTA GCT TTC CCC CCA CCT CCA CCA CCA TCT CAG CCA ACT CAG GAC ATG AGC AAG CCA CCA ACC GGC CAG CCA GAA TTC CCC TAT AGT CAA TTT GGA TAC GGA CAA GAC TTG AGT GGT TTT GGA CAA GGC TTT GCC GAT CCC AGC CAA CAG CCA CCC TCC TAT GGA AGC TCT TCA GCA CCA CCT TCA AGT GGG CCG CCC GCA GGG GGC AGT GGT TTT GGC CGT GGA CAG AAC CAT AAC GTT CAA GGT TTT CAC CCC TAC CGA CGC 



Printing out site pattern counts


         2        288  P

SEQ1                            AAA AAA AAC AAC AAG AAG AAT AAT ACA ACA ACC ACC ACG ACT ACT AGA AGC AGC AGG AGT ATA ATC ATG ATG ATT CAA CAC CAG CAG CAT CCA CCA CCC CCG CCG CCG CCT CCT CGA CGC CGG CGG CTA CTC CTG CTT GAA GAC GAG GAG GAT GAT GCA GCC GCC GCG GCT GCT GCT GGA GGA GGC GGC GGG GGG GGT GGT GGT GTA GTC GTC GTG GTT GTT GTT TAC TAT TAT TCA TCC TCG TCG TCG TCT TCT TGC TGC TGG TGG TGT TTA TTC TTC TTG TTG TTT 
SEQ2                            ... ..G ... ..T ... .G. ..C ... ... ..G ... G.. ... ..C ... ... ... G.. ... ... ... ... .C. ... ... ... ... ..A ... ... ... ..G ... ..A ... ..T ..C ... ... ... ... ..T ... ... .CA ... ... ... ..A ... ..A ... ... ... .G. ... C.. ..C ... ... ..G ... ..G ..A ... ..A ..C ... ... ... ..T ... ..A ..C ... ... ..C ... ... ... ..A ..C ... GGA ... G.. ... C.. ... ... ... ... ..T C.. ... ... 

    8    2    7    1    8    1    1    2    6    1    7    1    2    1    3
    1   12    1    2    6    1    6    1    9    4   13    3    1   13    3
   23    1   16    3    5    1    1   14    7    2    3    1    2    4    1
    1    4    9    1    9    1    8    7    7    1    1    1    1    6   17
    1   11    1    1    9    1    1   11    1    4    1    8    1    2    3
    7    1    5    3    3    1    1    2    1    2    1    1    1    6    3
    1    8    1    1    1   16

YN00 paml/jobs/LOCW_00021319__LOC_00019285/LOCW_00021319__LOC_00019285.phy

ns =   2	ls = 407

Codon position x base (3x4) table for each sequence.

SEQ1                
position  1:    T:0.16216    C:0.28993    A:0.23096    G:0.31695
position  2:    T:0.18919    C:0.29975    A:0.26536    G:0.24570
position  3:    T:0.24570    C:0.28256    A:0.24324    G:0.22850

SEQ2                
position  1:    T:0.15233    C:0.29730    A:0.22604    G:0.32432
position  2:    T:0.18428    C:0.29975    A:0.26290    G:0.25307
position  3:    T:0.22850    C:0.29484    A:0.26044    G:0.21622

Average
position  1:    T:0.15725    C:0.29361    A:0.22850    G:0.32064
position  2:    T:0.18673    C:0.29975    A:0.26413    G:0.24939
position  3:    T:0.23710    C:0.28870    A:0.25184    G:0.22236

Codon usage for each species
----------------------------------------------------------------------
Phe TTT  16  17 | Ser TCT   3   2 | Tyr TAT   6   5 | Cys TGT   3   3
    TTC   9   8 |     TCC   3   4 |     TAC   7   8 |     TGC   2   1
Leu TTA   1   1 |     TCA   3   4 | *** TAA   0   0 | *** TGA   0   0
    TTG   2   1 |     TCG   4   2 |     TAG   0   0 | Trp TGG   7   6
----------------------------------------------------------------------
Leu CTT   1   1 | Pro CCT  15  16 | His CAT   3   3 | Arg CGT   0   1
    CTC   4   4 |     CCC  16  17 |     CAC   3   3 |     CGC   2   2
    CTA   2   2 |     CCA  24  27 | Gln CAA  13  14 |     CGA   7   7
    CTG   1   1 |     CCG   9   6 |     CAG  14  13 |     CGG   4   4
----------------------------------------------------------------------
Ile ATT   4   4 | Thr ACT   4   3 | Asn AAT   3   3 | Ser AGT   6   6
    ATC   6   6 |     ACC   8   8 |     AAC   8   8 |     AGC  13  12
    ATA   1   1 |     ACA   7   6 | Lys AAA  10   8 | Arg AGA   1   1
Met ATG  10   9 |     ACG   2   4 |     AAG   9  10 |     AGG   2   3
----------------------------------------------------------------------
Val GTT   6   4 | Ala GCT   8   6 | Asp GAT   9   8 | Gly GGT  13  11
    GTC   5   6 |     GCC   8   9 |     GAC   9   9 |     GGC  12  15
    GTA   1   2 |     GCA   7   7 | Glu GAA   4   6 |     GGA  18  20
    GTG   8   8 |     GCG   1   1 |     GAG  10   9 |     GGG  10  11
----------------------------------------------------------------------


Sums
------------------------------------------------------
Phe TTT  33 | Ser TCT   5 | Tyr TAT  11 | Cys TGT   6
    TTC  17 |     TCC   7 |     TAC  15 |     TGC   3
Leu TTA   2 |     TCA   7 | *** TAA   0 | *** TGA   0
    TTG   3 |     TCG   6 |     TAG   0 | Trp TGG  13
------------------------------------------------------
Leu CTT   2 | Pro CCT  31 | His CAT   6 | Arg CGT   1
    CTC   8 |     CCC  33 |     CAC   6 |     CGC   4
    CTA   4 |     CCA  51 | Gln CAA  27 |     CGA  14
    CTG   2 |     CCG  15 |     CAG  27 |     CGG   8
------------------------------------------------------
Ile ATT   8 | Thr ACT   7 | Asn AAT   6 | Ser AGT  12
    ATC  12 |     ACC  16 |     AAC  16 |     AGC  25
    ATA   2 |     ACA  13 | Lys AAA  18 | Arg AGA   2
Met ATG  19 |     ACG   6 |     AAG  19 |     AGG   5
------------------------------------------------------
Val GTT  10 | Ala GCT  14 | Asp GAT  17 | Gly GGT  24
    GTC  11 |     GCC  17 |     GAC  18 |     GGC  27
    GTA   3 |     GCA  14 | Glu GAA  10 |     GGA  38
    GTG  16 |     GCG   2 |     GAG  19 |     GGG  21
------------------------------------------------------



(A) Nei-Gojobori (1986) method



Nei & Gojobori 1986. dN/dS (dN, dS)
(Note: This matrix is not used in later ML. analysis.
Use runmode = -2 for ML pairwise comparison.)

SEQ1                
SEQ2                 0.1132 (0.0131 0.1159)


(B) Yang & Nielsen (2000) method

Yang Z, Nielsen R (2000) Estimating synonymous and nonsynonymous substitution rates under realistic evolutionary models. Mol. Biol. Evol. 17:32-43

(equal weighting of pathways)

seq. seq.     S       N        t   kappa   omega     dN +- SE    dS +- SE

   2    1   363.4   857.6   0.1148  2.8122  0.1483 0.0141 +- 0.0041  0.0953 +- 0.0175


(C) LWL85, LPB93 & LWLm methods

Li W.-H., C.-I. Wu, Luo (1985) A new method for estimating synonymous and nonsynonymous rates of nucleotide substitutions considering the relative likelihood of nucleotide and codon changes. Mol. Biol. Evol. 2: 150-174.
Li W-H (1993) Unbiased estimation of the rates of synonymous and nonsynonymous substitution. J. Mol. Evol. 36:96-99
Pamilo P, Bianchi NO (1993) Evolution of the Zfx and Zfy genes - rates and interdependence between the genes. Mol. Biol. Evol. 10:271-281
Yang Z (2006) Computational Molecular Evolution. Oxford University Press, Oxford. Eqs. 2.12 & 2.13

2 (SEQ2) vs. 1 (SEQ1)

L(i):      810.0     192.5     218.5  sum=   1221.0
Ns(i):    5.5000    9.5000   16.0000  sum=  31.0000
Nv(i):    5.0000    1.0000    7.0000  sum=  13.0000
A(i):     0.0069    0.0522    0.0818
B(i):     0.0062    0.0052    0.0331
LWL85:  dS =  0.1244 dN =  0.0124 w = 0.0994 S =  282.7 N =  938.3
LWL85m: dS =  0.0989 dN =  0.0134 w = 0.1356 S =  355.5 N =  865.5 (rho = 0.712)
LPB93:  dS =  0.1010 dN =  0.0129 w = 0.1276

