      2    342

SEQ1                            ATG GCG TCG GCC ACC AGC GTC GTC CGG TGG CTT CGC AAC TGG GCC TCT GGG AAA GAC CTC CAA GCC AAA CTG CAG CTG CGC TAC ACA GAG ATC TCC AAG AGG ACT CAG CCA CCT CCT CGC CTC CCT GTC GGA TCC AGT CAT AAG CTT GCA AGC AAT TAC TAC TGT ACT CGT GAT GGG CGC CGA GAA ACT TTC CCA CCC ATT GTC CTT GTG TCA CCG CAG AAA ATA CTG GCA CCG GGA ACG CAA GCA GCC AGC TCG GAA TCT TCC GTA GCA ACG ACG GAG AAG AAA CCG GTG ACG CCC GGC TTT CCA CCT CGG AAG TGG GAA CTG TCG AAG GAC GAA CCC TAT 
SEQ2                            ATG GCG TCG GCC ACC AGC GTC GTC CGG TGG CTT CGC AAC TGG GCC TCT GGG AAA GAC CTC CAA GCC AAA CTG CAG CTG CGC TAC ACA GAG ATC TCC AAG AGG ACT CAG CCA CCT CCT CGC CTC CCT GTC GGA TCC AGT CAT AAG CTT GCA AGC AAT TAC TAC TGT ACT CGT GAT GGG CGC CGA GAA ACT TTC CCA CCC ATT GTC CTT GTG TCA CCG CAG AAA ATA CTG GCA CCG GGA ACG CAA GCA GCC AGC TCG GAA TCT TCC GTA GCA ACG ACG GAG AAG AAA CCG GTG ACG CCC GGC TTT CCA CCT CGG AAG TGG GAA CTG TCG AAG GAC GAA CCC TAT 



Printing out site pattern counts


         2        156  P

SEQ1                            AAA AAC AAG AAT ACA ACC ACG ACT AGC AGG AGT ATA ATC ATG ATT CAA CAG CAT CCA CCC CCG CCT CGA CGC CGG CGT CTC CTG CTT GAA GAC GAG GAT GCA GCC GCG GGA GGC GGG GTA GTC GTG TAC TAT TCA TCC TCG TCT TGG TGT TTC TTT 
SEQ2                            ... ... ... ... ... ... ... ... ... ... ... ... ... ... ... ... ... ... ... ... ... ... ... ... ... ... ... ... ... ... ... ... ... ... ... ... ... ... ... ... ... ... ... ... ... ... ... ... ... ... ... ... 

    4    1    5    1    1    1    4    3    3    1    1    1    1    1    1
    2    3    1    3    3    3    4    1    4    2    1    2    4    3    4
    2    2    1    4    4    1    2    1    2    1    4    2    3    1    1
    3    3    2    3    1    1    1

YN00 paml/jobs/LOCW_00021284__LOC_00019059/LOCW_00021284__LOC_00019059.phy

ns =   2	ls = 114

Codon position x base (3x4) table for each sequence.

SEQ1                
position  1:    T:0.16667    C:0.31579    A:0.25439    G:0.26316
position  2:    T:0.19298    C:0.35088    A:0.26316    G:0.19298
position  3:    T:0.18421    C:0.28947    A:0.21053    G:0.31579

SEQ2                
position  1:    T:0.16667    C:0.31579    A:0.25439    G:0.26316
position  2:    T:0.19298    C:0.35088    A:0.26316    G:0.19298
position  3:    T:0.18421    C:0.28947    A:0.21053    G:0.31579

Average
position  1:    T:0.16667    C:0.31579    A:0.25439    G:0.26316
position  2:    T:0.19298    C:0.35088    A:0.26316    G:0.19298
position  3:    T:0.18421    C:0.28947    A:0.21053    G:0.31579

Codon usage for each species
----------------------------------------------------------------------
Phe TTT   1   1 | Ser TCT   2   2 | Tyr TAT   1   1 | Cys TGT   1   1
    TTC   1   1 |     TCC   3   3 |     TAC   3   3 |     TGC   0   0
Leu TTA   0   0 |     TCA   1   1 | *** TAA   0   0 | *** TGA   0   0
    TTG   0   0 |     TCG   3   3 |     TAG   0   0 | Trp TGG   3   3
----------------------------------------------------------------------
Leu CTT   3   3 | Pro CCT   4   4 | His CAT   1   1 | Arg CGT   1   1
    CTC   2   2 |     CCC   3   3 |     CAC   0   0 |     CGC   4   4
    CTA   0   0 |     CCA   3   3 | Gln CAA   2   2 |     CGA   1   1
    CTG   4   4 |     CCG   3   3 |     CAG   3   3 |     CGG   2   2
----------------------------------------------------------------------
Ile ATT   1   1 | Thr ACT   3   3 | Asn AAT   1   1 | Ser AGT   1   1
    ATC   1   1 |     ACC   1   1 |     AAC   1   1 |     AGC   3   3
    ATA   1   1 |     ACA   1   1 | Lys AAA   4   4 | Arg AGA   0   0
Met ATG   1   1 |     ACG   4   4 |     AAG   5   5 |     AGG   1   1
----------------------------------------------------------------------
Val GTT   0   0 | Ala GCT   0   0 | Asp GAT   1   1 | Gly GGT   0   0
    GTC   4   4 |     GCC   4   4 |     GAC   2   2 |     GGC   1   1
    GTA   1   1 |     GCA   4   4 | Glu GAA   4   4 |     GGA   2   2
    GTG   2   2 |     GCG   1   1 |     GAG   2   2 |     GGG   2   2
----------------------------------------------------------------------


Sums
------------------------------------------------------
Phe TTT   2 | Ser TCT   4 | Tyr TAT   2 | Cys TGT   2
    TTC   2 |     TCC   6 |     TAC   6 |     TGC   0
Leu TTA   0 |     TCA   2 | *** TAA   0 | *** TGA   0
    TTG   0 |     TCG   6 |     TAG   0 | Trp TGG   6
------------------------------------------------------
Leu CTT   6 | Pro CCT   8 | His CAT   2 | Arg CGT   2
    CTC   4 |     CCC   6 |     CAC   0 |     CGC   8
    CTA   0 |     CCA   6 | Gln CAA   4 |     CGA   2
    CTG   8 |     CCG   6 |     CAG   6 |     CGG   4
------------------------------------------------------
Ile ATT   2 | Thr ACT   6 | Asn AAT   2 | Ser AGT   2
    ATC   2 |     ACC   2 |     AAC   2 |     AGC   6
    ATA   2 |     ACA   2 | Lys AAA   8 | Arg AGA   0
Met ATG   2 |     ACG   8 |     AAG  10 |     AGG   2
------------------------------------------------------
Val GTT   0 | Ala GCT   0 | Asp GAT   2 | Gly GGT   0
    GTC   8 |     GCC   8 |     GAC   4 |     GGC   2
    GTA   2 |     GCA   8 | Glu GAA   8 |     GGA   4
    GTG   4 |     GCG   2 |     GAG   4 |     GGG   4
------------------------------------------------------



(A) Nei-Gojobori (1986) method



Nei & Gojobori 1986. dN/dS (dN, dS)
(Note: This matrix is not used in later ML. analysis.
Use runmode = -2 for ML pairwise comparison.)

SEQ1                
SEQ2                -1.0000 (0.0000 0.0000)


(B) Yang & Nielsen (2000) method

Yang Z, Nielsen R (2000) Estimating synonymous and nonsynonymous substitution rates under realistic evolutionary models. Mol. Biol. Evol. 17:32-43

(equal weighting of pathways)

seq. seq.     S       N        t   kappa   omega     dN +- SE    dS +- SE

   2    1   106.5   235.5  -0.0000  4.6000 99.0000 -0.0000 +- 0.0000 -0.0000 +- 0.0000


(C) LWL85, LPB93 & LWLm methods

Li W.-H., C.-I. Wu, Luo (1985) A new method for estimating synonymous and nonsynonymous rates of nucleotide substitutions considering the relative likelihood of nucleotide and codon changes. Mol. Biol. Evol. 2: 150-174.
Li W-H (1993) Unbiased estimation of the rates of synonymous and nonsynonymous substitution. J. Mol. Evol. 36:96-99
Pamilo P, Bianchi NO (1993) Evolution of the Zfx and Zfy genes - rates and interdependence between the genes. Mol. Biol. Evol. 10:271-281
Yang Z (2006) Computational Molecular Evolution. Oxford University Press, Oxford. Eqs. 2.12 & 2.13

2 (SEQ2) vs. 1 (SEQ1)

L(i):      224.0      49.0      69.0  sum=    342.0
Ns(i):    0.0000    0.0000    0.0000  sum=   0.0000
Nv(i):    0.0000    0.0000    0.0000  sum=   0.0000
A(i):     0.0000    0.0000    0.0000
B(i):    -0.0000   -0.0000   -0.0000
LWL85:  dS =  0.0000 dN =  0.0000 w =   -nan S =   85.3 N =  256.7
LWL85m: dS =    -nan dN =    -nan w =   -nan S =   -nan N =   -nan (rho = -nan)
LPB93:  dS =  0.0000 dN =  0.0000 w =   -nan

