
Before deleting alignment gaps
      2   1182

SEQ1                            ATG GAG CTG GAG GCT TCC GAC GAG GCG GGG AGC GCT GGC GGG GCC GAG GAC GGC GCG GGG TTC GTC ACC CCC GAG GCG GCA --- GCC GGA GGA GGA TGG GGG GCT CCG CTG GTC CCC TTC GCC GAG GGC GCA GGC AGG CAG GCC GGA CTA GCT CGG AAG AAG GCT GTT CTA ACC GAG GCA CCA TCG TTG ACA GGG CAA CCA GGG GCC AGC CAG GGG AAG AAG ATC GGC CAC CGA GGG GTC AAT GCC TCA GGG GAA ACG ACA TAC AAG AAG ACC ACA TCA TCC ACG CTC AAG GGG GCC ATC CAA CTC AGT ATT GGC TAT ACG GTG GGC AAC CTG AGT TCC AAG CCT GAG AGG GAC GTC TTG ATG CAG GAT TTC TAC GTG GTG GAG AGC ATT TTC TTT CCC GGT GAA GGC AGT AAC CTC ACC CCC GCA CAC CAC TAC CCA GAC TTC AGG TTC AAA ACG TAT GCA CCA GTG GCT TTT CGG TAT TTC CGG GAG CTT TTC GGC ATT CGT CCA GAC GAT TAT TTG TAT TCC TTG TGC AAT GAG CCC CTG ATT GAA CTG TCC AAC CCT GGA GCC AGT GGC TCC CTC TTC TAC GTC ACC AGC GAT GAT GAG TTC ATT ATC AAA ACA GTG ATG CAC AAA GAG GCC GAA TTC CTC CAG AAG CTT CTC CCG GGC TAT TAT ATG AAC TTG AAC CAG AAT CCC CGG ACG CTG CTG CCC AAG TTC TAC GGC CTC TAC TGT GTC CAG TCT GGG GGA AAA AAC ATT CGG GTG GTG GTG ATG AAC AAC ATC CTG CCC CGG GTG GTG AAT ATG CAC CTT AAA TAC GAC CTC AAG GGC TCA ACT TAC AAG CGC CGG GCA TCT AAA AAG GAG AAG GAA AAG TCG AGC CCC ACC TAC AAG GAC TTG GAC TTC ATG CAG GAC ATG CCT GAT GGC ATC ATG CTA GAC ACG GAC ACC TTC AGC GCC CTG GTC AAG ACG CTG CAG AGG GAC TGC TTG GTG CTC GAA AGC TTC AAA ATC ATG GAC TAC AGC CTC CTC CTG GGA GTC CAC AGT ATA GAC CAG CAG GAA CGG GAG CAG CAG GTG GAC GGC ACC CAG AGC ATG TCT GAT GAG AAG CGC CCC GTG GGC CAG AAA GCC CTG TAC TCC ACA GCC ATG GAG TCA ATC CAG GGT GGG GCT GCC CGG GGA GAG GCC ATC GAC ACA GAT GAC --- ATG 
SEQ2                            ATG GAG CTG GAG GCC TCC GAC GAG GCG --- --- --- GGC GGC GCC GAG GCC GGC GCG GGG CCC GTC ACC CCC GAG GCG GCG GGC GGC GGC GGA GGA TGG GGG GCT CCG CTG GAC CCC TCG GCC GCG GGC GAG GGC AGG CAG GCA GGA CTC GCT CTG AAG AAA GCC GTT CTA ACT GAG GCA CCA TCG TTG ACA GGG CAG CCA GGG CCC GGC CAG GGG AAG AAG ATT GGC CAC CGA GGG GTC GAT GCC TCG GGG GAA ACC ACG TAC AAG AAG ACC ACA TCG TCC ACG CTC AAG GGG GCC ATC CAA CTC GGT ATT GGC TAT ACG GTG GGC AAC CTG AGC TCC AAG CCC GAG AGG GAC GTC TTG ATG CAG GAT TTC TAC GTG GTG GAG AGC ATT TTC TTT CCC AGC GAA GGC AGT AAC CTC ACC CCT GCA CAC CAC TAC CCG GAC TTC AGG TTC AAA ACG TAC GCG CCA GTG GCT TTT CGG TAT TTC CGG GAG CTT TTT GGC ATT CGT CCA GAT GAT TAC TTG TAT TCC TTG TGC AAC GAG CCC CTG ATC GAA CTG TCC AAC CCC GGA GCC AGT GGC TCC CTC TTC TAC GTC ACC AGT GAC GAT GAG TTC ATT ATC AAA ACG GTG ATG CAC AAA GAG GCC GAA TTC CTC CAG AAG CTT CTT CCG GGC TAT TAT ATG AAC TTG AAC CAG AAT CCC CGG ACG CTG CTG CCC AAG TTC TAC GGC CTC TAC TGC GTC CAG TCC GGG GGC AAA AAC ATT CGG GTG GTG GTG ATG AAC AAT ATC CTG CCC CGG GTG GTG AAG ATG CAC CTG AAA TAC GAC CTC AAG GGC TCG ACC TAC AAG CGC CGG GCG TCC AAA AAG GAG AAG GAG AAG TCA GGC CCC ACC TAC AAG GAC TTG GAC TTC ATG CAG GAC ATG CCC GAT GGC ATC ATG CTA GAT ACG GAC ACC TTC AGC GCC CTG GTC AAG ACG CTG CAG AGG GAC TGC TTG GTG CTC GAA AGC TTC AAA ATC ATG GAC TAC AGC CTG CTC CTG GGA GTC CAC AAT ATA GAC CAG CAG GAA CGG GAG CGG CAG GCA GAC GGC GCC CAG AGC ATG TCC GAC GAG AAG CGC CCC GTG GGG CAG AAA GCC CTG TAC TCC ACA GCC ATG GAG TCG ATC CAG GGC GGA GCT GCC CGG GGA GAG TCC ATC GAC ACG GAC GAC ACG ATG 



After deleting gaps. 1167 sites
      2   1167

SEQ1                            ATG GAG CTG GAG GCT TCC GAC GAG GCG GGC GGG GCC GAG GAC GGC GCG GGG TTC GTC ACC CCC GAG GCG GCA GCC GGA GGA GGA TGG GGG GCT CCG CTG GTC CCC TTC GCC GAG GGC GCA GGC AGG CAG GCC GGA CTA GCT CGG AAG AAG GCT GTT CTA ACC GAG GCA CCA TCG TTG ACA GGG CAA CCA GGG GCC AGC CAG GGG AAG AAG ATC GGC CAC CGA GGG GTC AAT GCC TCA GGG GAA ACG ACA TAC AAG AAG ACC ACA TCA TCC ACG CTC AAG GGG GCC ATC CAA CTC AGT ATT GGC TAT ACG GTG GGC AAC CTG AGT TCC AAG CCT GAG AGG GAC GTC TTG ATG CAG GAT TTC TAC GTG GTG GAG AGC ATT TTC TTT CCC GGT GAA GGC AGT AAC CTC ACC CCC GCA CAC CAC TAC CCA GAC TTC AGG TTC AAA ACG TAT GCA CCA GTG GCT TTT CGG TAT TTC CGG GAG CTT TTC GGC ATT CGT CCA GAC GAT TAT TTG TAT TCC TTG TGC AAT GAG CCC CTG ATT GAA CTG TCC AAC CCT GGA GCC AGT GGC TCC CTC TTC TAC GTC ACC AGC GAT GAT GAG TTC ATT ATC AAA ACA GTG ATG CAC AAA GAG GCC GAA TTC CTC CAG AAG CTT CTC CCG GGC TAT TAT ATG AAC TTG AAC CAG AAT CCC CGG ACG CTG CTG CCC AAG TTC TAC GGC CTC TAC TGT GTC CAG TCT GGG GGA AAA AAC ATT CGG GTG GTG GTG ATG AAC AAC ATC CTG CCC CGG GTG GTG AAT ATG CAC CTT AAA TAC GAC CTC AAG GGC TCA ACT TAC AAG CGC CGG GCA TCT AAA AAG GAG AAG GAA AAG TCG AGC CCC ACC TAC AAG GAC TTG GAC TTC ATG CAG GAC ATG CCT GAT GGC ATC ATG CTA GAC ACG GAC ACC TTC AGC GCC CTG GTC AAG ACG CTG CAG AGG GAC TGC TTG GTG CTC GAA AGC TTC AAA ATC ATG GAC TAC AGC CTC CTC CTG GGA GTC CAC AGT ATA GAC CAG CAG GAA CGG GAG CAG CAG GTG GAC GGC ACC CAG AGC ATG TCT GAT GAG AAG CGC CCC GTG GGC CAG AAA GCC CTG TAC TCC ACA GCC ATG GAG TCA ATC CAG GGT GGG GCT GCC CGG GGA GAG GCC ATC GAC ACA GAT GAC ATG 
SEQ2                            ATG GAG CTG GAG GCC TCC GAC GAG GCG GGC GGC GCC GAG GCC GGC GCG GGG CCC GTC ACC CCC GAG GCG GCG GGC GGC GGA GGA TGG GGG GCT CCG CTG GAC CCC TCG GCC GCG GGC GAG GGC AGG CAG GCA GGA CTC GCT CTG AAG AAA GCC GTT CTA ACT GAG GCA CCA TCG TTG ACA GGG CAG CCA GGG CCC GGC CAG GGG AAG AAG ATT GGC CAC CGA GGG GTC GAT GCC TCG GGG GAA ACC ACG TAC AAG AAG ACC ACA TCG TCC ACG CTC AAG GGG GCC ATC CAA CTC GGT ATT GGC TAT ACG GTG GGC AAC CTG AGC TCC AAG CCC GAG AGG GAC GTC TTG ATG CAG GAT TTC TAC GTG GTG GAG AGC ATT TTC TTT CCC AGC GAA GGC AGT AAC CTC ACC CCT GCA CAC CAC TAC CCG GAC TTC AGG TTC AAA ACG TAC GCG CCA GTG GCT TTT CGG TAT TTC CGG GAG CTT TTT GGC ATT CGT CCA GAT GAT TAC TTG TAT TCC TTG TGC AAC GAG CCC CTG ATC GAA CTG TCC AAC CCC GGA GCC AGT GGC TCC CTC TTC TAC GTC ACC AGT GAC GAT GAG TTC ATT ATC AAA ACG GTG ATG CAC AAA GAG GCC GAA TTC CTC CAG AAG CTT CTT CCG GGC TAT TAT ATG AAC TTG AAC CAG AAT CCC CGG ACG CTG CTG CCC AAG TTC TAC GGC CTC TAC TGC GTC CAG TCC GGG GGC AAA AAC ATT CGG GTG GTG GTG ATG AAC AAT ATC CTG CCC CGG GTG GTG AAG ATG CAC CTG AAA TAC GAC CTC AAG GGC TCG ACC TAC AAG CGC CGG GCG TCC AAA AAG GAG AAG GAG AAG TCA GGC CCC ACC TAC AAG GAC TTG GAC TTC ATG CAG GAC ATG CCC GAT GGC ATC ATG CTA GAT ACG GAC ACC TTC AGC GCC CTG GTC AAG ACG CTG CAG AGG GAC TGC TTG GTG CTC GAA AGC TTC AAA ATC ATG GAC TAC AGC CTG CTC CTG GGA GTC CAC AAT ATA GAC CAG CAG GAA CGG GAG CGG CAG GCA GAC GGC GCC CAG AGC ATG TCC GAC GAG AAG CGC CCC GTG GGG CAG AAA GCC CTG TAC TCC ACA GCC ATG GAG TCG ATC CAG GGC GGA GCT GCC CGG GGA GAG TCC ATC GAC ACG GAC GAC ATG 



Printing out site pattern counts


         2        318  P

SEQ1                            AAA AAC AAC AAG AAG AAT AAT AAT AAT ACA ACA ACC ACC ACC ACG ACG ACT AGC AGC AGC AGG AGT AGT AGT AGT ATA ATC ATC ATG ATT ATT CAA CAA CAC CAG CAG CCA CCA CCC CCC CCG CCT CGA CGC CGG CGG CGT CTA CTA CTC CTC CTC CTG CTT CTT GAA GAA GAC GAC GAC GAG GAG GAT GAT GCA GCA GCA GCC GCC GCC GCC GCC GCG GCT GCT GGA GGA GGC GGC GGG GGG GGG GGT GGT GTC GTC GTG GTG GTT TAC TAT TAT TCA TCC TCG TCG TCT TGC TGG TGT TTC TTC TTC TTC TTG TTT 
SEQ2                            ... ... ..T ..A ... ..C ..G ... G.. ... ..G ... ..T G.. ..C ... ..C ... ..T G.. ... .A. ..C ... G.. ... ... ..T ... ..C ... ... ..G ... ... .G. ... ..G ... ..T ... ..C ... ... ... .T. ... ... ..C ... ..G ..T ... ..G ... ... ..G ... ..T .C. ... .C. ..C ... .AG ... ..G C.. ..A ... .G. T.. ... ..C ... ... ..C ... ..G ..A ..C ... A.C ..C .A. ... .CA ... ... ... ..C ... ..G ... ..A ... ..C ... ... ..C CC. .CG ... ..T ... ... 

    8    7    1    1   17    1    1    1    1    3    3    6    1    1    1
    6    1    5    1    2    4    1    1    2    1    1    7    1   13    1
    5    1    1    6   14    1    4    1    9    1    2    3    1    2    8
    1    1    2    1    9    1    1   12    1    2    6    1   14    2    1
   17    1    3    4    1    2    3    1    1   10    1    1    3    2    4
    6    2   15    1    1    1    9    1    1    1    7    1   12    1   11
    2    5    4    7    1    1    3    2    1    1    1    1   12    1    7
    2

YN00 paml/jobs/LOCW_00021305__LOC_00019276/LOCW_00021305__LOC_00019276.phy

ns =   2	ls = 389

Codon position x base (3x4) table for each sequence.

SEQ1                
position  1:    T:0.15938    C:0.21851    A:0.26992    G:0.35219
position  2:    T:0.26478    C:0.22365    A:0.32905    G:0.18252
position  3:    T:0.13368    C:0.38817    A:0.13111    G:0.34704

SEQ2                
position  1:    T:0.15938    C:0.22365    A:0.25964    G:0.35733
position  2:    T:0.25707    C:0.23136    A:0.32905    G:0.18252
position  3:    T:0.10026    C:0.41902    A:0.10026    G:0.38046

Average
position  1:    T:0.15938    C:0.22108    A:0.26478    G:0.35476
position  2:    T:0.26093    C:0.22751    A:0.32905    G:0.18252
position  3:    T:0.11697    C:0.40360    A:0.11568    G:0.36375

Codon usage for each species
----------------------------------------------------------------------
Phe TTT   2   3 | Ser TCT   3   0 | Tyr TAT   7   5 | Cys TGT   1   0
    TTC  15  12 |     TCC   7  11 |     TAC  11  13 |     TGC   2   3
Leu TTA   0   0 |     TCA   4   1 | *** TAA   0   0 | *** TGA   0   0
    TTG   7   7 |     TCG   2   6 |     TAG   0   0 | Trp TGG   1   1
----------------------------------------------------------------------
Leu CTT   3   3 | Pro CCT   3   1 | His CAT   0   0 | Arg CGT   1   1
    CTC  11  10 |     CCC  10  14 |     CAC   6   6 |     CGC   2   2
    CTA   3   2 |     CCA   5   4 | Gln CAA   2   1 |     CGA   1   1
    CTG  12  15 |     CCG   2   3 |     CAG  15  15 |     CGG   9   9
----------------------------------------------------------------------
Ile ATT   6   6 | Thr ACT   1   1 | Asn AAT   4   3 | Ser AGT   5   3
    ATC   8   8 |     ACC   8   8 |     AAC   8   8 |     AGC   8   7
    ATA   1   1 |     ACA   6   3 | Lys AAA   8   9 | Arg AGA   0   0
Met ATG  13  13 |     ACG   7   9 |     AAG  18  18 |     AGG   4   4
----------------------------------------------------------------------
Val GTT   1   1 | Ala GCT   6   4 | Asp GAT   7   7 | Gly GGT   2   1
    GTC   8   7 |     GCC  14  14 |     GAC  17  18 |     GGC  16  22
    GTA   0   0 |     GCA   6   4 | Glu GAA   7   6 |     GGA   8   7
    GTG  13  12 |     GCG   3   7 |     GAG  18  19 |     GGG  11  10
----------------------------------------------------------------------


Sums
------------------------------------------------------
Phe TTT   5 | Ser TCT   3 | Tyr TAT  12 | Cys TGT   1
    TTC  27 |     TCC  18 |     TAC  24 |     TGC   5
Leu TTA   0 |     TCA   5 | *** TAA   0 | *** TGA   0
    TTG  14 |     TCG   8 |     TAG   0 | Trp TGG   2
------------------------------------------------------
Leu CTT   6 | Pro CCT   4 | His CAT   0 | Arg CGT   2
    CTC  21 |     CCC  24 |     CAC  12 |     CGC   4
    CTA   5 |     CCA   9 | Gln CAA   3 |     CGA   2
    CTG  27 |     CCG   5 |     CAG  30 |     CGG  18
------------------------------------------------------
Ile ATT  12 | Thr ACT   2 | Asn AAT   7 | Ser AGT   8
    ATC  16 |     ACC  16 |     AAC  16 |     AGC  15
    ATA   2 |     ACA   9 | Lys AAA  17 | Arg AGA   0
Met ATG  26 |     ACG  16 |     AAG  36 |     AGG   8
------------------------------------------------------
Val GTT   2 | Ala GCT  10 | Asp GAT  14 | Gly GGT   3
    GTC  15 |     GCC  28 |     GAC  35 |     GGC  38
    GTA   0 |     GCA  10 | Glu GAA  13 |     GGA  15
    GTG  25 |     GCG  10 |     GAG  37 |     GGG  21
------------------------------------------------------



(A) Nei-Gojobori (1986) method



Nei & Gojobori 1986. dN/dS (dN, dS)
(Note: This matrix is not used in later ML. analysis.
Use runmode = -2 for ML pairwise comparison.)

SEQ1                
SEQ2                 0.1048 (0.0246 0.2350)


(B) Yang & Nielsen (2000) method

Yang Z, Nielsen R (2000) Estimating synonymous and nonsynonymous substitution rates under realistic evolutionary models. Mol. Biol. Evol. 17:32-43

(equal weighting of pathways)

seq. seq.     S       N        t   kappa   omega     dN +- SE    dS +- SE

   2    1   246.6   920.4   0.2421  4.3822  0.0810 0.0238 +- 0.0051  0.2932 +- 0.0452


(C) LWL85, LPB93 & LWLm methods

Li W.-H., C.-I. Wu, Luo (1985) A new method for estimating synonymous and nonsynonymous rates of nucleotide substitutions considering the relative likelihood of nucleotide and codon changes. Mol. Biol. Evol. 2: 150-174.
Li W-H (1993) Unbiased estimation of the rates of synonymous and nonsynonymous substitution. J. Mol. Evol. 36:96-99
Pamilo P, Bianchi NO (1993) Evolution of the Zfx and Zfy genes - rates and interdependence between the genes. Mol. Biol. Evol. 10:271-281
Yang Z (2006) Computational Molecular Evolution. Oxford University Press, Oxford. Eqs. 2.12 & 2.13

2 (SEQ2) vs. 1 (SEQ1)

L(i):      755.0     221.5     190.5  sum=   1167.0
Ns(i):   12.0000   19.0000   28.0000  sum=  59.0000
Nv(i):    8.0000    1.5000    9.5000  sum=  19.0000
A(i):     0.0163    0.0948    0.1844
B(i):     0.0107    0.0068    0.0525
LWL85:  dS =  0.2502 dN =  0.0243 w = 0.0970 S =  264.3 N =  902.7
LWL85m: dS =  0.1822 dN =  0.0272 w = 0.1495 S =  362.9 N =  804.1 (rho = 0.778)
LPB93:  dS =  0.1888 dN =  0.0261 w = 0.1384

