      2   2811

SEQ1                            ATG GCC CTA AAA TCA GGC ATG TGT CCT GGG AAC ACC TTT GCC TGT CGC AGT GGC CAG TGC GTG AGG AAG GAG AAC GCA GAG TGC GAC GCC CGG CAG GAC TGT GCA GAC GGC TCC GAC GAG GCA GAG TGC AAC TGT GGG GTT CGG CCA GCC ATG CAG GCA GCC CAC CGG ATA GTT GGG GGC TTG GAA GCC TCG CAG GGG GAG TTT CCT TGG CAA GTC AGC CTG AGA GAG AAC AAC GAG CAC TTC TGC GGG GCC ACC ATT CTG ACG GCA AAG TGG CTG GTG TCC GCA GCT CAT TGC TTC AAC GAG TTC CAG GAC CCC GGC ACC TGG ATG GCC TAT GCG GGC AGC ACC TGG CTG AGC AAC TCT GAT GGC CGC GCC GTG AAG GCT GCT GTG GGT CAC ATC CTC AGG CAC CCC TCC TAC AAC ACC GAC ACG GCA GAC TAT GAT GTG GCC CTG CTG CGG CTG GCG GAG CCC CTG GCC TTC TCC AAA TAC GTC CAG CCG GCC TGC CTG CCG GCC GCC TCC CAC ATC TTC CCC CCG GGC AAG AAG TGC CTC ATC TCC GGC TGG GGC TAC CTC AAG GAA GAC TTC CTG GTG AAG CCA GAG CTC CTC CAG AAG GCA ACG GTG GAG GTC CTG GAC CAG ACG CTG TGC GCC AGC CTG TAC GGC ACC GCG CTC ACC GAC CGG ATG GTC TGC GCC GGC TAC CTG GAG GGC AAG GTG GAC TCC TGC CAG GGG GAT TCC GGC GGC CCA CTG GTC TGC GAA GAG CCC TCT GGC CGC TTT TTC TTG GCG GGC ATC GTG AGC TGG GGC ATT GGC TGT GCG GAG GCC AAG CGC CCG GGG GTC TAC TCC CGA GTT ACC AAG CTC CGG GAC TGG ATC CTC GCC ACC ATC GCC ACC TTC ACG CCT CCC CTG CCC CTC CCC CGC CCT ACC ACA CCG GCC ACC ATG CCG CCT CCT GCC GCC TCA ACC GGG GGC ACC AGC ACC ACT GGC GAG CTC CAG CCT GGC TCT GCC ACC CCT GCC CTG GCC TCC ACA GCC ACC AGC AAG CCG GCC ACC ACG GCA CCC CGA GTG CAA GAG TGT GGC CGG CGA CCG GCA TTC TCC AAG CCC ATC AAA ATC GTG GGC GGC CTG GCT GCC TCC CGA GGG GAA GTC CCG TGG CAA GTC AGC CTG AAG GAG GGG CTC CGG CAC TTC TGT GGG GCC ACC ATC ATC GGG GAC CGC TGG CTG CTC TCG GCC GCG CAC TGC TTT AAC CAC ACC AAG GTG GAG TAC CTG ACG GCC TTT GCG GGC ACC ACC TTG CTG TCG GCC ATG GAG AGC TCC TCC GTG AAG GCC AGC GTG AGG CGC GTG GTG CCG CAC CCC GCC TAC AAC CCC ACC CTG CTG GAC TTC GAT GTG GCC GTG CTG GAG CTG GAA CGT GCC CTC CCC TTC GGC AAG GAC ATC CAG CCC GTC TGC CTC CCG CTC GCC ATC CAC AAG TTC CCT GTG GGC AGG AAG TGC ATG ATC TCT GGC TGG GGC AGC CTC CGG GAA GGG AAC GTC TCC AAG CCT GAG AAC CTG CAG CGC GCC TCT GTC GGC ATC ATC GAC CAG AAG ACT TGC AGT GTC CTC TAC AAC TTC TCC CTC ACC GAG CGG ATG ATC TGT GCC GGG TTC CTG GAG GGG AAG GTC GAC TCC TGC CAG GGT GAC TCA GGG GGG GCC CTG GCC TGC GAG GAG ACC CCG GGC GTG TTC TAC CTG GCG GGG CTG GTG AGT TGG GGC GTC GGC TGT GCG CAG GCC AAG AGG CCA GGG GTT TAT GCC CGC ATC ACC AAG CTC AAG GCG TGG ATC CTG GAC ACC GTC TCG CCC CAG CCC AGC ACA CTG GCC ATG CCC ACC GCC GAA GCC AGG GCC ACA CCC AGC ACC ACG GCT GCC GCC GCC ACC TCC AGC CGG CCT GTC CCT GGC CAA AGG ACT ACC CGG CTG GAC CCC AGC ACC AGC GCC GCC CCC GAG ACG ACA GCC AGC CCC CCA AGA ACC ACC TGG TTG CCA GCC GTG CCG TGC ACC CCG TCC ACC TTC AAG TGC TCC AGC AAA GTC TGC ATC GGG AAG GCA AAC CCG GAA TGC GAC GGC ATC ATG GAC TGC AGC AAC GGC CGG GAC GAG TCA GAC TGC AAC TGC GGC TTG ACC CCA GCT TCG GCC TCC AGC AAG ATC GTG GGG GGC AGC AGT GCG GGC CGT GCG GAG TGG CCG TGG CAG GCC AGC CTG TGG CTG CGG CGG AAG GAG CAC AAG TGC GGG GCC GTG GTG GTC GGC GAG CGG TGG CTG CTG TCG GCC GCC CAC TGC TTT GAT GTT CAC AGT GAC CCC AAG ATG TGG GTA GCC ATA CTG GGC ACC CCC TTC CTG AGT GGC CTC GAC GGG CAG GTG GAG AAG ATT GTC CAG ATC CAC AAG CAC CCC TTC TAC AAC CTC TAC ACC CTC GAC TAC GAC GTG GCA CTG CTG GAG CTG ACC TCA CGC CTG CGC TAC ACC AGC ACC GTC AAG CCC ATC TGC CTG CCA GAC AGC GCC CAC GTC TTC AGC GAG GGG ACA CGG TGC TTC ATC ACC GGC TGG GGC TCC ACC AAG GAG GGC GGG CTG ATG TCC AGG CAG CTG CAA CAG GCG GCC GTC CAA GTC ATT GGG GAG GGG GAC TGC CGG AGG TTC TAC CCC ATC CAG GTC AGC AGC AGG ATG GTC TGT GCC GGC CTC CCA CAG GGC GCC GTC GAC AGC TGC TCC GGT GAC GCC GGC GGC CCA TTG GCC TGC AAG GAG CCC TCG GGC CAC TGG TTC CTG GCG GGC ATC ACC AGC TGG GGC TAC GGC TGC GCA CGG CCT CAC TTC CCG GGA GTC TAC GCC AAA GTC ACA GCT GTG CGG GGC TGG ATC GGA CAG AAC CTG AAG GTC 
SEQ2                            ATG GCC CTA AAA TCA GGC ATG TGT CCT GGG AAC ACC TTT GCC TGT CGC AGT GGC CAG TGC GTG AGG AAG GAG AAC GCA GAG TGC GAC GCC CGG CAG GAC TGT GCA GAC GGC TCC GAC GAG GCA GAG TGC AAC TGT GGG GTT CGG CCA GCC ATG CAG GCA GCC CAC CGG ATA GTT GGG GGC TTG GAA GCC TCG CAG GGG GAG TTT CCT TGG CAA GTC AGC CTG AGA GAG AAC AAC GAG CAC TTC TGC GGG GCC ACC ATT CTG ACG GCA AAG TGG CTG GTG TCC GCA GCT CAT TGC TTC AAC GAG TTC CAG GAC CCC GGC ACC TGG ATG GCC TAT GCG GGC AGC ACC TGG CTG AGC AAC TCT GAT GGC CGC GCC GTG AAG GCT GCT GTG GGT CAC ATC CTC AGG CAC CCC TCC TAC AAC ACC GAC ACG GCA GAC TAT GAT GTG GCC CTG CTG CGG CTG GCG GAG CCC CTG GCC TTC TCC AAA TAC GTC CAG CCG GCC TGC CTG CCG GCC GCC TCC CAC ATC TTC CCC CCG GGC AAG AAG TGC CTC ATC TCC GGC TGG GGC TAC CTC AAG GAA GAC TTC CTG GTG AAG CCA GAG CTC CTC CAG AAG GCA ACG GTG GAG GTC CTG GAC CAG ACG CTG TGC GCC AGC CTG TAC GGC ACC GCG CTC ACC GAC CGG ATG GTC TGC GCC GGC TAC CTG GAG GGC AAG GTG GAC TCC TGC CAG GGG GAT TCC GGC GGC CCA CTG GTC TGC GAA GAG CCC TCT GGC CGC TTT TTC TTG GCG GGC ATC GTG AGC TGG GGC ATT GGC TGT GCG GAG GCC AAG CGC CCG GGG GTC TAC TCC CGA GTT ACC AAG CTC CGG GAC TGG ATC CTC GCC ACC ATC GCC ACC TTC ACG CCT CCC CTG CCC CTC CCC CGC CCT ACC ACA CCG GCC ACC ATG CCG CCT CCT GCC GCC TCA ACC GGG GGC ACC AGC ACC ACT GGC GAG CTC CAG CCT GGC TCT GCC ACC CCT GCC CTG GCC TCC ACA GCC ACC AGC AAG CCG GCC ACC ACG GCA CCC CGA GTG CAA GAG TGT GGC CGG CGA CCG GCA TTC TCC AAG CCC ATC AAA ATC GTG GGC GGC CTG GCT GCC TCC CGA GGG GAA GTC CCG TGG CAA GTC AGC CTG AAG GAG GGG CTC CGG CAC TTC TGT GGG GCC ACC ATC ATC GGG GAC CGC TGG CTG CTC TCG GCC GCG CAC TGC TTT AAC CAC ACC AAG GTG GAG TAC CTG ACG GCC TTT GCG GGC ACC ACC TTG CTG TCG GCC ATG GAG AGC TCC TCC GTG AAG GCC AGC GTG AGG CGC GTG GTG CCG CAC CCC GCC TAC AAC CCC ACC CTG CTG GAC TTC GAT GTG GCC GTG CTG GAG CTG GAA CGT GCC CTC CCC TTC GGC AAG GAC ATC CAG CCC GTC TGC CTC CCG CTC GCC ATC CAC AAG TTC CCT GTG GGC AGG AAG TGC ATG ATC TCT GGC TGG GGC AGC CTC CGG GAA GGG AAC GTC TCC AAG CCT GAG AAC CTG CAG CGC GCC TCT GTC GGC ATC ATC GAC CAG AAG ACT TGC AGT GTC CTC TAC AAC TTC TCC CTC ACC GAG CGG ATG ATC TGT GCC GGG TTC CTG GAG GGG AAG GTC GAC TCC TGC CAG GGT GAC TCA GGG GGG GCC CTG GCC TGC GAG GAG ACC CCG GGC GTG TTC TAC CTG GCG GGG CTG GTG AGT TGG GGC GTC GGC TGT GCG CAG GCC AAG AGG CCA GGG GTT TAT GCC CGC ATC ACC AAG CTC AAG GCG TGG ATC CTG GAC ACC GTC TCG CCC CAG CCC AGC ACA CTG GCC ATG CCC ACC GCC GAA GCC AGG GCC ACA CCC AGC ACC ACG GCT GCC GCC GCC ACC TCC AGC CGG CCT GTC CCT GGC CAA AGG ACT ACC CGG CTG GAC CCC AGC ACC AGC GCC GCC CCC GAG ACG ACA GCC AGC CCC CCA AGA ACC ACC TGG TTG CCA GCC GTG CCG TGC ACC CCG TCC ACC TTC AAG TGC TCC AGC AAA GTC TGC ATC GGG AAG GCA AAC CCG GAA TGC GAC GGC ATC ATG GAC TGC AGC AAC GGC CGG GAC GAG TCA GAC TGC AAC TGC GGC TTG ACC CCA GCT TCG GCC TCC AGC AAG ATC GTG GGG GGC AGC AGT GCG GGC CGT GCG GAG TGG CCG TGG CAG GCC AGC CTG TGG CTG CGG CGG AAG GAG CAC AAG TGC GGG GCC GTG GTG GTC GGC GAG CGG TGG CTG CTG TCG GCC GCC CAC TGC TTT GAT GTT CAC AGT GAC CCC AAG ATG TGG GTA GCC ATA CTG GGC ACC CCC TTC CTG AGT GGC CTC GAC GGG CAG GTG GAG AAG ATT GTC CAG ATC CAC AAG CAC CCC TTC TAC AAC CTC TAC ACC CTC GAC TAC GAC GTG GCA CTG CTG GAG CTG ACC TCA CGC CTG CGC TAC ACC AGC ACC GTC AAG CCC ATC TGC CTG CCA GAC AGC GCC CAC GTC TTC AGC GAG GGG ACA CGG TGC TTC ATC ACC GGC TGG GGC TCC ACC AAG GAG GGC GGG CTG ATG TCC AGG CAG CTG CAA CAG GCG GCC GTC CAA GTC ATT GGG GAG GGG GAC TGC CGG AGG TTC TAC CCC ATC CAG GTC AGC AGC AGG ATG GTC TGT GCC GGC CTC CCA CAG GGC GCC GTC GAC AGC TGC TCC GGT GAC GCC GGC GGC CCA TTG GCC TGC AAG GAG CCC TCG GGC CAC TGG TTC CTG GCG GGC ATC ACC AGC TGG GGC TAC GGC TGC GCA CGG CCT CAC TTC CCG GGA GTC TAC GCC AAA GTC ACA GCT GTG CGG GGC TGG ATC GGA CAG AAC CTG AAG GTC 



Printing out site pattern counts


         2        174  P

SEQ1                            AAA AAC AAG ACA ACC ACG ACT AGA AGC AGG AGT ATA ATC ATG ATT CAA CAC CAG CAT CCA CCC CCG CCT CGA CGC CGG CGT CTA CTC CTG GAA GAC GAG GAT GCA GCC GCG GCT GGA GGC GGG GGT GTA GTC GTG GTT TAC TAT TCA TCC TCG TCT TGC TGG TGT TTC TTG TTT 
SEQ2                            ... ... ... ... ... ... ... ... ... ... ... ... ... ... ... ... ... ... ... ... ... ... ... ... ... ... ... ... ... ... ... ... ... ... ... ... ... ... ... ... ... ... ... ... ... ... ... ... ... ... ... ... ... ... ... ... ... ... 

    5   18   37    7   45    9    3    2   29   10    6    2   27   14    4
    6   18   24    1   10   27   17   13    4   11   20    2    1   23   49
    8   32   36    5   13   67   14    7    2   55   27    3    1   29   28
    5   17    3    5   24    7    5   32   22   10   24    6    6

YN00 paml/jobs/LOCW_00021246__LOC_00019021/LOCW_00021246__LOC_00019021.phy

ns =   2	ls = 937

Codon position x base (3x4) table for each sequence.

SEQ1                
position  1:    T:0.17182    C:0.24120    A:0.23266    G:0.35432
position  2:    T:0.23372    C:0.29136    A:0.22412    G:0.25080
position  3:    T:0.07791    C:0.51014    A:0.07044    G:0.34152

SEQ2                
position  1:    T:0.17182    C:0.24120    A:0.23266    G:0.35432
position  2:    T:0.23372    C:0.29136    A:0.22412    G:0.25080
position  3:    T:0.07791    C:0.51014    A:0.07044    G:0.34152

Average
position  1:    T:0.17182    C:0.24120    A:0.23266    G:0.35432
position  2:    T:0.23372    C:0.29136    A:0.22412    G:0.25080
position  3:    T:0.07791    C:0.51014    A:0.07044    G:0.34152

Codon usage for each species
----------------------------------------------------------------------
Phe TTT   6   6 | Ser TCT   5   5 | Tyr TAT   3   3 | Cys TGT  10  10
    TTC  24  24 |     TCC  24  24 |     TAC  17  17 |     TGC  32  32
Leu TTA   0   0 |     TCA   5   5 | *** TAA   0   0 | *** TGA   0   0
    TTG   6   6 |     TCG   7   7 |     TAG   0   0 | Trp TGG  22  22
----------------------------------------------------------------------
Leu CTT   0   0 | Pro CCT  13  13 | His CAT   1   1 | Arg CGT   2   2
    CTC  23  23 |     CCC  27  27 |     CAC  18  18 |     CGC  11  11
    CTA   1   1 |     CCA  10  10 | Gln CAA   6   6 |     CGA   4   4
    CTG  49  49 |     CCG  17  17 |     CAG  24  24 |     CGG  20  20
----------------------------------------------------------------------
Ile ATT   4   4 | Thr ACT   3   3 | Asn AAT   0   0 | Ser AGT   6   6
    ATC  27  27 |     ACC  45  45 |     AAC  18  18 |     AGC  29  29
    ATA   2   2 |     ACA   7   7 | Lys AAA   5   5 | Arg AGA   2   2
Met ATG  14  14 |     ACG   9   9 |     AAG  37  37 |     AGG  10  10
----------------------------------------------------------------------
Val GTT   5   5 | Ala GCT   7   7 | Asp GAT   5   5 | Gly GGT   3   3
    GTC  29  29 |     GCC  67  67 |     GAC  32  32 |     GGC  55  55
    GTA   1   1 |     GCA  13  13 | Glu GAA   8   8 |     GGA   2   2
    GTG  28  28 |     GCG  14  14 |     GAG  36  36 |     GGG  27  27
----------------------------------------------------------------------


Sums
------------------------------------------------------
Phe TTT  12 | Ser TCT  10 | Tyr TAT   6 | Cys TGT  20
    TTC  48 |     TCC  48 |     TAC  34 |     TGC  64
Leu TTA   0 |     TCA  10 | *** TAA   0 | *** TGA   0
    TTG  12 |     TCG  14 |     TAG   0 | Trp TGG  44
------------------------------------------------------
Leu CTT   0 | Pro CCT  26 | His CAT   2 | Arg CGT   4
    CTC  46 |     CCC  54 |     CAC  36 |     CGC  22
    CTA   2 |     CCA  20 | Gln CAA  12 |     CGA   8
    CTG  98 |     CCG  34 |     CAG  48 |     CGG  40
------------------------------------------------------
Ile ATT   8 | Thr ACT   6 | Asn AAT   0 | Ser AGT  12
    ATC  54 |     ACC  90 |     AAC  36 |     AGC  58
    ATA   4 |     ACA  14 | Lys AAA  10 | Arg AGA   4
Met ATG  28 |     ACG  18 |     AAG  74 |     AGG  20
------------------------------------------------------
Val GTT  10 | Ala GCT  14 | Asp GAT  10 | Gly GGT   6
    GTC  58 |     GCC 134 |     GAC  64 |     GGC 110
    GTA   2 |     GCA  26 | Glu GAA  16 |     GGA   4
    GTG  56 |     GCG  28 |     GAG  72 |     GGG  54
------------------------------------------------------



(A) Nei-Gojobori (1986) method



Nei & Gojobori 1986. dN/dS (dN, dS)
(Note: This matrix is not used in later ML. analysis.
Use runmode = -2 for ML pairwise comparison.)

SEQ1                
SEQ2                -1.0000 (0.0000 0.0000)


(B) Yang & Nielsen (2000) method

Yang Z, Nielsen R (2000) Estimating synonymous and nonsynonymous substitution rates under realistic evolutionary models. Mol. Biol. Evol. 17:32-43

(equal weighting of pathways)

seq. seq.     S       N        t   kappa   omega     dN +- SE    dS +- SE

   2    1   455.6  2355.4  -0.0000  4.6000 99.0000 -0.0000 +- 0.0000 -0.0000 +- 0.0000


(C) LWL85, LPB93 & LWLm methods

Li W.-H., C.-I. Wu, Luo (1985) A new method for estimating synonymous and nonsynonymous rates of nucleotide substitutions considering the relative likelihood of nucleotide and codon changes. Mol. Biol. Evol. 2: 150-174.
Li W-H (1993) Unbiased estimation of the rates of synonymous and nonsynonymous substitution. J. Mol. Evol. 36:96-99
Pamilo P, Bianchi NO (1993) Evolution of the Zfx and Zfy genes - rates and interdependence between the genes. Mol. Biol. Evol. 10:271-281
Yang Z (2006) Computational Molecular Evolution. Oxford University Press, Oxford. Eqs. 2.12 & 2.13

2 (SEQ2) vs. 1 (SEQ1)

L(i):     1818.0     460.0     533.0  sum=   2811.0
Ns(i):    0.0000    0.0000    0.0000  sum=   0.0000
Nv(i):    0.0000    0.0000    0.0000  sum=   0.0000
A(i):     0.0000    0.0000    0.0000
B(i):    -0.0000   -0.0000   -0.0000
LWL85:  dS =  0.0000 dN =  0.0000 w =   -nan S =  686.3 N = 2124.7
LWL85m: dS =    -nan dN =    -nan w =   -nan S =   -nan N =   -nan (rho = -nan)
LPB93:  dS =  0.0000 dN =  0.0000 w =   -nan

