
Before deleting alignment gaps
      2   1197

SEQ1                            ATG GCG TCG CCT CAG CAC CTG CGC CCT CCC GCG --- --- --- --- --- CCG CCT GGC CTG CCG CTG CCG CCC GGC GCG GCG CGC GGC GCG GCG CTG CGC GTG CCC GCG CTG TGC GTG GCG TGG TAC GCG CTG AGC GCG GGC GGG AAC GTG GTG AAC AAG GTG CTG CTG GGC GCG TTC CCG CGG CCC GTG ACC GTG TCG CTG TGC CAC GTG CTG GGG CTG GTG GCG CTG CTG CCC CCG CTG CTG CGC GCC TGG CGC GTG CCC GCC GCC AGC CCC GCC CAG CTG CCC CCG CGC GCG TAC CCG CGC CTC ATC CTC CCG CTC GCC TTC GGC AAG TAC CTG GCC TCC GTC TCC GCC CAC GTC TCC CTC TGG CGC GTG CCC GTC TCC TAC GCC CAC ACC GTG AAG GCA ACC ATG CCG ATA TGG GTG GTC CTG CTG TCC AGA ATC ATC ATG AAG GAG AAG CAG ACG ACC AAG GTG TAT CTG TCC CTC ATC CCC ATC ATC GGC GGA GTC TTG CTG GCC ACG GTG ACG GAG CTC TCC TTT GAC ACG TGG GGA CTC GTC AGT GCT CTC GCG GCC ACC CTC TGC TTC TCG CTC CAG AAC ATC TTC TCC AAA AAG GTG CTG AGA GAT TCA CGG ATC CAC CAT CTC CGG CTG TTG AAC ATC CTT GGG TGC CAT GCC GTG TTT TTC ATG ATC CCC ACT TGG GTT CTG GTC GAC CTC TCT TCC TTT CTT GTG GAG AAT GAC TTG AGT TCG GTG GCT CAC TGG CCC TGG ACC ATC CTG CTC TTG GCC ATC AGC GGC TTC TGT AAC TTC GCC CAG AAC GTC ATT GCC TTC AGC ATC CTG AGC CTC ATC AGC CCG CTG AGC TAC TCG GTG GCC AAC GCC ACC AAA CGC ATC ACG GTC ATC AGC GTC TCC TTG GTC ATG CTG CGC AAC CCG GTC ACT GCC ACC AAC GTG CTG GGC ATG ATG ACG GCC ATC CTG GGT GTG TTC CTG TAC AAC AAG ACC AAG CAC GAT GCC AGC CAG GAA GCC AAG AAG CAG CTC CTG CCC ATC TCG ACG GGG GAT CTG GCC TGC CTG GAG CTG CAC TGG AGC GCC GCG GAC AAG TCT CGG AAC GGA CTC GCC TCC TTT GCG CAC CAT TAC GGG GGC CAG GGC AGC GCA GGC GTG GAC CCC TGC CAG CAC GGC CGG CAG AAC TAC CCT GCC CTG TAC AGT GCC AGC CGC TAC GAC ATC 
SEQ2                            ATG GCG TCG CCT CAG CAC CCG CGC CCT CCC GCG CCG CCG GGC CTG CCG CCG CCG GGC CTG CCG CCG CCG CCC GGC GCG GCG CGC GGC GCG GCG CTG CGC GTG CCC GCG CTG TGC GTG GCG TGG TAC GCG CTG AGC GCG GGC GGG AAC GTG GTG AAC AAG GTG CTG CTG GGC GCG TTC CCG CGG CCC GTG ACC GTG TCG CTG TGC CAC GTG CTG GGG CTG GTG GCG CTG CTG CCC CCG CTG CTG CGC GCC TGG CGC GTG CCC GCC GCC AGC CCC GCC CAG CTG CCC CCG CGC GCG TAC CCG CGC CTC ATC CTC CCG CTC GCC TTC GGC AAG TAC CTG GCC TCC GTC TCC GCC CAC GTC TCC CTC TGG CGC GTG CCC GTC TCC TAC GCC CAC ACC GTG AAG GCA ACC ATG CCC ATA TGG GTG GTC CTG CTG TCC AGA ATC ATC ATG AAG GAG AAG CAG ACG ACC AAG GTG TAT CTG TCC CTC ATC CCC ATC ATT GGC GGA GTC TTG CTG GCC ACG GTG ACG GAG CTC TCC TTT GAC ACG TGG GGA CTC GTC AGT GCT CTC GCG GCC ACC CTC TGC TTC TCG CTC CAG AAC ATC TTC TCC AAA AAG GTG CTG AGA GAT TCA CGG ATC CAC CAT CTC CGG CTG TTG AAC ATC CTT GGG TGC CAT GCC GTA TTT TTC ATG ATC CCC ACT TGG GTT CTG GTC GAC CTG TCT TCC TTT CTT GTG GAG AAT GAC TTG AGT TCG GTG GCT CAC TGG CCC TGG ACC ATC CTG CTC TTG GCC ATC AGC GGC TTC TGC AAC TTC GCC CAG AAC GTC ATT GCC TTC AGC ATC CTG AGC CTC ATC AGC CCG CTG AGC TAC TCC GTG GCC AAC GCC ACC AAG CGC ATC ACG GTC ATC AGC GTC TCC TTG GTC ATG CTG CGC AAC CCG GTC ACC GCC ACC AAC GTG CTG GGC ATG ATG ACG GCC ATC CTG GGT GTG TTC CTG TAC AAC AAG ACC AAG CAC GAT GCC AGC CAG GAA GCC AAG AAG CAG CTC CTG CCC ATC TCG ACG GGG GAT CTG GCC TGC CTG GAG CTG CAC TGG AGC GCC GCG GAC AAG TCT CGG AAC GGA CTC GCC TCC TTT GCG CAC CAT TAC GGG GGC CAG GGC AGC GCA GGC GTG GAC CCC TGC CAG CAC GGC CGG CAG AAC TAC CCT GCC CTG TAC AGT GCC AGC CGC TAC GAC ATC 



After deleting gaps. 1182 sites
      2   1182

SEQ1                            ATG GCG TCG CCT CAG CAC CTG CGC CCT CCC GCG CCG CCT GGC CTG CCG CTG CCG CCC GGC GCG GCG CGC GGC GCG GCG CTG CGC GTG CCC GCG CTG TGC GTG GCG TGG TAC GCG CTG AGC GCG GGC GGG AAC GTG GTG AAC AAG GTG CTG CTG GGC GCG TTC CCG CGG CCC GTG ACC GTG TCG CTG TGC CAC GTG CTG GGG CTG GTG GCG CTG CTG CCC CCG CTG CTG CGC GCC TGG CGC GTG CCC GCC GCC AGC CCC GCC CAG CTG CCC CCG CGC GCG TAC CCG CGC CTC ATC CTC CCG CTC GCC TTC GGC AAG TAC CTG GCC TCC GTC TCC GCC CAC GTC TCC CTC TGG CGC GTG CCC GTC TCC TAC GCC CAC ACC GTG AAG GCA ACC ATG CCG ATA TGG GTG GTC CTG CTG TCC AGA ATC ATC ATG AAG GAG AAG CAG ACG ACC AAG GTG TAT CTG TCC CTC ATC CCC ATC ATC GGC GGA GTC TTG CTG GCC ACG GTG ACG GAG CTC TCC TTT GAC ACG TGG GGA CTC GTC AGT GCT CTC GCG GCC ACC CTC TGC TTC TCG CTC CAG AAC ATC TTC TCC AAA AAG GTG CTG AGA GAT TCA CGG ATC CAC CAT CTC CGG CTG TTG AAC ATC CTT GGG TGC CAT GCC GTG TTT TTC ATG ATC CCC ACT TGG GTT CTG GTC GAC CTC TCT TCC TTT CTT GTG GAG AAT GAC TTG AGT TCG GTG GCT CAC TGG CCC TGG ACC ATC CTG CTC TTG GCC ATC AGC GGC TTC TGT AAC TTC GCC CAG AAC GTC ATT GCC TTC AGC ATC CTG AGC CTC ATC AGC CCG CTG AGC TAC TCG GTG GCC AAC GCC ACC AAA CGC ATC ACG GTC ATC AGC GTC TCC TTG GTC ATG CTG CGC AAC CCG GTC ACT GCC ACC AAC GTG CTG GGC ATG ATG ACG GCC ATC CTG GGT GTG TTC CTG TAC AAC AAG ACC AAG CAC GAT GCC AGC CAG GAA GCC AAG AAG CAG CTC CTG CCC ATC TCG ACG GGG GAT CTG GCC TGC CTG GAG CTG CAC TGG AGC GCC GCG GAC AAG TCT CGG AAC GGA CTC GCC TCC TTT GCG CAC CAT TAC GGG GGC CAG GGC AGC GCA GGC GTG GAC CCC TGC CAG CAC GGC CGG CAG AAC TAC CCT GCC CTG TAC AGT GCC AGC CGC TAC GAC ATC 
SEQ2                            ATG GCG TCG CCT CAG CAC CCG CGC CCT CCC GCG CCG CCG GGC CTG CCG CCG CCG CCC GGC GCG GCG CGC GGC GCG GCG CTG CGC GTG CCC GCG CTG TGC GTG GCG TGG TAC GCG CTG AGC GCG GGC GGG AAC GTG GTG AAC AAG GTG CTG CTG GGC GCG TTC CCG CGG CCC GTG ACC GTG TCG CTG TGC CAC GTG CTG GGG CTG GTG GCG CTG CTG CCC CCG CTG CTG CGC GCC TGG CGC GTG CCC GCC GCC AGC CCC GCC CAG CTG CCC CCG CGC GCG TAC CCG CGC CTC ATC CTC CCG CTC GCC TTC GGC AAG TAC CTG GCC TCC GTC TCC GCC CAC GTC TCC CTC TGG CGC GTG CCC GTC TCC TAC GCC CAC ACC GTG AAG GCA ACC ATG CCC ATA TGG GTG GTC CTG CTG TCC AGA ATC ATC ATG AAG GAG AAG CAG ACG ACC AAG GTG TAT CTG TCC CTC ATC CCC ATC ATT GGC GGA GTC TTG CTG GCC ACG GTG ACG GAG CTC TCC TTT GAC ACG TGG GGA CTC GTC AGT GCT CTC GCG GCC ACC CTC TGC TTC TCG CTC CAG AAC ATC TTC TCC AAA AAG GTG CTG AGA GAT TCA CGG ATC CAC CAT CTC CGG CTG TTG AAC ATC CTT GGG TGC CAT GCC GTA TTT TTC ATG ATC CCC ACT TGG GTT CTG GTC GAC CTG TCT TCC TTT CTT GTG GAG AAT GAC TTG AGT TCG GTG GCT CAC TGG CCC TGG ACC ATC CTG CTC TTG GCC ATC AGC GGC TTC TGC AAC TTC GCC CAG AAC GTC ATT GCC TTC AGC ATC CTG AGC CTC ATC AGC CCG CTG AGC TAC TCC GTG GCC AAC GCC ACC AAG CGC ATC ACG GTC ATC AGC GTC TCC TTG GTC ATG CTG CGC AAC CCG GTC ACC GCC ACC AAC GTG CTG GGC ATG ATG ACG GCC ATC CTG GGT GTG TTC CTG TAC AAC AAG ACC AAG CAC GAT GCC AGC CAG GAA GCC AAG AAG CAG CTC CTG CCC ATC TCG ACG GGG GAT CTG GCC TGC CTG GAG CTG CAC TGG AGC GCC GCG GAC AAG TCT CGG AAC GGA CTC GCC TCC TTT GCG CAC CAT TAC GGG GGC CAG GGC AGC GCA GGC GTG GAC CCC TGC CAG CAC GGC CGG CAG AAC TAC CCT GCC CTG TAC AGT GCC AGC CGC TAC GAC ATC 



Printing out site pattern counts


         2        183  P

SEQ1                            AAA AAA AAC AAG AAT ACC ACG ACT ACT AGA AGC AGT ATA ATC ATC ATG ATT CAC CAG CAT CCC CCG CCG CCT CCT CGC CGG CTC CTC CTG CTG CTT GAA GAC GAG GAT GCA GCC GCG GCT GGA GGC GGG GGT GTC GTG GTG GTT TAC TAT TCA TCC TCG TCG TCT TGC TGG TGT TTC TTG TTT 
SEQ2                            ... ..G ... ... ... ... ... ..C ... ... ... ... ... ... ..T ... ... ... ... ... ... ..C ... ..G ... ... ... ... ..G .C. ... ... ... ... ... ... ... ... ... ... ... ... ... ... ... ..A ... ... ... ... ... ... ..C ... ... ... ... ..C ... ... ... 

    1    1   12   12    1    9    7    1    1    2   12    3    1   18    1
    7    1   10   10    3   14    1   10    1    3   11    5   15    1    2
   34    2    1    6    4    3    2   25   16    2    3   13    5    1   12
    1   22    1   10    1    1   11    1    5    2    6    9    1    9    5
    4

YN00 paml/jobs/LOCW_00021346__LOC_00019359/LOCW_00021346__LOC_00019359.phy

ns =   2	ls = 394

Codon position x base (3x4) table for each sequence.

SEQ1                
position  1:    T:0.16497    C:0.30964    A:0.22843    G:0.29695
position  2:    T:0.34518    C:0.28426    A:0.19036    G:0.18020
position  3:    T:0.07868    C:0.49492    A:0.03046    G:0.39594

SEQ2                
position  1:    T:0.16497    C:0.30964    A:0.22843    G:0.29695
position  2:    T:0.34010    C:0.28934    A:0.19036    G:0.18020
position  3:    T:0.07360    C:0.50000    A:0.03046    G:0.39594

Average
position  1:    T:0.16497    C:0.30964    A:0.22843    G:0.29695
position  2:    T:0.34264    C:0.28680    A:0.19036    G:0.18020
position  3:    T:0.07614    C:0.49746    A:0.03046    G:0.39594

Codon usage for each species
----------------------------------------------------------------------
Phe TTT   4   4 | Ser TCT   2   2 | Tyr TAT   1   1 | Cys TGT   1   0
    TTC   9   9 |     TCC  11  12 |     TAC  10  10 |     TGC   6   7
Leu TTA   0   0 |     TCA   1   1 | *** TAA   0   0 | *** TGA   0   0
    TTG   5   5 |     TCG   6   5 |     TAG   0   0 | Trp TGG   9   9
----------------------------------------------------------------------
Leu CTT   2   2 | Pro CCT   4   3 | His CAT   3   3 | Arg CGT   0   0
    CTC  16  15 |     CCC  14  15 |     CAC  10  10 |     CGC  11  11
    CTA   0   0 |     CCA   0   0 | Gln CAA   0   0 |     CGA   0   0
    CTG  36  35 |     CCG  11  13 |     CAG  10  10 |     CGG   5   5
----------------------------------------------------------------------
Ile ATT   1   2 | Thr ACT   2   1 | Asn AAT   1   1 | Ser AGT   3   3
    ATC  19  18 |     ACC   9  10 |     AAC  12  12 |     AGC  12  12
    ATA   1   1 |     ACA   0   0 | Lys AAA   2   1 | Arg AGA   2   2
Met ATG   7   7 |     ACG   7   7 |     AAG  12  13 |     AGG   0   0
----------------------------------------------------------------------
Val GTT   1   1 | Ala GCT   2   2 | Asp GAT   3   3 | Gly GGT   1   1
    GTC  12  12 |     GCC  25  25 |     GAC   6   6 |     GGC  13  13
    GTA   0   1 |     GCA   2   2 | Glu GAA   1   1 |     GGA   3   3
    GTG  23  22 |     GCG  16  16 |     GAG   4   4 |     GGG   5   5
----------------------------------------------------------------------


Sums
------------------------------------------------------
Phe TTT   8 | Ser TCT   4 | Tyr TAT   2 | Cys TGT   1
    TTC  18 |     TCC  23 |     TAC  20 |     TGC  13
Leu TTA   0 |     TCA   2 | *** TAA   0 | *** TGA   0
    TTG  10 |     TCG  11 |     TAG   0 | Trp TGG  18
------------------------------------------------------
Leu CTT   4 | Pro CCT   7 | His CAT   6 | Arg CGT   0
    CTC  31 |     CCC  29 |     CAC  20 |     CGC  22
    CTA   0 |     CCA   0 | Gln CAA   0 |     CGA   0
    CTG  71 |     CCG  24 |     CAG  20 |     CGG  10
------------------------------------------------------
Ile ATT   3 | Thr ACT   3 | Asn AAT   2 | Ser AGT   6
    ATC  37 |     ACC  19 |     AAC  24 |     AGC  24
    ATA   2 |     ACA   0 | Lys AAA   3 | Arg AGA   4
Met ATG  14 |     ACG  14 |     AAG  25 |     AGG   0
------------------------------------------------------
Val GTT   2 | Ala GCT   4 | Asp GAT   6 | Gly GGT   2
    GTC  24 |     GCC  50 |     GAC  12 |     GGC  26
    GTA   1 |     GCA   4 | Glu GAA   2 |     GGA   6
    GTG  45 |     GCG  32 |     GAG   8 |     GGG  10
------------------------------------------------------



(A) Nei-Gojobori (1986) method



Nei & Gojobori 1986. dN/dS (dN, dS)
(Note: This matrix is not used in later ML. analysis.
Use runmode = -2 for ML pairwise comparison.)

SEQ1                
SEQ2                 0.0801 (0.0023 0.0289)


(B) Yang & Nielsen (2000) method

Yang Z, Nielsen R (2000) Estimating synonymous and nonsynonymous substitution rates under realistic evolutionary models. Mol. Biol. Evol. 17:32-43

(equal weighting of pathways)

seq. seq.     S       N        t   kappa   omega     dN +- SE    dS +- SE

   2    1   193.5   988.5   0.0289  3.3757  0.0418 0.0020 +- 0.0014  0.0484 +- 0.0164


(C) LWL85, LPB93 & LWLm methods

Li W.-H., C.-I. Wu, Luo (1985) A new method for estimating synonymous and nonsynonymous rates of nucleotide substitutions considering the relative likelihood of nucleotide and codon changes. Mol. Biol. Evol. 2: 150-174.
Li W-H (1993) Unbiased estimation of the rates of synonymous and nonsynonymous substitution. J. Mol. Evol. 36:96-99
Pamilo P, Bianchi NO (1993) Evolution of the Zfx and Zfy genes - rates and interdependence between the genes. Mol. Biol. Evol. 10:271-281
Yang Z (2006) Computational Molecular Evolution. Oxford University Press, Oxford. Eqs. 2.12 & 2.13

2 (SEQ2) vs. 1 (SEQ1)

L(i):      756.5     185.5     240.0  sum=   1182.0
Ns(i):    2.0000    3.0000    2.0000  sum=   7.0000
Nv(i):    0.0000    0.0000    4.0000  sum=   4.0000
A(i):     0.0027    0.0164    0.0085
B(i):    -0.0000   -0.0000    0.0170
LWL85:  dS =  0.0303 dN =  0.0023 w = 0.0751 S =  301.8 N =  880.2
LWL85m: dS =  0.0303 dN =  0.0023 w = 0.0751 S =  301.8 N =  880.2 (rho = 0.333)
LPB93:  dS =  0.0289 dN =  0.0027 w = 0.0917

