
Before deleting alignment gaps
      2   1572

SEQ1                            ATG CAC ACT GGT TAC GGC CTC GTC TCT AAA CAG AAG GTC CTG AAA CTT ATA AGA CAC CTT GGC TTT AGC CCC CCT TGT CCC TGT GTA TCT GCC ATG GAT CAA GAT TAC GAA AGA CGC CTT CTC TGC CAA ATC AAT ATC CAG AAT GAA AAC ATG ATG CCT TCT GTT GCA GAT ATG AGG AGA ACT CTG ACG CCT TCA AAC TCC CCC GTC TCC TCC CCC AGT AAA CAC GGT GAC AGG TTC ATT CCC TCC CGA GCT GGG GCA AAT TGG AGC ATC AGC TTC CAC AGG ATA AAC GAA AAT GAA AAG TCT CTA AGT CAA AAT CGA AAA GCA AAA GAT GCC ACC TCG GAC AAT GGC AAA GAT GGA CTA GCT TAT TCA GCC CTG CTA AAG AAC GAG CTC TTG GGA GCT GGA ATT GAG AAA GTG CAA GAC CCC CAG GCA GAA GAC AGG AGG CTG CAG CCC TCC ACG CCT GAG AAG AAG AGC CTC TTC ACA TAC TCC CTC ACC ACG AAA CGC TCC AGC TCA GAT GAC AGC AAT GAG GTG TCT CCA TAT TAT CTC TCC CCG GTC AGC AAC AAA AGC CAA AAG TTG CTA CGA TCC CCT CGA AAG CTA ACA AGG AAG ATC TCC AAG ATC CCG TTT AAA GTT CTG GAT GCC CCA GAA CTG CAG GAC GAC TTT TAC TTG AAT CTG GTG AAT TGG TCA TCT CTC AAT GTC CTC AGT GTT GGC CTT GGA ACC TGC GTC TAT CTC TGG AGT GCC TGC ACC AGC CAG GTG ACT CGG CTC TGC GAC CTC TCT GTG GAA GGC GAT TCA GTT ACC TCT GTG GGA TGG TCG GAG CGG GGC AAT TTG GTT GCA GTC GGG ACC CAC AAA GGT TTC GTA CAG ATC TGG GAT GCT GCA GCA GGA AAG AAG CTT TCT ATG CTG GAG GGT CAT ACA GCT AGA GTG GGT GCT CTG GCG TGG AAC GCG GAC CAG CTG TCT TCT GGC AGT CGG GAC CGG ATG ATC CTT CAG CGA GAC GTC CGG ACC CCT CCC TTG CAG TCT GAG CGG CGC CTC CAA GGC CAC AGG CAG GAG GTG TGC GGG CTG AAA TGG TCT ACA GAC CAC CAG CTT CTG GCA TCT GGG GGG AAT GAC AAC AAG CTC CTC GTC TGG AAC CAC TCC AGC CTC AGC CCC GTC CAG CAG TAC ACG GAC CAC CTC GCG GCA GTC AAA GCT ATT GCT TGG TCC CCC CAC CAG CAC GGG CTG CTG GCC TCT GGG GGC GGT ACA GCG GAT CGC TGC ATA CGT TTC TGG AAC ACA TTA ACC GGA CAG TCT TTG CAG TGC ATT GAC ACT GGG TCG CAG GTG TGC AAC CTT GCC TGG TCT AGG CAC GCC AAT GAG CTG GTG AGC ACT CAC GGA TAC TCG CAG AAC CAG ATT CTT GTC TGG AAA TAC CCA TCC TTG ACT CAG GTG GCA AAG CTA ACC GGG CAT TCG TAC AGA GTC CTC TAC CTG GCA ATG TCA CCT GAT GGG GAG GCT ATT GTA ACG GGA GCA GGG GAT GAG ACA CTC AGG TTT TGG AAC GTC TTC AGC AAA ACA CGC TCC ACC AAG GAG TCT GTT TCA GTC CTT AAC CTC TTC ACT CGG ATA CGG 
SEQ2                            --- --- --- --- --- --- --- --- --- --- --- --- --- --- --- --- --- --- --- --- --- --- --- --- --- --- --- --- --- --- --- ATG GAT CAA GAT TAC GAA AGG CGC CTT CTC CGC CAG ATA AAT ATC CAG AAT GAA AAC ATG ATG CCT TCT GTT GCA GAT ATG AGG AGA ACT CTG ACG CCT TCG AAC TCC CCT GTC TCC TCC CCC AGT AAA CAT GGT GAC AGA TTC ATT CCC TCC CGA GCT GGA GCA AAT TGG AGC ATC AGC TTC CAC AGG ATA AAT GAA AAT GAA AAG TCT CCA AGT CAA AAT AGG AAA GCA AAA GAT GTC ACC TCG GAC AAT GGC AAA GAT GGA CTA GCT TAT TCA GCC TTG CTA AAG AAC GAG CTC TTG GGA GCT GGA ATT GAG AAA GTG CAA GAC CCC CAG ACA GAG GAC AGG AGG CTG CAG CCC TCC ACA CCT GAG AAG AAG AGC CTC TTC ACA TAC TCC CTC ACC ACG AAA CGC TCC AGC CCA GAT GAC AGC AAT GAA GTC TCG CCA TAT TCT CTC TCC CCA GTC AGC AAC AAA AGC CAA AAG TTG CTA CGG TCC CCT CGA AAG CCA ACA AGG AAG ATC TCC AAG ATC CCA TTT AAA GTT CTG GAT GCC CCA GAG CTG CAG GAC GAC TTC TAC TTG AAT CTG GTG GAC TGG TCA TCT CTC AAT GTC CTC AGT GTC GGC CTT GGG ACT TGC GTC TAC CTC TGG AGT GCC TGC ACA AGC CAG GTG ACT CGG CTC TGC GAC CTC TCT GTG GAA GGC GAT TCA GTT ACC TCC GTG GGA TGG TCA GAG CGG GGC AAT TTG GTT GCA GTT GGG ACC CAC AAA GGT TTC GTA CAG ATC TGG GAT GCC GCA GCA GGA AAG AAG CTC TCT ATG CTG GAG GGT CAT ACG GCC AGA GTG GGT GCC CTG GCG TGG AAC GCG GAC CAG TTG TCC TCA GGC AGT CGG GAC CGG ATG ATC CTC CAG CGA GAC GTC CGG ACC CCT CCC TTG CAG TCC GAG CGG CGC CTC CAA GGC CAC AGG CAG GAA GTG TGC GGG CTG AAG TGG TCC ACA GAC CAC CAG CTC CTG GCA TCT GGC GGG AAT GAC AAC AAG CTC CTC GTC TGG AAC CAC TCC AGC CTC AGC CCC GTC CAG CAA TAC ACG GAG CAC CTC GCA GCA GTC AAA GCT ATT GCT TGG TCT CCC CAC CAG CAC GGA CTG CTG GCC TCC GGG GGC GGA ACG GCG GAC CGC TGC ATA CGT TTC TGG AAC ACG TTA ACC GGA CAG CCC TTG CAG TGC ATT GAC ACT GGG TCG CAG GTG TGC AAT CTC GCC TGG TCT AAG CAC GCC AAT GAG CTG GTG AGC ACT CAC GGA TAC TCG CAG AAC CAG ATT CTT GTC TGG AAA TAC CCG TCC TTG ACT CAG GTG GCA AAG CTA ACC GGG CAT TCA TAC AGA GTC CTC TAC CTG GCA ATG TCA CCT GAC GGG GAG GCT ATT GTA ACG GGA GCA GGA GAT GAG ACG CTC AGG TTT TGG AAC GTC TTC AGC AAA ACG CGC TCC ACC AAG GAG TCC GTT TCA GTC CTT AAC CTC TTC ACC CGG ATA CGG 



After deleting gaps. 1479 sites
      2   1479

SEQ1                            ATG GAT CAA GAT TAC GAA AGA CGC CTT CTC TGC CAA ATC AAT ATC CAG AAT GAA AAC ATG ATG CCT TCT GTT GCA GAT ATG AGG AGA ACT CTG ACG CCT TCA AAC TCC CCC GTC TCC TCC CCC AGT AAA CAC GGT GAC AGG TTC ATT CCC TCC CGA GCT GGG GCA AAT TGG AGC ATC AGC TTC CAC AGG ATA AAC GAA AAT GAA AAG TCT CTA AGT CAA AAT CGA AAA GCA AAA GAT GCC ACC TCG GAC AAT GGC AAA GAT GGA CTA GCT TAT TCA GCC CTG CTA AAG AAC GAG CTC TTG GGA GCT GGA ATT GAG AAA GTG CAA GAC CCC CAG GCA GAA GAC AGG AGG CTG CAG CCC TCC ACG CCT GAG AAG AAG AGC CTC TTC ACA TAC TCC CTC ACC ACG AAA CGC TCC AGC TCA GAT GAC AGC AAT GAG GTG TCT CCA TAT TAT CTC TCC CCG GTC AGC AAC AAA AGC CAA AAG TTG CTA CGA TCC CCT CGA AAG CTA ACA AGG AAG ATC TCC AAG ATC CCG TTT AAA GTT CTG GAT GCC CCA GAA CTG CAG GAC GAC TTT TAC TTG AAT CTG GTG AAT TGG TCA TCT CTC AAT GTC CTC AGT GTT GGC CTT GGA ACC TGC GTC TAT CTC TGG AGT GCC TGC ACC AGC CAG GTG ACT CGG CTC TGC GAC CTC TCT GTG GAA GGC GAT TCA GTT ACC TCT GTG GGA TGG TCG GAG CGG GGC AAT TTG GTT GCA GTC GGG ACC CAC AAA GGT TTC GTA CAG ATC TGG GAT GCT GCA GCA GGA AAG AAG CTT TCT ATG CTG GAG GGT CAT ACA GCT AGA GTG GGT GCT CTG GCG TGG AAC GCG GAC CAG CTG TCT TCT GGC AGT CGG GAC CGG ATG ATC CTT CAG CGA GAC GTC CGG ACC CCT CCC TTG CAG TCT GAG CGG CGC CTC CAA GGC CAC AGG CAG GAG GTG TGC GGG CTG AAA TGG TCT ACA GAC CAC CAG CTT CTG GCA TCT GGG GGG AAT GAC AAC AAG CTC CTC GTC TGG AAC CAC TCC AGC CTC AGC CCC GTC CAG CAG TAC ACG GAC CAC CTC GCG GCA GTC AAA GCT ATT GCT TGG TCC CCC CAC CAG CAC GGG CTG CTG GCC TCT GGG GGC GGT ACA GCG GAT CGC TGC ATA CGT TTC TGG AAC ACA TTA ACC GGA CAG TCT TTG CAG TGC ATT GAC ACT GGG TCG CAG GTG TGC AAC CTT GCC TGG TCT AGG CAC GCC AAT GAG CTG GTG AGC ACT CAC GGA TAC TCG CAG AAC CAG ATT CTT GTC TGG AAA TAC CCA TCC TTG ACT CAG GTG GCA AAG CTA ACC GGG CAT TCG TAC AGA GTC CTC TAC CTG GCA ATG TCA CCT GAT GGG GAG GCT ATT GTA ACG GGA GCA GGG GAT GAG ACA CTC AGG TTT TGG AAC GTC TTC AGC AAA ACA CGC TCC ACC AAG GAG TCT GTT TCA GTC CTT AAC CTC TTC ACT CGG ATA CGG 
SEQ2                            ATG GAT CAA GAT TAC GAA AGG CGC CTT CTC CGC CAG ATA AAT ATC CAG AAT GAA AAC ATG ATG CCT TCT GTT GCA GAT ATG AGG AGA ACT CTG ACG CCT TCG AAC TCC CCT GTC TCC TCC CCC AGT AAA CAT GGT GAC AGA TTC ATT CCC TCC CGA GCT GGA GCA AAT TGG AGC ATC AGC TTC CAC AGG ATA AAT GAA AAT GAA AAG TCT CCA AGT CAA AAT AGG AAA GCA AAA GAT GTC ACC TCG GAC AAT GGC AAA GAT GGA CTA GCT TAT TCA GCC TTG CTA AAG AAC GAG CTC TTG GGA GCT GGA ATT GAG AAA GTG CAA GAC CCC CAG ACA GAG GAC AGG AGG CTG CAG CCC TCC ACA CCT GAG AAG AAG AGC CTC TTC ACA TAC TCC CTC ACC ACG AAA CGC TCC AGC CCA GAT GAC AGC AAT GAA GTC TCG CCA TAT TCT CTC TCC CCA GTC AGC AAC AAA AGC CAA AAG TTG CTA CGG TCC CCT CGA AAG CCA ACA AGG AAG ATC TCC AAG ATC CCA TTT AAA GTT CTG GAT GCC CCA GAG CTG CAG GAC GAC TTC TAC TTG AAT CTG GTG GAC TGG TCA TCT CTC AAT GTC CTC AGT GTC GGC CTT GGG ACT TGC GTC TAC CTC TGG AGT GCC TGC ACA AGC CAG GTG ACT CGG CTC TGC GAC CTC TCT GTG GAA GGC GAT TCA GTT ACC TCC GTG GGA TGG TCA GAG CGG GGC AAT TTG GTT GCA GTT GGG ACC CAC AAA GGT TTC GTA CAG ATC TGG GAT GCC GCA GCA GGA AAG AAG CTC TCT ATG CTG GAG GGT CAT ACG GCC AGA GTG GGT GCC CTG GCG TGG AAC GCG GAC CAG TTG TCC TCA GGC AGT CGG GAC CGG ATG ATC CTC CAG CGA GAC GTC CGG ACC CCT CCC TTG CAG TCC GAG CGG CGC CTC CAA GGC CAC AGG CAG GAA GTG TGC GGG CTG AAG TGG TCC ACA GAC CAC CAG CTC CTG GCA TCT GGC GGG AAT GAC AAC AAG CTC CTC GTC TGG AAC CAC TCC AGC CTC AGC CCC GTC CAG CAA TAC ACG GAG CAC CTC GCA GCA GTC AAA GCT ATT GCT TGG TCT CCC CAC CAG CAC GGA CTG CTG GCC TCC GGG GGC GGA ACG GCG GAC CGC TGC ATA CGT TTC TGG AAC ACG TTA ACC GGA CAG CCC TTG CAG TGC ATT GAC ACT GGG TCG CAG GTG TGC AAT CTC GCC TGG TCT AAG CAC GCC AAT GAG CTG GTG AGC ACT CAC GGA TAC TCG CAG AAC CAG ATT CTT GTC TGG AAA TAC CCG TCC TTG ACT CAG GTG GCA AAG CTA ACC GGG CAT TCA TAC AGA GTC CTC TAC CTG GCA ATG TCA CCT GAC GGG GAG GCT ATT GTA ACG GGA GCA GGA GAT GAG ACG CTC AGG TTT TGG AAC GTC TTC AGC AAA ACG CGC TCC ACC AAG GAG TCC GTT TCA GTC CTT AAC CTC TTC ACC CGG ATA CGG 



Printing out site pattern counts


         2        327  P

SEQ1                            AAA AAA AAC AAC AAG AAT AAT ACA ACA ACC ACC ACC ACG ACG ACT ACT AGA AGA AGC AGG AGG AGG AGT ATA ATC ATC ATG ATT CAA CAA CAC CAC CAG CAG CAT CCA CCA CCC CCC CCG CCT CGA CGA CGA CGC CGG CGT CTA CTA CTC CTG CTG CTT CTT GAA GAA GAC GAC GAG GAG GAT GAT GCA GCA GCC GCC GCG GCG GCT GCT GGA GGA GGC GGG GGG GGG GGT GGT GTA GTC GTC GTG GTG GTT GTT TAC TAT TAT TAT TCA TCA TCA TCC TCC TCG TCG TCT TCT TCT TCT TCT TGC TGC TGG TTA TTC TTG TTT TTT 
SEQ2                            ... ..G ... ..T ... ... G.C ... ..G ..A ... ..T ..A ... ..C ... ... ..G ... .A. ..A ... ... ... ..A ... ... ... ... ..G ... ..T ..A ... ... ... ..G ... ..T ..A ... A.G ... ..G ... ... ... .C. ... ... ... T.. ..C ... ... ..G ... ..G ..A ... ..C ... A.. ... ... .T. ..A ... ..C ... ... ..G ... ..A ..C ... ..A ... ... ... ..T ..C ... ..C ... ... ..C ... .C. C.. ... ..G ... ..T ..A ... C.C ..A ..C ..G ... C.. ... ... ... ... ... ..C ... 

   12    1   11    2   13   12    1    3    5    1    8    1    1    4    1
    5    3    1   12    1    1    7    5    3    1    6    7    6    5    1
   10    1    1   19    2    2    1    7    1    2    6    1    3    1    5
    8    1    2    4   18   13    2    4    4    5    2   14    1    2   10
    2   10    1   11    6    1    1    3    3    6    8    1    7    3    1
    7    1    4    2   12    1    1   10    1    5    8    1    2    1    1
    5    1   13    1    2    3    1    1    6    1    7    1    7   13    1
    7    7    1    2

YN00 paml/jobs/LOCW_00021374__LOC_00019183/LOCW_00021374__LOC_00019183.phy

ns =   2	ls = 493

Codon position x base (3x4) table for each sequence.

SEQ1                
position  1:    T:0.18864    C:0.25152    A:0.27181    G:0.28803
position  2:    T:0.24341    C:0.24746    A:0.30223    G:0.20690
position  3:    T:0.20690    C:0.33063    A:0.17444    G:0.28803

SEQ2                
position  1:    T:0.18661    C:0.25152    A:0.27383    G:0.28803
position  2:    T:0.24138    C:0.25152    A:0.30223    G:0.20487
position  3:    T:0.17241    C:0.35700    A:0.17850    G:0.29209

Average
position  1:    T:0.18763    C:0.25152    A:0.27282    G:0.28803
position  2:    T:0.24239    C:0.24949    A:0.30223    G:0.20588
position  3:    T:0.18966    C:0.34381    A:0.17647    G:0.29006

Codon usage for each species
----------------------------------------------------------------------
Phe TTT   3   2 | Ser TCT  16   9 | Tyr TAT   4   2 | Cys TGT   0   0
    TTC   7   8 |     TCC  14  19 |     TAC   8   9 |     TGC   8   7
Leu TTA   1   1 |     TCA   7   8 | *** TAA   0   0 | *** TGA   0   0
    TTG   7   9 |     TCG   5   5 |     TAG   0   0 | Trp TGG  13  13
----------------------------------------------------------------------
Leu CTT   8   4 | Pro CCT   6   7 | His CAT   2   3 | Arg CGT   1   1
    CTC  18  22 |     CCC   8   8 |     CAC  11  10 |     CGC   5   6
    CTA   6   4 |     CCA   3   7 | Gln CAA   6   6 |     CGA   5   3
    CTG  15  13 |     CCG   2   1 |     CAG  20  20 |     CGG   8   9
----------------------------------------------------------------------
Ile ATT   6   6 | Thr ACT   6   6 | Asn AAT  13  14 | Ser AGT   5   5
    ATC   7   6 |     ACC  10   9 |     AAC  13  11 |     AGC  12  12
    ATA   3   4 |     ACA   8   6 | Lys AAA  13  12 | Arg AGA   4   4
Met ATG   7   7 |     ACG   5   9 |     AAG  13  15 |     AGG   9   9
----------------------------------------------------------------------
Val GTT   6   6 | Ala GCT   9   6 | Asp GAT  12  10 | Gly GGT   5   4
    GTC  13  15 |     GCC   7   9 |     GAC  15  17 |     GGC   7   8
    GTA   2   2 |     GCA  12  12 | Glu GAA   7   7 |     GGA   9  12
    GTG  11  10 |     GCG   4   3 |     GAG  12  13 |     GGG  11   8
----------------------------------------------------------------------


Sums
------------------------------------------------------
Phe TTT   5 | Ser TCT  25 | Tyr TAT   6 | Cys TGT   0
    TTC  15 |     TCC  33 |     TAC  17 |     TGC  15
Leu TTA   2 |     TCA  15 | *** TAA   0 | *** TGA   0
    TTG  16 |     TCG  10 |     TAG   0 | Trp TGG  26
------------------------------------------------------
Leu CTT  12 | Pro CCT  13 | His CAT   5 | Arg CGT   2
    CTC  40 |     CCC  16 |     CAC  21 |     CGC  11
    CTA  10 |     CCA  10 | Gln CAA  12 |     CGA   8
    CTG  28 |     CCG   3 |     CAG  40 |     CGG  17
------------------------------------------------------
Ile ATT  12 | Thr ACT  12 | Asn AAT  27 | Ser AGT  10
    ATC  13 |     ACC  19 |     AAC  24 |     AGC  24
    ATA   7 |     ACA  14 | Lys AAA  25 | Arg AGA   8
Met ATG  14 |     ACG  14 |     AAG  28 |     AGG  18
------------------------------------------------------
Val GTT  12 | Ala GCT  15 | Asp GAT  22 | Gly GGT   9
    GTC  28 |     GCC  16 |     GAC  32 |     GGC  15
    GTA   4 |     GCA  24 | Glu GAA  14 |     GGA  21
    GTG  21 |     GCG   7 |     GAG  25 |     GGG  19
------------------------------------------------------



(A) Nei-Gojobori (1986) method



Nei & Gojobori 1986. dN/dS (dN, dS)
(Note: This matrix is not used in later ML. analysis.
Use runmode = -2 for ML pairwise comparison.)

SEQ1                
SEQ2                 0.0476 (0.0099 0.2082)


(B) Yang & Nielsen (2000) method

Yang Z, Nielsen R (2000) Estimating synonymous and nonsynonymous substitution rates under realistic evolutionary models. Mol. Biol. Evol. 17:32-43

(equal weighting of pathways)

seq. seq.     S       N        t   kappa   omega     dN +- SE    dS +- SE

   2    1   457.3  1021.7   0.1775 17.1674  0.0650 0.0109 +- 0.0033  0.1671 +- 0.0222


(C) LWL85, LPB93 & LWLm methods

Li W.-H., C.-I. Wu, Luo (1985) A new method for estimating synonymous and nonsynonymous rates of nucleotide substitutions considering the relative likelihood of nucleotide and codon changes. Mol. Biol. Evol. 2: 150-174.
Li W-H (1993) Unbiased estimation of the rates of synonymous and nonsynonymous substitution. J. Mol. Evol. 36:96-99
Pamilo P, Bianchi NO (1993) Evolution of the Zfx and Zfy genes - rates and interdependence between the genes. Mol. Biol. Evol. 10:271-281
Yang Z (2006) Computational Molecular Evolution. Oxford University Press, Oxford. Eqs. 2.12 & 2.13

2 (SEQ2) vs. 1 (SEQ1)

L(i):      952.5     275.0     251.5  sum=   1479.0
Ns(i):    9.0000   19.5000   38.5000  sum=  67.0000
Nv(i):    1.0000    3.0000    6.0000  sum=  10.0000
A(i):     0.0095    0.0774    0.1880
B(i):     0.0011    0.0110    0.0244
LWL85:  dS =  0.2177 dN =  0.0116 w = 0.0531 S =  343.2 N = 1135.8
LWL85m: dS =  0.1510 dN =  0.0133 w = 0.0884 S =  494.9 N =  984.1 (rho = 0.885)
LPB93:  dS =  0.1547 dN =  0.0128 w = 0.0830

