      2   1545

SEQ1                            ATG TAT AGC ATT ACG AAG CAA TAT GAC AGC CCC CCC ACC GGA TAT GGC CCC CCT GGA GAG GAC TAC GGG TAT GAC ATC CAC TCG GCT GGC CCC GGC TCC TAC TAC GTA GAA GAT GTG CCC CAA TAT TTT TAC AAG TGG AAC TCT CCC CCT GGC ATC ATC CGC ATC TTG GAG GCC TTC GGC CTC CTG CTG TGC GTC GCC ATC TTT GCT TGT GTG GCG TCC ACC CTA GCC TGG GAG TAT GGC TAT GGC TAT GGC GGG CTT TAT GGC GGG AGC ATG GGC GGC TAC TAC GGG AAC GGC CTC GGC GGG GGC GGG GGC TAC TAC GGG GGT GGC CTC GGA GGG GCG TAC GGA GGC GGT TAC GGA GGC TAC TAC GGA GGC GTG ACG AAC CCC CGC TCC GCC AAC GGC TTC ATG ATC GCC ATG TCG GTG CTG TGC TTC ATC GCC CTC CTG GCT CTG GCC ATC ACC AGC CTC ACC AAG TCC AGC GGC TCC CGT TCC AGG AGG TTC TAC TTG GTG GTC ATC GTC GTG TGC GCC ATC ATG GCC TTC ATC ATG CTC ATC GCC TCC ATC GTC TAC ATC ATG GGG GTC AAC CCA CGG GCC CAG ATG TCG GGC AGC TAC TAC TAC AAC AGC AAC CCC ATG CTG GCC ATG TGC AAC CAG ATC TAC ACC ACC GGG GCC TAC TTC AAC CAG TAC CTC TAC CAC TAC TGC ACT GTT GAC CCG CAG GAG GCC ATT GCC ATC GTC TGT GGT TTC CTC CTC GTC ATC CTC CTC TGC ATC ATT TGT TTC TTT GCC CAC AAG ACG CGC CAG AAG ATC TGG AGG TTT GGA AAG GCC AAC ATT TAC TGG GAC CGG CCG GTT GCG TTC CAG GAG GGG CCC AAC GTG GAA GAG TGG GTG AAG AAC GTT GCT GAC AGG GCT AGC ACG CAT GAT GAG ACG GCC ACC TTG GCT TAC TCG GAA AAG CCC ATG AGT CCC GTC AAC GCC CCA GCC AGC CCC TAC AAC TAC AGA GCC CCC CCA AAT GGC TAC TAC ACT ACA GAA AAC GAG AGC AGC CTG CCT TTG CAC ACA TCC CCT GAC GGC AAG GCC GCC CGG ACG TTT AGT TCC AGC ACG TTG GAA GAG AAA GCC AAG GAG AGC TCC GGC AAG CCC TCC GCC CGC CGG GGA CGG AGA CGG AGG AGG AAC CCC GAG CTG GAG GAA TCC CAG TAC GAG ACC GAC TAC ACC ACT GCA GTG GAG TCC AGT GAC GAG CGG GAC CAG GAT GAA TGG AGC AGC CTG TAC CCG CCC ATC ACG TCG GAC GGA GTC CGC CAG AAG TAC AAG CAA GAG TTT GAT ACT GAC CTC AAA CAC TAC AAG CAG CTG TGC GCC GAA ATG GAT GCC ATC AAC GAC CAG ATC AAC CAG CTC AGC AAA CAG CTG GAC CAT TTG CCG GAA GGC AGC TTG CAA TAC CAG GGT GTG GCT GAA GAA TAC AAC CGG CTG AAA GAT CTG AAG CGA ACT CCC GAC TAC CAG AGC AAG AAG ATG GAA ACC AAA TCA CTA AGA AAC AAG CTG TTC CAC ATC AAG CGG ATG GTG AGC GAA TAT GAC AAG CAC AGA GGC 
SEQ2                            ATG TAT AGC ATT ACG AAG CAA TAT GAC AGC CCC CCC ACC GGA TAT GGC CCC CCT GGA GAG GAC TAC GGG TAT GAC ATC CAC TCG GCT GGC CCC GGC TCC TAC TAC GTA GAA GAT GTG CCC CAA TAT TTT TAC AAG TGG AAC TCT CCC CCT GGC ATC ATC CGC ATC TTG GAG GCC TTC GGC CTC CTG CTG TGC GTC GCC ATC TTT GCT TGT GTG GCG TCC ACC CTA GCC TGG GAG TAT GGC TAT GGC TAT GGC GGG CTT TAT GGC GGG AGC ATG GGC GGC TAC TAC GGG AAC GGC CTC GGC GGG GGC GGG GGC TAC TAC GGG GGT GGC CTC GGA GGG GCG TAC GGA GGC GGT TAC GGA GGC TAC TAC GGA GGC GTG ACG AAC CCC CGC TCC GCC AAC GGC TTC ATG ATC GCC ATG TCG GTG CTG TGC TTC ATC GCC CTC CTG GCT CTG GCC ATC ACC AGC CTC ACC AAG TCC AGC GGC TCC CGT TCC AGG AGG TTC TAC TTG GTG GTC ATC GTC GTG TGC GCC ATC ATG GCC TTC ATC ATG CTC ATC GCC TCC ATC GTC TAC ATC ATG GGG GTC AAC CCA CGG GCC CAG ATG TCG GGC AGC TAC TAC TAC AAC AGC AAC CCC ATG CTG GCC ATG TGC AAC CAG ATC TAC ACC ACC GGG GCC TAC TTC AAC CAG TAC CTC TAC CAC TAC TGC ACT GTT GAC CCG CAG GAG GCC ATT GCC ATC GTC TGT GGT TTC CTC CTC GTC ATC CTC CTC TGC ATC ATT TGT TTC TTT GCC CAC AAG ACG CGC CAG AAG ATC TGG AGG TTT GGA AAG GCC AAC ATT TAC TGG GAC CGG CCG GTT GCG TTC CAG GAG GGG CCC AAC GTG GAA GAG TGG GTG AAG AAC GTT GCT GAC AGG GCT AGC ACG CAT GAT GAG ACG GCC ACC TTG GCT TAC TCG GAA AAG CCC ATG AGT CCC GTC AAC GCC CCA GCC AGC CCC TAC AAC TAC AGA GCC CCC CCA AAT GGC TAC TAC ACT ACA GAA AAC GAG AGC AGC CTG CCT TTG CAC ACA TCC CCT GAC GGC AAG GCC GCC CGG ACG TTT AGT TCC AGC ACG TTG GAA GAG AAA GCC AAG GAG AGC TCC GGC AAG CCC TCC GCC CGC CGG GGA CGG AGA CGG AGG AGG AAC CCC GAG CTG GAG GAA TCC CAG TAC GAG ACC GAC TAC ACC ACT GCA GTG GAG TCC AGT GAC GAG CGG GAC CAG GAT GAA TGG AGC AGC CTG TAC CCG CCC ATC ACG TCG GAC GGA GTC CGC CAG AAG TAC AAG CAA GAG TTT GAT ACT GAC CTC AAA CAC TAC AAG CAG CTG TGC GCC GAA ATG GAT GCC ATC AAC GAC CAG ATC AAC CAG CTC AGC AAA CAG CTG GAC CAT TTG CCG GAA GGC AGC TTG CAA TAC CAG GGT GTG GCT GAA GAA TAC AAC CGG CTG AAA GAT CTG AAG CGA ACT CCC GAC TAC CAG AGC AAG AAG ATG GAA ACC AAA TCA CTA AGA AAC AAG CTG TTC CAC ATC AAG CGG ATG GTG AGC GAA TAT GAC AAG CAC AGA GGC 



Printing out site pattern counts


         2        177  P

SEQ1                            AAA AAC AAG AAT ACA ACC ACG ACT AGA AGC AGG AGT ATC ATG ATT CAA CAC CAG CAT CCA CCC CCG CCT CGA CGC CGG CGT CTA CTC CTG CTT GAA GAC GAG GAT GCA GCC GCG GCT GGA GGC GGG GGT GTA GTC GTG GTT TAC TAT TCA TCC TCG TCT TGC TGG TGT TTC TTG TTT 
SEQ2                            ... ... ... ... ... ... ... ... ... ... ... ... ... ... ... ... ... ... ... ... ... ... ... ... ... ... ... ... ... ... ... ... ... ... ... ... ... ... ... ... ... ... ... ... ... ... ... ... ... ... ... ... ... ... ... ... ... ... ... 

    5   20   20    1    2   10    8    5    4   19    6    3   23   14    4
    4    7   15    2    3   17    4    4    1    5    9    1    2   13   14
    1   13   16   16    6    1   27    3    7    9   27   11    4    1    9
   11    3   36   10    1   13    5    1    7    6    3   10    7    6

YN00 paml/jobs/LOCW_00021272__LOC_00019047/LOCW_00021272__LOC_00019047.phy

ns =   2	ls = 515

Codon position x base (3x4) table for each sequence.

SEQ1                
position  1:    T:0.20388    C:0.19806    A:0.27961    G:0.31845
position  2:    T:0.22913    C:0.21553    A:0.33204    G:0.22330
position  3:    T:0.11845    C:0.50291    A:0.08932    G:0.28932

SEQ2                
position  1:    T:0.20388    C:0.19806    A:0.27961    G:0.31845
position  2:    T:0.22913    C:0.21553    A:0.33204    G:0.22330
position  3:    T:0.11845    C:0.50291    A:0.08932    G:0.28932

Average
position  1:    T:0.20388    C:0.19806    A:0.27961    G:0.31845
position  2:    T:0.22913    C:0.21553    A:0.33204    G:0.22330
position  3:    T:0.11845    C:0.50291    A:0.08932    G:0.28932

Codon usage for each species
----------------------------------------------------------------------
Phe TTT   6   6 | Ser TCT   1   1 | Tyr TAT  10  10 | Cys TGT   3   3
    TTC  10  10 |     TCC  13  13 |     TAC  36  36 |     TGC   7   7
Leu TTA   0   0 |     TCA   1   1 | *** TAA   0   0 | *** TGA   0   0
    TTG   7   7 |     TCG   5   5 |     TAG   0   0 | Trp TGG   6   6
----------------------------------------------------------------------
Leu CTT   1   1 | Pro CCT   4   4 | His CAT   2   2 | Arg CGT   1   1
    CTC  13  13 |     CCC  17  17 |     CAC   7   7 |     CGC   5   5
    CTA   2   2 |     CCA   3   3 | Gln CAA   4   4 |     CGA   1   1
    CTG  14  14 |     CCG   4   4 |     CAG  15  15 |     CGG   9   9
----------------------------------------------------------------------
Ile ATT   4   4 | Thr ACT   5   5 | Asn AAT   1   1 | Ser AGT   3   3
    ATC  23  23 |     ACC  10  10 |     AAC  20  20 |     AGC  19  19
    ATA   0   0 |     ACA   2   2 | Lys AAA   5   5 | Arg AGA   4   4
Met ATG  14  14 |     ACG   8   8 |     AAG  20  20 |     AGG   6   6
----------------------------------------------------------------------
Val GTT   3   3 | Ala GCT   7   7 | Asp GAT   6   6 | Gly GGT   4   4
    GTC   9   9 |     GCC  27  27 |     GAC  16  16 |     GGC  27  27
    GTA   1   1 |     GCA   1   1 | Glu GAA  13  13 |     GGA   9   9
    GTG  11  11 |     GCG   3   3 |     GAG  16  16 |     GGG  11  11
----------------------------------------------------------------------


Sums
------------------------------------------------------
Phe TTT  12 | Ser TCT   2 | Tyr TAT  20 | Cys TGT   6
    TTC  20 |     TCC  26 |     TAC  72 |     TGC  14
Leu TTA   0 |     TCA   2 | *** TAA   0 | *** TGA   0
    TTG  14 |     TCG  10 |     TAG   0 | Trp TGG  12
------------------------------------------------------
Leu CTT   2 | Pro CCT   8 | His CAT   4 | Arg CGT   2
    CTC  26 |     CCC  34 |     CAC  14 |     CGC  10
    CTA   4 |     CCA   6 | Gln CAA   8 |     CGA   2
    CTG  28 |     CCG   8 |     CAG  30 |     CGG  18
------------------------------------------------------
Ile ATT   8 | Thr ACT  10 | Asn AAT   2 | Ser AGT   6
    ATC  46 |     ACC  20 |     AAC  40 |     AGC  38
    ATA   0 |     ACA   4 | Lys AAA  10 | Arg AGA   8
Met ATG  28 |     ACG  16 |     AAG  40 |     AGG  12
------------------------------------------------------
Val GTT   6 | Ala GCT  14 | Asp GAT  12 | Gly GGT   8
    GTC  18 |     GCC  54 |     GAC  32 |     GGC  54
    GTA   2 |     GCA   2 | Glu GAA  26 |     GGA  18
    GTG  22 |     GCG   6 |     GAG  32 |     GGG  22
------------------------------------------------------



(A) Nei-Gojobori (1986) method



Nei & Gojobori 1986. dN/dS (dN, dS)
(Note: This matrix is not used in later ML. analysis.
Use runmode = -2 for ML pairwise comparison.)

SEQ1                
SEQ2                -1.0000 (0.0000 0.0000)


(B) Yang & Nielsen (2000) method

Yang Z, Nielsen R (2000) Estimating synonymous and nonsynonymous substitution rates under realistic evolutionary models. Mol. Biol. Evol. 17:32-43

(equal weighting of pathways)

seq. seq.     S       N        t   kappa   omega     dN +- SE    dS +- SE

   2    1   274.4  1270.6  -0.0000  4.6000 99.0000 -0.0000 +- 0.0000 -0.0000 +- 0.0000


(C) LWL85, LPB93 & LWLm methods

Li W.-H., C.-I. Wu, Luo (1985) A new method for estimating synonymous and nonsynonymous rates of nucleotide substitutions considering the relative likelihood of nucleotide and codon changes. Mol. Biol. Evol. 2: 150-174.
Li W-H (1993) Unbiased estimation of the rates of synonymous and nonsynonymous substitution. J. Mol. Evol. 36:96-99
Pamilo P, Bianchi NO (1993) Evolution of the Zfx and Zfy genes - rates and interdependence between the genes. Mol. Biol. Evol. 10:271-281
Yang Z (2006) Computational Molecular Evolution. Oxford University Press, Oxford. Eqs. 2.12 & 2.13

2 (SEQ2) vs. 1 (SEQ1)

L(i):     1007.0     306.0     232.0  sum=   1545.0
Ns(i):    0.0000    0.0000    0.0000  sum=   0.0000
Nv(i):    0.0000    0.0000    0.0000  sum=   0.0000
A(i):     0.0000    0.0000    0.0000
B(i):    -0.0000   -0.0000   -0.0000
LWL85:  dS =  0.0000 dN =  0.0000 w =   -nan S =  334.0 N = 1211.0
LWL85m: dS =    -nan dN =    -nan w =   -nan S =   -nan N =   -nan (rho = -nan)
LPB93:  dS =  0.0000 dN =  0.0000 w =   -nan

