      2    432

SEQ1                            ATG CGC GGC TTG GCG GCG GCT GCG CGC GCA GCC TCC TTC CCT CTT CCG GTG AGG ACT CGA GCG CGC GGG AGC TGC AGA CAT GGC GAT CCG CTA CCC GAT GGC CGT CGG CCT GAA CAA AGG CCA CAA AGT GAC GAA GAA CGT CTC GAA ACC GCG CCA GTG CCG ACG CCG TGG GCG CCT TAC CAA GCA CAC CAA GTT TGT GCG GGA CAT GAT CTG GGA GGT GTG CGG CTT CGC ACC GTA CGA GAG GCG GGC GAT GGA ATT GCT CAA GGT CTC CAA AGA CAA GCG GGC GCT GAA ATT CAT CAA GAA AAG GGT GGG GAC CCA CAT CCG GGC CAA GAG GAA GCG GGA AGA GCT CAG CAA CGT CCT GGC GGC CAT GAG GAA AGC GGC GGC CAA GAA GGA CTA GCA TCT GAG GCC CTT TGT CCC AAT AAA GCT TCA TTT 
SEQ2                            ATG CGC GGC TTG GCG GCG GCT GCG CGC GCA GCC TCC TTC CCT CTT CCG GCG AGG ACT CGA GCG CGC GGG AGC TGC AGA CAT GGC GAT CCG CTA CCC GAT GGC CGT CGG CCT GAA CAA AGG CCA CAA AGT GAC GAA GAA CGT CTC GAA ACC GCG CCA GTG CCG ACG CCG TGG GCG CCT TAC CAA GCA CAC CAA GTT TGT GCG GGA CAT GAT CCG GGA GGT GTG CGG CTT CGC ACC GTA CGA GAG GCG GGC GAT GGA ATT GCT CAA GGT CTC CAA AGA CAA GCG GGC GCT GAA ATT CAT CAA GAA AAG GGT GGG GAC CCA CAT CCG GGC CAA GAG GAA GCG GGA AGA GCT CAG CAA CGT CCT GGC GGC CAT GAG GAA AGC GGC GGC CAA GAA GGA CTA GCA TCC GAG GCC CTT TGT CCC AAT AAA GCT TCA TTT 



Printing out site pattern counts


         2        162  P

SEQ1                            AAA AAG AAT ACC ACG ACT AGA AGC AGG AGT ATG ATT CAA CAC CAG CAT CCA CCC CCG CCT CGA CGC CGG CGT CTA CTC CTG CTT GAA GAC GAG GAT GCA GCC GCG GCT GGA GGC GGG GGT GTA GTG GTG GTT TAC TCA TCC TCT TGC TGG TGT TTC TTG TTT 
SEQ2                            ... ... ... ... ... ... ... ... ... ... ... ... ... ... ... ... ... ... ... ... ... ... ... ... ... ... .C. ... ... ... ... ... ... ... ... ... ... ... ... ... ... .C. ... ... ... ... ... ..C ... ... ... ... ... ... 

    1    1    1    2    1    1    3    2    2    1    1    2   11    1    1
    5    3    2    5    4    2    4    2    3    2    2    1    3    9    2
    4    4    3    2   10    5    5   10    2    3    1    1    2    1    1
    1    1    1    1    1    2    1    1    1

YN00 paml/jobs/LOCW_00021361__LOC_00019377/LOCW_00021361__LOC_00019377.phy

ns =   2	ls = 144

Codon position x base (3x4) table for each sequence.

SEQ1                
position  1:    T:0.07639    C:0.35417    A:0.12500    G:0.44444
position  2:    T:0.13194    C:0.28472    A:0.28472    G:0.29861
position  3:    T:0.25694    C:0.21528    A:0.28472    G:0.24306

SEQ2                
position  1:    T:0.07639    C:0.35417    A:0.12500    G:0.44444
position  2:    T:0.11806    C:0.29861    A:0.28472    G:0.29861
position  3:    T:0.25000    C:0.22222    A:0.28472    G:0.24306

Average
position  1:    T:0.07639    C:0.35417    A:0.12500    G:0.44444
position  2:    T:0.12500    C:0.29167    A:0.28472    G:0.29861
position  3:    T:0.25347    C:0.21875    A:0.28472    G:0.24306

Codon usage for each species
----------------------------------------------------------------------
Phe TTT   1   1 | Ser TCT   1   0 | Tyr TAT   0   0 | Cys TGT   2   2
    TTC   1   1 |     TCC   1   2 |     TAC   1   1 |     TGC   1   1
Leu TTA   0   0 |     TCA   1   1 | *** TAA   0   0 | *** TGA   0   0
    TTG   1   1 |     TCG   0   0 |     TAG   0   0 | Trp TGG   1   1
----------------------------------------------------------------------
Leu CTT   3   3 | Pro CCT   4   4 | His CAT   5   5 | Arg CGT   3   3
    CTC   2   2 |     CCC   2   2 |     CAC   1   1 |     CGC   4   4
    CTA   2   2 |     CCA   3   3 | Gln CAA  11  11 |     CGA   2   2
    CTG   1   0 |     CCG   5   6 |     CAG   1   1 |     CGG   2   2
----------------------------------------------------------------------
Ile ATT   2   2 | Thr ACT   1   1 | Asn AAT   1   1 | Ser AGT   1   1
    ATC   0   0 |     ACC   2   2 |     AAC   0   0 |     AGC   2   2
    ATA   0   0 |     ACA   0   0 | Lys AAA   1   1 | Arg AGA   3   3
Met ATG   1   1 |     ACG   1   1 |     AAG   1   1 |     AGG   2   2
----------------------------------------------------------------------
Val GTT   1   1 | Ala GCT   5   5 | Asp GAT   4   4 | Gly GGT   3   3
    GTC   0   0 |     GCC   2   2 |     GAC   2   2 |     GGC  10  10
    GTA   1   1 |     GCA   3   3 | Glu GAA   9   9 |     GGA   5   5
    GTG   3   2 |     GCG  10  11 |     GAG   4   4 |     GGG   2   2
----------------------------------------------------------------------


Sums
------------------------------------------------------
Phe TTT   2 | Ser TCT   1 | Tyr TAT   0 | Cys TGT   4
    TTC   2 |     TCC   3 |     TAC   2 |     TGC   2
Leu TTA   0 |     TCA   2 | *** TAA   0 | *** TGA   0
    TTG   2 |     TCG   0 |     TAG   0 | Trp TGG   2
------------------------------------------------------
Leu CTT   6 | Pro CCT   8 | His CAT  10 | Arg CGT   6
    CTC   4 |     CCC   4 |     CAC   2 |     CGC   8
    CTA   4 |     CCA   6 | Gln CAA  22 |     CGA   4
    CTG   1 |     CCG  11 |     CAG   2 |     CGG   4
------------------------------------------------------
Ile ATT   4 | Thr ACT   2 | Asn AAT   2 | Ser AGT   2
    ATC   0 |     ACC   4 |     AAC   0 |     AGC   4
    ATA   0 |     ACA   0 | Lys AAA   2 | Arg AGA   6
Met ATG   2 |     ACG   2 |     AAG   2 |     AGG   4
------------------------------------------------------
Val GTT   2 | Ala GCT  10 | Asp GAT   8 | Gly GGT   6
    GTC   0 |     GCC   4 |     GAC   4 |     GGC  20
    GTA   2 |     GCA   6 | Glu GAA  18 |     GGA  10
    GTG   5 |     GCG  21 |     GAG   8 |     GGG   4
------------------------------------------------------



(A) Nei-Gojobori (1986) method



Nei & Gojobori 1986. dN/dS (dN, dS)
(Note: This matrix is not used in later ML. analysis.
Use runmode = -2 for ML pairwise comparison.)

SEQ1                
SEQ2                 0.7066 (0.0063 0.0089)


(B) Yang & Nielsen (2000) method

Yang Z, Nielsen R (2000) Estimating synonymous and nonsynonymous substitution rates under realistic evolutionary models. Mol. Biol. Evol. 17:32-43

(equal weighting of pathways)

seq. seq.     S       N        t   kappa   omega     dN +- SE    dS +- SE

   2    1   161.9   270.1   0.0209  4.6000  1.2002 0.0074 +- 0.0053  0.0062 +- 0.0062


(C) LWL85, LPB93 & LWLm methods

Li W.-H., C.-I. Wu, Luo (1985) A new method for estimating synonymous and nonsynonymous rates of nucleotide substitutions considering the relative likelihood of nucleotide and codon changes. Mol. Biol. Evol. 2: 150-174.
Li W-H (1993) Unbiased estimation of the rates of synonymous and nonsynonymous substitution. J. Mol. Evol. 36:96-99
Pamilo P, Bianchi NO (1993) Evolution of the Zfx and Zfy genes - rates and interdependence between the genes. Mol. Biol. Evol. 10:271-281
Yang Z (2006) Computational Molecular Evolution. Oxford University Press, Oxford. Eqs. 2.12 & 2.13

2 (SEQ2) vs. 1 (SEQ1)

L(i):      277.5      69.5      85.0  sum=    432.0
Ns(i):    2.0000    0.0000    1.0000  sum=   3.0000
Nv(i):    0.0000    0.0000    0.0000  sum=   0.0000
A(i):     0.0073    0.0000    0.0119
B(i):    -0.0000   -0.0000   -0.0000
LWL85:  dS =  0.0094 dN =  0.0062 w = 0.6650 S =  108.2 N =  323.8
LWL85m: dS =  0.0065 dN =  0.0073 w = 1.1084 S =  154.5 N =  277.5 (rho = 1.000)
LPB93:  dS =  0.0065 dN =  0.0073 w = 1.1084

