
Before deleting alignment gaps
      2   4236

SEQ1                            ATG CCC TTG TTG CAC CTC GGC ATG GAC GAG GGG AAG AGC TAC CAC CTG CCA TGT CAA CAC CAG CAG CCT GGC AAC GTG CTG TAC AGG ATG CCT GCC CTC CAG CCC CAG TCC AGC ATG CCT GCC ATC GAG AAT TCT GTT TCT GGT TGG TGG AGT CCG GGC CCC TAT TTG TCT GCT CCT TAC TCA GCG CCA TCT TTC CTG AGC AAA AAC CAG CAA TAT TTT AAT ACC CCT TGT GAT TTC TAC ACA AGT TCC ATC CAT GGG CCG CAG TTC CCG GAT CCC AGC TAT GCA TCC CCA GGC CTC GCC AAT TTC TTA CCC CAA AAC GGC GAT TTT CCT CAG GAC TCT GGC TAC CTC AAT GAC CTC TCC AGC AAC TCC CTT TTC TCC TCC CCT GCG GAC TCG CTC TCC AAT ATC GCC GAT GCT CAG GAA TTC CTG CCC GCC GAC TGC CTC AGC CAT GTG CCA ACA ATA TGG GAC ATC AAC ACA TCT CAG CAG AAC CAA ACA GAG CTC TTG CCT TGT GAC GTG GAA GGC --- --- --- TTA CAG GGG ATG GAG AAC CAT GTC ACT GCT GCT CCA GAT ACC CCC CTC CTT TCA AGC ATC CAG TCC CAA ACT CAG GTA GAG GAA GAG GAG GAG GGT GAT GCC GAC GAA ACG GAG GAG CTG GGT CAC ATG GAG ACA TAC GCT GAT TAC GTC CCA TCC AAA TCG AAA CTC GGG AAG CAG CAC CCT GAC CGA GTG GTG GAG ACA AGC ACC CTC TCC AGC GTC CCC CCT CCG GAC ATC ACC TAC CTG CTC TCC CTC CCC GAC CTG ATC GCC GAC CAT GGG TTA CTG TCT GCA CTG CAG CTG GAA GCG ATC ACG TAT GCC TGT CAG CAA CAT GAA GTT TTA CTC CCC AGA GGG CAA AGG GCC GGG TTC CTC ATC GGA GAT GGT GCC GGG GTT GGG AAA GGC CGG ACA GTC GCT GGG ATC ATC TTC GAA AAC TAC CTG AAG GGG AGG AAG AAA GCT CTG TGG TTC AGC GCC TCA AAT GAT CTC AAG TAC GAT GCT GAG AGG GAC CTG AAG GAT ATC GAC GCG GCT ACC ATT CCT GTC CAC GCT TTA AAC AAG ATT AAA TAT GGA GAC ACA GCT ACC TCA GAA GGA ATC CTA TTT GCC ACT TAC TCC GCC CTG ATC GGT GAA AGC CAA GCA GGG GGC CAG CAC AGG ACC CGG CTG AAG CAG ATT CTG GAT TGG TGC AAG GAG GAT TTC GAC GGT GTT ATC GTG TTT GAC GAA TGC CAC AAA GCC AAA AAC GCC AGC TCC ACC AAG ATG GGC AAA GCA GTA TTG GAC CTG CAG AAC AAA CTG CCG CTC GCC AGG GTC GTC TAC GCC AGT GCC ACA GGT GCC TCC GAG CCA AAG AAC ATG ATC TAC ATG AGC CGG CTT GGG ATA TGG GGG GAA GGC ACT CCC TTC CAG TCG TTC GAT GAG TTC CTA CAC GCC ATT GAA AAG AGG GGC ATC GGG GCG ATG GAG ATT GTC GCC ATG GAC ATG AAA GTG AGC GGG ATG TAC ATT GCA CGG CAG CTC AGC TTT TCG GGG GTC ACC TTC CGG ATC GAG GAG ATT CCC CTG GAC CCG GAT TAT AAG CTC ATC TAC AAT AAG GCA GCC CAG CTG TGG GCA AAA GCC CTG GTC GCT TTC CAG CAA GCT GCG GAC CTG ATC GGC TTA GAG TCC CGG AAG TCC CTC TGG GGA CAG TTC TGG TCT GCT CAC CAG CGC TTC TTC AAG TAC CTG TGC ATC GCT GCA AAA GTC CCT CGC CTC GTT GAA CTG GCC AAG GAG GAG CTG AGC AAG GAC AAG TGT GTT GTG ATA GGC CTG CAG TCA ACA GGC GAG GCC CGG ACC CGG GAA GTC CTG GAC GAG AAT GAG GGG CAC CTG AAT TGC TTT GTG TCT GCT GCC GAA GGC GTC TTT CTC TCA CTA ATT CAG AAG CAC TTT CCT TCA ACC AAA CGA AAA AGA GAA AGA GGA ACT GGC ATT AAA AGA AAA CGA AAG CAG AGG GTC CGC TGC GCC ACC AAG TTC CTG AAG CCC GCC TAC AAC CTC ACC AGT GGC ATC ATC AAG ATC AGC TCG GAC AGC AGC TCC GAT TCT GAG CCG GGG CAG GAG AGT GAC TTC AAC TCC TCG CCG GAG TCC CTC TTC GAG AAC GAT GAC GTG ATC TTC GTC GAG TGC ACC ACC ACT GCC GTC AAT GGC TTT GCA GGC GAG GAC CGA GGC GGC GGC TAT TTG CAA AAC CCC CAG AAG GAG TTG CAG GGC CTG GGG ACA TTG GAG CAC GTG GAG TCG CTG AAG CAG GAC CTG CTG ACG GAA GTG AAG GCA CTG GGC AAA GAA CTA CCT CTC AAT ACC TTA GAC GAG CTG ATC GAT CAC TTT GGA GGC CCG GAA TGC GTG GCA GAG ATG ACT GGG CGG AAA GGC CGC GTC GTG CAG CGG ACT GGG GGC TCC GTG GTG TTT GAG TCA CGG GCT GAG CAA GGG CTT TCC ATC GAC CAT GTG AAC CTC AAG GAG AAG GAG CGT TTC ATG AAC GGG GAC AAA CTC GTA GCA ATA ATC TCC GAG GCC TCT AGC TCA GGG ATC TCT CTC CAA GCG GAC AGA CGG GTA AAG AAT CAA AAA CAG CGT GTC CAC ATG ACG CTG GAA CTG CCT TGG AGT GCC GAC CGG GCA ATA CAG CAG TTT GGT CGA ACA CAC CGG TCC AAC CAA GTG TCT GCC CCG GAG TAC ATC TTC CTC ATC TCC GAA CTT GCC GGC GAG CGC CGG TTC GCT TCC ATT GTG GCC AAA CGC CTG GAG AGC CTC GGT GCC TTA ACT CAC GGT GAC AGA CGA GCA ACT GAG TCC AGG GAC CTC AGC AAG TAC AAC TTC GAG AAT AAG TAC GGG TCC AGA GCC CTC GAC AAA GTC CTG CTC ACC ATC CTC AAC CAG TCG AAG AAC AAA GTC CCA GTG CCC AAG GGT TAT CTG GGA GGA GAT GCC ACT TTC TTC CAG GAC ATG AAG CAG AGC CTA CTT TCA GTC GGA ATC TGT TGC AAA GAG ATG CGC TAC GGC TTT GTG ACC ATG GAG AAA GAC TGC TCC ATC ACC AAG TTC CTG AAC CGC ATC TTG GGC CTG GAG GTT CAC ACG CAG AAC CTG CTC TTC CAG TAC TTC AGC GAC ACG TTC GAC TAC CTG ATT GAC AAG GAC AAG AAA GAT GGC AAA TAC GAC ATG GGC ATT CTG GAC CTG GCC CCC GGC ATC GAT GAA ATC TAT GAG GAG AGC AAA GAG GTT TTC CTG ACG CCC GGA CAC CCC CAG GAT GGA CAG GTG GTC TTC TAC AAG ATC AGC GTC GAC AGA GGC TTG AAG TGG GAG GAA GTG TAC AAG AAG TCG CTC CAG CTG ACA GGT GCT CAC GAC GGC TTC TAT CTC TCC CAT AAG GTC CGA GGC AAC CTC TAC ACC TGC CTC CTG GCA GAG CAG AGC CGT GGG AAA CAC TTC ACC CTG TAC AAG CCA AAC ATT GGC AAG CAC AGC CAG ACA GAG ACT TTG GAG AGC CTC ATG AAG AAG TAC CGG CAG GTG CCA CCG GAA GAG GCC CAG AAA CAC TGG GAG AGC AGC TAC GCT TTC TCC CTG GAA TAC TGC AAC CAT GCT GTG TGG AAT GGG AAT TGT AAA GTG GTC CAG GAG GGG AAG GAA TGC TTC CAG GGC ACC CGC CTG CGC CAC TAT TAC ATG CTG TGT GGG GCG CTG CTG CGG GTC TGG AGC AGA ATC GCC AGT ACG ATG GCC GAC ATC ACA AAC ACC AGC TAC CTG CAG ATC GTC CGC CTC AAG ACC AAA GAG AAG AAG AAG CAA GTT GGC ATC AAA ATC CCT GAG AGT TGC ATC CAG CAA GTG CGG AAG GAG CTG AAG CAA ATG GAC GAA AAC ATC AAA CAG AAG CAG AAT CAA GCC TTG GCA GCA GCT GCA ACA GAA CCC AGC CTG CCT TAC CCA CTG CTG CTG CCA CTG GAC CTC AGT CAG CCC GTG GGG GGC GTG GGC TTT CTG CCC TCA CAG CCG GAT GAA GTC TTG GAC CTG ACC TAC AGC CCA CCC AGC GAG AGC CTT CCA GAC TTC TGG GCC GAG GTG TCC CCT CAG CCA CTG CTG CCT TTG CAT TTC AGC TTC CAC TCC CCC TAT GAG GGC GCT GGG CTG GAG GGG AGT GTG CCC CTT CGC TCC CCC TCT CAG CAT GAA CGC TTG TGC CCA GCC CCA GAG AAC TTC TCC TTG CCT GTC CCA GAC ATC AAC TAC AAG GAA CTC TTG GAG GAG ATG CTG AGC TCC CTC AAA GTG GGG CCT GGG GAT GCT GCG CAG GGG CGG GAA AGC GTC ATC CAG TTC GGC ACC GGC TCT TTT TCT AAC TTC 
SEQ2                            ATG CCC TCG TTG CAC CTC GGC ATG GAC AGG GGG AAG AGC TAC CAC CTG CCA TGC CAA CAC CAG CAG TCC GGC AAC GCG CTG TAC GGG ATG CCT GCC CTC CAG CCC CAG CCC AGC ATG CCT GCC ATC GAG AAT TCT GTT TGC AGT TGG TGG AGT CCG GGC CCC TAT TTG TCT GCT CCT TAC TCA GCG CCA TCT TTC CTG AGA GAA AAC CAG CAA TAT TTT AAT ACC CCC TGT GAT TTC TAC ACG AGT TCC ATC AAT GGG CTG CAG TTC CCG GAT CCC AGC TAT GCA TCT TCG GGC CTC ACT GAT TTC TTA CCC AAA AAT GGC GAT TTT CCT CAG GAC TCT GGA TAC CTC AAT GAC CTC TCC AGC AAC TCC CTT TTC TCC TCC CCT GCG GAC TCC CTC TCC GAT ATC GCC GAT GCT CAG GAA TTC CTG CCC GCC GAC CGC CTC AGC CAC GTG CCA ACG ATA TGG GAC GTC AAC ACG CCT CAG CAG AAC CAA ACA GAG GTC TTG CCT CGC GAC CTG GAA GGC TTG GAA GGC TTA CAG GGA ATG GAG AAC CAT GTC ACT GCT GCT CCA GAT ACC CCC CTC CTT TCA AGC ATT CAG TCC CAA ACT CAG GTA GAG GAA GAG GAG GAG GGT GAC GAC GAC GAA ACG GAG GAG CTA GGT CAC ACG GAG ACG TAC GCC GAT TAT GTC CCA TCC AAA TTG AAA CTC GGG AAG CAG CAC CCT GAC CGA GTG GTG GAG ACA AGC ACC CTC TCC AGC GTC CCC CCT CCA GAT GTC ACC TAC GCC CTC TCC CTC CCT GAC TCG ATC GCT GAC CAT GGG TTA CTC TCC GCA CTG CAG CTG GAA GCG ATC ACG TAT GCC TGT CAG CAA CAC GAA GTT TTA CTC CCC AAA GGG CAA AGG GCC GGG TTC CTC ATC GGA GAT GGC GCC GGG GTT GGG AAA GGC CGT ACG GTT GCT GGG ATC ATC TTT GAA AAC TAC CTG AAG GGG AGG AAG AAA GCT CTG TGG TTC AGC GCC TCA AAT GAT CTC AAG TAT GAT GCT GAG AGG GAC CTG AAG GAT ATC GAT GCA GCT ACC ATC CCT GTT CAC GCT TTA AAC AAG ATT AAA TAT GGA GAC ACA GCT ACC TCG GAA GGA ATC CTA TTT GCC ACT TAC TCC GCC CTG ATC GGT GAA AGC CAA GCA GGG GGC CAG CAC AGG ACC CGG CTG AAG CAG ATT CTG GAT TGG TGC AAG GAG GAT TTC GAT GGT GTT ATC GTG TTT GAC GAA TGC CAC AAA GCC AAA AAC GCC AGC TCC ACC AAG ATG GGC AAA GCA GTA TTG GAC CTG CAG AAC AAA CTG CCG CTC GCC AGG GTC GTC TAC GCC AGT GCC ACA GGT GCC TCC GAG CCA AAG AAC ATG ATC TAC ATG AGC CGG CTT GGG ATA TGG GGG GAA GGG ACT CCT TTC CGG TCA TTC GAC GAG TTC CTA CAT GCC ATT GAA AAG AGG GGC GTT GGG GCA ATG GAG ATT GTC GCC ATG GAC ATG AAA GTG AGC GGG ATG TAC ATT GCA CGG CAG CTC AGC TTT TCG GGG GTC ACC TTC CGG ATC GAG GAG ATT CCC TTG GAC CCG GAT TAT AAG CTC GTC TAC AAT AAG GCG GCC CGG CTG TGG GAA AAA GCC CTG GTC GCT TTC CAG CAA GCT GCG GAC CTG ATC GGC TTA GAG TCC CGG AAG TCC CTC TGG GGA CAG TTC TGG TCC GCT CAC CAG CGC TTC TTC AAG TAT CTG TGC ATC GCT GCA AAA GTC CCT CGC CTC GTC GAA CTG GCC AAG GAG GAG CTG AGC AAG GAC AAG TGC GTC GTG ATC GGC CTG CAG TCG ACG GGT GAG GCC CGG ACC CGA GAA GTC CTG GAC GAG AAT GAG GGG CAC CTG AAT TGC TTT GTG TCT GCT GCT GAA GGC GTC TTT CTC TCA CTA ATT CAG AAG CAC TTT CCT TCA ACC AAA CGA AAA AGA GAA AGA GGA ACT GGC ATT AAA AGA AAA CGA AAG CAG AGG GTC CGC TGT GCC ACC AAG TTC CTG AAG CCG GCC TAC GAC CTC GCC GGC GGC GTC ATC AAG ATC AGC TCG GAC AGC AGC TCC GAT TCT GAG CCG GGG CTG GAG AGC GAC TTC AAC TCC TCA CCG GAG TCC CTC TTC GAG AAT GAC GAC GTG ATC TTC GTC GAG CGC ACC ACT GCC ACT GTC AAT GGC TTC GTG GGC GAG GAC CGA GGC GGC GGC TAT TTG CAA AAC CCC CAG AAG GAG TTG CAG GGC CTG GGG GCA TCG GAG CAC GTG GAG TCA CTG AAG CAG GAC CTG CTG GCG GAA GTG AAG GCA CTG GGC AAA GAA CTA CCT CTC AAT ACC TTA GAC GAG CTG ATC GAT CAC TTT GGA GGC CCG GAA TGC GTG GCA GAG ATG ACC GGG CGG AAA GGA CGT GTC GTG CGG CGG CCT GGG GGC TCT GTG GTG TTC GAG TCA CGG GCT GAG CAA GGG CTT TCC ATT GAC CAT GTG AAC CTC AAG GAG AAG GAG CGT TTC ATG AAC GGG GAC AAA CTT GTA GCA ATA ATC TCC GAG GCC TCT AGC TCA GGG ATC TCT CTC CAA GCG GAC AGA CGG GTA AAG AAT CAG AAA CGG CGT GTC CAC ATG ACG CTG GAA CTG CCT TGG AGC GCT GAC CGG GCA ATA CAG CAG TTT GGT CGA ACT CAC CGG TCC AAC CAA GTG TCT GCC CCG GAG TAC ATC TTC CTC ATC TCC GAA CTC GCC GGC GAG CGC CGG TTC GCT TCC ATC GTG GCC AAA CGC CTA GAG AGC CTC GGT GCC TTA ACA CAC GGG GAC AGA CGG GCA ACT GAG TCC AGG GAC CTC AGC AAG TAC AAC TTT GAG AAT AAG TAC GGG TCC AGA GCC CTC GAC AAA GTC CTG CTC ACC ATC CTC AAC CAG TCG GAG AAC AAA GTC CCG GTG CCC AAG GGT TAC CAG GGA GGA GAT GCC ACT TTC TTC CAG GAC ATG AAG CAG AGC CTA CTT TCG GTC GGA ATC TGT TGC AAA GAG ATG CGC TAC GGC TTT GTG ACT GTG GAG AAA GAC TGC TCC ATC ACC AAG TTC CTG AAC CGC ATC TTG GGC CTG GAG GTT CAC ACG CAG AAC CTG CTG TTC CAG TAC TTT AGC GAC ACG TTC GAC TAC CTG ATC GAC AAG GAC AAG AAA GAC GGC AAA TAC GAC ATG GGC ATT CTA GAC CTG GCC CCC GGC ATC GAT GAA ATC TAC GAG GAG AGC AAA GAG GTT TTC CTG ACG CCT GGA CAC CCC CAG GAC GGA CAG GTG GTC TTC TAC AAG ATC AGC GTC GAC AGA GGC TTG ACG TGG GAG GAA GCG TAC GAG AAG TCG CTC CAG CTG ACA GGC GCT CAT GAC GGC TTC TAT CTC TCC CAT AAG GTC CGA GGC AAC CTC TAC ACC TGC CTC TTG GCA GAG CAG AAC CGT GGG AAA CAC TTC ACC CTG TAC AAG CCA AAC ATT GGC AAG CAC AGC CAG ATG GAG ACT TTG GAG AGC CTT GTG AAG AAG TAC CGG CAG GTG CCG CCG GAA GAG GCC CAG AAA CAT TGG GAG AGC AGT TAC GCT TTC TCC CTG AAA TAC TGC AAC CAC GCC GTT TGG AAC GGG AAT TGT AAA GTG GTC CAG GAG GGG AAG GAA TGC TTC CAG GGC ACC CGC CTG CGC CAC TAT TAC ATG CTG TGT GGG GCG CTG CTG CGG GTC TGG AGC AGA ATT GCT AGT ACA ATG GCC GAC ATC ACA AAC ACC AGC TAC CTG CAG ATC GTC CGC CTC AAG ACC AAA GAG AAG AAG AAG CAA GTT GGC ATC AAA ATC CCC GAG AGC TGC GTC CAG CAA GTG CGG AAG GAG CTG AAG CAA ATG GAT GAA AAC GTC AAA CAG AAG CGG AAC CAA GCC CTG GCA GTG GCC GCA GCG GGA CCT GGC CTG CCT TAC ACG CTG TTG CCG CCA CTG GAT CTC AGC CAT CCT GTG GGG GGC GCA GGT TTT CTG CCC CCA CAG CCG GGT GAA ATC TTG GAC CTG ACC TAC AGC CCG CCC GGT GAG AGC CTT CCG GAC TTC TGG GCC GAG GCA TCC CCT CAG CTG CCA CCG CCT TTG CAT TTC AGC TTC CAC CCC CCC TAC GAG GGC GCC GGG CTG GTG GGG AGC GCG CCC CTC GGC TCC CCC TCC CAG CAC GAA CAC TTG CCC CCA GCC CCA GAG AAC TTC TCC TTG CCC GTC TCG GAC ATC AAC TAC AAG GAA CTC TTG GAG GAG ATG CTG AGC TCC CTC AAC GTG GGG CCT GGG GAC ACA GCG CAA GGG CGG GAA AGC GTC ATC CAG TTC GGC GCC GGC TCT TTT TCT AAC TTC 



After deleting gaps. 4227 sites
      2   4227

SEQ1                            ATG CCC TTG TTG CAC CTC GGC ATG GAC GAG GGG AAG AGC TAC CAC CTG CCA TGT CAA CAC CAG CAG CCT GGC AAC GTG CTG TAC AGG ATG CCT GCC CTC CAG CCC CAG TCC AGC ATG CCT GCC ATC GAG AAT TCT GTT TCT GGT TGG TGG AGT CCG GGC CCC TAT TTG TCT GCT CCT TAC TCA GCG CCA TCT TTC CTG AGC AAA AAC CAG CAA TAT TTT AAT ACC CCT TGT GAT TTC TAC ACA AGT TCC ATC CAT GGG CCG CAG TTC CCG GAT CCC AGC TAT GCA TCC CCA GGC CTC GCC AAT TTC TTA CCC CAA AAC GGC GAT TTT CCT CAG GAC TCT GGC TAC CTC AAT GAC CTC TCC AGC AAC TCC CTT TTC TCC TCC CCT GCG GAC TCG CTC TCC AAT ATC GCC GAT GCT CAG GAA TTC CTG CCC GCC GAC TGC CTC AGC CAT GTG CCA ACA ATA TGG GAC ATC AAC ACA TCT CAG CAG AAC CAA ACA GAG CTC TTG CCT TGT GAC GTG GAA GGC TTA CAG GGG ATG GAG AAC CAT GTC ACT GCT GCT CCA GAT ACC CCC CTC CTT TCA AGC ATC CAG TCC CAA ACT CAG GTA GAG GAA GAG GAG GAG GGT GAT GCC GAC GAA ACG GAG GAG CTG GGT CAC ATG GAG ACA TAC GCT GAT TAC GTC CCA TCC AAA TCG AAA CTC GGG AAG CAG CAC CCT GAC CGA GTG GTG GAG ACA AGC ACC CTC TCC AGC GTC CCC CCT CCG GAC ATC ACC TAC CTG CTC TCC CTC CCC GAC CTG ATC GCC GAC CAT GGG TTA CTG TCT GCA CTG CAG CTG GAA GCG ATC ACG TAT GCC TGT CAG CAA CAT GAA GTT TTA CTC CCC AGA GGG CAA AGG GCC GGG TTC CTC ATC GGA GAT GGT GCC GGG GTT GGG AAA GGC CGG ACA GTC GCT GGG ATC ATC TTC GAA AAC TAC CTG AAG GGG AGG AAG AAA GCT CTG TGG TTC AGC GCC TCA AAT GAT CTC AAG TAC GAT GCT GAG AGG GAC CTG AAG GAT ATC GAC GCG GCT ACC ATT CCT GTC CAC GCT TTA AAC AAG ATT AAA TAT GGA GAC ACA GCT ACC TCA GAA GGA ATC CTA TTT GCC ACT TAC TCC GCC CTG ATC GGT GAA AGC CAA GCA GGG GGC CAG CAC AGG ACC CGG CTG AAG CAG ATT CTG GAT TGG TGC AAG GAG GAT TTC GAC GGT GTT ATC GTG TTT GAC GAA TGC CAC AAA GCC AAA AAC GCC AGC TCC ACC AAG ATG GGC AAA GCA GTA TTG GAC CTG CAG AAC AAA CTG CCG CTC GCC AGG GTC GTC TAC GCC AGT GCC ACA GGT GCC TCC GAG CCA AAG AAC ATG ATC TAC ATG AGC CGG CTT GGG ATA TGG GGG GAA GGC ACT CCC TTC CAG TCG TTC GAT GAG TTC CTA CAC GCC ATT GAA AAG AGG GGC ATC GGG GCG ATG GAG ATT GTC GCC ATG GAC ATG AAA GTG AGC GGG ATG TAC ATT GCA CGG CAG CTC AGC TTT TCG GGG GTC ACC TTC CGG ATC GAG GAG ATT CCC CTG GAC CCG GAT TAT AAG CTC ATC TAC AAT AAG GCA GCC CAG CTG TGG GCA AAA GCC CTG GTC GCT TTC CAG CAA GCT GCG GAC CTG ATC GGC TTA GAG TCC CGG AAG TCC CTC TGG GGA CAG TTC TGG TCT GCT CAC CAG CGC TTC TTC AAG TAC CTG TGC ATC GCT GCA AAA GTC CCT CGC CTC GTT GAA CTG GCC AAG GAG GAG CTG AGC AAG GAC AAG TGT GTT GTG ATA GGC CTG CAG TCA ACA GGC GAG GCC CGG ACC CGG GAA GTC CTG GAC GAG AAT GAG GGG CAC CTG AAT TGC TTT GTG TCT GCT GCC GAA GGC GTC TTT CTC TCA CTA ATT CAG AAG CAC TTT CCT TCA ACC AAA CGA AAA AGA GAA AGA GGA ACT GGC ATT AAA AGA AAA CGA AAG CAG AGG GTC CGC TGC GCC ACC AAG TTC CTG AAG CCC GCC TAC AAC CTC ACC AGT GGC ATC ATC AAG ATC AGC TCG GAC AGC AGC TCC GAT TCT GAG CCG GGG CAG GAG AGT GAC TTC AAC TCC TCG CCG GAG TCC CTC TTC GAG AAC GAT GAC GTG ATC TTC GTC GAG TGC ACC ACC ACT GCC GTC AAT GGC TTT GCA GGC GAG GAC CGA GGC GGC GGC TAT TTG CAA AAC CCC CAG AAG GAG TTG CAG GGC CTG GGG ACA TTG GAG CAC GTG GAG TCG CTG AAG CAG GAC CTG CTG ACG GAA GTG AAG GCA CTG GGC AAA GAA CTA CCT CTC AAT ACC TTA GAC GAG CTG ATC GAT CAC TTT GGA GGC CCG GAA TGC GTG GCA GAG ATG ACT GGG CGG AAA GGC CGC GTC GTG CAG CGG ACT GGG GGC TCC GTG GTG TTT GAG TCA CGG GCT GAG CAA GGG CTT TCC ATC GAC CAT GTG AAC CTC AAG GAG AAG GAG CGT TTC ATG AAC GGG GAC AAA CTC GTA GCA ATA ATC TCC GAG GCC TCT AGC TCA GGG ATC TCT CTC CAA GCG GAC AGA CGG GTA AAG AAT CAA AAA CAG CGT GTC CAC ATG ACG CTG GAA CTG CCT TGG AGT GCC GAC CGG GCA ATA CAG CAG TTT GGT CGA ACA CAC CGG TCC AAC CAA GTG TCT GCC CCG GAG TAC ATC TTC CTC ATC TCC GAA CTT GCC GGC GAG CGC CGG TTC GCT TCC ATT GTG GCC AAA CGC CTG GAG AGC CTC GGT GCC TTA ACT CAC GGT GAC AGA CGA GCA ACT GAG TCC AGG GAC CTC AGC AAG TAC AAC TTC GAG AAT AAG TAC GGG TCC AGA GCC CTC GAC AAA GTC CTG CTC ACC ATC CTC AAC CAG TCG AAG AAC AAA GTC CCA GTG CCC AAG GGT TAT CTG GGA GGA GAT GCC ACT TTC TTC CAG GAC ATG AAG CAG AGC CTA CTT TCA GTC GGA ATC TGT TGC AAA GAG ATG CGC TAC GGC TTT GTG ACC ATG GAG AAA GAC TGC TCC ATC ACC AAG TTC CTG AAC CGC ATC TTG GGC CTG GAG GTT CAC ACG CAG AAC CTG CTC TTC CAG TAC TTC AGC GAC ACG TTC GAC TAC CTG ATT GAC AAG GAC AAG AAA GAT GGC AAA TAC GAC ATG GGC ATT CTG GAC CTG GCC CCC GGC ATC GAT GAA ATC TAT GAG GAG AGC AAA GAG GTT TTC CTG ACG CCC GGA CAC CCC CAG GAT GGA CAG GTG GTC TTC TAC AAG ATC AGC GTC GAC AGA GGC TTG AAG TGG GAG GAA GTG TAC AAG AAG TCG CTC CAG CTG ACA GGT GCT CAC GAC GGC TTC TAT CTC TCC CAT AAG GTC CGA GGC AAC CTC TAC ACC TGC CTC CTG GCA GAG CAG AGC CGT GGG AAA CAC TTC ACC CTG TAC AAG CCA AAC ATT GGC AAG CAC AGC CAG ACA GAG ACT TTG GAG AGC CTC ATG AAG AAG TAC CGG CAG GTG CCA CCG GAA GAG GCC CAG AAA CAC TGG GAG AGC AGC TAC GCT TTC TCC CTG GAA TAC TGC AAC CAT GCT GTG TGG AAT GGG AAT TGT AAA GTG GTC CAG GAG GGG AAG GAA TGC TTC CAG GGC ACC CGC CTG CGC CAC TAT TAC ATG CTG TGT GGG GCG CTG CTG CGG GTC TGG AGC AGA ATC GCC AGT ACG ATG GCC GAC ATC ACA AAC ACC AGC TAC CTG CAG ATC GTC CGC CTC AAG ACC AAA GAG AAG AAG AAG CAA GTT GGC ATC AAA ATC CCT GAG AGT TGC ATC CAG CAA GTG CGG AAG GAG CTG AAG CAA ATG GAC GAA AAC ATC AAA CAG AAG CAG AAT CAA GCC TTG GCA GCA GCT GCA ACA GAA CCC AGC CTG CCT TAC CCA CTG CTG CTG CCA CTG GAC CTC AGT CAG CCC GTG GGG GGC GTG GGC TTT CTG CCC TCA CAG CCG GAT GAA GTC TTG GAC CTG ACC TAC AGC CCA CCC AGC GAG AGC CTT CCA GAC TTC TGG GCC GAG GTG TCC CCT CAG CCA CTG CTG CCT TTG CAT TTC AGC TTC CAC TCC CCC TAT GAG GGC GCT GGG CTG GAG GGG AGT GTG CCC CTT CGC TCC CCC TCT CAG CAT GAA CGC TTG TGC CCA GCC CCA GAG AAC TTC TCC TTG CCT GTC CCA GAC ATC AAC TAC AAG GAA CTC TTG GAG GAG ATG CTG AGC TCC CTC AAA GTG GGG CCT GGG GAT GCT GCG CAG GGG CGG GAA AGC GTC ATC CAG TTC GGC ACC GGC TCT TTT TCT AAC TTC 
SEQ2                            ATG CCC TCG TTG CAC CTC GGC ATG GAC AGG GGG AAG AGC TAC CAC CTG CCA TGC CAA CAC CAG CAG TCC GGC AAC GCG CTG TAC GGG ATG CCT GCC CTC CAG CCC CAG CCC AGC ATG CCT GCC ATC GAG AAT TCT GTT TGC AGT TGG TGG AGT CCG GGC CCC TAT TTG TCT GCT CCT TAC TCA GCG CCA TCT TTC CTG AGA GAA AAC CAG CAA TAT TTT AAT ACC CCC TGT GAT TTC TAC ACG AGT TCC ATC AAT GGG CTG CAG TTC CCG GAT CCC AGC TAT GCA TCT TCG GGC CTC ACT GAT TTC TTA CCC AAA AAT GGC GAT TTT CCT CAG GAC TCT GGA TAC CTC AAT GAC CTC TCC AGC AAC TCC CTT TTC TCC TCC CCT GCG GAC TCC CTC TCC GAT ATC GCC GAT GCT CAG GAA TTC CTG CCC GCC GAC CGC CTC AGC CAC GTG CCA ACG ATA TGG GAC GTC AAC ACG CCT CAG CAG AAC CAA ACA GAG GTC TTG CCT CGC GAC CTG GAA GGC TTA CAG GGA ATG GAG AAC CAT GTC ACT GCT GCT CCA GAT ACC CCC CTC CTT TCA AGC ATT CAG TCC CAA ACT CAG GTA GAG GAA GAG GAG GAG GGT GAC GAC GAC GAA ACG GAG GAG CTA GGT CAC ACG GAG ACG TAC GCC GAT TAT GTC CCA TCC AAA TTG AAA CTC GGG AAG CAG CAC CCT GAC CGA GTG GTG GAG ACA AGC ACC CTC TCC AGC GTC CCC CCT CCA GAT GTC ACC TAC GCC CTC TCC CTC CCT GAC TCG ATC GCT GAC CAT GGG TTA CTC TCC GCA CTG CAG CTG GAA GCG ATC ACG TAT GCC TGT CAG CAA CAC GAA GTT TTA CTC CCC AAA GGG CAA AGG GCC GGG TTC CTC ATC GGA GAT GGC GCC GGG GTT GGG AAA GGC CGT ACG GTT GCT GGG ATC ATC TTT GAA AAC TAC CTG AAG GGG AGG AAG AAA GCT CTG TGG TTC AGC GCC TCA AAT GAT CTC AAG TAT GAT GCT GAG AGG GAC CTG AAG GAT ATC GAT GCA GCT ACC ATC CCT GTT CAC GCT TTA AAC AAG ATT AAA TAT GGA GAC ACA GCT ACC TCG GAA GGA ATC CTA TTT GCC ACT TAC TCC GCC CTG ATC GGT GAA AGC CAA GCA GGG GGC CAG CAC AGG ACC CGG CTG AAG CAG ATT CTG GAT TGG TGC AAG GAG GAT TTC GAT GGT GTT ATC GTG TTT GAC GAA TGC CAC AAA GCC AAA AAC GCC AGC TCC ACC AAG ATG GGC AAA GCA GTA TTG GAC CTG CAG AAC AAA CTG CCG CTC GCC AGG GTC GTC TAC GCC AGT GCC ACA GGT GCC TCC GAG CCA AAG AAC ATG ATC TAC ATG AGC CGG CTT GGG ATA TGG GGG GAA GGG ACT CCT TTC CGG TCA TTC GAC GAG TTC CTA CAT GCC ATT GAA AAG AGG GGC GTT GGG GCA ATG GAG ATT GTC GCC ATG GAC ATG AAA GTG AGC GGG ATG TAC ATT GCA CGG CAG CTC AGC TTT TCG GGG GTC ACC TTC CGG ATC GAG GAG ATT CCC TTG GAC CCG GAT TAT AAG CTC GTC TAC AAT AAG GCG GCC CGG CTG TGG GAA AAA GCC CTG GTC GCT TTC CAG CAA GCT GCG GAC CTG ATC GGC TTA GAG TCC CGG AAG TCC CTC TGG GGA CAG TTC TGG TCC GCT CAC CAG CGC TTC TTC AAG TAT CTG TGC ATC GCT GCA AAA GTC CCT CGC CTC GTC GAA CTG GCC AAG GAG GAG CTG AGC AAG GAC AAG TGC GTC GTG ATC GGC CTG CAG TCG ACG GGT GAG GCC CGG ACC CGA GAA GTC CTG GAC GAG AAT GAG GGG CAC CTG AAT TGC TTT GTG TCT GCT GCT GAA GGC GTC TTT CTC TCA CTA ATT CAG AAG CAC TTT CCT TCA ACC AAA CGA AAA AGA GAA AGA GGA ACT GGC ATT AAA AGA AAA CGA AAG CAG AGG GTC CGC TGT GCC ACC AAG TTC CTG AAG CCG GCC TAC GAC CTC GCC GGC GGC GTC ATC AAG ATC AGC TCG GAC AGC AGC TCC GAT TCT GAG CCG GGG CTG GAG AGC GAC TTC AAC TCC TCA CCG GAG TCC CTC TTC GAG AAT GAC GAC GTG ATC TTC GTC GAG CGC ACC ACT GCC ACT GTC AAT GGC TTC GTG GGC GAG GAC CGA GGC GGC GGC TAT TTG CAA AAC CCC CAG AAG GAG TTG CAG GGC CTG GGG GCA TCG GAG CAC GTG GAG TCA CTG AAG CAG GAC CTG CTG GCG GAA GTG AAG GCA CTG GGC AAA GAA CTA CCT CTC AAT ACC TTA GAC GAG CTG ATC GAT CAC TTT GGA GGC CCG GAA TGC GTG GCA GAG ATG ACC GGG CGG AAA GGA CGT GTC GTG CGG CGG CCT GGG GGC TCT GTG GTG TTC GAG TCA CGG GCT GAG CAA GGG CTT TCC ATT GAC CAT GTG AAC CTC AAG GAG AAG GAG CGT TTC ATG AAC GGG GAC AAA CTT GTA GCA ATA ATC TCC GAG GCC TCT AGC TCA GGG ATC TCT CTC CAA GCG GAC AGA CGG GTA AAG AAT CAG AAA CGG CGT GTC CAC ATG ACG CTG GAA CTG CCT TGG AGC GCT GAC CGG GCA ATA CAG CAG TTT GGT CGA ACT CAC CGG TCC AAC CAA GTG TCT GCC CCG GAG TAC ATC TTC CTC ATC TCC GAA CTC GCC GGC GAG CGC CGG TTC GCT TCC ATC GTG GCC AAA CGC CTA GAG AGC CTC GGT GCC TTA ACA CAC GGG GAC AGA CGG GCA ACT GAG TCC AGG GAC CTC AGC AAG TAC AAC TTT GAG AAT AAG TAC GGG TCC AGA GCC CTC GAC AAA GTC CTG CTC ACC ATC CTC AAC CAG TCG GAG AAC AAA GTC CCG GTG CCC AAG GGT TAC CAG GGA GGA GAT GCC ACT TTC TTC CAG GAC ATG AAG CAG AGC CTA CTT TCG GTC GGA ATC TGT TGC AAA GAG ATG CGC TAC GGC TTT GTG ACT GTG GAG AAA GAC TGC TCC ATC ACC AAG TTC CTG AAC CGC ATC TTG GGC CTG GAG GTT CAC ACG CAG AAC CTG CTG TTC CAG TAC TTT AGC GAC ACG TTC GAC TAC CTG ATC GAC AAG GAC AAG AAA GAC GGC AAA TAC GAC ATG GGC ATT CTA GAC CTG GCC CCC GGC ATC GAT GAA ATC TAC GAG GAG AGC AAA GAG GTT TTC CTG ACG CCT GGA CAC CCC CAG GAC GGA CAG GTG GTC TTC TAC AAG ATC AGC GTC GAC AGA GGC TTG ACG TGG GAG GAA GCG TAC GAG AAG TCG CTC CAG CTG ACA GGC GCT CAT GAC GGC TTC TAT CTC TCC CAT AAG GTC CGA GGC AAC CTC TAC ACC TGC CTC TTG GCA GAG CAG AAC CGT GGG AAA CAC TTC ACC CTG TAC AAG CCA AAC ATT GGC AAG CAC AGC CAG ATG GAG ACT TTG GAG AGC CTT GTG AAG AAG TAC CGG CAG GTG CCG CCG GAA GAG GCC CAG AAA CAT TGG GAG AGC AGT TAC GCT TTC TCC CTG AAA TAC TGC AAC CAC GCC GTT TGG AAC GGG AAT TGT AAA GTG GTC CAG GAG GGG AAG GAA TGC TTC CAG GGC ACC CGC CTG CGC CAC TAT TAC ATG CTG TGT GGG GCG CTG CTG CGG GTC TGG AGC AGA ATT GCT AGT ACA ATG GCC GAC ATC ACA AAC ACC AGC TAC CTG CAG ATC GTC CGC CTC AAG ACC AAA GAG AAG AAG AAG CAA GTT GGC ATC AAA ATC CCC GAG AGC TGC GTC CAG CAA GTG CGG AAG GAG CTG AAG CAA ATG GAT GAA AAC GTC AAA CAG AAG CGG AAC CAA GCC CTG GCA GTG GCC GCA GCG GGA CCT GGC CTG CCT TAC ACG CTG TTG CCG CCA CTG GAT CTC AGC CAT CCT GTG GGG GGC GCA GGT TTT CTG CCC CCA CAG CCG GGT GAA ATC TTG GAC CTG ACC TAC AGC CCG CCC GGT GAG AGC CTT CCG GAC TTC TGG GCC GAG GCA TCC CCT CAG CTG CCA CCG CCT TTG CAT TTC AGC TTC CAC CCC CCC TAC GAG GGC GCC GGG CTG GTG GGG AGC GCG CCC CTC GGC TCC CCC TCC CAG CAC GAA CAC TTG CCC CCA GCC CCA GAG AAC TTC TCC TTG CCC GTC TCG GAC ATC AAC TAC AAG GAA CTC TTG GAG GAG ATG CTG AGC TCC CTC AAC GTG GGG CCT GGG GAC ACA GCG CAA GGG CGG GAA AGC GTC ATC CAG TTC GGC GCC GGC TCT TTT TCT AAC TTC 



Printing out site pattern counts


         2        558  P

SEQ1                            AAA AAA AAA AAC AAC AAC AAG AAG AAG AAT AAT AAT ACA ACA ACA ACA ACA ACA ACC ACC ACC ACG ACG ACG ACT ACT ACT ACT ACT AGA AGA AGC AGC AGC AGC AGC AGC AGG AGG AGT AGT AGT ATA ATA ATC ATC ATC ATC ATG ATG ATG ATT ATT CAA CAA CAA CAC CAC CAG CAG CAG CAG CAG CAT CAT CAT CCA CCA CCA CCA CCA CCC CCC CCC CCG CCG CCG CCT CCT CCT CGA CGA CGC CGC CGC CGC CGG CGG CGG CGT CTA CTC CTC CTC CTC CTG CTG CTG CTG CTG CTG CTG CTG CTG CTT CTT GAA GAA GAA GAC GAC GAG GAG GAG GAT GAT GAT GCA GCA GCA GCA GCC GCC GCC GCC GCG GCG GCT GCT GCT GGA GGC GGC GGC GGC GGG GGG GGT GGT GGT GGT GTA GTC GTC GTC GTG GTG GTG GTG GTG GTT GTT TAC TAC TAT TAT TCA TCA TCA TCC TCC TCC TCG TCG TCG TCG TCT TCT TCT TCT TGC TGC TGC TGC TGG TGT TGT TGT TTA TTC TTC TTG TTG TTG TTT TTT 
SEQ2                            ... ..C G.. ... ..T G.. ... .C. G.. ..C ... G.. ... ..G ..T .TG G.. G.G ... ..T G.. ..A ... G.. ..A ..C ... C.. G.C .A. ... .A. ..A ... ..T G.. G.T ... G.. ..C ... G.C ... ..C ... ..T G.. G.T .C. ... G.. ..C ... A.. ... ..G ... ..T ..A ... ..T .G. .T. A.. ..C ... A.G ... ..G .TG T.G ... ..G ..T ..A ... .T. ..C ... T.C ... ..G .A. ... ..T G.. ..A ... ..T ... ... ... ..G ..T G.. .A. .CA .C. ..A ..C ... GCC TC. T.. ..C ... A.. ... .G. ... ..T AG. ... .T. ..C ... .G. .A. ... ..G .TG A.T .A. ... ..T ..A ... A.A ..C ... ... ..A ... ..G ..T ..A ... A.. ..C ..G ... ... A.. ... ..T C.. .CA .C. ... ..T ..C ... ... ..T ..C ... C.. ... ..G C.. ... ..T ..A ..C ... .T. C.. ..C ... .GC CC. C.. ... ..T ... C.C ..C ... ... ... ..T C.. .C. ... ..C ... 

   34    1    1   29    2    1   53    1    2    2   12    2    6    6    1
    1    1    1   22    2    2    1    6    1    1    1    8    1    1    1
    8    1    1   35    1    1    1    8    1    5    4    1    4    1   37
    3    6    1    1   22    2    3   10    1   16    1   22    3    1   52
    1    5    1    1    4    5    1   10    4    1    2   19    1    5    1
   10    1    3   17    1    6    1    1   10    1    1    1   17    1    3
    5   40    1    2    1    1    1    2    3    1   55    1    1    3    2
    6    1   30    1   47    5    1   67    1    6   17    1    1   14    1
    2    2    1   37    4    2    7    1    4   19   11    2   40    1    2
    1   35    1    2    1    8    4    1   27    2    1    2    3   25    1
    2    7   33    3    3    9    1    7    3    2   32    2    3    1    4
    1    1    3   11    1    1    2   11    1   15    1    2    5    8   41
    3    1    2   14    2   13

YN00 paml/jobs/LOCW_00021331__LOC_00019301/LOCW_00021331__LOC_00019301.phy

ns =   2	ls =1409

Codon position x base (3x4) table for each sequence.

SEQ1                
position  1:    T:0.17175    C:0.25266    A:0.25550    G:0.32009
position  2:    T:0.26544    C:0.21647    A:0.33925    G:0.17885
position  3:    T:0.15117    C:0.39319    A:0.14053    G:0.31512

SEQ2                
position  1:    T:0.17033    C:0.25124    A:0.24414    G:0.33428
position  2:    T:0.26118    C:0.22072    A:0.33570    G:0.18240
position  3:    T:0.14904    C:0.39532    A:0.13627    G:0.31938

Average
position  1:    T:0.17104    C:0.25195    A:0.24982    G:0.32718
position  2:    T:0.26331    C:0.21859    A:0.33747    G:0.18062
position  3:    T:0.15011    C:0.39425    A:0.13840    G:0.31725

Codon usage for each species
----------------------------------------------------------------------
Phe TTT  15  16 | Ser TCT  16  13 | Tyr TAT  12  12 | Cys TGT   8   6
    TTC  44  43 |     TCC  36  37 |     TAC  36  36 |     TGC  15  14
Leu TTA   8   8 |     TCA  11  10 | *** TAA   0   0 | *** TGA   0   0
    TTG  17  18 |     TCG   9  12 |     TAG   0   0 | Trp TGG  15  15
----------------------------------------------------------------------
Leu CTT   8   8 | Pro CCT  21  24 | His CAT  10   9 | Arg CGT   3   5
    CTC  44  43 |     CCC  25  25 |     CAC  25  27 |     CGC  13  13
    CTA   5   8 |     CCA  18  13 | Gln CAA  18  17 |     CGA   7   7
    CTG  68  61 |     CCG  12  17 |     CAG  60  54 |     CGG  19  23
----------------------------------------------------------------------
Ile ATT  13  13 | Thr ACT  12  13 | Asn AAT  16  15 | Ser AGT  10   6
    ATC  47  42 |     ACC  26  23 |     AAC  32  33 |     AGC  40  40
    ATA   5   4 |     ACA  16   9 | Lys AAA  36  37 | Arg AGA   9   9
Met ATG  25  23 |     ACG   8  15 |     AAG  56  53 |     AGG   9   9
----------------------------------------------------------------------
Val GTT   9  11 | Ala GCT  24  23 | Asp GAT  24  24 | Gly GGT  12  12
    GTC  30  36 |     GCC  44  45 |     GAC  52  55 |     GGC  45  45
    GTA   4   4 |     GCA  18  19 | Glu GAA  32  32 |     GGA  11  15
    GTG  32  30 |     GCG   9  13 |     GAG  69  69 |     GGG  36  38
----------------------------------------------------------------------


Sums
------------------------------------------------------
Phe TTT  31 | Ser TCT  29 | Tyr TAT  24 | Cys TGT  14
    TTC  87 |     TCC  73 |     TAC  72 |     TGC  29
Leu TTA  16 |     TCA  21 | *** TAA   0 | *** TGA   0
    TTG  35 |     TCG  21 |     TAG   0 | Trp TGG  30
------------------------------------------------------
Leu CTT  16 | Pro CCT  45 | His CAT  19 | Arg CGT   8
    CTC  87 |     CCC  50 |     CAC  52 |     CGC  26
    CTA  13 |     CCA  31 | Gln CAA  35 |     CGA  14
    CTG 129 |     CCG  29 |     CAG 114 |     CGG  42
------------------------------------------------------
Ile ATT  26 | Thr ACT  25 | Asn AAT  31 | Ser AGT  16
    ATC  89 |     ACC  49 |     AAC  65 |     AGC  80
    ATA   9 |     ACA  25 | Lys AAA  73 | Arg AGA  18
Met ATG  48 |     ACG  23 |     AAG 109 |     AGG  18
------------------------------------------------------
Val GTT  20 | Ala GCT  47 | Asp GAT  48 | Gly GGT  24
    GTC  66 |     GCC  89 |     GAC 107 |     GGC  90
    GTA   8 |     GCA  37 | Glu GAA  64 |     GGA  26
    GTG  62 |     GCG  22 |     GAG 138 |     GGG  74
------------------------------------------------------



(A) Nei-Gojobori (1986) method



Nei & Gojobori 1986. dN/dS (dN, dS)
(Note: This matrix is not used in later ML. analysis.
Use runmode = -2 for ML pairwise comparison.)

SEQ1                
SEQ2                 0.1731 (0.0294 0.1701)


(B) Yang & Nielsen (2000) method

Yang Z, Nielsen R (2000) Estimating synonymous and nonsynonymous substitution rates under realistic evolutionary models. Mol. Biol. Evol. 17:32-43

(equal weighting of pathways)

seq. seq.     S       N        t   kappa   omega     dN +- SE    dS +- SE

   2    1  1130.3  3096.7   0.1926 10.7123  0.1980 0.0308 +- 0.0032  0.1556 +- 0.0136


(C) LWL85, LPB93 & LWLm methods

Li W.-H., C.-I. Wu, Luo (1985) A new method for estimating synonymous and nonsynonymous rates of nucleotide substitutions considering the relative likelihood of nucleotide and codon changes. Mol. Biol. Evol. 2: 150-174.
Li W-H (1993) Unbiased estimation of the rates of synonymous and nonsynonymous substitution. J. Mol. Evol. 36:96-99
Pamilo P, Bianchi NO (1993) Evolution of the Zfx and Zfy genes - rates and interdependence between the genes. Mol. Biol. Evol. 10:271-281
Yang Z (2006) Computational Molecular Evolution. Oxford University Press, Oxford. Eqs. 2.12 & 2.13

2 (SEQ2) vs. 1 (SEQ1)

L(i):     2714.5     852.0     660.5  sum=   4227.0
Ns(i):   73.0000   58.0000   81.0000  sum= 212.0000
Nv(i):   15.0000    5.0000   14.0000  sum=  34.0000
A(i):     0.0278    0.0736    0.1441
B(i):     0.0056    0.0059    0.0217
LWL85:  dS =  0.1823 dN =  0.0291 w = 0.1596 S =  944.5 N = 3282.5
LWL85m: dS =  0.1229 dN =  0.0338 w = 0.2751 S = 1401.2 N = 2825.8 (rho = 0.869)
LPB93:  dS =  0.1261 dN =  0.0334 w = 0.2652

