      2    465

SEQ1                            ATG ACG CTG GAG GAG CTG GTG ACC CCC GAC GCG GCC GCG CGA AAG ATG AAG CCG GTC AGC GAA GCG GTG GAG CAG CTC CTG GTG GCG GCG CAG AGG CAG GGC TGC CTG ACC GTG GGC GTG TAC GAG TCG GCC AAG CTA ATG AAC ATC GAC CCG GAC TGC GTG GTG CTG TGC CTG CTG GCC GCC GAC GAG GAC GAC GTC GCG CTG CAG ATC CAC TTC ACG CTC CTC CGG GCC TTC TGC TGC GAC AAC GAC ATC CAC ATC CTG CGG GTG GCC GGC ATG GAG CGG CTG GCG GCT GTG CTG GGC GAG AGC CCC GAG GAC GGC GCC GAG CCG CGC GAC CTG CAC TGC CTC CTC GTG ACG AAG CCG CAC GCG GAT TCC TGG ACA AGC CAC GGC CTA GCC GAG GTG GCC AGC TAC TGC GAA GAA AGC CGC TGC AAC AAT GAG TGG GTC CCC TAC GTC TCC CTG CAG GTG CGC 
SEQ2                            ATG ACG CTG GAG GAG CTG GTG ACC CCC GAC GCG GCC GCG CGA AAG ATG AAG CCG GTC AGC GAA GCG GTG GAG CAG CTC CTG GTG GCG GCG CAG AGG CAG GGC TGC CTG ACC GTG GGC GTG TAC GAG TCG GCC AAG CTA ATG AAC ATC GAC CCG GAC TGC GTG GTG CTG TGC CTG CTG GCC GCC GAC GAG GAC GAC GTC GCG CTG CAG ATC CAC TTC ACG CTC CTC CGG GCC TTC TGC TGC GAC AAC GAC ATC CAC ATC CTG CGG GTG GCC GGC ATG GAG CGG CTG GCG GCT GTG CTG GGC GAG AGC CCC GAG GAC GGC GCC GAG CCG CGC GAC CTG CAC TGC CTC CTC GTG ACG AAG CCG CAC GCG GAT TCC TGG ACA AGC CAC GGC CTA GCC GAG GTG GCC AGC TAC TGC GAA GAA AGC CGC TGC AAC AAT GAG TGG GTC CCC TAC GTC TCC CTG CAG GTG CGC 



Printing out site pattern counts


         2        108  P

SEQ1                            AAC AAG AAT ACA ACC ACG AGC AGG ATC ATG CAC CAG CCC CCG CGA CGC CGG CTA CTC CTG GAA GAC GAG GAT GCC GCG GCT GGC GTC GTG TAC TCC TCG TGC TGG TTC 
SEQ2                            ... ... ... ... ... ... ... ... ... ... ... ... ... ... ... ... ... ... ... ... ... ... ... ... ... ... ... ... ... ... ... ... ... ... ... ... 

    3    4    1    1    2    3    5    1    4    4    5    5    3    4    1
    3    3    2    5   13    3   10   11    1    9    8    1    6    4   12
    3    2    1    8    2    2

YN00 paml/jobs/LOC_00019035__LOCZ_00019035/LOC_00019035__LOCZ_00019035.phy

ns =   2	ls = 155

Codon position x base (3x4) table for each sequence.

SEQ1                
position  1:    T:0.11613    C:0.28387    A:0.18065    G:0.41935
position  2:    T:0.29677    C:0.21935    A:0.29677    G:0.18710
position  3:    T:0.01935    C:0.47742    A:0.04516    G:0.45806

SEQ2                
position  1:    T:0.11613    C:0.28387    A:0.18065    G:0.41935
position  2:    T:0.29677    C:0.21935    A:0.29677    G:0.18710
position  3:    T:0.01935    C:0.47742    A:0.04516    G:0.45806

Average
position  1:    T:0.11613    C:0.28387    A:0.18065    G:0.41935
position  2:    T:0.29677    C:0.21935    A:0.29677    G:0.18710
position  3:    T:0.01935    C:0.47742    A:0.04516    G:0.45806

Codon usage for each species
----------------------------------------------------------------------
Phe TTT   0   0 | Ser TCT   0   0 | Tyr TAT   0   0 | Cys TGT   0   0
    TTC   2   2 |     TCC   2   2 |     TAC   3   3 |     TGC   8   8
Leu TTA   0   0 |     TCA   0   0 | *** TAA   0   0 | *** TGA   0   0
    TTG   0   0 |     TCG   1   1 |     TAG   0   0 | Trp TGG   2   2
----------------------------------------------------------------------
Leu CTT   0   0 | Pro CCT   0   0 | His CAT   0   0 | Arg CGT   0   0
    CTC   5   5 |     CCC   3   3 |     CAC   5   5 |     CGC   3   3
    CTA   2   2 |     CCA   0   0 | Gln CAA   0   0 |     CGA   1   1
    CTG  13  13 |     CCG   4   4 |     CAG   5   5 |     CGG   3   3
----------------------------------------------------------------------
Ile ATT   0   0 | Thr ACT   0   0 | Asn AAT   1   1 | Ser AGT   0   0
    ATC   4   4 |     ACC   2   2 |     AAC   3   3 |     AGC   5   5
    ATA   0   0 |     ACA   1   1 | Lys AAA   0   0 | Arg AGA   0   0
Met ATG   4   4 |     ACG   3   3 |     AAG   4   4 |     AGG   1   1
----------------------------------------------------------------------
Val GTT   0   0 | Ala GCT   1   1 | Asp GAT   1   1 | Gly GGT   0   0
    GTC   4   4 |     GCC   9   9 |     GAC  10  10 |     GGC   6   6
    GTA   0   0 |     GCA   0   0 | Glu GAA   3   3 |     GGA   0   0
    GTG  12  12 |     GCG   8   8 |     GAG  11  11 |     GGG   0   0
----------------------------------------------------------------------


Sums
------------------------------------------------------
Phe TTT   0 | Ser TCT   0 | Tyr TAT   0 | Cys TGT   0
    TTC   4 |     TCC   4 |     TAC   6 |     TGC  16
Leu TTA   0 |     TCA   0 | *** TAA   0 | *** TGA   0
    TTG   0 |     TCG   2 |     TAG   0 | Trp TGG   4
------------------------------------------------------
Leu CTT   0 | Pro CCT   0 | His CAT   0 | Arg CGT   0
    CTC  10 |     CCC   6 |     CAC  10 |     CGC   6
    CTA   4 |     CCA   0 | Gln CAA   0 |     CGA   2
    CTG  26 |     CCG   8 |     CAG  10 |     CGG   6
------------------------------------------------------
Ile ATT   0 | Thr ACT   0 | Asn AAT   2 | Ser AGT   0
    ATC   8 |     ACC   4 |     AAC   6 |     AGC  10
    ATA   0 |     ACA   2 | Lys AAA   0 | Arg AGA   0
Met ATG   8 |     ACG   6 |     AAG   8 |     AGG   2
------------------------------------------------------
Val GTT   0 | Ala GCT   2 | Asp GAT   2 | Gly GGT   0
    GTC   8 |     GCC  18 |     GAC  20 |     GGC  12
    GTA   0 |     GCA   0 | Glu GAA   6 |     GGA   0
    GTG  24 |     GCG  16 |     GAG  22 |     GGG   0
------------------------------------------------------



(A) Nei-Gojobori (1986) method



Nei & Gojobori 1986. dN/dS (dN, dS)
(Note: This matrix is not used in later ML. analysis.
Use runmode = -2 for ML pairwise comparison.)

SEQ1                
SEQ2                -1.0000 (0.0000 0.0000)


(B) Yang & Nielsen (2000) method

Yang Z, Nielsen R (2000) Estimating synonymous and nonsynonymous substitution rates under realistic evolutionary models. Mol. Biol. Evol. 17:32-43

(equal weighting of pathways)

seq. seq.     S       N        t   kappa   omega     dN +- SE    dS +- SE

   2    1    55.8   409.2  -0.0000  4.6000 99.0000 -0.0000 +- 0.0000 -0.0000 +- 0.0000


(C) LWL85, LPB93 & LWLm methods

Li W.-H., C.-I. Wu, Luo (1985) A new method for estimating synonymous and nonsynonymous rates of nucleotide substitutions considering the relative likelihood of nucleotide and codon changes. Mol. Biol. Evol. 2: 150-174.
Li W-H (1993) Unbiased estimation of the rates of synonymous and nonsynonymous substitution. J. Mol. Evol. 36:96-99
Pamilo P, Bianchi NO (1993) Evolution of the Zfx and Zfy genes - rates and interdependence between the genes. Mol. Biol. Evol. 10:271-281
Yang Z (2006) Computational Molecular Evolution. Oxford University Press, Oxford. Eqs. 2.12 & 2.13

2 (SEQ2) vs. 1 (SEQ1)

L(i):      296.0      86.0      83.0  sum=    465.0
Ns(i):    0.0000    0.0000    0.0000  sum=   0.0000
Nv(i):    0.0000    0.0000    0.0000  sum=   0.0000
A(i):     0.0000    0.0000    0.0000
B(i):    -0.0000   -0.0000   -0.0000
LWL85:  dS =  0.0000 dN =  0.0000 w =   -nan S =  111.7 N =  353.3
LWL85m: dS =    -nan dN =    -nan w =   -nan S =   -nan N =   -nan (rho = -nan)
LPB93:  dS =  0.0000 dN =  0.0000 w =   -nan

