
Before deleting alignment gaps
      2    690

SEQ1                            ATG GGA ACC CGT GAT GAC GAG TAC GAC TAT CTC TTC AAA GTT GTG CTA ATT GGA GAC TCT GGG GTG GGG AAG AGC AAT CTC CTG TCC TGC TTC ACC CGC AAT GAA TTC AAC CTG GAG AGC AAA AGC ACC ATT GGC GTG GAG TTT GCC ACC AGG AGC ATC CAG GTG GAT GGG AAG ACG ATA AAG GCG CAG ATC TGG GAC ACT GCA GGC CAG GAG CGA TAC CGT GCC ATC ACC TCA GCC TAT TAC CGT GGC GCT GTT GGG GCC CTC CTG GTT TAT GAC ATT GCC AAG CAC CTG ACG TAC GAG AAT GTG GAG CGT TGG CTG AAG GAG CTC CGG GAC CAT GCA GAT AAC AAC ATC GTC ATT ATG TTG GTG GGG AAC AAG AGC GAC TTG CGT CAC CTG AGG GCT GTG CCC ACA GAT GAG TCT TGC TTT TGC AGA AAA AAA CAA CCT GTC ATT CAT --- --- --- --- --- --- --- --- --- --- --- --- --- --- --- --- --- --- --- --- --- --- --- --- --- --- --- --- --- --- --- --- --- --- --- --- --- --- --- --- --- --- --- --- --- --- --- --- --- --- --- --- --- --- --- --- --- --- --- --- --- --- --- --- --- --- --- --- --- --- --- --- --- --- --- --- --- --- --- --- 
SEQ2                            ATG GGA ACC CGC GAC GAC GAG TAC GAC TAT CTC TTC AAA GTT GTT CTA ATT GGA GAC TCC GGG GTG GGG AAG AGC AAT CTC CTG TCC CGC TTC ACC CGC AAT GAA TTC AAC CTG GAG AGC AAA AGC ACC ATT GGC GTG GAG TTT GCC ACC AGG AGC ATC CAG GTG GAT GGG AAG ACG ATA AAG GCG CAG ATC TGG GAC ACT GCA GGC CAG GAG CGA TAC CGT GCC ATC ACC TCA GCC TAT TAC CGT GGT GCT GTT GGG GCA CTC CTG GTT TAT GAC ATT GCC AAG CAC CTG ACG TAC GAG AAT GTG GAG CGT TGG CTG AAG GAG CTC CGG GAC CAT GCA GAT AAC AAC ATC GTC ATT ATG CTG GTG GGG AAC AAG AGC GAC TTG CGT CAC CTG AGG GCT GTG CCC ACA GAC GAG --- --- --- --- --- --- --- --- --- --- --- --- GCC CGT GCT TTT GCA GAA AAA AAC AAC CTG TCG TTC ATT GAA ACT TCA GCA CTT GAC TCA ACA AAT GTC GAA GAA GCC TTC AAG AAC ATC CTT ACA GAG ATC TAC CGC ATT GTG TCA CAG AAG CAG ATT GCG GAC CGG TCT GCC CAC GAT GAG TCG CCT GGC AAC AAC GTG GTG GAC ATC AGT GTT CCC CCT ACC ACC GAT GGA CAG AAA TCC AAC AAA CTT CAG TGT TGC CAG AAC CTG 



After deleting gaps. 414 sites
      2    414

SEQ1                            ATG GGA ACC CGT GAT GAC GAG TAC GAC TAT CTC TTC AAA GTT GTG CTA ATT GGA GAC TCT GGG GTG GGG AAG AGC AAT CTC CTG TCC TGC TTC ACC CGC AAT GAA TTC AAC CTG GAG AGC AAA AGC ACC ATT GGC GTG GAG TTT GCC ACC AGG AGC ATC CAG GTG GAT GGG AAG ACG ATA AAG GCG CAG ATC TGG GAC ACT GCA GGC CAG GAG CGA TAC CGT GCC ATC ACC TCA GCC TAT TAC CGT GGC GCT GTT GGG GCC CTC CTG GTT TAT GAC ATT GCC AAG CAC CTG ACG TAC GAG AAT GTG GAG CGT TGG CTG AAG GAG CTC CGG GAC CAT GCA GAT AAC AAC ATC GTC ATT ATG TTG GTG GGG AAC AAG AGC GAC TTG CGT CAC CTG AGG GCT GTG CCC ACA GAT GAG 
SEQ2                            ATG GGA ACC CGC GAC GAC GAG TAC GAC TAT CTC TTC AAA GTT GTT CTA ATT GGA GAC TCC GGG GTG GGG AAG AGC AAT CTC CTG TCC CGC TTC ACC CGC AAT GAA TTC AAC CTG GAG AGC AAA AGC ACC ATT GGC GTG GAG TTT GCC ACC AGG AGC ATC CAG GTG GAT GGG AAG ACG ATA AAG GCG CAG ATC TGG GAC ACT GCA GGC CAG GAG CGA TAC CGT GCC ATC ACC TCA GCC TAT TAC CGT GGT GCT GTT GGG GCA CTC CTG GTT TAT GAC ATT GCC AAG CAC CTG ACG TAC GAG AAT GTG GAG CGT TGG CTG AAG GAG CTC CGG GAC CAT GCA GAT AAC AAC ATC GTC ATT ATG CTG GTG GGG AAC AAG AGC GAC TTG CGT CAC CTG AGG GCT GTG CCC ACA GAC GAG 



Printing out site pattern counts


         2        165  P

SEQ1                            AAA AAC AAG AAT ACA ACC ACG ACT AGC AGG ATA ATC ATG ATT CAC CAG CAT CCC CGA CGC CGG CGT CGT CTA CTC CTG GAA GAC GAG GAT GAT GCA GCC GCC GCG GCT GGA GGC GGC GGG GTC GTG GTG GTT TAC TAT TCA TCC TCT TGC TGG TTC TTG TTG TTT 
SEQ2                            ... ... ... ... ... ... ... ... ... ... ... ... ... ... ... ... ... ... ... ... ... ..C ... ... ... ... ... ... ... ..C ... ... ..A ... ... ... ... ... ..T ... ... ... ..T ... ... ... ... ... ..C C.. ... ... C.. ... ... 

    2    4    6    3    1    5    2    1    5    2    1    4    2    4    2
    3    1    1    1    1    1    1    4    1    4    6    1    7    8    2
    2    2    1    4    1    2    2    2    1    5    1    6    1    3    4
    3    1    1    1    1    2    3    1    1    1

YN00 paml/jobs/LOCW_00021422__LOC_00019132/LOCW_00021422__LOC_00019132.phy

ns =   2	ls = 138

Codon position x base (3x4) table for each sequence.

SEQ1                
position  1:    T:0.13768    C:0.18841    A:0.30435    G:0.36957
position  2:    T:0.28261    C:0.16667    A:0.34783    G:0.20290
position  3:    T:0.20290    C:0.36957    A:0.08696    G:0.34058

SEQ2                
position  1:    T:0.12319    C:0.20290    A:0.30435    G:0.36957
position  2:    T:0.28261    C:0.16667    A:0.34783    G:0.20290
position  3:    T:0.18841    C:0.38406    A:0.09420    G:0.33333

Average
position  1:    T:0.13043    C:0.19565    A:0.30435    G:0.36957
position  2:    T:0.28261    C:0.16667    A:0.34783    G:0.20290
position  3:    T:0.19565    C:0.37681    A:0.09058    G:0.33696

Codon usage for each species
----------------------------------------------------------------------
Phe TTT   1   1 | Ser TCT   1   0 | Tyr TAT   3   3 | Cys TGT   0   0
    TTC   3   3 |     TCC   1   2 |     TAC   4   4 |     TGC   1   0
Leu TTA   0   0 |     TCA   1   1 | *** TAA   0   0 | *** TGA   0   0
    TTG   2   1 |     TCG   0   0 |     TAG   0   0 | Trp TGG   2   2
----------------------------------------------------------------------
Leu CTT   0   0 | Pro CCT   0   0 | His CAT   1   1 | Arg CGT   5   4
    CTC   4   4 |     CCC   1   1 |     CAC   2   2 |     CGC   1   3
    CTA   1   1 |     CCA   0   0 | Gln CAA   0   0 |     CGA   1   1
    CTG   6   7 |     CCG   0   0 |     CAG   3   3 |     CGG   1   1
----------------------------------------------------------------------
Ile ATT   4   4 | Thr ACT   1   1 | Asn AAT   3   3 | Ser AGT   0   0
    ATC   4   4 |     ACC   5   5 |     AAC   4   4 |     AGC   5   5
    ATA   1   1 |     ACA   1   1 | Lys AAA   2   2 | Arg AGA   0   0
Met ATG   2   2 |     ACG   2   2 |     AAG   6   6 |     AGG   2   2
----------------------------------------------------------------------
Val GTT   3   4 | Ala GCT   2   2 | Asp GAT   4   2 | Gly GGT   0   1
    GTC   1   1 |     GCC   5   4 |     GAC   7   9 |     GGC   3   2
    GTA   0   0 |     GCA   2   3 | Glu GAA   1   1 |     GGA   2   2
    GTG   7   6 |     GCG   1   1 |     GAG   8   8 |     GGG   5   5
----------------------------------------------------------------------


Sums
------------------------------------------------------
Phe TTT   2 | Ser TCT   1 | Tyr TAT   6 | Cys TGT   0
    TTC   6 |     TCC   3 |     TAC   8 |     TGC   1
Leu TTA   0 |     TCA   2 | *** TAA   0 | *** TGA   0
    TTG   3 |     TCG   0 |     TAG   0 | Trp TGG   4
------------------------------------------------------
Leu CTT   0 | Pro CCT   0 | His CAT   2 | Arg CGT   9
    CTC   8 |     CCC   2 |     CAC   4 |     CGC   4
    CTA   2 |     CCA   0 | Gln CAA   0 |     CGA   2
    CTG  13 |     CCG   0 |     CAG   6 |     CGG   2
------------------------------------------------------
Ile ATT   8 | Thr ACT   2 | Asn AAT   6 | Ser AGT   0
    ATC   8 |     ACC  10 |     AAC   8 |     AGC  10
    ATA   2 |     ACA   2 | Lys AAA   4 | Arg AGA   0
Met ATG   4 |     ACG   4 |     AAG  12 |     AGG   4
------------------------------------------------------
Val GTT   7 | Ala GCT   4 | Asp GAT   6 | Gly GGT   1
    GTC   2 |     GCC   9 |     GAC  16 |     GGC   5
    GTA   0 |     GCA   5 | Glu GAA   2 |     GGA   4
    GTG  13 |     GCG   2 |     GAG  16 |     GGG  10
------------------------------------------------------



(A) Nei-Gojobori (1986) method



Nei & Gojobori 1986. dN/dS (dN, dS)
(Note: This matrix is not used in later ML. analysis.
Use runmode = -2 for ML pairwise comparison.)

SEQ1                
SEQ2                 0.0368 (0.0032 0.0862)


(B) Yang & Nielsen (2000) method

Yang Z, Nielsen R (2000) Estimating synonymous and nonsynonymous substitution rates under realistic evolutionary models. Mol. Biol. Evol. 17:32-43

(equal weighting of pathways)

seq. seq.     S       N        t   kappa   omega     dN +- SE    dS +- SE

   2    1    95.2   318.8   0.0696  3.6060  0.0348 0.0031 +- 0.0031  0.0903 +- 0.0330


(C) LWL85, LPB93 & LWLm methods

Li W.-H., C.-I. Wu, Luo (1985) A new method for estimating synonymous and nonsynonymous rates of nucleotide substitutions considering the relative likelihood of nucleotide and codon changes. Mol. Biol. Evol. 2: 150-174.
Li W-H (1993) Unbiased estimation of the rates of synonymous and nonsynonymous substitution. J. Mol. Evol. 36:96-99
Pamilo P, Bianchi NO (1993) Evolution of the Zfx and Zfy genes - rates and interdependence between the genes. Mol. Biol. Evol. 10:271-281
Yang Z (2006) Computational Molecular Evolution. Oxford University Press, Oxford. Eqs. 2.12 & 2.13

2 (SEQ2) vs. 1 (SEQ1)

L(i):      267.0      83.0      64.0  sum=    414.0
Ns(i):    1.0000    3.0000    3.0000  sum=   7.0000
Nv(i):    0.0000    0.0000    2.0000  sum=   2.0000
A(i):     0.0038    0.0375    0.0506
B(i):    -0.0000   -0.0000    0.0323
LWL85:  dS =  0.0918 dN =  0.0031 w = 0.0339 S =   91.7 N =  322.3
LWL85m: dS =  0.0734 dN =  0.0034 w = 0.0457 S =  114.7 N =  299.3 (rho = 0.611)
LPB93:  dS =  0.0755 dN =  0.0038 w = 0.0498

