
Before deleting alignment gaps
      2    915

SEQ1                            --- --- --- --- --- --- --- --- --- --- --- --- --- --- --- --- --- --- --- --- --- --- --- --- --- --- --- --- --- --- --- --- --- --- --- --- --- --- --- --- --- --- --- --- --- --- --- --- --- --- --- --- --- --- --- --- --- --- --- --- --- --- --- --- --- --- --- --- --- --- --- --- --- --- --- --- --- --- --- --- ATG ATC AAC ATC AAC CTC CTT TCT GTC TCC AAC CTC CCG AAG CTC AGC AAC CTT CGC AAG CTG GAG CTG AGT GAC AAT CGT ATT TCT GGA GGC CTG GAG GTC CTT GCA GAG AAG AGC CCG AAC CTG ATG CAC TTG AAC CTC AGC AGG AAC AAA ATC AAA GAT ATA AAC ACA TTG GAA CCC CTT AAA AAG CTG CCC CAC CTC CAG AGC CTG GAC TTG TTC AAC TGC AAA GTG ATG ACG CTG ATC AGC TAC CGC GAA AGC ATC TTC ACG CTC CTG CCC CAG CTC ACC TAC CTG GAT GGC TTT GAC ACC AAC GAC AAA GAG GCC TCC GAC TCG GAT CCG GAA GGG GAC GAG CTG GAA GAC GAG TAC --- --- --- --- --- GAA GGC GAA GAG GAA GCC GAG GAA GAT GAA GAA GAG CTG GAT GAG GAC GCT GTT GAA GAC AAG GAG GAG GAG GAT GCC CTG GAT GGG GAT GAG GAG GAA GAT GGG GTA GAT GAT GAG TTC TGT CTG TGC CCT ACA TCC CAA CCT GGA GGA AGA AGA TGG --- --- --- --- --- --- --- --- --- --- --- --- --- --- --- --- --- --- --- --- --- --- --- --- --- --- --- --- --- --- --- --- --- --- --- --- --- --- --- --- --- --- --- --- --- --- 
SEQ2                            ATG TTG GAG ACG CGC TTT GGG GCG CCC GGG CGC AAC GAC CAT TTT TGG AGA GCT TTT CTT TCT CAC TCC GCG AGC CTC GAT GGC TTT TCC CCT CCT GGA GAG AAA GGC TGG CTG GGG GAG AGG GGT CGT CCT TCT TTT CAA GCT TCT CAG GTG AAG GAG CTG GTG TTG GAT AAC TGT CGC TCC GAT GAC GGG AAA ATC GGC GGT CTC TCC TCT GAC TTC GAA AAC CTT GAA TTC CTC AGC ATG ATC AAC GTC AAC CTC CTC TCC GTC TCC AAC CTC CCA AAG CTC AGC AAA CTT CGC AAG CTG GAG CTG AGT GAC AAT CGT ATT TCT GGC GGC CTG GAG GTC CTT GCA GAG AAG ACC CCG AAC CTG ACG CAC TTG AAC CTC AGT GGG AAC AAA ATC AAA GAC ATA AAC ACG TTG GAA CCC CTG AAA AAG CTG CCC CAC CTC CAG AAC CTG GAC CTG TTC AAC TGC GAA GTG ACG ATG CTG ATA AGC TAC CGC GAA AGC ATC TTC ACG CTC CTG CCA CAG CTC ACC TAC CTG GAT GGC TTC GAC ACC AAT GAG AAA GAG GCC CCC GAC TCG GAC CCG GAA GTG GAC GGG CTG GAG GAC GAA TAC GAC GAG AAT GGA GAT GAA GGT GAA GAG GAA GAT GAG GAA GAG GAA GAA GAG CTG GAT GAG GAC GCT GTT --- GAT GAG GAG GAT GAA GAT GAC CTG GAC GGG GAA GAG GAG GAA GAT GGG GTA GAT GAT GAG --- --- --- --- --- --- --- --- --- --- --- --- --- --- GAG GAA GAG GAT GAA GAG GAA GGT GAG GAG GAA GAT GAT GAC GAA GGC GGG GAA GAC CTC CGG CAA GGT GAG AAG CGG AAA CGA GAA GTC AAG GAT GAA GGG GAG GAT AAC CCC GAC GAA GAA AAG GAG GAA GAC AAC 



After deleting gaps. 477 sites
      2    477

SEQ1                            ATG ATC AAC ATC AAC CTC CTT TCT GTC TCC AAC CTC CCG AAG CTC AGC AAC CTT CGC AAG CTG GAG CTG AGT GAC AAT CGT ATT TCT GGA GGC CTG GAG GTC CTT GCA GAG AAG AGC CCG AAC CTG ATG CAC TTG AAC CTC AGC AGG AAC AAA ATC AAA GAT ATA AAC ACA TTG GAA CCC CTT AAA AAG CTG CCC CAC CTC CAG AGC CTG GAC TTG TTC AAC TGC AAA GTG ATG ACG CTG ATC AGC TAC CGC GAA AGC ATC TTC ACG CTC CTG CCC CAG CTC ACC TAC CTG GAT GGC TTT GAC ACC AAC GAC AAA GAG GCC TCC GAC TCG GAT CCG GAA GGG GAC GAG CTG GAA GAC GAG TAC GAA GGC GAA GAG GAA GCC GAG GAA GAT GAA GAA GAG CTG GAT GAG GAC GCT GTT GAC AAG GAG GAG GAG GAT GCC CTG GAT GGG GAT GAG GAG GAA GAT GGG GTA GAT GAT GAG 
SEQ2                            ATG ATC AAC GTC AAC CTC CTC TCC GTC TCC AAC CTC CCA AAG CTC AGC AAA CTT CGC AAG CTG GAG CTG AGT GAC AAT CGT ATT TCT GGC GGC CTG GAG GTC CTT GCA GAG AAG ACC CCG AAC CTG ACG CAC TTG AAC CTC AGT GGG AAC AAA ATC AAA GAC ATA AAC ACG TTG GAA CCC CTG AAA AAG CTG CCC CAC CTC CAG AAC CTG GAC CTG TTC AAC TGC GAA GTG ACG ATG CTG ATA AGC TAC CGC GAA AGC ATC TTC ACG CTC CTG CCA CAG CTC ACC TAC CTG GAT GGC TTC GAC ACC AAT GAG AAA GAG GCC CCC GAC TCG GAC CCG GAA GTG GAC GGG CTG GAG GAC GAA TAC GAA GGT GAA GAG GAA GAT GAG GAA GAG GAA GAA GAG CTG GAT GAG GAC GCT GTT GAT GAG GAG GAT GAA GAT GAC CTG GAC GGG GAA GAG GAG GAA GAT GGG GTA GAT GAT GAG 



Printing out site pattern counts


         2        228  P

SEQ1                            AAA AAA AAC AAC AAC AAG AAG AAT ACA ACC ACG ACG AGC AGC AGC AGC AGG AGT ATA ATC ATC ATC ATG ATG ATT CAC CAG CCC CCC CCG CCG CGC CGT CTC CTG CTT CTT CTT GAA GAA GAC GAC GAC GAG GAG GAG GAG GAT GAT GAT GAT GCA GCC GCC GCC GCT GGA GGC GGC GGG GGG GTA GTC GTG GTT TAC TCC TCC TCG TCT TCT TGC TTC TTG TTG TTT 
SEQ2                            ... G.. ..A ... ..T ... G.. ... ..G ... ... .T. .A. .C. ... ..T G.. ... ... ..A ... G.. .C. ... ... ... ... ..A ... ..A ... ... ... ... ... ..C ..G ... ... ..G ... ..G ..T ..A ... ..T .G. ..A ..C ..G ... ... .A. .AT ... ... ..C ... ..T ... .T. ... ... ... ... ... C.. ... ... ..C ... ... ... C.. ... ..C 

    4    1    1    8    1    4    1    1    1    2    1    1    1    1    3
    1    1    1    1    1    3    1    2    1    1    2    2    1    2    1
    2    2    1    7   12    1    1    2   10    1    7    1    1    2   12
    1    1    1    3    1    6    1    1    1    1    1    1    2    1    2
    1    1    2    1    1    3    1    1    1    1    1    1    2    1    2
    1

YN00 paml/jobs/LOCW_00021425__LOC_00019135/LOCW_00021425__LOC_00019135.phy

ns =   2	ls = 159

Codon position x base (3x4) table for each sequence.

SEQ1                
position  1:    T:0.09434    C:0.22642    A:0.27673    G:0.40252
position  2:    T:0.27673    C:0.13208    A:0.47170    G:0.11950
position  3:    T:0.15094    C:0.38994    A:0.13208    G:0.32704

SEQ2                
position  1:    T:0.08176    C:0.23899    A:0.25157    G:0.42767
position  2:    T:0.27673    C:0.13208    A:0.48428    G:0.10692
position  3:    T:0.13208    C:0.37736    A:0.15723    G:0.33333

Average
position  1:    T:0.08805    C:0.23270    A:0.26415    G:0.41509
position  2:    T:0.27673    C:0.13208    A:0.47799    G:0.11321
position  3:    T:0.14151    C:0.38365    A:0.14465    G:0.33019

Codon usage for each species
----------------------------------------------------------------------
Phe TTT   1   0 | Ser TCT   2   1 | Tyr TAT   0   0 | Cys TGT   0   0
    TTC   2   3 |     TCC   2   2 |     TAC   3   3 |     TGC   1   1
Leu TTA   0   0 |     TCA   0   0 | *** TAA   0   0 | *** TGA   0   0
    TTG   3   2 |     TCG   1   1 |     TAG   0   0 | Trp TGG   0   0
----------------------------------------------------------------------
Leu CTT   4   2 | Pro CCT   0   0 | His CAT   0   0 | Arg CGT   1   1
    CTC   7   8 |     CCC   3   3 |     CAC   2   2 |     CGC   2   2
    CTA   0   0 |     CCA   0   2 | Gln CAA   0   0 |     CGA   0   0
    CTG  12  14 |     CCG   3   2 |     CAG   2   2 |     CGG   0   0
----------------------------------------------------------------------
Ile ATT   1   1 | Thr ACT   0   0 | Asn AAT   1   2 | Ser AGT   1   2
    ATC   5   3 |     ACC   2   3 |     AAC  10   9 |     AGC   6   3
    ATA   1   2 |     ACA   1   0 | Lys AAA   5   5 | Arg AGA   0   0
Met ATG   3   2 |     ACG   2   4 |     AAG   5   4 |     AGG   1   0
----------------------------------------------------------------------
Val GTT   1   1 | Ala GCT   1   1 | Asp GAT  11   9 | Gly GGT   0   1
    GTC   2   3 |     GCC   3   1 |     GAC   9  11 |     GGC   3   3
    GTA   1   1 |     GCA   1   1 | Glu GAA  11  14 |     GGA   1   0
    GTG   1   2 |     GCG   0   0 |     GAG  16  16 |     GGG   3   4
----------------------------------------------------------------------


Sums
------------------------------------------------------
Phe TTT   1 | Ser TCT   3 | Tyr TAT   0 | Cys TGT   0
    TTC   5 |     TCC   4 |     TAC   6 |     TGC   2
Leu TTA   0 |     TCA   0 | *** TAA   0 | *** TGA   0
    TTG   5 |     TCG   2 |     TAG   0 | Trp TGG   0
------------------------------------------------------
Leu CTT   6 | Pro CCT   0 | His CAT   0 | Arg CGT   2
    CTC  15 |     CCC   6 |     CAC   4 |     CGC   4
    CTA   0 |     CCA   2 | Gln CAA   0 |     CGA   0
    CTG  26 |     CCG   5 |     CAG   4 |     CGG   0
------------------------------------------------------
Ile ATT   2 | Thr ACT   0 | Asn AAT   3 | Ser AGT   3
    ATC   8 |     ACC   5 |     AAC  19 |     AGC   9
    ATA   3 |     ACA   1 | Lys AAA  10 | Arg AGA   0
Met ATG   5 |     ACG   6 |     AAG   9 |     AGG   1
------------------------------------------------------
Val GTT   2 | Ala GCT   2 | Asp GAT  20 | Gly GGT   1
    GTC   5 |     GCC   4 |     GAC  20 |     GGC   6
    GTA   2 |     GCA   2 | Glu GAA  25 |     GGA   1
    GTG   3 |     GCG   0 |     GAG  32 |     GGG   7
------------------------------------------------------



(A) Nei-Gojobori (1986) method



Nei & Gojobori 1986. dN/dS (dN, dS)
(Note: This matrix is not used in later ML. analysis.
Use runmode = -2 for ML pairwise comparison.)

SEQ1                
SEQ2                 0.2244 (0.0528 0.2351)


(B) Yang & Nielsen (2000) method

Yang Z, Nielsen R (2000) Estimating synonymous and nonsynonymous substitution rates under realistic evolutionary models. Mol. Biol. Evol. 17:32-43

(equal weighting of pathways)

seq. seq.     S       N        t   kappa   omega     dN +- SE    dS +- SE

   2    1   130.8   346.2   0.2788  4.0404  0.3046 0.0571 +- 0.0133  0.1876 +- 0.0444


(C) LWL85, LPB93 & LWLm methods

Li W.-H., C.-I. Wu, Luo (1985) A new method for estimating synonymous and nonsynonymous rates of nucleotide substitutions considering the relative likelihood of nucleotide and codon changes. Mol. Biol. Evol. 2: 150-174.
Li W-H (1993) Unbiased estimation of the rates of synonymous and nonsynonymous substitution. J. Mol. Evol. 36:96-99
Pamilo P, Bianchi NO (1993) Evolution of the Zfx and Zfy genes - rates and interdependence between the genes. Mol. Biol. Evol. 10:271-281
Yang Z (2006) Computational Molecular Evolution. Oxford University Press, Oxford. Eqs. 2.12 & 2.13

2 (SEQ2) vs. 1 (SEQ1)

L(i):      304.5     111.5      61.0  sum=    477.0
Ns(i):    9.5000   12.0000    5.5000  sum=  27.0000
Nv(i):    4.0000    6.0000    3.0000  sum=  13.0000
A(i):     0.0326    0.1282    0.1045
B(i):     0.0133    0.0569    0.0518
LWL85:  dS =  0.2428 dN =  0.0537 w = 0.2211 S =   98.2 N =  378.8
LWL85m: dS =  0.1758 dN =  0.0595 w = 0.3387 S =  135.6 N =  341.4 (rho = 0.669)
LPB93:  dS =  0.1716 dN =  0.0576 w = 0.3357

