      2    351

SEQ1                            ATG GCG GCG CTG GCG GCG GCG CCG GCT GAA GCG AGC GTC GCT GCA GCG CCG GCC GGG GAG GAG GCC GAG CCA GCG CCG CCT CCG CCG CCG ACC GCG ACG GCT GTG GCT CGG CCG GCG CGG CTG CCG CTC TCG CGG GTG AAG GCG CTG GTC AAG GCC GAC CCG GAC GTC ACC CTG GCC AGC CAG GAG GCC GTC TTC GCC ATC GCG CGC GCG GCG GAG CTG TTT GTG GAG ACT ATC GCA AAA GAT GCC TTC GTC TAC GCC CAA CAA GGG AAA CGG AAG ACA CTC CAA AGA AAG GAC CTG GAC AAC GCC ATT GAA GCG ATA GAC GAG TTT GCG TTT CTG GAA GGT ACT CTG GAC 
SEQ2                            ATG GCG GCG CTG GCG GCG GCG CCG GCT GAA GCG AGC GTC GCT GCA GCG CCG GCC GGG GAG GAG GCC GAG CCA GCG CCG CCT CCG CCG CCG ACC GCG ACG GCT GTG GCT CGG CCG GCG CGG CTG CCG CTC TCG CGG GTG AAG GCG CTG GTC AAG GCC GAC CCG GAC GTC ACC CTG GCC AGC CAG GAG GCC GTC TTC GCC ATC GCG CGC GCG GCG GAG CTG TTT GTG GAG ACT ATC GCA AAA GAT GCC TTC GTC TAC GCC CAA CAA GGG AAA CGG AAG ACA CTC CAA AGA AAG GAC CTG GAC AAC GCC ATT GAA GCG ATA GAC GAG TTT GCG TTT CTG GAA GGT ACT CTG GAC 



Printing out site pattern counts


         2        114  P

SEQ1                            AAA AAC AAG ACA ACC ACG ACT AGA AGC ATA ATC ATG ATT CAA CAG CCA CCG CCT CGC CGG CTC CTG GAA GAC GAG GAT GCA GCC GCG GCT GGG GGT GTC GTG TAC TCG TTC TTT 
SEQ2                            ... ... ... ... ... ... ... ... ... ... ... ... ... ... ... ... ... ... ... ... ... ... ... ... ... ... ... ... ... ... ... ... ... ... ... ... ... ... 

    2    1    4    1    2    1    2    1    2    1    2    1    1    3    1
    1    9    1    1    4    2    8    3    6    7    1    2    9   16    4
    2    1    5    3    1    1    2    3

YN00 paml/jobs/LOCW_00021280__LOC_00019055/LOCW_00021280__LOC_00019055.phy

ns =   2	ls = 117

Codon position x base (3x4) table for each sequence.

SEQ1                
position  1:    T:0.05983    C:0.25641    A:0.17949    G:0.50427
position  2:    T:0.23932    C:0.41880    A:0.24786    G:0.09402
position  3:    T:0.11111    C:0.28205    A:0.11966    G:0.48718

SEQ2                
position  1:    T:0.05983    C:0.25641    A:0.17949    G:0.50427
position  2:    T:0.23932    C:0.41880    A:0.24786    G:0.09402
position  3:    T:0.11111    C:0.28205    A:0.11966    G:0.48718

Average
position  1:    T:0.05983    C:0.25641    A:0.17949    G:0.50427
position  2:    T:0.23932    C:0.41880    A:0.24786    G:0.09402
position  3:    T:0.11111    C:0.28205    A:0.11966    G:0.48718

Codon usage for each species
----------------------------------------------------------------------
Phe TTT   3   3 | Ser TCT   0   0 | Tyr TAT   0   0 | Cys TGT   0   0
    TTC   2   2 |     TCC   0   0 |     TAC   1   1 |     TGC   0   0
Leu TTA   0   0 |     TCA   0   0 | *** TAA   0   0 | *** TGA   0   0
    TTG   0   0 |     TCG   1   1 |     TAG   0   0 | Trp TGG   0   0
----------------------------------------------------------------------
Leu CTT   0   0 | Pro CCT   1   1 | His CAT   0   0 | Arg CGT   0   0
    CTC   2   2 |     CCC   0   0 |     CAC   0   0 |     CGC   1   1
    CTA   0   0 |     CCA   1   1 | Gln CAA   3   3 |     CGA   0   0
    CTG   8   8 |     CCG   9   9 |     CAG   1   1 |     CGG   4   4
----------------------------------------------------------------------
Ile ATT   1   1 | Thr ACT   2   2 | Asn AAT   0   0 | Ser AGT   0   0
    ATC   2   2 |     ACC   2   2 |     AAC   1   1 |     AGC   2   2
    ATA   1   1 |     ACA   1   1 | Lys AAA   2   2 | Arg AGA   1   1
Met ATG   1   1 |     ACG   1   1 |     AAG   4   4 |     AGG   0   0
----------------------------------------------------------------------
Val GTT   0   0 | Ala GCT   4   4 | Asp GAT   1   1 | Gly GGT   1   1
    GTC   5   5 |     GCC   9   9 |     GAC   6   6 |     GGC   0   0
    GTA   0   0 |     GCA   2   2 | Glu GAA   3   3 |     GGA   0   0
    GTG   3   3 |     GCG  16  16 |     GAG   7   7 |     GGG   2   2
----------------------------------------------------------------------


Sums
------------------------------------------------------
Phe TTT   6 | Ser TCT   0 | Tyr TAT   0 | Cys TGT   0
    TTC   4 |     TCC   0 |     TAC   2 |     TGC   0
Leu TTA   0 |     TCA   0 | *** TAA   0 | *** TGA   0
    TTG   0 |     TCG   2 |     TAG   0 | Trp TGG   0
------------------------------------------------------
Leu CTT   0 | Pro CCT   2 | His CAT   0 | Arg CGT   0
    CTC   4 |     CCC   0 |     CAC   0 |     CGC   2
    CTA   0 |     CCA   2 | Gln CAA   6 |     CGA   0
    CTG  16 |     CCG  18 |     CAG   2 |     CGG   8
------------------------------------------------------
Ile ATT   2 | Thr ACT   4 | Asn AAT   0 | Ser AGT   0
    ATC   4 |     ACC   4 |     AAC   2 |     AGC   4
    ATA   2 |     ACA   2 | Lys AAA   4 | Arg AGA   2
Met ATG   2 |     ACG   2 |     AAG   8 |     AGG   0
------------------------------------------------------
Val GTT   0 | Ala GCT   8 | Asp GAT   2 | Gly GGT   2
    GTC  10 |     GCC  18 |     GAC  12 |     GGC   0
    GTA   0 |     GCA   4 | Glu GAA   6 |     GGA   0
    GTG   6 |     GCG  32 |     GAG  14 |     GGG   4
------------------------------------------------------



(A) Nei-Gojobori (1986) method



Nei & Gojobori 1986. dN/dS (dN, dS)
(Note: This matrix is not used in later ML. analysis.
Use runmode = -2 for ML pairwise comparison.)

SEQ1                
SEQ2                -1.0000 (0.0000 0.0000)


(B) Yang & Nielsen (2000) method

Yang Z, Nielsen R (2000) Estimating synonymous and nonsynonymous substitution rates under realistic evolutionary models. Mol. Biol. Evol. 17:32-43

(equal weighting of pathways)

seq. seq.     S       N        t   kappa   omega     dN +- SE    dS +- SE

   2    1    97.4   253.6  -0.0000  4.6000 99.0000 -0.0000 +- 0.0000 -0.0000 +- 0.0000


(C) LWL85, LPB93 & LWLm methods

Li W.-H., C.-I. Wu, Luo (1985) A new method for estimating synonymous and nonsynonymous rates of nucleotide substitutions considering the relative likelihood of nucleotide and codon changes. Mol. Biol. Evol. 2: 150-174.
Li W-H (1993) Unbiased estimation of the rates of synonymous and nonsynonymous substitution. J. Mol. Evol. 36:96-99
Pamilo P, Bianchi NO (1993) Evolution of the Zfx and Zfy genes - rates and interdependence between the genes. Mol. Biol. Evol. 10:271-281
Yang Z (2006) Computational Molecular Evolution. Oxford University Press, Oxford. Eqs. 2.12 & 2.13

2 (SEQ2) vs. 1 (SEQ1)

L(i):      222.0      54.0      75.0  sum=    351.0
Ns(i):    0.0000    0.0000    0.0000  sum=   0.0000
Nv(i):    0.0000    0.0000    0.0000  sum=   0.0000
A(i):     0.0000    0.0000    0.0000
B(i):    -0.0000   -0.0000   -0.0000
LWL85:  dS =  0.0000 dN =  0.0000 w =   -nan S =   93.0 N =  258.0
LWL85m: dS =    -nan dN =    -nan w =   -nan S =   -nan N =   -nan (rho = -nan)
LPB93:  dS =  0.0000 dN =  0.0000 w =   -nan

