
Before deleting alignment gaps
      2   3027

SEQ1                            ATG GCG GCT AGC AAC TAC TAC GGG TTC TCC GCC GGG CCC CAA TAC AGT GCC CAG CAT GCT CCA GCT TAC TCC CAC CCT CCC ACA GCT GCA GGC TAC ACT GTC CAG CAG ATG CCG GGG GTG GAC CAC ACT GTA GCA CTT GCC TAT ACC CCA TCT GTG CAG GCT GCC AGG CCA GTG GCA TCT GCT GGC TAC GGA GGC TAC CAG CCC CCC TCA ACG CAA GAC TAT GGT TAT GGG ACA CAG CAA CCA GAG CTT GCC CCC CAA CCT GCT GTC GCA CAG AAC TAT CAG CAG GAT GGC TAC AGT TAT GGC CGA TCA CCG ACC ACC AGT GGC TAC GAG GCC AAA CCG TAT TAC CAA GAG GTG GCC ACA CCA TCA CAA CAC GTG GCC ACG GAG TCG TAC TAC CAC TCA AAC TCC CAG AGC GGC TAT AGC CAG CCC GCG GCA GCA TAC AGT CAG AGC CAG CCC CAG AAG CAA GTG ACG CCT GTC AAG TTG GTG CAG GCT GTG AAT GCT TCC TCA TCC AAC TTC AAC ACT TAC CCG ATC GCC ATG ACG GGC CAG CAG AAC GTC CCA GCT CCC TCT GTC CAA TCG TAC ACC CCC TCC TCC TCC TAC TCC TCT TCC TCG TAC AAC TCC TCT CCT GCT TCC TAC TCT GGG TCA AAC TAC TCC AGC TAC GAT GCC ACT GTG TAC ACA GTG GCC AAT GCT TCG TAC TAC CAG CCC CCT CAG CAG CCG CTA GTG CCG CAG --- --- --- --- --- --- --- --- --- --- CAG CTG CCG CCA CAG CAG CCT CCC CAG CAG CAG CTG AAG GCC ATA GGG GGC TCC CTG TGG AGC GGC AGT GGG GCC AAC TCC ACC GTG GGC TGT GGC TAC AAC AAG AAG CCC CAG TTT CCC ATC AAG CCG CTG AAG CCC AAA GGC CCC CCG AAA CAG CCC CAG CTT CAC TAT TGC GAG ATC TGC AAG ATC AGC TGT GCT GGT CCC CAG ACT TAC CGG GAG CAC TTA GAA GGC CAA AAG CAC AAG AAG AAG GAG GCC ACC CTG AAG ACA GGG AGC CAG GCT GGC GGG AGC GGC CCT CGT GGG GTC CAG ACC CAG CTG CAC TGC GAG CTC TGC GAT GTC TCT TGC ACA GGA GCA GAT GCC TAT GTG GCC CAC ATC CGA GGA GCA AAG CAC CAG AAG GTT CTC AAG CTG CAC ACC AAG CTG GGC AAA CCC ATC CCA TCT GTT GAG CCC ATG CTG GTC AGC GTC TTG TCG GGC CCC GCC AAT GGC TCA GCT GGC AAG CAA GCA CTC CAC GCC CTG --- --- --- TCC ACA CCG GCT TTT GGG ACG GCC AAC AGC ACC ATC AGC ATG AGC AAG GCG GCG CCT GTG AAG AAA CCC CTT GCG GCA AAG CTC ACC CTT ACA GGT GCA AAC AAG CTT CAG GCG ACG AGC ACA AAG CAG GAC GAA GCG AAG GGG ACT CAA GCC CAA GTG --- --- --- GTG GAA CCG CTC CCG CTC GAC GGC TCC GGG GAC AGC CTG GGA GAT CTC CTG GAC GTA CAG CCT GTG GGT CAT GAT TAT GTG GAA GAA GTT CAC AAC GAC AAA GGC AAG ATG GTT CGC TTC CAC TGC AAG CTT TGC GAG TGC AGC TTC AAC GAC CCC AAT GCC AAG GAC ATG CAC CTT AAG GGA CGC CGA CAC CGG CTG CAG TAC AAG AAG AAA GTC AAC CCC GAC CTC CTG GTA GAG ATC AAG CCC AGC AAC CGA GCT CGG AAG ATG CAT GAG GAG AAG CTG AAG AAG TTG CAA CTC CGG GCC CTG GTG AAG AGA CGG CGG GAG GAA GAG CAG CGC TGG CAC CTG GAA ATG AGG CAC TAC GAG GAG GAG ATG TAC TGG CGG CGG GTA GAG GAA GAG CAG CTG TAC TGG GAG GAA CGG TGG CGG CGG CAT TTG GCA ACT GAC TGG CAC CCT CCA TCC CTC ATG GGC AGG CCT GGG GTA CCC ATC CCC CCT CTC TTG CCC GCC CAG CAA CCA AAC TCC TCT GAC GAC CGC CAC ATC ATG TCA AAG CAC TCC AGT ATC TAC CCG ACG GAA GAG GAG CTC CAG GCC ATT CAG AAA GTC GTG TCT CAC TCC GAG CGT GCC CTG AGG CTC GTC TCG GAT TGG CTG ACG GAG CAG GAA ATG GGG AAG GAG GAA GGG AGT AAA GAG AAA AGG AAA ACA GAT GAC GCA CCC CGG GTT CTG AAA GGG GTC ATG AGA GTT GGC GTC CTA GCG AAA GGG CTG CTT CTC CGG GGA GAC AGG AAC GTC CGC CTG ATC CTG CTG TCA GCC CAG AAG CCC ACG CTG GCC CTC CTC CAG AGC ATC ACT GAG GAG CTG CCC AAG CAG TTG GGG AAG GTG ACG AGT GAT GAT TAT GAA GTC GTG TCC AAC TCT GAG GAA GCC AAC GTC GTG ATT GGC TCC TGC AAA GAG CCC AAA ATG CAG GTC ATG GTT TCA CTC ACA TCC CCT CTG ATG AGG AAA GAG GTT CCC ACA GAC CCA GAA GCA CCT TCA GAA CCT CAG CTC AAC TCC TCA GAG ATC TTG AGC CAA GAT AAA TGT CTG GAG TCC CTG GCT GCT CTT CGC CAC GCC AAG TGG TTC CAG GCC CGA GCC AAC GGC CTG CAG TCA TGC GTG ATC ATC ATC AGG GTT TTG CGG GAC CTC TGC CAG CGT GTG CCA ACA TGG GGT GCT CTT CCA GAT TGG GCC ATG GAG CTC CTA GTT GAA AGA GTT CTG ACT AGC TCC ACA GGG CCT TTG GGT CCA GGA GAG GCG CTG CGG CGA GTC CTG GAA TGC ATT GCG ACT GGA ATG CTC TTG GCA GAT GGC CCA GGG CTT CAA GAC CCC TGT GAG AAG GAA CCC GTT GAT GCC TTG CGG AGC ATG GCC CGC CAG CAG CGG GAG GAC GTC ACG GCA AGC AGC CAG CAT GCC TTG CGG ATG CTT GCT TTC CAC CAG ATC CAC AAA GTC CTT GGT ATG GAA CCC TTA CCG TTG CTG AAA AGT TGG CCT GGC GCA CAC AGC CGG AAA CGG CAA TGG GAC ATG GAC AAG GTG ACA GAG GGC GAG GAG GAC AGG AAG AAG AAA AAG AAA GTG GAC GAT GAA GAT GAG GAC GGG GCC 
SEQ2                            ATG GCG GCC AGC AAC TAC TAC GGG TTC GCC GCC GGG CCG CAA TAC AGT GCC CAG CAT GCT CCA GCT TAC ACC CAC CCT CCC ACA GCT GCA AGC TAT GCT GTC CAG CAG ACG CCA GGG GTG GAC CAT ACT GTG GCA CCC ACC TAT ACT CCA GCT GTG CAG GCT GCC AGG CCG GTG GTT TCT GCA GCC TAC GGT GGC TAC CAG CCC CCC TCG ACG CAA GAC TAT GGT TAT GGG ACA CGG CAA CCG GAG CCC GCC CCC CAA CCT ACT GTT GCT CAG AAC TAT CAG CAG GAT GGC TAC AGT TAT GGC CGA TCA CCG ACC ACC AGC GGC TAT GAA GCC AAA CCG TAT TAC CAG GCA GTG GCC ACG CCA TCC CAG CAT GTG GCC ACG GAG TCG TAC TAC CAC TCG AAC TCC CAG AGC GGC TAC AGC CAG CCT GCA GCA GCG TAC AAT CAG AGC CAG CCC CAG AGG CAA GTG ACG CCT GTC AAG CCG GTG CAG GCC GTG AAC GCT TCC TCG TCC AAC TAC AAC ACC TAC CCA ACC GCC ACA ACG GGC CAG CAG AAT GTC CCA GCT CCT TCC ATC CAG TCG TAT GCC CCC TCC TCC TCC TAT GCC GCT TCC TCG TAC AAC TCT TCT CCT GCT TCC TAC TCT GGG TCA AAC TAT GCC AGC TAC GAT GCT GCT GTG TAC ACG GTG GCC AAC GCT TCG TAC TAC CAG GCC CCT CAG CAG CCG CTC GTG CCC CAG CCG CCG CAG CTG CAG CCG CTG CCC CCC CAG CAG CAG CCG CCA --- CAG CCC CCC CAG CAG CAG CCG AAG CCC ATG GGG GGC TCC CTG TGG AGC GGC GGC AGG GCC AGC TCC ATC ATG GGC GGC GGC TAC AAC AAG AAG CCC CCG TTT CCC AGC AAG CCG CTG AAG CCC AAA GGC CCC CCG AAA CAG CCC CAG CTT CAC TAT TGC GAG ATC TGC AAG ATC AGC TGC GCT GGT CCC CAG ACT TAC CGG GAG CAC TTA GAA GGC CAA AAG CAC AAG AAA AAG GAA GCC GCC CTG AAG ACG GGG AGC CAG GCT GGC GGG AGC GGC CCT CGT GGG GTC CAG ACC CAG CTG CAC TGC GAG CTC TGC GAT GTC TCT TGC ACA GGG GCA GAT GCC TAT GTG GCC CAC ATC CGA GGA GCA AAG CAC CAG AAG GTT CTC AAG CTG CAC ACC AAG CTG GGC AAA CCC ATC CCG TCC GTC GAG CCC ATG CTG GTC AGC GCC TCG TCA GGC CCT GCC AAC GGC TCG GCC AGC AAG CAA GCA CTC CAT GCC TCG GCT GCG CCA GCC AAG CCG GCT GTC GGG GCA GCC AAC AGC ATC ATT GGC ACG AGC AAG GCG GCG CCT GCA AAG AAA CCC CTT GCG GCA AAG CTC ACC TTG GCA GGT GCA AAC AAG CTT CAG GCG ACG AGC ACA AAA CAG GAC GAA GTG AAG GGG ACG CAA CCC CGA GTG GCG GCA CAG GTG GAA CCA CTC CCA CTC GAC GGC TCC GGG GAC GGC TTG GGA GAT CTC CTG GAC GTA CAA CCC GTG GGT CAT GAT TAC GTG GAA GAG GTT CAC AAC GAC AAA GGC AAG ATG GTT CGC TTC CAC TGC AAG CTT TGC GAG TGC AGC TTC AAC GAC CCC AAT GCC AAG GAC ATG CAC CTT AAG GGA CGC CGA CAC CGG CTG CAG TAC AAG AAG AAA GTC AAC CCC GAC CTC CCG GTC GAG ATC AAG CCC AGC AAC CGA GCT CGG AAG ATG CAT GAG GAA AAG CTG AAG AAG CAG CAG CTC CGG GCC CTG GTG AAG AGA CGG CGG GAG GAA GAG CAG CGC TGG CAC CTG GAA ATG AGG CGC TAC GAA GAG GAG ATG TAC TGG CGG CGG GTA GAG GAA GAG CAG CTG TAC TGG GAG GAG CAG CAG CGC CGG CAT TTG GCA ACA GAC TGG CAC CCT CCA CCC CTC ATG GGC AGG CCT GGG GTA CCC GTC CCC CCT CTC TTG CCT GCC CGG CGA CCA AAC TCC TCT GAC GAC CGC CAC ATC ATG TCA AAG CAC TCC AGT ATC TAC CCG ACG GAA GAG GAG CTC CAG GCC ATT CAG AAA GTC GTG TCT CAT TCC GAG CGT GCC CTG AGG CTC GTC TCG GAT TGG CTG ACG GAG CAG GAA ACA GGG AAG GAG GAA GAG AGT AAA GAG AAA GGG AAA ACG GAT GAC ACG CCC CGG ATT CTG AAA GGA GTC ATG AGA GTT GGC GTC CTA GCG AAA GGG CTG CTT CTC CGG GGA GAC AGG AAC GTC CGC CTG ATC CTG CTG TCA GCC CAG AAG CCC ACG CTG CCC CTC CTT CAG AGC ATC GCT GAG GAG CTG CCC AAG CAA TTG GGG AAG GTG ACG AGC GAT GAT TAT GAA GTC ACG TCC CGC TCC GAG GAA GCT AAC ATT GTG ATT GCC TCC TGC AAA GAG CCC AAA ATG CAG GTC ACA GTT TCG CTC ACA TCC CCT TTA ATG AGG GAA GAG GTT CCC GCA GAC CCA GAA GCA CCT TCA GAA CCT CAG CTC AAC TCC TCG GAG ATC TTG AGC CAA GAT AAA TGT CTG GAG TCT CTG GCT GCT CTT CGC CAT GCC AAG TGG TTC CAG GCC CGA GCC AAT GGC CTG CAG TCA TGC GTG ATC ATC ATC AGG GTT TTG CGG GAC CTC TGC CAG CGT GTG CCG ACA TGG GGC GCT CTT CCA GAT TGG GCC ATG GAG CTC CTA GTT GAA AGA GTT CTG ACT AGC TGC ACA GGC CCA TTG GGT CCC GGA GAG GCG TTG CGG CGA GTC CTG GAA TGC ATT GCA ACT GGA ATG CTC TTG GCA GAT GGC CCG GGG CTT CAA GAC CCC TGT GAG AAG GAA CCT GTG GAC GCC TTG CAG AGC ATG GCC CGC CAG CAG CGG GAG GAC GTC ACA GCA AGC AGC CAG CAT GCC TTG CGG ATG CTC GCT TTC CGC CAG ATC CAC AAA GTT CTT GGT ATG GAG CCC TTA CCA TTG CTG AAA AAC CGG CCT GGC ACA CAC AGC CGG AAA CGG CGA TGG GAC ATG GAT GAA GAG ACA GAG GGT GAG GGG GAA GGG AAG AAA GAC AAG AAG GAG GAC GAC GAA GAC GAG GAT GGG GCC 



After deleting gaps. 2976 sites
      2   2976

SEQ1                            ATG GCG GCT AGC AAC TAC TAC GGG TTC TCC GCC GGG CCC CAA TAC AGT GCC CAG CAT GCT CCA GCT TAC TCC CAC CCT CCC ACA GCT GCA GGC TAC ACT GTC CAG CAG ATG CCG GGG GTG GAC CAC ACT GTA GCA CTT GCC TAT ACC CCA TCT GTG CAG GCT GCC AGG CCA GTG GCA TCT GCT GGC TAC GGA GGC TAC CAG CCC CCC TCA ACG CAA GAC TAT GGT TAT GGG ACA CAG CAA CCA GAG CTT GCC CCC CAA CCT GCT GTC GCA CAG AAC TAT CAG CAG GAT GGC TAC AGT TAT GGC CGA TCA CCG ACC ACC AGT GGC TAC GAG GCC AAA CCG TAT TAC CAA GAG GTG GCC ACA CCA TCA CAA CAC GTG GCC ACG GAG TCG TAC TAC CAC TCA AAC TCC CAG AGC GGC TAT AGC CAG CCC GCG GCA GCA TAC AGT CAG AGC CAG CCC CAG AAG CAA GTG ACG CCT GTC AAG TTG GTG CAG GCT GTG AAT GCT TCC TCA TCC AAC TTC AAC ACT TAC CCG ATC GCC ATG ACG GGC CAG CAG AAC GTC CCA GCT CCC TCT GTC CAA TCG TAC ACC CCC TCC TCC TCC TAC TCC TCT TCC TCG TAC AAC TCC TCT CCT GCT TCC TAC TCT GGG TCA AAC TAC TCC AGC TAC GAT GCC ACT GTG TAC ACA GTG GCC AAT GCT TCG TAC TAC CAG CCC CCT CAG CAG CCG CTA GTG CCG CAG CAG CTG CCG CCA CAG CCT CCC CAG CAG CAG CTG AAG GCC ATA GGG GGC TCC CTG TGG AGC GGC AGT GGG GCC AAC TCC ACC GTG GGC TGT GGC TAC AAC AAG AAG CCC CAG TTT CCC ATC AAG CCG CTG AAG CCC AAA GGC CCC CCG AAA CAG CCC CAG CTT CAC TAT TGC GAG ATC TGC AAG ATC AGC TGT GCT GGT CCC CAG ACT TAC CGG GAG CAC TTA GAA GGC CAA AAG CAC AAG AAG AAG GAG GCC ACC CTG AAG ACA GGG AGC CAG GCT GGC GGG AGC GGC CCT CGT GGG GTC CAG ACC CAG CTG CAC TGC GAG CTC TGC GAT GTC TCT TGC ACA GGA GCA GAT GCC TAT GTG GCC CAC ATC CGA GGA GCA AAG CAC CAG AAG GTT CTC AAG CTG CAC ACC AAG CTG GGC AAA CCC ATC CCA TCT GTT GAG CCC ATG CTG GTC AGC GTC TTG TCG GGC CCC GCC AAT GGC TCA GCT GGC AAG CAA GCA CTC CAC GCC CTG TCC ACA CCG GCT TTT GGG ACG GCC AAC AGC ACC ATC AGC ATG AGC AAG GCG GCG CCT GTG AAG AAA CCC CTT GCG GCA AAG CTC ACC CTT ACA GGT GCA AAC AAG CTT CAG GCG ACG AGC ACA AAG CAG GAC GAA GCG AAG GGG ACT CAA GCC CAA GTG GTG GAA CCG CTC CCG CTC GAC GGC TCC GGG GAC AGC CTG GGA GAT CTC CTG GAC GTA CAG CCT GTG GGT CAT GAT TAT GTG GAA GAA GTT CAC AAC GAC AAA GGC AAG ATG GTT CGC TTC CAC TGC AAG CTT TGC GAG TGC AGC TTC AAC GAC CCC AAT GCC AAG GAC ATG CAC CTT AAG GGA CGC CGA CAC CGG CTG CAG TAC AAG AAG AAA GTC AAC CCC GAC CTC CTG GTA GAG ATC AAG CCC AGC AAC CGA GCT CGG AAG ATG CAT GAG GAG AAG CTG AAG AAG TTG CAA CTC CGG GCC CTG GTG AAG AGA CGG CGG GAG GAA GAG CAG CGC TGG CAC CTG GAA ATG AGG CAC TAC GAG GAG GAG ATG TAC TGG CGG CGG GTA GAG GAA GAG CAG CTG TAC TGG GAG GAA CGG TGG CGG CGG CAT TTG GCA ACT GAC TGG CAC CCT CCA TCC CTC ATG GGC AGG CCT GGG GTA CCC ATC CCC CCT CTC TTG CCC GCC CAG CAA CCA AAC TCC TCT GAC GAC CGC CAC ATC ATG TCA AAG CAC TCC AGT ATC TAC CCG ACG GAA GAG GAG CTC CAG GCC ATT CAG AAA GTC GTG TCT CAC TCC GAG CGT GCC CTG AGG CTC GTC TCG GAT TGG CTG ACG GAG CAG GAA ATG GGG AAG GAG GAA GGG AGT AAA GAG AAA AGG AAA ACA GAT GAC GCA CCC CGG GTT CTG AAA GGG GTC ATG AGA GTT GGC GTC CTA GCG AAA GGG CTG CTT CTC CGG GGA GAC AGG AAC GTC CGC CTG ATC CTG CTG TCA GCC CAG AAG CCC ACG CTG GCC CTC CTC CAG AGC ATC ACT GAG GAG CTG CCC AAG CAG TTG GGG AAG GTG ACG AGT GAT GAT TAT GAA GTC GTG TCC AAC TCT GAG GAA GCC AAC GTC GTG ATT GGC TCC TGC AAA GAG CCC AAA ATG CAG GTC ATG GTT TCA CTC ACA TCC CCT CTG ATG AGG AAA GAG GTT CCC ACA GAC CCA GAA GCA CCT TCA GAA CCT CAG CTC AAC TCC TCA GAG ATC TTG AGC CAA GAT AAA TGT CTG GAG TCC CTG GCT GCT CTT CGC CAC GCC AAG TGG TTC CAG GCC CGA GCC AAC GGC CTG CAG TCA TGC GTG ATC ATC ATC AGG GTT TTG CGG GAC CTC TGC CAG CGT GTG CCA ACA TGG GGT GCT CTT CCA GAT TGG GCC ATG GAG CTC CTA GTT GAA AGA GTT CTG ACT AGC TCC ACA GGG CCT TTG GGT CCA GGA GAG GCG CTG CGG CGA GTC CTG GAA TGC ATT GCG ACT GGA ATG CTC TTG GCA GAT GGC CCA GGG CTT CAA GAC CCC TGT GAG AAG GAA CCC GTT GAT GCC TTG CGG AGC ATG GCC CGC CAG CAG CGG GAG GAC GTC ACG GCA AGC AGC CAG CAT GCC TTG CGG ATG CTT GCT TTC CAC CAG ATC CAC AAA GTC CTT GGT ATG GAA CCC TTA CCG TTG CTG AAA AGT TGG CCT GGC GCA CAC AGC CGG AAA CGG CAA TGG GAC ATG GAC AAG GTG ACA GAG GGC GAG GAG GAC AGG AAG AAG AAA AAG AAA GTG GAC GAT GAA GAT GAG GAC GGG GCC 
SEQ2                            ATG GCG GCC AGC AAC TAC TAC GGG TTC GCC GCC GGG CCG CAA TAC AGT GCC CAG CAT GCT CCA GCT TAC ACC CAC CCT CCC ACA GCT GCA AGC TAT GCT GTC CAG CAG ACG CCA GGG GTG GAC CAT ACT GTG GCA CCC ACC TAT ACT CCA GCT GTG CAG GCT GCC AGG CCG GTG GTT TCT GCA GCC TAC GGT GGC TAC CAG CCC CCC TCG ACG CAA GAC TAT GGT TAT GGG ACA CGG CAA CCG GAG CCC GCC CCC CAA CCT ACT GTT GCT CAG AAC TAT CAG CAG GAT GGC TAC AGT TAT GGC CGA TCA CCG ACC ACC AGC GGC TAT GAA GCC AAA CCG TAT TAC CAG GCA GTG GCC ACG CCA TCC CAG CAT GTG GCC ACG GAG TCG TAC TAC CAC TCG AAC TCC CAG AGC GGC TAC AGC CAG CCT GCA GCA GCG TAC AAT CAG AGC CAG CCC CAG AGG CAA GTG ACG CCT GTC AAG CCG GTG CAG GCC GTG AAC GCT TCC TCG TCC AAC TAC AAC ACC TAC CCA ACC GCC ACA ACG GGC CAG CAG AAT GTC CCA GCT CCT TCC ATC CAG TCG TAT GCC CCC TCC TCC TCC TAT GCC GCT TCC TCG TAC AAC TCT TCT CCT GCT TCC TAC TCT GGG TCA AAC TAT GCC AGC TAC GAT GCT GCT GTG TAC ACG GTG GCC AAC GCT TCG TAC TAC CAG GCC CCT CAG CAG CCG CTC GTG CCC CAG CAG CAG CCG CCA CAG CCC CCC CAG CAG CAG CCG AAG CCC ATG GGG GGC TCC CTG TGG AGC GGC GGC AGG GCC AGC TCC ATC ATG GGC GGC GGC TAC AAC AAG AAG CCC CCG TTT CCC AGC AAG CCG CTG AAG CCC AAA GGC CCC CCG AAA CAG CCC CAG CTT CAC TAT TGC GAG ATC TGC AAG ATC AGC TGC GCT GGT CCC CAG ACT TAC CGG GAG CAC TTA GAA GGC CAA AAG CAC AAG AAA AAG GAA GCC GCC CTG AAG ACG GGG AGC CAG GCT GGC GGG AGC GGC CCT CGT GGG GTC CAG ACC CAG CTG CAC TGC GAG CTC TGC GAT GTC TCT TGC ACA GGG GCA GAT GCC TAT GTG GCC CAC ATC CGA GGA GCA AAG CAC CAG AAG GTT CTC AAG CTG CAC ACC AAG CTG GGC AAA CCC ATC CCG TCC GTC GAG CCC ATG CTG GTC AGC GCC TCG TCA GGC CCT GCC AAC GGC TCG GCC AGC AAG CAA GCA CTC CAT GCC TCG GCC AAG CCG GCT GTC GGG GCA GCC AAC AGC ATC ATT GGC ACG AGC AAG GCG GCG CCT GCA AAG AAA CCC CTT GCG GCA AAG CTC ACC TTG GCA GGT GCA AAC AAG CTT CAG GCG ACG AGC ACA AAA CAG GAC GAA GTG AAG GGG ACG CAA CCC CGA GTG GTG GAA CCA CTC CCA CTC GAC GGC TCC GGG GAC GGC TTG GGA GAT CTC CTG GAC GTA CAA CCC GTG GGT CAT GAT TAC GTG GAA GAG GTT CAC AAC GAC AAA GGC AAG ATG GTT CGC TTC CAC TGC AAG CTT TGC GAG TGC AGC TTC AAC GAC CCC AAT GCC AAG GAC ATG CAC CTT AAG GGA CGC CGA CAC CGG CTG CAG TAC AAG AAG AAA GTC AAC CCC GAC CTC CCG GTC GAG ATC AAG CCC AGC AAC CGA GCT CGG AAG ATG CAT GAG GAA AAG CTG AAG AAG CAG CAG CTC CGG GCC CTG GTG AAG AGA CGG CGG GAG GAA GAG CAG CGC TGG CAC CTG GAA ATG AGG CGC TAC GAA GAG GAG ATG TAC TGG CGG CGG GTA GAG GAA GAG CAG CTG TAC TGG GAG GAG CAG CAG CGC CGG CAT TTG GCA ACA GAC TGG CAC CCT CCA CCC CTC ATG GGC AGG CCT GGG GTA CCC GTC CCC CCT CTC TTG CCT GCC CGG CGA CCA AAC TCC TCT GAC GAC CGC CAC ATC ATG TCA AAG CAC TCC AGT ATC TAC CCG ACG GAA GAG GAG CTC CAG GCC ATT CAG AAA GTC GTG TCT CAT TCC GAG CGT GCC CTG AGG CTC GTC TCG GAT TGG CTG ACG GAG CAG GAA ACA GGG AAG GAG GAA GAG AGT AAA GAG AAA GGG AAA ACG GAT GAC ACG CCC CGG ATT CTG AAA GGA GTC ATG AGA GTT GGC GTC CTA GCG AAA GGG CTG CTT CTC CGG GGA GAC AGG AAC GTC CGC CTG ATC CTG CTG TCA GCC CAG AAG CCC ACG CTG CCC CTC CTT CAG AGC ATC GCT GAG GAG CTG CCC AAG CAA TTG GGG AAG GTG ACG AGC GAT GAT TAT GAA GTC ACG TCC CGC TCC GAG GAA GCT AAC ATT GTG ATT GCC TCC TGC AAA GAG CCC AAA ATG CAG GTC ACA GTT TCG CTC ACA TCC CCT TTA ATG AGG GAA GAG GTT CCC GCA GAC CCA GAA GCA CCT TCA GAA CCT CAG CTC AAC TCC TCG GAG ATC TTG AGC CAA GAT AAA TGT CTG GAG TCT CTG GCT GCT CTT CGC CAT GCC AAG TGG TTC CAG GCC CGA GCC AAT GGC CTG CAG TCA TGC GTG ATC ATC ATC AGG GTT TTG CGG GAC CTC TGC CAG CGT GTG CCG ACA TGG GGC GCT CTT CCA GAT TGG GCC ATG GAG CTC CTA GTT GAA AGA GTT CTG ACT AGC TGC ACA GGC CCA TTG GGT CCC GGA GAG GCG TTG CGG CGA GTC CTG GAA TGC ATT GCA ACT GGA ATG CTC TTG GCA GAT GGC CCG GGG CTT CAA GAC CCC TGT GAG AAG GAA CCT GTG GAC GCC TTG CAG AGC ATG GCC CGC CAG CAG CGG GAG GAC GTC ACA GCA AGC AGC CAG CAT GCC TTG CGG ATG CTC GCT TTC CGC CAG ATC CAC AAA GTT CTT GGT ATG GAG CCC TTA CCA TTG CTG AAA AAC CGG CCT GGC ACA CAC AGC CGG AAA CGG CGA TGG GAC ATG GAT GAA GAG ACA GAG GGT GAG GGG GAA GGG AAG AAA GAC AAG AAG GAG GAC GAC GAA GAC GAG GAT GGG GCC 



Printing out site pattern counts


         2        561  P

SEQ1                            AAA AAA AAA AAA AAC AAC AAC AAC AAG AAG AAG AAG AAT AAT ACA ACA ACA ACA ACC ACC ACC ACC ACG ACG ACG ACT ACT ACT ACT ACT AGA AGC AGC AGG AGG AGT AGT AGT AGT AGT ATA ATC ATC ATC ATC ATC ATG ATG ATG ATT CAA CAA CAA CAC CAC CAC CAG CAG CAG CAG CAT CCA CCA CCA CCC CCC CCC CCC CCG CCG CCG CCT CCT CCT CGA CGC CGG CGG CGG CGT CTA CTA CTC CTC CTG CTG CTG CTG CTG CTG CTT CTT CTT CTT GAA GAA GAC GAC GAC GAG GAG GAG GAG GAT GAT GCA GCA GCA GCA GCA GCA GCC GCC GCC GCC GCG GCG GCG GCT GCT GCT GCT GGA GGA GGA GGC GGC GGC GGC GGG GGG GGG GGG GGG GGT GGT GTA GTA GTA GTC GTC GTC GTC GTC GTG GTG GTG GTG GTG GTT GTT GTT GTT TAC TAC TAT TAT TCA TCA TCA TCC TCC TCC TCC TCC TCC TCG TCG TCT TCT TCT TGC TGG TGG TGG TGT TGT TGT TTA TTC TTC TTG TTG TTG TTG TTT TTT 
SEQ2                            ... ..G G.. G.C ... ..T .G. CG. ..A ... .G. G.A ..C ... .AG ... ..G G.. ... ..T .T. G.. ..A ... G.A ..A ..C ..G ... G.. ... ... G.. ... G.. .AC .A. ..C ... G.C ..G .C. .G. ... ..T G.. .CA .C. ... ... ... ..G .G. ... ..T .G. ..A ... .C. .G. ... ... ..C ..G ... ..G ..T G.. ..A ..C ... ..A ..C ... ... ... .A. ..C ... ... ... ..C ... ..T .A. .C. ... TC. T.A T.. .CC ..C ... T.G ... ..G ..A ... ..T ..A ... .CA .G. ..C ... A.. A.G ... ..G ..T .TT A.. C.. ... ..T ..A ... .T. A.. ..A ..C ... ... ..G ..T A.. .C. ... ..T A.. .A. ..A ..C ... ..C ... ... ..C ..G A.. A.T .C. ... ..T AC. A.. .A. .CA ... A.. ..C ..G ... ... ..T ..C ... ... ..C ..G A.. C.. G.. ... ..T .G. ..A ... G.. ..C ... ... CA. C.. ... G.C ..C ... ... .A. ... CA. CC. .C. ... G.C ... 

   19    1    1    1   18    2    1    1    3   42    1    1    3    1    1
    8    4    2    5    1    2    2    1    9    1    1    1    1    4    3
    3   22    2    7    2    1    1    2    4    1    1    1    1   14    1
    1    3    2   18    3   10    4    3   19    5    2    2   51    1    2
    5    9    1    5   28    1    5    1    5    1    8    1    2   14    6
    7    2    1   17    3    2    1   20    1    1    2   28    1    1    2
    2    1   10    1   18    3    1   21    2    4   36    1    1    3   13
    1    1   12    1    1    1    1    3   30    2    2    7    1    1    1
    3   16    6    1    1    2    2   24    1    1    1    1    1   18    1
    6    3    1    1    1    1    1   16    2    1    1    2    1   22    1
    1    1    9   25    5    2    9    6    1    6    1    1    4   18    2
    1    1    5    2    3    6   12    1    1   10    1    1    2    2    1
    5    1    1    1   10    1    1

YN00 paml/jobs/LOCW_00021429__LOC_00019122/LOCW_00021429__LOC_00019122.phy

ns =   2	ls = 992

Codon position x base (3x4) table for each sequence.

SEQ1                
position  1:    T:0.15020    C:0.29637    A:0.23286    G:0.32056
position  2:    T:0.20766    C:0.27016    A:0.34577    G:0.17641
position  3:    T:0.15020    C:0.35081    A:0.14919    G:0.34980

SEQ2                
position  1:    T:0.14113    C:0.29940    A:0.22782    G:0.33165
position  2:    T:0.18952    C:0.28427    A:0.34476    G:0.18145
position  3:    T:0.14819    C:0.35585    A:0.14315    G:0.35282

Average
position  1:    T:0.14567    C:0.29788    A:0.23034    G:0.32611
position  2:    T:0.19859    C:0.27722    A:0.34526    G:0.17893
position  3:    T:0.14919    C:0.35333    A:0.14617    G:0.35131

Codon usage for each species
----------------------------------------------------------------------
Phe TTT   2   1 | Ser TCT  11   8 | Tyr TAT  11  14 | Cys TGT   4   2
    TTC   6   5 |     TCC  27  22 |     TAC  30  28 |     TGC  12  14
Leu TTA   2   3 |     TCA  13   7 | *** TAA   0   0 | *** TGA   0   0
    TTG  13  13 |     TCG   6  13 |     TAG   0   0 | Trp TGG  12  10
----------------------------------------------------------------------
Leu CTT  14  11 | Pro CCT  17  19 | His CAT   5  10 | Arg CGT   3   3
    CTC  21  22 |     CCC  35  38 |     CAC  26  19 |     CGC   7  11
    CTA   3   2 |     CCA  15  15 | Gln CAA  17  12 |     CGA   6   9
    CTG  35  28 |     CCG  14  18 |     CAG  56  60 |     CGG  20  20
----------------------------------------------------------------------
Ile ATT   3   6 | Thr ACT  10   6 | Asn AAT   4   4 | Ser AGT   9   4
    ATC  18  17 |     ACC  10   9 |     AAC  22  22 |     AGC  24  28
    ATA   1   0 |     ACA  15  14 | Lys AAA  22  22 | Arg AGA   3   3
Met ATG  23  20 |     ACG  11  18 |     AAG  47  44 |     AGG   9   9
----------------------------------------------------------------------
Val GTT  12  12 | Ala GCT  21  24 | Asp GAT  16  15 | Gly GGT   7   8
    GTC  21  20 |     GCC  36  43 |     GAC  24  25 |     GGC  29  30
    GTA   5   3 |     GCA  17  20 | Glu GAA  21  25 |     GGA   8   7
    GTG  27  25 |     GCG  10   8 |     GAG  42  42 |     GGG  22  22
----------------------------------------------------------------------


Sums
------------------------------------------------------
Phe TTT   3 | Ser TCT  19 | Tyr TAT  25 | Cys TGT   6
    TTC  11 |     TCC  49 |     TAC  58 |     TGC  26
Leu TTA   5 |     TCA  20 | *** TAA   0 | *** TGA   0
    TTG  26 |     TCG  19 |     TAG   0 | Trp TGG  22
------------------------------------------------------
Leu CTT  25 | Pro CCT  36 | His CAT  15 | Arg CGT   6
    CTC  43 |     CCC  73 |     CAC  45 |     CGC  18
    CTA   5 |     CCA  30 | Gln CAA  29 |     CGA  15
    CTG  63 |     CCG  32 |     CAG 116 |     CGG  40
------------------------------------------------------
Ile ATT   9 | Thr ACT  16 | Asn AAT   8 | Ser AGT  13
    ATC  35 |     ACC  19 |     AAC  44 |     AGC  52
    ATA   1 |     ACA  29 | Lys AAA  44 | Arg AGA   6
Met ATG  43 |     ACG  29 |     AAG  91 |     AGG  18
------------------------------------------------------
Val GTT  24 | Ala GCT  45 | Asp GAT  31 | Gly GGT  15
    GTC  41 |     GCC  79 |     GAC  49 |     GGC  59
    GTA   8 |     GCA  37 | Glu GAA  46 |     GGA  15
    GTG  52 |     GCG  18 |     GAG  84 |     GGG  44
------------------------------------------------------



(A) Nei-Gojobori (1986) method



Nei & Gojobori 1986. dN/dS (dN, dS)
(Note: This matrix is not used in later ML. analysis.
Use runmode = -2 for ML pairwise comparison.)

SEQ1                
SEQ2                 0.2205 (0.0466 0.2114)


(B) Yang & Nielsen (2000) method

Yang Z, Nielsen R (2000) Estimating synonymous and nonsynonymous substitution rates under realistic evolutionary models. Mol. Biol. Evol. 17:32-43

(equal weighting of pathways)

seq. seq.     S       N        t   kappa   omega     dN +- SE    dS +- SE

   2    1   801.5  2174.5   0.2676  5.8447  0.2426 0.0485 +- 0.0049  0.1998 +- 0.0190


(C) LWL85, LPB93 & LWLm methods

Li W.-H., C.-I. Wu, Luo (1985) A new method for estimating synonymous and nonsynonymous rates of nucleotide substitutions considering the relative likelihood of nucleotide and codon changes. Mol. Biol. Evol. 2: 150-174.
Li W-H (1993) Unbiased estimation of the rates of synonymous and nonsynonymous substitution. J. Mol. Evol. 36:96-99
Pamilo P, Bianchi NO (1993) Evolution of the Zfx and Zfy genes - rates and interdependence between the genes. Mol. Biol. Evol. 10:271-281
Yang Z (2006) Computational Molecular Evolution. Oxford University Press, Oxford. Eqs. 2.12 & 2.13

2 (SEQ2) vs. 1 (SEQ1)

L(i):     1927.5     537.0     511.5  sum=   2976.0
Ns(i):   71.0000   56.0000   64.0000  sum= 191.0000
Nv(i):   26.0000    2.5000   16.5000  sum=  45.0000
A(i):     0.0388    0.1176    0.1493
B(i):     0.0137    0.0047    0.0333
LWL85:  dS =  0.2267 dN =  0.0453 w = 0.1999 S =  690.5 N = 2285.5
LWL85m: dS =  0.1647 dN =  0.0511 w = 0.3104 S =  950.5 N = 2025.5 (rho = 0.817)
LPB93:  dS =  0.1664 dN =  0.0505 w = 0.3033

