
Before deleting alignment gaps
      2   1227

SEQ1                            ATG AAC AGT GTC GGA GGC ACC GAC GAG ATC GGA AAG CTG TTT GTT GGT GGC CTA GAC TGG AGC ACC ACG CAA GAA ACG CTC CGT AGC TAC TTT TCA CAG TAT GGG GAA GTT GTC GAC TGT GTG ATA ATG AAA GAT AAG ACA ACA AAT CAG TCA CGA GGA TTT GGA TTT GTC AAG TTC AAA GAT CCC AAC TGT GTG GGG ACA GTC CTT GCC AGC AGG CCT CAT ACG TTA GAT GGT CGA AAT ATT GAC CCA AAG CCT TGT ACC CCT CGA GGG ATG CAA CCG GAG AGA ACA CGA CCA AAG GAG GGA TGG AAA GGA TCC AAG AGT GAT AAC AAA TCC AAT AAA ATT TTT GTT GGT GGG ATC CCT CAC AAC TGT GGC GAG ACG GAG CTC AGG GAA TAC TTC AAA AAG TTT GGA GTG GTC ACT GAA GTG GTG ATG ATC TAT GAT GCA GAG AAA CAG CGA CCC CGA GGT TTT GGA TTT ATT ACT TTC GAG GAC GAA CAA TCA GTG GAC CAG GCT GTC AAC ATG CAT TTT CAC GAC ATC ATG GGC AAA AAA GTG GAG GTG AAG CAG GCT GAG CCT CGG GAT AAC AAG AGC CAG GTG CTC GAA CCC ACT GGC ACC AGC CAG TGG GGA AGC CGG ATC ATG CCA AGT GCC GCC AAT GGC TGG GCA GGA CAG CCC CCA CCT ACC TGG CAA CAA GGA TAT GGA CCT CAA GGT ATG TGG GTA CCA GCT GGA CAA GCA CTT GGT GGG TAT GGT CCT CCT CCT CCT CCA GCT AGA GGT GCG CCA CCA CCG CCA CCA CCA CCT TTT ACC TCA TAC ATT GTC TCA ACA CCT CCA GGA GGA TTT GCA CCG CCA CAG GGC TTT CCA CAG GGC TAT GGC ACC CCT CCA CCC TTC AGC TTT GGA TAT GGT GCT CCG CCT CCT CCA GCT GAC CAG TTT ACC CCT GCT GGC ATT CCT CCA CCA CCT GCC ACC CCT GGG GCA GCA CCA CTA GCT TTC CCC CCC CCA CCA CCA CCA CCT CAA CCA ACT CAG GAC ATG AGC AAG CCT CTG ACC AGC CAG CCA GAC TTT CCC TAC AGT CAA TTT GGA TAT GGA CAA GAC TTA AGT GCC TTT GGA CAA GGC TTC GCC GAT CCC AGC CAG CAG CCG CCC TCC TAT GGA GGC CCC TCA GTA CCA CCC TCC AGC GGG CCG CCT GCC GGG AGC AGT GGT TTT GGC CGT GGA CAG AAC CAT AAT GTT CAA GGT TTC CAC CCT TAC CGC CGC 
SEQ2                            ATG AAC AGC GTT GGG GGC GCC GAC GAG ATT GGA AAA CTA TTT GTG GGT GGC CTA GAC TGG AGC ACT ACA CAA GAA ACG CTC CGT AGC TAC TTT TCA CAA TAT GGG GAA GTT GTC GAC TGT GTG ATA ATG AAA GAT AAG ACG ACA AAT CAG TCG CGA GGA TTT GGA TTT GTT AAG TTC AAA GAT CCC AAC TGC GTG GGG ACA GTC CTC GCC AGC AGA CCC CAT ACA CTG GAT GGC CGA AAT ATT GAC CCA AAG CCC TGT ACC CCT CGA GGG ATG CAG CCG GAG AGA ACA CGA CCA AAG GAG GGA TGG AAA GGA TCC AAG AGT GAT AAC AAA TCC AAT AAA ATT TTT GTC GGT GGG ATT CCT CAC AAC TGT GGC GAG ACG GAG CTC AGG GAA TAC TTC AAA AAG TTC GGA GTG GTC ACC GAA GTG GTA ATG ATC TAT GAT GCA GAG AAA CAG CGG CCC CGA GGT TTT GGA TTT ATT ACT TTC GAG GAC GAA CAA TCA GTG GAC CAG GCT GTC AAC ATG CAT TTT CAC GAC ATC ATG GGC AAA AAA GTG GAG GTG AAG CGG GCG GAG CCG CGA GAT AGC AAG AGC CAG ACG CCG GGG CCC ACC GGC ACC AGC CAG TGG GGA AGC CGG ATC GTG CCA AGT GCC GCC AAT GGC TGG GCA GGA CAG CCC CCA CCT ACC TGG CAA CAA GGA TAT GGA CCT CAA GGT ATG TGG GTA CCA GCT GGA CAA GCA CTC GGT GGG TAT GGT CCG CCT CCT --- CCA GGT AGA GGT GCT CCA CCG CCG CCA CCA --- CCT TTT ACC TCG TAC ATT GTC TCA ACA CCT CCA GGA GGA TTT GCA CCC CCA CAG GGC TTC CCA CAG GGC TAC GGC ACC CCT CCA CCC TTC AGC TTT GGA TAC GGT GCT CCA CCT CCT CCA CCT GAC CAG TTT GCC CCT GCT GGC GTT CCT CCA CCA CCT GCC ACC CCT GGG GCA GCA CCA CTA GCT TTT CCC CCA CCA CCA CCA CCA TCT CAG CCA ACT CAG GAC ATG AGC AAG CCT CCG ACC GGC CAG CCA GAA TTC CCC TAC AGT CAG TTT GGA TAC GGA CAA GAC TTA AGT GGA TTT GGA CAA GGC TTC GCC GAT CCC AGC CAG CAG CCG CCC TCC TAT GGA GGC CCC TCA GTA CCA CCC TCC AGC GGG CCG CCT GCC GGG AGC AGT GGT TTT GGC CGT GGA CAG AAC CAT AAT GTT CAA GGT TTC CAC CCT TAC CGC CGC 



After deleting gaps. 1221 sites
      2   1221

SEQ1                            ATG AAC AGT GTC GGA GGC ACC GAC GAG ATC GGA AAG CTG TTT GTT GGT GGC CTA GAC TGG AGC ACC ACG CAA GAA ACG CTC CGT AGC TAC TTT TCA CAG TAT GGG GAA GTT GTC GAC TGT GTG ATA ATG AAA GAT AAG ACA ACA AAT CAG TCA CGA GGA TTT GGA TTT GTC AAG TTC AAA GAT CCC AAC TGT GTG GGG ACA GTC CTT GCC AGC AGG CCT CAT ACG TTA GAT GGT CGA AAT ATT GAC CCA AAG CCT TGT ACC CCT CGA GGG ATG CAA CCG GAG AGA ACA CGA CCA AAG GAG GGA TGG AAA GGA TCC AAG AGT GAT AAC AAA TCC AAT AAA ATT TTT GTT GGT GGG ATC CCT CAC AAC TGT GGC GAG ACG GAG CTC AGG GAA TAC TTC AAA AAG TTT GGA GTG GTC ACT GAA GTG GTG ATG ATC TAT GAT GCA GAG AAA CAG CGA CCC CGA GGT TTT GGA TTT ATT ACT TTC GAG GAC GAA CAA TCA GTG GAC CAG GCT GTC AAC ATG CAT TTT CAC GAC ATC ATG GGC AAA AAA GTG GAG GTG AAG CAG GCT GAG CCT CGG GAT AAC AAG AGC CAG GTG CTC GAA CCC ACT GGC ACC AGC CAG TGG GGA AGC CGG ATC ATG CCA AGT GCC GCC AAT GGC TGG GCA GGA CAG CCC CCA CCT ACC TGG CAA CAA GGA TAT GGA CCT CAA GGT ATG TGG GTA CCA GCT GGA CAA GCA CTT GGT GGG TAT GGT CCT CCT CCT CCA GCT AGA GGT GCG CCA CCA CCG CCA CCA CCT TTT ACC TCA TAC ATT GTC TCA ACA CCT CCA GGA GGA TTT GCA CCG CCA CAG GGC TTT CCA CAG GGC TAT GGC ACC CCT CCA CCC TTC AGC TTT GGA TAT GGT GCT CCG CCT CCT CCA GCT GAC CAG TTT ACC CCT GCT GGC ATT CCT CCA CCA CCT GCC ACC CCT GGG GCA GCA CCA CTA GCT TTC CCC CCC CCA CCA CCA CCA CCT CAA CCA ACT CAG GAC ATG AGC AAG CCT CTG ACC AGC CAG CCA GAC TTT CCC TAC AGT CAA TTT GGA TAT GGA CAA GAC TTA AGT GCC TTT GGA CAA GGC TTC GCC GAT CCC AGC CAG CAG CCG CCC TCC TAT GGA GGC CCC TCA GTA CCA CCC TCC AGC GGG CCG CCT GCC GGG AGC AGT GGT TTT GGC CGT GGA CAG AAC CAT AAT GTT CAA GGT TTC CAC CCT TAC CGC CGC 
SEQ2                            ATG AAC AGC GTT GGG GGC GCC GAC GAG ATT GGA AAA CTA TTT GTG GGT GGC CTA GAC TGG AGC ACT ACA CAA GAA ACG CTC CGT AGC TAC TTT TCA CAA TAT GGG GAA GTT GTC GAC TGT GTG ATA ATG AAA GAT AAG ACG ACA AAT CAG TCG CGA GGA TTT GGA TTT GTT AAG TTC AAA GAT CCC AAC TGC GTG GGG ACA GTC CTC GCC AGC AGA CCC CAT ACA CTG GAT GGC CGA AAT ATT GAC CCA AAG CCC TGT ACC CCT CGA GGG ATG CAG CCG GAG AGA ACA CGA CCA AAG GAG GGA TGG AAA GGA TCC AAG AGT GAT AAC AAA TCC AAT AAA ATT TTT GTC GGT GGG ATT CCT CAC AAC TGT GGC GAG ACG GAG CTC AGG GAA TAC TTC AAA AAG TTC GGA GTG GTC ACC GAA GTG GTA ATG ATC TAT GAT GCA GAG AAA CAG CGG CCC CGA GGT TTT GGA TTT ATT ACT TTC GAG GAC GAA CAA TCA GTG GAC CAG GCT GTC AAC ATG CAT TTT CAC GAC ATC ATG GGC AAA AAA GTG GAG GTG AAG CGG GCG GAG CCG CGA GAT AGC AAG AGC CAG ACG CCG GGG CCC ACC GGC ACC AGC CAG TGG GGA AGC CGG ATC GTG CCA AGT GCC GCC AAT GGC TGG GCA GGA CAG CCC CCA CCT ACC TGG CAA CAA GGA TAT GGA CCT CAA GGT ATG TGG GTA CCA GCT GGA CAA GCA CTC GGT GGG TAT GGT CCG CCT CCT CCA GGT AGA GGT GCT CCA CCG CCG CCA CCA CCT TTT ACC TCG TAC ATT GTC TCA ACA CCT CCA GGA GGA TTT GCA CCC CCA CAG GGC TTC CCA CAG GGC TAC GGC ACC CCT CCA CCC TTC AGC TTT GGA TAC GGT GCT CCA CCT CCT CCA CCT GAC CAG TTT GCC CCT GCT GGC GTT CCT CCA CCA CCT GCC ACC CCT GGG GCA GCA CCA CTA GCT TTT CCC CCA CCA CCA CCA CCA TCT CAG CCA ACT CAG GAC ATG AGC AAG CCT CCG ACC GGC CAG CCA GAA TTC CCC TAC AGT CAG TTT GGA TAC GGA CAA GAC TTA AGT GGA TTT GGA CAA GGC TTC GCC GAT CCC AGC CAG CAG CCG CCC TCC TAT GGA GGC CCC TCA GTA CCA CCC TCC AGC GGG CCG CCT GCC GGG AGC AGT GGT TTT GGC CGT GGA CAG AAC CAT AAT GTT CAA GGT TTC CAC CCT TAC CGC CGC 



Printing out site pattern counts


         2        309  P

SEQ1                            AAA AAC AAC AAG AAG AAT ACA ACA ACC ACC ACC ACG ACG ACT ACT AGA AGC AGC AGG AGG AGT AGT ATA ATC ATC ATG ATG ATT ATT CAA CAA CAC CAG CAG CAG CAT CCA CCA CCC CCC CCG CCG CCG CCT CCT CCT CCT CGA CGA CGC CGG CGG CGT CTA CTC CTC CTG CTG CTT GAA GAA GAC GAC GAG GAT GCA GCC GCC GCG GCT GCT GCT GCT GGA GGA GGC GGG GGT GGT GTA GTC GTC GTG GTG GTG GTT GTT GTT TAC TAT TAT TCA TCA TCC TGG TGT TGT TTA TTA TTC TTC TTT TTT 
SEQ2                            ... ... .G. ..A ... ... ... ..G ... ..T G.. ..A ... ..C ... ... ... G.. ..A ... ..C ... ... ... ..T ... G.. ... G.. ... ..G ... ..A ... .G. ... ... ..G ..A ... ..A ..C ... ..C ..G ... T.. ... ..G ... ..A ... ... ... .CG ... .C. ..A ..C ... .GG ..A ... ... ... ... ... .GA ..T C.. ..G ... .G. ... ..G ... ... ..C ... ... ... ..T AC. ..A ... ..C ..G ... ... ..C ... ... ..G ... ... ..C ... C.G ... ... ..T ..C ... 

    9    6    1    1    9    5    4    1    7    1    2    2    2    2    2
    2   11    1    1    1    1    5    1    3    2    8    1    4    1    9
    3    3    1   14    1    3   24    1    1   11    1    1    4    2    2
   18    1    5    1    2    1    1    2    2    1    2    1    1    2    5
    1    1   10    9    7    6    6    1    1    1    1    5    1   20    1
   13    8    1   10    2    5    2    1    1    7    1    1    2    5    3
    5    4    2    4    6    1    3    1    1    6    1    3   15

YN00 paml/jobs/LOC_00019285__LOCZ_00019285/LOC_00019285__LOCZ_00019285.phy

ns =   2	ls = 407

Codon position x base (3x4) table for each sequence.

SEQ1                
position  1:    T:0.14742    C:0.29730    A:0.23587    G:0.31941
position  2:    T:0.19165    C:0.29730    A:0.27273    G:0.23833
position  3:    T:0.27027    C:0.26536    A:0.25799    G:0.20639

SEQ2                
position  1:    T:0.14742    C:0.29975    A:0.22604    G:0.32678
position  2:    T:0.18428    C:0.29975    A:0.26536    G:0.25061
position  3:    T:0.23833    C:0.28256    A:0.26044    G:0.21867

Average
position  1:    T:0.14742    C:0.29853    A:0.23096    G:0.32310
position  2:    T:0.18796    C:0.29853    A:0.26904    G:0.24447
position  3:    T:0.25430    C:0.27396    A:0.25921    G:0.21253

Codon usage for each species
----------------------------------------------------------------------
Phe TTT  18  16 | Ser TCT   0   1 | Tyr TAT   8   5 | Cys TGT   4   3
    TTC   7   9 |     TCC   4   4 |     TAC   5   8 |     TGC   0   1
Leu TTA   2   1 |     TCA   6   4 | *** TAA   0   0 | *** TGA   0   0
    TTG   0   0 |     TCG   0   2 |     TAG   0   0 | Trp TGG   6   6
----------------------------------------------------------------------
Leu CTT   2   0 | Pro CCT  23  19 | His CAT   3   3 | Arg CGT   2   2
    CTC   3   4 |     CCC  12  14 |     CAC   3   3 |     CGC   2   2
    CTA   2   3 |     CCA  25  26 | Gln CAA  12  10 |     CGA   6   6
    CTG   2   1 |     CCG   6   9 |     CAG  16  17 |     CGG   2   3
----------------------------------------------------------------------
Ile ATT   5   6 | Thr ACT   4   3 | Asn AAT   5   5 | Ser AGT   6   5
    ATC   5   3 |     ACC  10   9 |     AAC   7   6 |     AGC  12  13
    ATA   1   1 |     ACA   5   6 | Lys AAA   9  10 | Arg AGA   2   3
Met ATG   9   8 |     ACG   4   4 |     AAG  10   9 |     AGG   2   1
----------------------------------------------------------------------
Val GTT   4   5 | Ala GCT   8   6 | Asp GAT   7   7 | Gly GGT  11  11
    GTC   7   6 |     GCC   7   8 |     GAC  11  10 |     GGC  13  15
    GTA   2   3 |     GCA   6   6 | Glu GAA   6   6 |     GGA  21  21
    GTG   9   9 |     GCG   1   1 |     GAG   9   9 |     GGG   8  10
----------------------------------------------------------------------


Sums
------------------------------------------------------
Phe TTT  34 | Ser TCT   1 | Tyr TAT  13 | Cys TGT   7
    TTC  16 |     TCC   8 |     TAC  13 |     TGC   1
Leu TTA   3 |     TCA  10 | *** TAA   0 | *** TGA   0
    TTG   0 |     TCG   2 |     TAG   0 | Trp TGG  12
------------------------------------------------------
Leu CTT   2 | Pro CCT  42 | His CAT   6 | Arg CGT   4
    CTC   7 |     CCC  26 |     CAC   6 |     CGC   4
    CTA   5 |     CCA  51 | Gln CAA  22 |     CGA  12
    CTG   3 |     CCG  15 |     CAG  33 |     CGG   5
------------------------------------------------------
Ile ATT  11 | Thr ACT   7 | Asn AAT  10 | Ser AGT  11
    ATC   8 |     ACC  19 |     AAC  13 |     AGC  25
    ATA   2 |     ACA  11 | Lys AAA  19 | Arg AGA   5
Met ATG  17 |     ACG   8 |     AAG  19 |     AGG   3
------------------------------------------------------
Val GTT   9 | Ala GCT  14 | Asp GAT  14 | Gly GGT  22
    GTC  13 |     GCC  15 |     GAC  21 |     GGC  28
    GTA   5 |     GCA  12 | Glu GAA  12 |     GGA  42
    GTG  18 |     GCG   2 |     GAG  18 |     GGG  18
------------------------------------------------------



(A) Nei-Gojobori (1986) method



Nei & Gojobori 1986. dN/dS (dN, dS)
(Note: This matrix is not used in later ML. analysis.
Use runmode = -2 for ML pairwise comparison.)

SEQ1                
SEQ2                 0.0944 (0.0187 0.1979)


(B) Yang & Nielsen (2000) method

Yang Z, Nielsen R (2000) Estimating synonymous and nonsynonymous substitution rates under realistic evolutionary models. Mol. Biol. Evol. 17:32-43

(equal weighting of pathways)

seq. seq.     S       N        t   kappa   omega     dN +- SE    dS +- SE

   2    1   402.7   818.3   0.1871  8.8030  0.1446 0.0211 +- 0.0052  0.1461 +- 0.0216


(C) LWL85, LPB93 & LWLm methods

Li W.-H., C.-I. Wu, Luo (1985) A new method for estimating synonymous and nonsynonymous rates of nucleotide substitutions considering the relative likelihood of nucleotide and codon changes. Mol. Biol. Evol. 2: 150-174.
Li W-H (1993) Unbiased estimation of the rates of synonymous and nonsynonymous substitution. J. Mol. Evol. 36:96-99
Pamilo P, Bianchi NO (1993) Evolution of the Zfx and Zfy genes - rates and interdependence between the genes. Mol. Biol. Evol. 10:271-281
Yang Z (2006) Computational Molecular Evolution. Oxford University Press, Oxford. Eqs. 2.12 & 2.13

2 (SEQ2) vs. 1 (SEQ1)

L(i):      810.5     190.5     220.0  sum=   1221.0
Ns(i):   13.0000   19.0000   24.0000  sum=  56.0000
Nv(i):    3.0000    1.0000    9.0000  sum=  13.0000
A(i):     0.0164    0.1119    0.1286
B(i):     0.0037    0.0053    0.0427
LWL85:  dS =  0.2081 dN =  0.0184 w = 0.0886 S =  283.5 N =  937.5
LWL85m: dS =  0.1625 dN =  0.0201 w = 0.1239 S =  363.0 N =  858.0 (rho = 0.751)
LPB93:  dS =  0.1635 dN =  0.0204 w = 0.1246

