
Before deleting alignment gaps
      2   1881

SEQ1                            TGC CTT CTT CTG TTT CTC ACC TTA CTT CTC CAG AGC ACC ATA ATG ACA GAA GAA GCT TGC AGG ACA CGA AGT CAG AAG CGT GCG CTC GAA CGG GAG ATC ACC CAA AAC GAT GTG GAC TGT AAA AAG ATG AAG CTA GAT AAG GGA CTC TTG GGG GGC CCC AAG GCC AAT GCT GAA GGG GGA GAC CTT AAG ATA AAG ACG GAC TCT GGT TCT GGG AGA GTC CAA GGA TTA TTA AAA GGC ACA GAG ATG AAA GCT GCC GTC AAA GTG GAG TTA CCG ATA GGA GAC GAG CCG GTG GAC ATG AGT ACC TCG AAA GGT GAT GCA AAG CGA GAG AGG AGA GTC CCA TCT CCC GAT GTG ATA GTA CTA TCA GAC AAC GAG CCA TCA AGC CCG AGA ATG AAC GGG TTG ACG AAA ATA GCA TTA AAA GAG ACC AGT GCA GAA GTG CTG ATG GAA AGC AGC CCC GAA GAG CGG GAG CGA ATG ATC AAA CAG CTC AAG GAA GAG CTG CGG TTA GAA GAA GCC AAA CTC GTG CTG CTG AAA AAG CTA CGA CAA AGT CAG ATA CAA AAG GAG ACG ACC GCT CAA AAG CCC GTG GGC TCT TCA GGA AGC ACT GCG GCC ACT CCT CCC CCA CTA GTA CGG GGC ACA CAA AAC TTG GTA TCC AGC AAG TCG GCT CTT CTG CAG AAC CCT TCT TCA CGG ATT CCC GGG GCC GTT ATT CCT CCC CCG TTG ATC CGC GGC GGG CAA CAG GTC TCC TCA AAA CTG GGC TCC CAG CAA AAC ACA CAG ATT GTA ATG CCA CCT CTG GTT CGA GGA GCA CAG --- --- --- --- --- --- --- CAA ATC CAC AAT ATC CGC CAG CAC TCC AGC TCG GGG CCG CCG CCG CTC CTG CTG GCC CCA CGG GCC TCC GTC CCC AGC GTG CAA ATC CAG GGC CAG CGG ATC ATT CAG CAG GGC CTC ATC CGC GTC GCC AAC GTC CCC AAC GCC AGC CTG CTG GTG AAC ATC CCG CAG GCC TCC CCA ACT TCA CTC AAA GGC ACC GCA GTG ACA TCG GCA CAG GCG AAC GCT GCA GCC ACC ACG ACC AGC GTG GCT TCC ATC GTC AAC CCC AAC GAC TCT CCT GCC AGT CGC CAA GCG GCT GCC AAG CTG GCC TTG AGA AAG CAG CTA GAA AAG ACC CTG CTG GAG ATC CCC CCT CCC AAG CCC CCA GCA CCC GAA ATG AAT TTC CTG CCC AGT GCA GCG AAT AAC GAG TTC ATC TAC CTG GTT GGA TTG GAA GAG GTG GTG CAG AAC TTG CTC GAA GCC CAA GGC AAA ACC ACT GCC GCC CCC TCC TTG CAG GAG CCC TAC ATC TGC GTC CAG TGC AAG ACA GAC TTC ACC TGC CGC TGG AGG GAG GAG AAG GGC GGC TCC ATC ATG TGC GAG ACC TGC ATG TCC TCC AAC CTG AAG AAG GCG CTC AAG GCC GAG CAC ACC AGC CGG CTC AAG GCC GCC TTC GTC AAG GCC CTG CAG CAG GAG CAG GAG ATC GAG CAG CGG ATA CTG CAG CAG GCC GCC TCC CCG GTG CAC AGC AAG CCG GAG CAG ATC AGC CAG CAC CAG CAC TCG CTC AAG CAG GCC TCC AGC CAG CTG CCC CGA AGC GTT GGC AGT CCC CGC GGA GTC CTG CAT GCA TTT AGC CCG TCG CCC AAG TTG CAG AAC GCC TCC GGT GTG GCC GTG CTT GGT GGC AGG CAA GGT AAG CGT GTT CAG AGA CCC ATC GGC AAG GGC GGT GCT CAC ACC TGG AAG AAG ACT CTC GGC AAT ACA GGT GGG GCT CTG AAC TTC GTG AAC CCC AGT CTC ACC GTG CAC AAA ATG ACC TCT TCG GCT GTG GAC CGC CAG CGC GAA TAC CTC CTA GAT ATG ATT CCA CCG CGA TCC ATC CCT CAA TCT GCC ACA TGG AAA 
SEQ2                            --- --- --- --- --- --- --- --- --- --- --- --- --- --- --- --- --- --- --- --- --- --- --- --- --- --- --- --- --- --- --- --- --- --- --- --- --- --- --- --- --- --- --- --- --- --- --- --- --- --- --- --- --- --- --- --- --- --- --- --- --- --- --- --- --- --- --- --- --- --- --- --- --- --- --- --- --- --- --- --- --- --- --- --- --- --- --- --- --- --- --- --- --- --- --- --- --- --- --- --- --- GCC TCC AGT GAT GCA AAG CGA GAG AGG AGA GTC CCG TCT CCT GAC GTG ATA GTA CTA TCA GAC AAC GAG CCA TCA AGC CCG AGA ATG AAC GGG TTG ACG AAA ATA GCG TTA AAA GAG ACC AGT GCA GAA GTG CTG ATG AAA AGC AGC CCC GAA GAG CGG GAG CGA ATG ATC AAA CAG CTC AAG GAA GAG CTG CGG TTA GAA GAA GCC AAA CTC GTG CTG CTG AAA AAG CTA CGA CAA AGT CAG ATA CAA AAG GAG ACG ACC GCT CAA AAG CCC GTG GGC TCT TCA GGA AAT GCT GTG GCC ACA CCT CCC CCA TTA GTA CGG GGC ACA CAA AAC TTG GTA TCC AGC AAG TCG GCT CTT CTG CAG AAC CCT TCT TCA CGG ATT CCC GGG GCC GTT ATT CCT CCC CCG TTG ATC CGC GGC GGG CAA CAG GTC TCC TCG AAA CTG GGC TCC CAG CAA AAC ACA CAG ATT GTA ATG CCG CCT CTG GTC CGA GGA GCA CAG CCC ATT TCT GTG TCT CCC CAG CAA ATC CAC AAT ATC CGC CAG CAC TCC AGC TCG GGG CCG CCG CCG CTC CTG CTG GCC CCA CGG GCC TCC GTC CCC AGC GTG CAA ATC CAG GGC CAG CGG ATC ATT CAG CAG GGC CTC ATC CGC GTC GCC AAC GTC CCC AAC GCC AGC CTG CTG GTG AAC ATC CCG CAG CCC TCC CCG ACT TCA CTC AAA GGC ACC GCC GTG ACG TCG GCA CAG GCA AAC GCT GCG GCC ACC ACG ACC AGC GTG GCG TCC ATC GTC AAC TCC AAC GAC TCC CCT GCC AGC CGC CAA GCG GCC GCC AAG CTG GCC CTG CGG AAG CAG CTG GAA AAG ACC CTG CTG GAG ATC CCC CCT CCC AAG CCC CCA GCA CCC GAA ATG AAT TTC CTG CCC AGC GCG GCG AAC AAT GAG TTC ATC TAC CTG GTT GGA TTG GAA GAG GTG GTG CAG AAC TTG CTC GAA GCC CAA GGC AAG ACG GCC ACC GCC CCC TCC TCG CAG GAG CCC TAC ACC TGC GTC CAG TGC AAG ACA GAC TTC ACC TGC CGC TGG AGG GAG GAG AAG GGC GGC TCC ATC ATG TGC GAG ACC TGC ATG TCC TCC AAC CTG AAG AAG GCG CTC AAG GCC GAG CAC ACC AGC CGG CTC AAG GCC GCC TTC GTC AAG GCC CTG CAG CAG GAG CAG GAG ATC GAG CAG CGG ATA CTG CAG CAG GCC GCC TCC CCG GTG CAC AGC AAG CCG GAG CAG ATC AGC CAG CAC CAG CAC TCG CTC AAG CAG GCC TCC AGC CAG CTG CCC CGA AGC GTC GGC AGT CCC CGC GGA GTC CTG CAT GCA TTT AGC CCA TCG CCC AAG TTG CAG AAC GCC TCC GGT GTG GCC GTG CTT GGT GGC AGG CAA GGT AAG CGT GCT CAG AGA CCC ATC GGC AAG GGC GGT GCT CAC ACC TGG AAG AAG ACT CTC GGC AAT ACA GGT --- --- --- --- --- --- --- --- --- --- --- --- --- --- --- --- --- --- --- --- --- --- --- --- --- --- --- --- --- --- --- --- --- --- --- --- --- --- --- --- --- --- --- 



After deleting gaps. 1428 sites
      2   1428

SEQ1                            TCG AAA GGT GAT GCA AAG CGA GAG AGG AGA GTC CCA TCT CCC GAT GTG ATA GTA CTA TCA GAC AAC GAG CCA TCA AGC CCG AGA ATG AAC GGG TTG ACG AAA ATA GCA TTA AAA GAG ACC AGT GCA GAA GTG CTG ATG GAA AGC AGC CCC GAA GAG CGG GAG CGA ATG ATC AAA CAG CTC AAG GAA GAG CTG CGG TTA GAA GAA GCC AAA CTC GTG CTG CTG AAA AAG CTA CGA CAA AGT CAG ATA CAA AAG GAG ACG ACC GCT CAA AAG CCC GTG GGC TCT TCA GGA AGC ACT GCG GCC ACT CCT CCC CCA CTA GTA CGG GGC ACA CAA AAC TTG GTA TCC AGC AAG TCG GCT CTT CTG CAG AAC CCT TCT TCA CGG ATT CCC GGG GCC GTT ATT CCT CCC CCG TTG ATC CGC GGC GGG CAA CAG GTC TCC TCA AAA CTG GGC TCC CAG CAA AAC ACA CAG ATT GTA ATG CCA CCT CTG GTT CGA GGA GCA CAG CAA ATC CAC AAT ATC CGC CAG CAC TCC AGC TCG GGG CCG CCG CCG CTC CTG CTG GCC CCA CGG GCC TCC GTC CCC AGC GTG CAA ATC CAG GGC CAG CGG ATC ATT CAG CAG GGC CTC ATC CGC GTC GCC AAC GTC CCC AAC GCC AGC CTG CTG GTG AAC ATC CCG CAG GCC TCC CCA ACT TCA CTC AAA GGC ACC GCA GTG ACA TCG GCA CAG GCG AAC GCT GCA GCC ACC ACG ACC AGC GTG GCT TCC ATC GTC AAC CCC AAC GAC TCT CCT GCC AGT CGC CAA GCG GCT GCC AAG CTG GCC TTG AGA AAG CAG CTA GAA AAG ACC CTG CTG GAG ATC CCC CCT CCC AAG CCC CCA GCA CCC GAA ATG AAT TTC CTG CCC AGT GCA GCG AAT AAC GAG TTC ATC TAC CTG GTT GGA TTG GAA GAG GTG GTG CAG AAC TTG CTC GAA GCC CAA GGC AAA ACC ACT GCC GCC CCC TCC TTG CAG GAG CCC TAC ATC TGC GTC CAG TGC AAG ACA GAC TTC ACC TGC CGC TGG AGG GAG GAG AAG GGC GGC TCC ATC ATG TGC GAG ACC TGC ATG TCC TCC AAC CTG AAG AAG GCG CTC AAG GCC GAG CAC ACC AGC CGG CTC AAG GCC GCC TTC GTC AAG GCC CTG CAG CAG GAG CAG GAG ATC GAG CAG CGG ATA CTG CAG CAG GCC GCC TCC CCG GTG CAC AGC AAG CCG GAG CAG ATC AGC CAG CAC CAG CAC TCG CTC AAG CAG GCC TCC AGC CAG CTG CCC CGA AGC GTT GGC AGT CCC CGC GGA GTC CTG CAT GCA TTT AGC CCG TCG CCC AAG TTG CAG AAC GCC TCC GGT GTG GCC GTG CTT GGT GGC AGG CAA GGT AAG CGT GTT CAG AGA CCC ATC GGC AAG GGC GGT GCT CAC ACC TGG AAG AAG ACT CTC GGC AAT ACA GGT 
SEQ2                            GCC TCC AGT GAT GCA AAG CGA GAG AGG AGA GTC CCG TCT CCT GAC GTG ATA GTA CTA TCA GAC AAC GAG CCA TCA AGC CCG AGA ATG AAC GGG TTG ACG AAA ATA GCG TTA AAA GAG ACC AGT GCA GAA GTG CTG ATG AAA AGC AGC CCC GAA GAG CGG GAG CGA ATG ATC AAA CAG CTC AAG GAA GAG CTG CGG TTA GAA GAA GCC AAA CTC GTG CTG CTG AAA AAG CTA CGA CAA AGT CAG ATA CAA AAG GAG ACG ACC GCT CAA AAG CCC GTG GGC TCT TCA GGA AAT GCT GTG GCC ACA CCT CCC CCA TTA GTA CGG GGC ACA CAA AAC TTG GTA TCC AGC AAG TCG GCT CTT CTG CAG AAC CCT TCT TCA CGG ATT CCC GGG GCC GTT ATT CCT CCC CCG TTG ATC CGC GGC GGG CAA CAG GTC TCC TCG AAA CTG GGC TCC CAG CAA AAC ACA CAG ATT GTA ATG CCG CCT CTG GTC CGA GGA GCA CAG CAA ATC CAC AAT ATC CGC CAG CAC TCC AGC TCG GGG CCG CCG CCG CTC CTG CTG GCC CCA CGG GCC TCC GTC CCC AGC GTG CAA ATC CAG GGC CAG CGG ATC ATT CAG CAG GGC CTC ATC CGC GTC GCC AAC GTC CCC AAC GCC AGC CTG CTG GTG AAC ATC CCG CAG CCC TCC CCG ACT TCA CTC AAA GGC ACC GCC GTG ACG TCG GCA CAG GCA AAC GCT GCG GCC ACC ACG ACC AGC GTG GCG TCC ATC GTC AAC TCC AAC GAC TCC CCT GCC AGC CGC CAA GCG GCC GCC AAG CTG GCC CTG CGG AAG CAG CTG GAA AAG ACC CTG CTG GAG ATC CCC CCT CCC AAG CCC CCA GCA CCC GAA ATG AAT TTC CTG CCC AGC GCG GCG AAC AAT GAG TTC ATC TAC CTG GTT GGA TTG GAA GAG GTG GTG CAG AAC TTG CTC GAA GCC CAA GGC AAG ACG GCC ACC GCC CCC TCC TCG CAG GAG CCC TAC ACC TGC GTC CAG TGC AAG ACA GAC TTC ACC TGC CGC TGG AGG GAG GAG AAG GGC GGC TCC ATC ATG TGC GAG ACC TGC ATG TCC TCC AAC CTG AAG AAG GCG CTC AAG GCC GAG CAC ACC AGC CGG CTC AAG GCC GCC TTC GTC AAG GCC CTG CAG CAG GAG CAG GAG ATC GAG CAG CGG ATA CTG CAG CAG GCC GCC TCC CCG GTG CAC AGC AAG CCG GAG CAG ATC AGC CAG CAC CAG CAC TCG CTC AAG CAG GCC TCC AGC CAG CTG CCC CGA AGC GTC GGC AGT CCC CGC GGA GTC CTG CAT GCA TTT AGC CCA TCG CCC AAG TTG CAG AAC GCC TCC GGT GTG GCC GTG CTT GGT GGC AGG CAA GGT AAG CGT GCT CAG AGA CCC ATC GGC AAG GGC GGT GCT CAC ACC TGG AAG AAG ACT CTC GGC AAT ACA GGT 



Printing out site pattern counts


         2        288  P

SEQ1                            AAA AAA AAA AAC AAC AAG AAT AAT ACA ACA ACC ACC ACG ACT ACT ACT ACT AGA AGA AGC AGC AGG AGT AGT ATA ATC ATC ATG ATT CAA CAC CAG CAT CCA CCA CCC CCC CCC CCG CCG CCT CGA CGC CGG CGT CTA CTA CTA CTC CTG CTT GAA GAA GAC GAG GAT GAT GCA GCA GCA GCC GCC GCC GCG GCG GCG GCT GCT GCT GGA GGC GGG GGT GGT GTA GTC GTG GTT GTT GTT TAC TCA TCA TCC TCG TCG TCT TCT TGC TGG TTA TTC TTG TTG TTG TTT 
SEQ2                            ... ..G TCC ... ..T ... ..C ... ... ..G ... ..G ... ..A ... G.C G.. ... C.G .AT ... ... ..C ... ... .C. ... ... ... ... ... ... ... ... ..G ... ..T T.. ..A ... ... ... ... ... ... ... ..G T.. ... ... ... A.. ... ... ... ..C ... ... ..C ..G A.. C.. ... ..A ... .T. ..C ..G ... ... ... ... A.. ... ... ... ... .C. ..C ... ... ... ..G ... G.C ... ..C ... ... ... ... ... C.. .C. ... ... 

    7    1    1   14    1   24    1    3    4    1   10    1    3    1    2
    1    1    3    1    1   14    3    2    3    4    1   15    7    4   11
    7   31    1    4    3   18    1    1    1    8    6    5    6    8    1
    2    1    1   10   21    2    1    9    3   19    1    1    6    1    3
    1    1   22    1    3    1    1    1    4    4   15    4    1    5    4
    9   13    1    2    2    2    5    1   14    1    5    1    3    5    2
    2    4    1    1    6    1

YN00 paml/jobs/LOC_00019236__LOCZ_00019236/LOC_00019236__LOCZ_00019236.phy

ns =   2	ls = 476

Codon position x base (3x4) table for each sequence.

SEQ1                
position  1:    T:0.11345    C:0.31303    A:0.28151    G:0.29202
position  2:    T:0.23950    C:0.29622    A:0.28992    G:0.17437
position  3:    T:0.10924    C:0.36975    A:0.17857    G:0.34244

SEQ2                
position  1:    T:0.11555    C:0.31513    A:0.27941    G:0.28992
position  2:    T:0.23529    C:0.30252    A:0.28992    G:0.17227
position  3:    T:0.09244    C:0.38655    A:0.15756    G:0.36345

Average
position  1:    T:0.11450    C:0.31408    A:0.28046    G:0.29097
position  2:    T:0.23739    C:0.29937    A:0.28992    G:0.17332
position  3:    T:0.10084    C:0.37815    A:0.16807    G:0.35294

Codon usage for each species
----------------------------------------------------------------------
Phe TTT   1   1 | Ser TCT   4   3 | Tyr TAT   0   0 | Cys TGT   0   0
    TTC   4   4 |     TCC  14  17 |     TAC   2   2 |     TGC   5   5
Leu TTA   2   3 |     TCA   6   5 | *** TAA   0   0 | *** TGA   0   0
    TTG   8   6 |     TCG   6   7 |     TAG   0   0 | Trp TGG   2   2
----------------------------------------------------------------------
Leu CTT   2   2 | Pro CCT   6   7 | His CAT   1   1 | Arg CGT   1   1
    CTC  10  10 |     CCC  20  19 |     CAC   7   7 |     CGC   6   6
    CTA   4   2 |     CCA   7   5 | Gln CAA  11  11 |     CGA   5   5
    CTG  21  23 |     CCG   9  11 |     CAG  31  31 |     CGG   8   9
----------------------------------------------------------------------
Ile ATT   4   4 | Thr ACT   5   2 | Asn AAT   4   5 | Ser AGT   5   4
    ATC  16  15 |     ACC  11  12 |     AAC  15  15 |     AGC  15  16
    ATA   4   4 |     ACA   5   5 | Lys AAA   9   8 | Arg AGA   4   3
Met ATG   7   7 |     ACG   3   5 |     AAG  24  25 |     AGG   3   3
----------------------------------------------------------------------
Val GTT   5   2 | Ala GCT   6   6 | Asp GAT   2   1 | Gly GGT   6   5
    GTC   9  11 |     GCC  24  26 |     GAC   3   4 |     GGC  15  15
    GTA   4   4 |     GCA  10   7 | Glu GAA  10   9 |     GGA   4   4
    GTG  13  14 |     GCG   5   7 |     GAG  19  19 |     GGG   4   4
----------------------------------------------------------------------


Sums
------------------------------------------------------
Phe TTT   2 | Ser TCT   7 | Tyr TAT   0 | Cys TGT   0
    TTC   8 |     TCC  31 |     TAC   4 |     TGC  10
Leu TTA   5 |     TCA  11 | *** TAA   0 | *** TGA   0
    TTG  14 |     TCG  13 |     TAG   0 | Trp TGG   4
------------------------------------------------------
Leu CTT   4 | Pro CCT  13 | His CAT   2 | Arg CGT   2
    CTC  20 |     CCC  39 |     CAC  14 |     CGC  12
    CTA   6 |     CCA  12 | Gln CAA  22 |     CGA  10
    CTG  44 |     CCG  20 |     CAG  62 |     CGG  17
------------------------------------------------------
Ile ATT   8 | Thr ACT   7 | Asn AAT   9 | Ser AGT   9
    ATC  31 |     ACC  23 |     AAC  30 |     AGC  31
    ATA   8 |     ACA  10 | Lys AAA  17 | Arg AGA   7
Met ATG  14 |     ACG   8 |     AAG  49 |     AGG   6
------------------------------------------------------
Val GTT   7 | Ala GCT  12 | Asp GAT   3 | Gly GGT  11
    GTC  20 |     GCC  50 |     GAC   7 |     GGC  30
    GTA   8 |     GCA  17 | Glu GAA  19 |     GGA   8
    GTG  27 |     GCG  12 |     GAG  38 |     GGG   8
------------------------------------------------------



(A) Nei-Gojobori (1986) method



Nei & Gojobori 1986. dN/dS (dN, dS)
(Note: This matrix is not used in later ML. analysis.
Use runmode = -2 for ML pairwise comparison.)

SEQ1                
SEQ2                 0.1523 (0.0148 0.0970)


(B) Yang & Nielsen (2000) method

Yang Z, Nielsen R (2000) Estimating synonymous and nonsynonymous substitution rates under realistic evolutionary models. Mol. Biol. Evol. 17:32-43

(equal weighting of pathways)

seq. seq.     S       N        t   kappa   omega     dN +- SE    dS +- SE

   2    1   366.5  1061.5   0.1094  6.8116  0.1488 0.0148 +- 0.0038  0.0993 +- 0.0178


(C) LWL85, LPB93 & LWLm methods

Li W.-H., C.-I. Wu, Luo (1985) A new method for estimating synonymous and nonsynonymous rates of nucleotide substitutions considering the relative likelihood of nucleotide and codon changes. Mol. Biol. Evol. 2: 150-174.
Li W-H (1993) Unbiased estimation of the rates of synonymous and nonsynonymous substitution. J. Mol. Evol. 36:96-99
Pamilo P, Bianchi NO (1993) Evolution of the Zfx and Zfy genes - rates and interdependence between the genes. Mol. Biol. Evol. 10:271-281
Yang Z (2006) Computational Molecular Evolution. Oxford University Press, Oxford. Eqs. 2.12 & 2.13

2 (SEQ2) vs. 1 (SEQ1)

L(i):      906.5     262.0     259.5  sum=   1428.0
Ns(i):   11.0000    9.5000   17.5000  sum=  38.0000
Nv(i):    4.0000    1.5000    5.5000  sum=  11.0000
A(i):     0.0123    0.0379    0.0740
B(i):     0.0044    0.0058    0.0217
LWL85:  dS =  0.1002 dN =  0.0155 w = 0.1543 S =  346.8 N = 1081.2
LWL85m: dS =  0.0752 dN =  0.0173 w = 0.2301 S =  462.2 N =  965.8 (rho = 0.774)
LPB93:  dS =  0.0775 dN =  0.0171 w = 0.2202

