      2   4020

SEQ1                            ATG CGC AGA CGT GCC CCT GCT TTC CCT TGG GTT CCC CCT AGT GGT AGG ATG ACC GCT CTA CAG CTC GCT GGC AAA CTC TGC GAG GCG CTG AGA GGC GAG GGG GAC GCG ATG GTA GAA GCC CTC CTC CAA AGG GGC GCT GAC CCC AAC TTG GTT CTG CCA GAG GGG ATC GCT GCA ATC CAT CTT GCG GCT GGC GTG GAA CAA GAG AGT GGG ATT CGG TGC CTC AGA CTC ATC CTC CAG TAT GGT GGA GAC CCC AAC GTC AGG TCT GTC GAT GAT CTC ACC CCA TTA CAC GTT GCA GCA TCC TGG GGT TGC TAC ACC TGC TTA AGG CTC TTG CTG ATG GAA GGA GGG AAC CCC CGA CTC GAA GAC CAG GAT GGG AAC ACA GCC CTC AAT CTG GCT TTG GAG CAG GGG AAC GAG ATG TGT GTC CGT ATC CTA CAA AAG TCC CTG GAA GAC ACT AGT GAG GAG CAG AGC AGC TGG AGG CCC GAC CGA AGA ACA GAC AGC TTT CTC TCC ACC GTG ACT GAA GAC CTT TTG GAA ACT GGT AGC ATT TCA AGG CTT TAT GAT CCC CAT CAG TTA AGC GGA ACT CCA CAG TCA TCT CTG AAC AAG ACT CTT CGA TAT GTG GGG GCA TGC AGC TCC TTC TCT CGT CCT GTT GTA CCG ACT ACA AAG AGC CAT CCA GAT TGC ACT ATC CTG GGG AAT TGC CAG GAC AAA AAC CAC TCC TTT GAG GAC CGG TTC TCT GCT TCG TTT CTC ACG GAG TAT TCT TGG CGA TGC AGC ACG TCA TCT GAG CAG TGT GAC CTC CGT GCT CAG CCG GCA GCT TCA TCC AAC CAT TTG TTC TCA TGT GGC GAT GCT GTT GGA CAA ACC TTG AAT TGT ACT GCA GTA CGG GGT GTC CCC AGT GAC GGA TCC GAG CAT CCC AGA CTG GCA GCA AAC AGT GCA ATC CAA TCT CAC TAC ATT GAA ACT GCT GCA GAT TGC CGG TTG CCT CCA GAT CTA AAT GGA GTT CTC CAC ACT GTT TTA ATC GAC TCT GAG TCT TGC ACG TCC AGG GTG TAC CCT GAA ATA CCA AGC ACT AAT GGA TCC CAG GAG ACC CCC AAG TCT CTT ACC TGT GCA ATT AAG TCT GAA TGT AAA GTA GAT CAC CTT CTT GGC ATG CAG GAT GCC AAC ACT ACC CTT AAC CTT TCC CAG TGC AAC AGC TTC CTT GAT CCA GAT CTT GTA GTG AAG CTC ACC AGT GAG GAA GGG CTG GAT GTC ACC TCA CCC AAT CAT GTC TAC CTC TTC TCC CGG GCG AAC TCC ACG GCC GTA TCA GAC TTG GAA AAG ACC ATG GTC GAC TTG GCG TTC CTG TCG AGG GCC TCA GGG AAC CCG GAT GGA TGC TCT GTG AGT GGG AAG TCA TTG TTC AGG AGT ACA GAT GGC AGC AGG TGC AGC CAA TAC ACT TTG TGT GAC AGT GAA TGC TAC ATG AGT GCC ACA GAA GCA CCA CGC TGC AGC AAG CCT CAA GAA CGG GAG GCC ACC TTG GAC TGT TTT CCG GGC AGC TCA GGC AGC ATC AGG AAC AAC AGT TCC AGG ACA CCA ATG TGG AGC TTG GAA GAG CGT ATA GAG ACA TTG GTG GCA CCA GCC ATT AGC GAG AGG ATC TCT CCT GCC AGA TCT GAG AGT CTG CGG CAT TTC CAT GAT GGA ACT GGT TTT AGA GAA ACT TTT TCC AAG ACA TCT GCT GAG AGG CAA GCT TTG GAC CTC CAC AAC ACT GGA AAG GAT GAA TGC TCT GGA AAC ATT AGG GAG CTG TGT CTC TCT AGA ATG TCC CAG GAT GGG GTT CTC GCA GAG CGT CCT TCG CCA AAG GGG GAG AAT CAG AGC CTG AAT ACA CTG CCA TTG TTG CAG GAA CCA CAG AAA TGC ATG ACA TCT GGA GCA GAG AAT ACG GTT CTT CCG GAA AGT TCC TCT GAC ATG ACT GGT GAA CGA GTT GCT ACT CGG GAG CTC CGA GGT GAA TTC AGA GGA ACT GTG GTG TCA TCT GCG GCA TTG GCA GAG TTG ACT GAG GAA GAG AGG AGA AGG GGT GTG CGA CAA TCG GAT CTC TCA CTG AGC GCC CAG GAG GTG GAG GAG AGA AGA GAA AGC TTG TGG ACT CCG GAC ACA GTG CTT ATA CCG AGG GCA TCT GAA GAA ATG AAG TCT TTC CTA GGC GAT GAG AGC CCC GTC TCG CCC AGG ACG TGT GGG GAT GTG GAT GAC ACA ATG CCT GTC CCA CAT CGA ACA GTG GAT GAC ACA ATG CCT GTC CTA CAT CGA ACA GTG GAT GAC ACG ATG CCT TTC CCA CAT CAA ACA GCA AAT GCC AAG GAA GAG GAA TCC ACC AGC CTG GAA GCA AAG CTG AGG TCA ATG ATG TTT GCA ACC AAG GTT TGC CAC TCG CCG TTG CTG CAG CCA AAC TAC AGA CCC TGC CAC GTT ACT CCC CGG ACC AAA AGC CGC ATG ACT GCA TCA GCC ACA CAT GAC AGC AGC AGC TCC TCC TCT CTT TTT GAT GAC ACC CTG GAG ATG CCG AGG CGC CCC AGG CGA GTG AGA AAC CCT GAG GGG AGG ACC CCG ACC TCC AGC GAA GCA TGG AAC TGG GCT GAT GGC CCG AGG CAC GGG GAC CCA CCT TCC ATG GTG GGA GAG GAG ACC GGT GAG CCA GGT AAC ACC CAG TTA ATT GCA GCT GTC CCC AGC GCT GTT AAG CCA GCC AGG ACC CCA AAA TGT AGC CCA TCA GGC CCA TCT GTC ACC AGC CTG GCT GTG CTA ACA AAC TCA GGA AAA GAC GTC CCA AGA GGT GAC GAC TGG TCA GCT GTA AAC CTT GGC ACT GAT CCC ACT GTG GGT TTG GAT GAG GGC AAG CTG TCC GCT GGT GCT GGA GAG GGG GAT TGC ACC ACC CAG GAA GCG CGA GGT ACT GCG CCG TCT GGG ACT GAT CCG GAG CGG CTG GGT GCC TGG TGT GGT GAG GCC AGG AGA CCA CCC AAA CCC TCA AGG GTT AGC TTC AGC AGG ATG TCC ACC AGA GTG CAG CCC TTT GTG CCA GGA ACC TCA GGA AGG CTG AGC CCC ATC AGG CAG GAT GTC CCG TTG TCG CCT GGT GGC CGG CCA GTG AAC CTG AGC ACC GCT GAG CCA GTG GAG TAC TTG TAC GTG GAT GAG GAC AAA GGA CAT ACG CTG ATC GAG CGG CAC ATT CCG TGC TCG GAC GAT TCC GTC GCC AAC ATC AGC TCC GAA GAC ACC ATC ATC TAT GAC TGG CAG GCA TAT ACA GCC CAA GCG GTG GGG CAG GCG AGT GAG GGG GAT GCC CCC CCA CAG GCC ACC CCG GAG CTG CAT CAC CTT TCA GAT GAA GTC CTG TTC CGC AAG CTG CAT GAC TTC GGG GTC AAT CCA GGA CCC GTG ACA AGG ATC ACC AGG AAG GTT TAC TTG CAG CTG CTG GAG AAG CTG ATG AGC GAC CCC AAG ATC AAG GCC CGG AAA GGC TCT GCA GGC TAC AGC CCG GAA CTT TCT TCC ACC CTG GAA ACA TAC CAA ATC CCG GAT GGC CAA GAT GAC GAG ATG GCT CTG TCC AGA CAG TTC GAC CAG CCA GAC AAG AGC AAG AAG TGG CGG GAA GGT GTG CTC AAG TCC AGC TTC AAC TAC CTG CTC TTG GAT CCC AGG GTG ACC CAG AAC CTG CCC TTC CGC TGC CGG TTC ATA AGC CAG GCA GAA TGC TTC TGG ACC TTC GTC AGT GCC ATC TTC TAC GTG GGC AAA GGG AAG CGC TCC AGG CCA TAC TCT CAC CTC TAC GAA GCC TTG ACC TGC TAC AAG GAT GGT CCG GGA AGG CGG GGA GGC CAG GTA TGT TCC AAG GTC CAG CAC ATC CTA GAA ATC TGG GCC AGC GGG CAG GGC GTT ATT TCC ATG CAC TGC TTC CAG AAT GTC ATC CCG GTG GAG GCC TAC ACG CGA GAG GCC TGC ATG CTG GAC GCC ATT GGG CTG AAG ATG CTG ACC AAT CAA AAG AAG GGA AAT TAC TAT GGC ATC GCA GCG GCC TGG CCA ATG AAG AGA CGC CGA TGC TTG GGC ATC CAC CTT CTG CAC AGG GCA ATG CAG ATC TTC CTG GCA GAG GGG GAG CGG CAG CTG CGT CCC GCG GAC ATC CAA ACC GGC CAG 
SEQ2                            ATG CGC AGA CGT GCC CCT GCT TTC CCT TGG GTT CCC CCT AGT GGT AGG ATG ACC GCT CTA CAG CTC GCT GGC AAA CTC TGC GAG GCG CTG AGA GGC GAG GGG GAC GCG ATG GTA GAA GCC CTC CTC CAA AGG GGC GCT GAC CCC AAC TTG GTT CTG CCA GAG GGG ATC GCT GCA ATC CAT CTT GCG GCT GGC GTG GAA CAA GAG AGT GGG ATT CGG TGC CTC AGA CTC ATC CTC CAG TAT GGT GGA GAC CCC AAC GTC AGG TCT GTC GAT GAT CTC ACC CCA TTA CAC GTT GCA GCA TCC TGG GGT TGC TAC ACC TGC TTA AGG CTC TTG CTG ATG GAA GGA GGG AAC CCC CGA CTC GAA GAC CAG GAT GGG AAC ACA GCC CTC AAT CTG GCT TTG GAG CAG GGG AAC GAG ATG TGT GTC CGT ATC CTA CAA AAG TCC CTG GAA GAC ACT AGT GAG GAG CAG AGC AGC TGG AGG CCC GAC CGA AGA ACA GAC AGC TTT CTC TCC ACC GTG ACT GAA GAC CTT TTG GAA ACT GGT AGC ATT TCA AGG CTT TAT GAT CCC CAT CAG TTA AGC GGA ACT CCA CAG TCA TCT CTG AAC AAG ACT CTT CGA TAT GTG GGG GCA TGC AGC TCC TTC TCT CGT CCT GTT GTA CCG ACT ACA AAG AGC CAT CCA GAT TGC ACT ATC CTG GGG AAT TGC CAG GAC AAA AAC CAC TCC TTT GAG GAC CGG TTC TCT GCT TCG TTT CTC ACG GAG TAT TCT TGG CGA TGC AGC ACG TCA TCT GAG CAG TGT GAC CTC CGT GCT CAG CCG GCA GCT TCA TCC AAC CAT TTG TTC TCA TGT GGC GAT GCT GTT GGA CAA ACC TTG AAT TGT ACT GCA GTA CGG GGT GTC CCC AGT GAC GGA TCC GAG CAT CCC AGA CTG GCA GCA AAC AGT GCA ATC CAA TCT CAC TAC ATT GAA ACT GCT GCA GAT TGC CGG TTG CCT CCA GAT CTA AAT GGA GTT CTC CAC ACT GTT TTA ATC GAC TCT GAG TCT TGC ACG TCC AGG GTG TAC CCT GAA ATA CCA AGC ACT AAT GGA TCC CAG GAG ACC CCC AAG TCT CTT ACC TGT GCA ATT AAG TCT GAA TGT AAA GTA GAT CAC CTT CTT GGC ATG CAG GAT GCC AAC ACT ACC CTT AAC CTT TCC CAG TGC AAC AGC TTC CTT GAT CCA GAT CTT GTA GTG AAG CTC ACC AGT GAG GAA GGG CTG GAT GTC ACC TCA CCC AAT CAT GTC TAC CTC TTC TCC CGG GCG AAC TCC ACG GCC GTA TCA GAC TTG GAA AAG ACC ATG GTC GAC TTG GCG TTC CTG TCG AGG GCC TCA GGG AAC CCG GAT GGA TGC TCT GTG AGT GGG AAG TCA TTG TTC AGG AGT ACA GAT GGC AGC AGG TGC AGC CAA TAC ACT TTG TGT GAC AGT GAA TGC TAC ATG AGT GCC ACA GAA GCA CCA CGC TGC AGC AAG CCT CAA GAA CGG GAG GCC ACC TTG GAC TGT TTT CCG GGC AGC TCA GGC AGC ATC AGG AAC AAC AGT TCC AGG ACA CCA ATG TGG AGC TTG GAA GAG CGT ATA GAG ACA TTG GTG GCA CCA GCC ATT AGC GAG AGG ATC TCT CCT GCC AGA TCT GAG AGT CTG CGG CAT TTC CAT GAT GGA ACT GGT TTT AGA GAA ACT TTT TCC AAG ACA TCT GCT GAG AGG CAA GCT TTG GAC CTC CAC AAC ACT GGA AAG GAT GAA TGC TCT GGA AAC ATT AGG GAG CTG TGT CTC TCT AGA ATG TCC CAG GAT GGG GTT CTC GCA GAG CGT CCT TCG CCA AAG GGG GAG AAT CAG AGC CTG AAT ACA CTG CCA TTG TTG CAG GAA CCA CAG AAA TGC ATG ACA TCT GGA GCA GAG AAT ACG GTT CTT CCG GAA AGT TCC TCT GAC ATG ACT GGT GAA CGA GTT GCT ACT CGG GAG CTC CGA GGT GAA TTC AGA GGA ACT GTG GTG TCA TCT GCG GCA TTG GCA GAG TTG ACT GAG GAA GAG AGG AGA AGG GGT GTG CGA CAA TCG GAT CTC TCA CTG AGC GCC CAG GAG GTG GAG GAG AGA AGA GAA AGC TTG TGG ACT CCG GAC ACA GTG CTT ATA CCG AGG GCA TCT GAA GAA ATG AAG TCT TTC CTA GGC GAT GAG AGC CCC GTC TCG CCC AGG ACG TGT GGG GAT GTG GAT GAC ACA ATG CCT GTC CCA CAT CGA ACA GTG GAT GAC ACA ATG CCT GTC CTA CAT CGA ACA GTG GAT GAC ACG ATG CCT TTC CCA CAT CAA ACA GCA AAT GCC AAG GAA GAG GAA TCC ACC AGC CTG GAA GCA AAG CTG AGG TCA ATG ATG TTT GCA ACC AAG GTT TGC CAC TCG CCG TTG CTG CAG CCA AAC TAC AGA CCC TGC CAC GTT ACT CCC CGG ACC AAA AGC CGC ATG ACT GCA TCA GCC ACA CAT GAC AGC AGC AGC TCC TCC TCT CTT TTT GAT GAC ACC CTG GAG ATG CCG AGG CGC CCC AGG CGA GTG AGA AAC CCT GAG GGG AGG ACC CCG ACC TCC AGC GAA GCA TGG AAC TGG GCT GAT GGC CCG AGG CAC GGG GAC CCA CCT TCC ATG GTG GGA GAG GAG ACC GGT GAG CCA GGT AAC ACC CAG TTA ATT GCA GCT GTC CCC AGC GCT GTT AAG CCA GCC AGG ACC CCA AAA TGT AGC CCA TCA GGC CCA TCT GTC ACC AGC CTG GCT GTG CTA ACA AAC TCA GGA AAA GAC GTC CCA AGA GGT GAC GAC TGG TCA GCT GTA AAC CTT GGC ACT GAT CCC ACT GTG GGT TTG GAT GAG GGC AAG CTG TCC GCT GGT GCT GGA GAG GGG GAT TGC ACC ACC CAG GAA GCG CGA GGT ACT GCG CCG TCT GGG ACT GAT CCG GAG CGG CTG GGT GCC TGG TGT GGT GAG GCC AGG AGA CCA CCC AAA CCC TCA AGG GTT AGC TTC AGC AGG ATG TCC ACC AGA GTG CAG CCC TTT GTG CCA GGA ACC TCA GGA AGG CTG AGC CCC ATC AGG CAG GAT GTC CCG TTG TCG CCT GGT GGC CGG CCA GTG AAC CTG AGC ACC GCT GAG CCA GTG GAG TAC TTG TAC GTG GAT GAG GAC AAA GGA CAT ACG CTG ATC GAG CGG CAC ATT CCG TGC TCG GAC GAT TCC GTC GCC AAC ATC AGC TCC GAA GAC ACC ATC ATC TAT GAC TGG CAG GCA TAT ACA GCC CAA GCG GTG GGG CAG GCG AGT GAG GGG GAT GCC CCC CCA CAG GCC ACC CCG GAG CTG CAT CAC CTT TCA GAT GAA GTC CTG TTC CGC AAG CTG CAT GAC TTC GGG GTC AAT CCA GGA CCC GTG ACA AGG ATC ACC AGG AAG GTT TAC TTG CAG CTG CTG GAG AAG CTG ATG AGC GAC CCC AAG ATC AAG GCC CGG AAA GGC TCT GCA GGC TAC AGC CCG GAA CTT TCT TCC ACC CTG GAA ACA TAC CAA ATC CCG GAT GGC CAA GAT GAC GAG ATG GCT CTG TCC AGA CAG TTC GAC CAG CCA GAC AAG AGC AAG AAG TGG CGG GAA GGT GTG CTC AAG TCC AGC TTC AAC TAC CTG CTC TTG GAT CCC AGG GTG ACC CAG AAC CTG CCC TTC CGC TGC CGG TTC ATA AGC CAG GCA GAA TGC TTC TGG ACC TTC GTC AGT GCC ATC TTC TAC GTG GGC AAA GGG AAG CGC TCC AGG CCA TAC TCT CAC CTC TAC GAA GCC TTG ACC TGC TAC AAG GAT GGT CCG GGA AGG CGG GGA GGC CAG GTA TGT TCC AAG GTC CAG CAC ATC CTA GAA ATC TGG GCC AGC GGG CAG GGC GTT ATT TCC ATG CAC TGC TTC CAG AAT GTC ATC CCG GTG GAG GCC TAC ACG CGA GAG GCC TGC ATG CTG GAC GCC ATT GGG CTG AAG ATG CTG ACC AAT CAA AAG AAG GGA AAT TAC TAT GGC ATC GCA GCG GCC TGG CCA ATG AAG AGA CGC CGA TGC TTG GGC ATC CAC CTT CTG CAC AGG GCA ATG CAG ATC TTC CTG GCA GAG GGG GAG CGG CAG CTG CGT CCC GCG GAC ATC CAA ACC GGC CAG 



Printing out site pattern counts


         2        183  P

SEQ1                            AAA AAC AAG AAT ACA ACC ACG ACT AGA AGC AGG AGT ATA ATC ATG ATT CAA CAC CAG CAT CCA CCC CCG CCT CGA CGC CGG CGT CTA CTC CTG CTT GAA GAC GAG GAT GCA GCC GCG GCT GGA GGC GGG GGT GTA GTC GTG GTT TAC TAT TCA TCC TCG TCT TGC TGG TGT TTA TTC TTG TTT 
SEQ2                            ... ... ... ... ... ... ... ... ... ... ... ... ... ... ... ... ... ... ... ... ... ... ... ... ... ... ... ... ... ... ... ... ... ... ... ... ... ... ... ... ... ... ... ... ... ... ... ... ... ... ... ... ... ... ... ... ... ... ... ... ... 

   11   28   34   14   21   36    9   27   19   41   36   15    4   25   29
   10   15   16   38   15   32   27   20   15   13    8   17    7    7   25
   41   18   39   40   55   39   30   28   12   24   23   24   25   20    8
   20   30   16   19    7   20   31    8   28   27   15   13    5   24   28
    9

YN00 paml/jobs/LOCW_00021275__LOC_00019050/LOCW_00021275__LOC_00019050.phy

ns =   2	ls =1340

Codon position x base (3x4) table for each sequence.

SEQ1                
position  1:    T:0.17463    C:0.23433    A:0.26791    G:0.32313
position  2:    T:0.22313    C:0.27463    A:0.27612    G:0.22612
position  3:    T:0.20672    C:0.31269    A:0.18433    G:0.29627

SEQ2                
position  1:    T:0.17463    C:0.23433    A:0.26791    G:0.32313
position  2:    T:0.22313    C:0.27463    A:0.27612    G:0.22612
position  3:    T:0.20672    C:0.31269    A:0.18433    G:0.29627

Average
position  1:    T:0.17463    C:0.23433    A:0.26791    G:0.32313
position  2:    T:0.22313    C:0.27463    A:0.27612    G:0.22612
position  3:    T:0.20672    C:0.31269    A:0.18433    G:0.29627

Codon usage for each species
----------------------------------------------------------------------
Phe TTT   9   9 | Ser TCT  28  28 | Tyr TAT   7   7 | Cys TGT  13  13
    TTC  24  24 |     TCC  31  31 |     TAC  19  19 |     TGC  27  27
Leu TTA   5   5 |     TCA  20  20 | *** TAA   0   0 | *** TGA   0   0
    TTG  28  28 |     TCG   8   8 |     TAG   0   0 | Trp TGG  15  15
----------------------------------------------------------------------
Leu CTT  18  18 | Pro CCT  15  15 | His CAT  15  15 | Arg CGT   7   7
    CTC  25  25 |     CCC  27  27 |     CAC  16  16 |     CGC   8   8
    CTA   7   7 |     CCA  32  32 | Gln CAA  15  15 |     CGA  13  13
    CTG  41  41 |     CCG  20  20 |     CAG  38  38 |     CGG  17  17
----------------------------------------------------------------------
Ile ATT  10  10 | Thr ACT  27  27 | Asn AAT  14  14 | Ser AGT  15  15
    ATC  25  25 |     ACC  36  36 |     AAC  28  28 |     AGC  41  41
    ATA   4   4 |     ACA  21  21 | Lys AAA  11  11 | Arg AGA  19  19
Met ATG  29  29 |     ACG   9   9 |     AAG  34  34 |     AGG  36  36
----------------------------------------------------------------------
Val GTT  16  16 | Ala GCT  24  24 | Asp GAT  39  39 | Gly GGT  20  20
    GTC  20  20 |     GCC  28  28 |     GAC  40  40 |     GGC  24  24
    GTA   8   8 |     GCA  30  30 | Glu GAA  39  39 |     GGA  23  23
    GTG  30  30 |     GCG  12  12 |     GAG  55  55 |     GGG  25  25
----------------------------------------------------------------------


Sums
------------------------------------------------------
Phe TTT  18 | Ser TCT  56 | Tyr TAT  14 | Cys TGT  26
    TTC  48 |     TCC  62 |     TAC  38 |     TGC  54
Leu TTA  10 |     TCA  40 | *** TAA   0 | *** TGA   0
    TTG  56 |     TCG  16 |     TAG   0 | Trp TGG  30
------------------------------------------------------
Leu CTT  36 | Pro CCT  30 | His CAT  30 | Arg CGT  14
    CTC  50 |     CCC  54 |     CAC  32 |     CGC  16
    CTA  14 |     CCA  64 | Gln CAA  30 |     CGA  26
    CTG  82 |     CCG  40 |     CAG  76 |     CGG  34
------------------------------------------------------
Ile ATT  20 | Thr ACT  54 | Asn AAT  28 | Ser AGT  30
    ATC  50 |     ACC  72 |     AAC  56 |     AGC  82
    ATA   8 |     ACA  42 | Lys AAA  22 | Arg AGA  38
Met ATG  58 |     ACG  18 |     AAG  68 |     AGG  72
------------------------------------------------------
Val GTT  32 | Ala GCT  48 | Asp GAT  78 | Gly GGT  40
    GTC  40 |     GCC  56 |     GAC  80 |     GGC  48
    GTA  16 |     GCA  60 | Glu GAA  78 |     GGA  46
    GTG  60 |     GCG  24 |     GAG 110 |     GGG  50
------------------------------------------------------



(A) Nei-Gojobori (1986) method



Nei & Gojobori 1986. dN/dS (dN, dS)
(Note: This matrix is not used in later ML. analysis.
Use runmode = -2 for ML pairwise comparison.)

SEQ1                
SEQ2                -1.0000 (0.0000 0.0000)


(B) Yang & Nielsen (2000) method

Yang Z, Nielsen R (2000) Estimating synonymous and nonsynonymous substitution rates under realistic evolutionary models. Mol. Biol. Evol. 17:32-43

(equal weighting of pathways)

seq. seq.     S       N        t   kappa   omega     dN +- SE    dS +- SE

   2    1  1160.3  2859.7  -0.0000  4.6000 99.0000 -0.0000 +- 0.0000 -0.0000 +- 0.0000


(C) LWL85, LPB93 & LWLm methods

Li W.-H., C.-I. Wu, Luo (1985) A new method for estimating synonymous and nonsynonymous rates of nucleotide substitutions considering the relative likelihood of nucleotide and codon changes. Mol. Biol. Evol. 2: 150-174.
Li W-H (1993) Unbiased estimation of the rates of synonymous and nonsynonymous substitution. J. Mol. Evol. 36:96-99
Pamilo P, Bianchi NO (1993) Evolution of the Zfx and Zfy genes - rates and interdependence between the genes. Mol. Biol. Evol. 10:271-281
Yang Z (2006) Computational Molecular Evolution. Oxford University Press, Oxford. Eqs. 2.12 & 2.13

2 (SEQ2) vs. 1 (SEQ1)

L(i):     2558.0     792.0     670.0  sum=   4020.0
Ns(i):    0.0000    0.0000    0.0000  sum=   0.0000
Nv(i):    0.0000    0.0000    0.0000  sum=   0.0000
A(i):     0.0000    0.0000    0.0000
B(i):    -0.0000   -0.0000   -0.0000
LWL85:  dS =  0.0000 dN =  0.0000 w =   -nan S =  934.0 N = 3086.0
LWL85m: dS =    -nan dN =    -nan w =   -nan S =   -nan N =   -nan (rho = -nan)
LPB93:  dS =  0.0000 dN =  0.0000 w =   -nan

