
Before deleting alignment gaps
      2    807

SEQ1                            ATG ACC ACT GGC AAC TCC TGC CAC CTC CCC AGC TTG CTG TGT GAC TGC CTG GGC AGC GCT GCC TTA TCA AAG TTG GTG GAA GAC TCT GAC CTT GGG TGC CCC CAG TAC GTC ACC CAA GTC ATG GCC AAG GAT GGA CGG CTG CTC ACA ACC GTT ATC AAA GCC CTC GGG ACA CAA AGC GAT GGC CCC ATC TGT CGG ATC TGC CAC GAA GGG GGG AGC GGA GAG GGC CTG CTC TCG CCC TGC GAC TGC ACC GGC ACC TTG GGG GCC GTA CAC AAG AGC TGC CTG GAG AAG TGG CTC TCC TCC TCC AAC ACG AGC TAC TGC GAG CTC TGC CAC ACG GAG TTT GTT GTG GAG CGG TGG CCC CGG CCT CTG ACA GAG TGG CTG AAG GAT CCC GGA CCA CGC AGT GAG AAG CGG ACA CTC TGC TGC GAC GTG TTA TGT TTT CTC TTC ATC ACC CCG CTG GCC GCT ATC TCG GGC TGG CTG TGC CTC CGC GGC GCC CAA GAT CAC CTG CAG TTC AAC AGT CGC CTG GAG GCT ATT GGC CTG ATC GCC CTG ACC ATA GCA CTT TTC ACA ATC TAT GTC CTC TGG ACA CTG GTG TCA TTC CGC TAC CAT TGC CAG CTG TAC TCA GAG TGG CGA AGG ACC AAT CAG AAA GTC CGC TTG ATG ATT CCG GAC TCA AGG CAC CTG CAC CCT GCC CTG CAC TCC CTG CTC TCT GCC AAG CTG CTC AAG AAG --- GCT GAC GAG ACG ACA --- --- --- --- --- --- --- --- --- --- GTA --- --- --- --- --- --- --- --- --- --- --- --- --- 
SEQ2                            ATG ACC ACC GGC GAC TGC TGC CAC CTC CCT GGC TCG CTG TGT GAC TGC CCA GGC AGC GCC ACC TTA TCC AAG TCG GTG GAA GAC TCT GAC CTT GGG CGC CCC CAG TAC GTC ACC CAA GTC ACG GCC AAG GAC GGA CGG CTG CTC TCA ACC GTC ATC AAA GCC CTG GGG ACG CAA AGC GAT GGC CCC ATC TGT CGG ATC TGC CAC GAA GGG GGG AGC GGA GAG GGC CTG CTC TCG CCC TGC GAC TGC ACC GGC ACC TTG GGG GCC GTG CAC AAG AGC TGC CTG GAG AAG TGG CTC TCC TCC TCC AAC ACG AGC TAC TGT GAG CTC TGC CAC ACG GAG TTT GTC GTG GAG CGG CGG CCC CGG CCT CTG ACA GAG TGG CTG AAG GAT CCT GGG CCG CGC AAT GAG AAG CGG ACG CTC TTC TGC GAC ATG GTG TGT TTC CTC TTC ATC ACC CCG TTG GCT GCC ATC TCA GGC TGG CTG TGC CTC CGC GGC GCC CAA GAT CAC CTG CAG TTC AAC AGC CGT CTG GAG GCC ATC GGC CTG ATT GCC CTG ACC ATA GCA CTT TTC ACA ATC TAT GTC CTC TGG ACA CTG GTG TCA TTC CGC TAC CAT TGC CAG CTG TAC TCA GAG TGG CGA AGG ACC AAT CAG AAA GTC CGC TTG ATG ATT CCG GAC TCG AGG CGC CCG CAC CCC GTC CCG CAC TCC CTG CTC TCT GCC AAG CTG CTC AAG AAG AAG GCA GAC GAG ACG ACG AAT TGC GGA ATC CAC CAA TTG AAG TCT GGT GTA CAG TTC AAA TCA CAG AAT TCC GAG CCC TGG AAT GTG TTT 



After deleting gaps. 735 sites
      2    735

SEQ1                            ATG ACC ACT GGC AAC TCC TGC CAC CTC CCC AGC TTG CTG TGT GAC TGC CTG GGC AGC GCT GCC TTA TCA AAG TTG GTG GAA GAC TCT GAC CTT GGG TGC CCC CAG TAC GTC ACC CAA GTC ATG GCC AAG GAT GGA CGG CTG CTC ACA ACC GTT ATC AAA GCC CTC GGG ACA CAA AGC GAT GGC CCC ATC TGT CGG ATC TGC CAC GAA GGG GGG AGC GGA GAG GGC CTG CTC TCG CCC TGC GAC TGC ACC GGC ACC TTG GGG GCC GTA CAC AAG AGC TGC CTG GAG AAG TGG CTC TCC TCC TCC AAC ACG AGC TAC TGC GAG CTC TGC CAC ACG GAG TTT GTT GTG GAG CGG TGG CCC CGG CCT CTG ACA GAG TGG CTG AAG GAT CCC GGA CCA CGC AGT GAG AAG CGG ACA CTC TGC TGC GAC GTG TTA TGT TTT CTC TTC ATC ACC CCG CTG GCC GCT ATC TCG GGC TGG CTG TGC CTC CGC GGC GCC CAA GAT CAC CTG CAG TTC AAC AGT CGC CTG GAG GCT ATT GGC CTG ATC GCC CTG ACC ATA GCA CTT TTC ACA ATC TAT GTC CTC TGG ACA CTG GTG TCA TTC CGC TAC CAT TGC CAG CTG TAC TCA GAG TGG CGA AGG ACC AAT CAG AAA GTC CGC TTG ATG ATT CCG GAC TCA AGG CAC CTG CAC CCT GCC CTG CAC TCC CTG CTC TCT GCC AAG CTG CTC AAG AAG GCT GAC GAG ACG ACA GTA 
SEQ2                            ATG ACC ACC GGC GAC TGC TGC CAC CTC CCT GGC TCG CTG TGT GAC TGC CCA GGC AGC GCC ACC TTA TCC AAG TCG GTG GAA GAC TCT GAC CTT GGG CGC CCC CAG TAC GTC ACC CAA GTC ACG GCC AAG GAC GGA CGG CTG CTC TCA ACC GTC ATC AAA GCC CTG GGG ACG CAA AGC GAT GGC CCC ATC TGT CGG ATC TGC CAC GAA GGG GGG AGC GGA GAG GGC CTG CTC TCG CCC TGC GAC TGC ACC GGC ACC TTG GGG GCC GTG CAC AAG AGC TGC CTG GAG AAG TGG CTC TCC TCC TCC AAC ACG AGC TAC TGT GAG CTC TGC CAC ACG GAG TTT GTC GTG GAG CGG CGG CCC CGG CCT CTG ACA GAG TGG CTG AAG GAT CCT GGG CCG CGC AAT GAG AAG CGG ACG CTC TTC TGC GAC ATG GTG TGT TTC CTC TTC ATC ACC CCG TTG GCT GCC ATC TCA GGC TGG CTG TGC CTC CGC GGC GCC CAA GAT CAC CTG CAG TTC AAC AGC CGT CTG GAG GCC ATC GGC CTG ATT GCC CTG ACC ATA GCA CTT TTC ACA ATC TAT GTC CTC TGG ACA CTG GTG TCA TTC CGC TAC CAT TGC CAG CTG TAC TCA GAG TGG CGA AGG ACC AAT CAG AAA GTC CGC TTG ATG ATT CCG GAC TCG AGG CGC CCG CAC CCC GTC CCG CAC TCC CTG CTC TCT GCC AAG CTG CTC AAG AAG GCA GAC GAG ACG ACG GTA 



Printing out site pattern counts


         2        273  P

SEQ1                            AAA AAC AAC AAG AAT ACA ACA ACA ACC ACG ACT AGC AGC AGG AGT AGT ATA ATC ATC ATG ATG ATT ATT CAA CAC CAC CAG CAT CCA CCC CCC CCG CCT CCT CGA CGC CGC CGG CTC CTC CTG CTG CTG CTG CTT GAA GAC GAG GAT GAT GCA GCC GCC GCC GCC GCT GCT GGA GGA GGC GGG GTA GTA GTC GTG GTG GTT TAC TAT TCA TCA TCA TCC TCC TCG TCG TCT TGC TGC TGC TGC TGG TGG TGT TTA TTA TTC TTG TTG TTT TTT 
SEQ2                            ... ... G.. ... ... ... ..G T.. ... ... ..C ... G.. ... .A. ..C ... ... ..T .C. ... ..C ... ... ... .G. ... ... ..G ... ..T ... ..C ... ... ... ..T ... ... ..G .CA .C. ... T.. ... ... ... ... ..C ... ... A.. ... ..T .T. ..A ..C ... ..G ... ... ... ..G ... A.. ... ..C ... ... ... ..C ..G ... .G. ..A ... ... C.. ... ..T .T. C.. ... ... G.G ... ... .C. ... ..C ... 

    2    2    1    9    1    3    3    1    8    3    1    5    1    2    1
    1    1    6    1    1    2    1    1    3    7    1    4    1    1    4
    2    2    1    1    1    4    1    5   11    1    1    2   15    1    2
    2    7   10    1    3    1    1    6    1    1    1    3    2    1    8
    5    1    1    4    1    3    2    4    1    2    1    1    4    1    1
    1    2    1   10    1    1    1    5    3    1    1    4    2    2    1
    1

YN00 paml/jobs/LOCW_00021423__LOC_00019131/LOCW_00021423__LOC_00019131.phy

ns =   2	ls = 245

Codon position x base (3x4) table for each sequence.

SEQ1                
position  1:    T:0.21224    C:0.28980    A:0.23265    G:0.26531
position  2:    T:0.28571    C:0.23265    A:0.24082    G:0.24082
position  3:    T:0.11837    C:0.44490    A:0.11837    G:0.31837

SEQ2                
position  1:    T:0.20816    C:0.29388    A:0.22857    G:0.26939
position  2:    T:0.26939    C:0.24898    A:0.24082    G:0.24082
position  3:    T:0.09388    C:0.46531    A:0.09388    G:0.34694

Average
position  1:    T:0.21020    C:0.29184    A:0.23061    G:0.26735
position  2:    T:0.27755    C:0.24082    A:0.24082    G:0.24082
position  3:    T:0.10612    C:0.45510    A:0.10612    G:0.33265

Codon usage for each species
----------------------------------------------------------------------
Phe TTT   2   1 | Ser TCT   2   2 | Tyr TAT   1   1 | Cys TGT   3   4
    TTC   4   6 |     TCC   5   5 |     TAC   4   4 |     TGC  13  11
Leu TTA   2   1 |     TCA   4   4 | *** TAA   0   0 | *** TGA   0   0
    TTG   4   3 |     TCG   2   4 |     TAG   0   0 | Trp TGG   6   5
----------------------------------------------------------------------
Leu CTT   2   2 | Pro CCT   2   3 | His CAT   1   1 | Arg CGT   0   1
    CTC  12  11 |     CCC   6   5 |     CAC   8   7 |     CGC   5   6
    CTA   0   0 |     CCA   1   1 | Gln CAA   3   3 |     CGA   1   1
    CTG  19  16 |     CCG   2   5 |     CAG   4   4 |     CGG   5   6
----------------------------------------------------------------------
Ile ATT   2   2 | Thr ACT   1   0 | Asn AAT   1   2 | Ser AGT   2   0
    ATC   7   7 |     ACC   8  10 |     AAC   3   2 |     AGC   6   6
    ATA   1   1 |     ACA   7   3 | Lys AAA   2   2 | Arg AGA   0   0
Met ATG   3   3 |     ACG   3   7 |     AAG   9   9 |     AGG   2   2
----------------------------------------------------------------------
Val GTT   2   0 | Ala GCT   4   1 | Asp GAT   4   3 | Gly GGT   0   0
    GTC   4   7 |     GCC   9   9 |     GAC   7   9 |     GGC   8   9
    GTA   2   1 |     GCA   1   2 | Glu GAA   2   2 |     GGA   3   2
    GTG   4   5 |     GCG   0   0 |     GAG  10  10 |     GGG   5   6
----------------------------------------------------------------------


Sums
------------------------------------------------------
Phe TTT   3 | Ser TCT   4 | Tyr TAT   2 | Cys TGT   7
    TTC  10 |     TCC  10 |     TAC   8 |     TGC  24
Leu TTA   3 |     TCA   8 | *** TAA   0 | *** TGA   0
    TTG   7 |     TCG   6 |     TAG   0 | Trp TGG  11
------------------------------------------------------
Leu CTT   4 | Pro CCT   5 | His CAT   2 | Arg CGT   1
    CTC  23 |     CCC  11 |     CAC  15 |     CGC  11
    CTA   0 |     CCA   2 | Gln CAA   6 |     CGA   2
    CTG  35 |     CCG   7 |     CAG   8 |     CGG  11
------------------------------------------------------
Ile ATT   4 | Thr ACT   1 | Asn AAT   3 | Ser AGT   2
    ATC  14 |     ACC  18 |     AAC   5 |     AGC  12
    ATA   2 |     ACA  10 | Lys AAA   4 | Arg AGA   0
Met ATG   6 |     ACG  10 |     AAG  18 |     AGG   4
------------------------------------------------------
Val GTT   2 | Ala GCT   5 | Asp GAT   7 | Gly GGT   0
    GTC  11 |     GCC  18 |     GAC  16 |     GGC  17
    GTA   3 |     GCA   3 | Glu GAA   4 |     GGA   5
    GTG   9 |     GCG   0 |     GAG  20 |     GGG  11
------------------------------------------------------



(A) Nei-Gojobori (1986) method



Nei & Gojobori 1986. dN/dS (dN, dS)
(Note: This matrix is not used in later ML. analysis.
Use runmode = -2 for ML pairwise comparison.)

SEQ1                
SEQ2                 0.1904 (0.0355 0.1866)


(B) Yang & Nielsen (2000) method

Yang Z, Nielsen R (2000) Estimating synonymous and nonsynonymous substitution rates under realistic evolutionary models. Mol. Biol. Evol. 17:32-43

(equal weighting of pathways)

seq. seq.     S       N        t   kappa   omega     dN +- SE    dS +- SE

   2    1   163.2   571.8   0.2363 12.9795  0.1454 0.0342 +- 0.0079  0.2350 +- 0.0480


(C) LWL85, LPB93 & LWLm methods

Li W.-H., C.-I. Wu, Luo (1985) A new method for estimating synonymous and nonsynonymous rates of nucleotide substitutions considering the relative likelihood of nucleotide and codon changes. Mol. Biol. Evol. 2: 150-174.
Li W-H (1993) Unbiased estimation of the rates of synonymous and nonsynonymous substitution. J. Mol. Evol. 36:96-99
Pamilo P, Bianchi NO (1993) Evolution of the Zfx and Zfy genes - rates and interdependence between the genes. Mol. Biol. Evol. 10:271-281
Yang Z (2006) Computational Molecular Evolution. Oxford University Press, Oxford. Eqs. 2.12 & 2.13

2 (SEQ2) vs. 1 (SEQ1)

L(i):      467.5     136.0     131.5  sum=    735.0
Ns(i):   14.5000    8.0000   20.5000  sum=  43.0000
Nv(i):    3.5000    0.5000    3.0000  sum=   7.0000
A(i):     0.0323    0.0628    0.1920
B(i):     0.0075    0.0037    0.0234
LWL85:  dS =  0.2085 dN =  0.0342 w = 0.1642 S =  176.8 N =  558.2
LWL85m: dS =  0.1458 dN =  0.0396 w = 0.2717 S =  252.8 N =  482.2 (rho = 0.892)
LPB93:  dS =  0.1497 dN =  0.0389 w = 0.2601

