
Before deleting alignment gaps
      2   2259

SEQ1                            --- --- --- GCG GCG GGT GCG GCA --- GCG GCC CGG GAA AGC AGT GTC GTT GTT GCT AAG ATG GCG GAG GCC ACA GCA GGA GGG --- GCC GGC ATG GCT GCG GCC GCG CCG GCG GCG --- --- --- --- AAT GGC GTC GTG GGC GAC GGG CTC CCC AAG AGT GAA GGT GAG CGG CCA AAC CAG AAC GAG AGA AGG AAA GAG AAA AAT GCC AAG CGA GGA GGA GGG GGT CGC TTT GAA CCC TAT GCC AGC CCT TTG AAA AGA TAC CGA GCC TTC ATT ACC AAT ATC CCC TTT GAT GTG AAG TGG CAG TAT CTC AAA GAC CTA GTC AAA GAG AAA GTT GGT GAG GTA ACA TAC GTG GAG CTC TTA ATG GAC GCT GAA GGA AAG TCA AGG GGA TGT GCT GTG GTT GAG TTC AAG ATG GAG GAG AGC ATG AAG AAG GCT GTG GAG GTC CTG AAC AAA CAC AGC CTC AGT GGG AGA CCC CTG AAG GTG AAG GAG GAT CCT GAT GGA GAG CAT GTC CGC AGG GCC GTG CAG AAG GCC ATG GCA GCA TCT GGA GGA GGG ATG GGC ATT GGC --- --- CCC GGC GGC CCT GGG ATG GTC AAC ATT CCC CCC AGC ATC CTC AAC AAC CCC AAC ATC CCA AAT GAG ATC ATT CAT GCT CTC CAG GCA GGC AGG CTG GGC AGC ACT GTC TTT GTG GCC AAT CTG GAT TAC AAG GTG GGC TGG AAA AAA CTC AAG GAG GTC TTC AGC ATG GCT GGT GTG GTG GTC CGG GCA GAC ATC CTG GAG GAC AAG GAT GGC AAA AGC CGT GGA ATC GGC ACT GTG ACT TTT GAG CAG GCC ATC GAA GCT GTT CAA GCC ATC TCC ATG TTC AAC GGG CAG CTG CTG TTT GAC CGG CCA ATG CAT GTG AAG ATG GAT GAG CGA GCC CTA CCG AAA GGG GAC TTT TTC CCG CTA GAG CGT CCC CAA CAG CTT CCC CAT GGA CTT GGA GGC ATT GGC ATG GGC TTG GGA CCT GGA GGA ATC CCT ATT GAT GCA AAC CAC TTG AAC AAG GGG CTG GGC ATG GGC AAC CTG GGC CCA GGA GGA ATG GGT ATC GAA GGC CTG GGC TTT GGC ATG AGC AAG ATG GGA GGG ATG GAG GGC CCT TTC AGT GGC ATG GAG AGC CTG GGC CAT TTT CCT TCT GGG ATG AAC CTT GGC AGG ATG AGT GAA ATG GAC CGT GCC ATT GGA GGT GGA TTT GAA AGA GAC TTC CCA AGA AAT GAA ATG GGC ATG CAT CGT AGT TTT GGA GAT ACT CTG GAC AGG GGC ATT GGC AGC GGT GGT GGT GGT GCC ACC AGC ATC CCT GCA ATT GAC AGG ATG GCA CCT GGG CTT GAC CGC GTG GCG ACC AGC ATC GAT AGG CTC CCC TCT GGG ATG TGC CAC GGG ATA GAC AGA GTG GGC TCA GAG ATG GAC AGG ATG GGG CTC ATG CTG GAC CGC ATG GGT TCT GGT GTG GAC AGG ATG GGT TCA GGC ATC GAC TGT ATG GCT CCC CTT GGC ATC GAC CAC CTG GCG TCC AGC ATT GAC CGG ATG GGC TCT GGA ATA GAC CGG ATG GGT GCT GGG ATG GAG AGG ATG GGC AGC AGC CTT GGC TTT GGG ATT GAC CGC ATG AGC TCA GCC ATG GAC CGT GTT GGC ACC ACC ATG GAC AGG ATG --- --- --- --- --- --- --- GGG CTG GGC ATG GTC CCA GCA GGG ATG GGC CCT GTG ATG GAT AGG ATG CCA GCT GGG CTG GAC CGC ATT GGG GCA GCC CCG ATT GAC AGG ATG GGG CTG GAC CGC TTG GCT GCC TCC AAT GTG GAG AGG ATG GGG CTG GAC CGC ATG GGT GCA GCT GTG AAT AGC ATG GAG AGG ATG --- --- --- --- GGG CAG GGC TTG GGG GCA GGG CTA GAC AGG ATG GGG TTG GCC CTG GGG AGC TCC TTT GAG CGG TCC ATG GAG ATG GAT CGG GGG AAC TTC GCT GCC GGG AAC TTC ACT GGT GCG ATC AGA GCT GGA GGA CCT GTC GCC ACC GCC ACC TCT GCT GGA GTG GCC CAG AAA GCA TGC CAG ATC TTC GTG AGA AAT CTT CCC TTT GAC TTC ACA TGG AAA ATG CTG AAA GAT AAA TTC AAT GAG TGT GGG CAC GTC CTG TAT GCA GAC ATC AAA ATG GAA AAT GGG AAG TCC AAA GGG TGC GGT GTG GTC CGG TTC GAG TCA CCT GAA ATT GCT GAG AGA GCT TGT CAC ATG ATG AAT GGC ATC CAG CTC CGT GGC AGA GAG ATC GAT GTG CGG ATT GAT AGA AAT GCT 
SEQ2                            GCG GCG GCG GCG GCG GGC GCG GCA GGG GCG GCC CTG GAG AGC GGC GTC GGC ATT GCC AAG ATG GTG GAT GCT GCA GCG GGA GGC GGC GTC AGC ATG ATC GCG GTG GCG CCC GCG GCG AAC GGG GCT GGC AAC GGC ATC GTG GGC GAC GGG CTC CCG AAG AGT GAA GGT GAA CGG CCG AAC CAG AAC GAG AAA AGG AAA GAG AAA AAC GCC AAG CGA --- GGA GGG AGT CGC TTT GAA CCC TAC GCC AGC CCT TCG AAA AGA TAC CGC GCC TTC ATT ACC AAT ATC CCC TTT GAT GTG AAG TGG CAG TAT CTC AAA GAC CTA GTT AAA GAG AAA GTT GGT GAG GTT ACA TAC GTG GAG CTC TTA ATG GAC GCT GAA GGA AAG TCA AGG GGA TGC GCT GTG GTG GAG TTC AAG ATG GAG GAG AGC ATG AAG AAG GCT GTG GAG GTC CTG AAC AAG CAC AGC CTC AGC GGG AGA CCC CTG AAG GTG AAG GAG GAT CCT GAT GGA GAG CAT GTC CGC AGG GCC GTG CAG AAG GCC ATG GCA GCG TCT GGA GGA GGG ATG GGC ATC GGC CCT GGC CCC GGC GGC CCC GGG ATG GTC AAC ATT CCC CCC AGC ATC CTC AAC AAC CCC AAC ATC CCG AAT GAG ATC ATC CAT GCT CTC CAG GCA GGC AGG CTG GGC AGC ACT GTC TTC GTG GCC AAT CTC GAT TAC AAG GTG GGC TGG AAG AAA CTC AAG GAG GTC TTC AGC ATG GCT GGT GTG GTG GTC CGG GCG GAC ATC CTG GAG GAC AAG GAT GGC AAA AGC CGT GGG ATC GGC ACT GTG ACT TTT GAG CAG GCC ATC GAA GCT GTT CAA GCC ATC TCC ATG TTC AAC GGG CAG CTG CTC TTC GAC CGG CCA ATG CAT GTG AAG ATG GAC GAG CGA GCC CTA CCG AAA GGG GAC TTC TTC CCA CCA GAG CGT CCC CAA CAG CTT CCC CAT GGA CTC GGA GGC ATT GGC ATG GGC TTG GGA CCT GGA GGA ATC CCT ATC GAT GCG AAC CAC TTG AAC AAG GGG CTG GGC ATG GGC AAC CTG GGC CCA GGA GGA ATG GGC ATC GAA GGC CTG GGC TTC GGC ATG AGC AAG ATG GGA GGG ATG GAG GGC CCC TTC AGT GGC ATG GAG AGC CTG GGT CGT TTC CCT TCT GGG ATG AAC CTC AGC CGG ATG AGC GAA ATG GAC CGT GCC ATT GGA GGT GGA TTT GAA AGA GAC TTC CCG AGA AAT GAA ATG GGC ATG CCT CGT AGT TTT GGA GAA ACT CTG GAC AGA GGA ATC GGT --- GGT GGC GGT GGC GCC ACC AGC ATC CCT GCG ATC GAC AGG ATG GCA CCT GGG CTT GAC CGC ATG GCG ACC AGC ATC GAT AGG ATC CCC TCT GGG ATG GGC CAC GGG ATA GAC AGA GTG GGC TCA GAG ATG GAC AGG ATG GGG CTC GTG CTG GAC CGC ATG GGT TCT GGC GTG GAC AGG ATG GGC TCA GGC ATC GAC CGC ATG GCC CCC CTT GGC ATC GAC CAC CTG GCG TCC AGC ATT GAC CGG ATG GGC TCT GGA ATA GAC CGG ATG GGT GCT GGC --- --- --- --- --- --- --- CTC GGC TTT GGC ATT GAC CGC ATG GGC TCG GCC ATG GAC CGT GTC GGC ACC ACC ATG GAC AGG ATG GGT GCC GGC GTG GAC AGG ATG GGG CTG GGC ATG GTC CCG GCA GGG ATG GGC CCC GTG ATG GAG AGG ATG CCA GCG GGG CTG GAC CGC ATT GGG GCG GCC CCG ATC GAC CGG ATG GGG CTG GAC CGC TTG GCC GCC TCC AAT GTG GAG CGG ATG GGG CTG GAC CGC ATG GGT GCA GCC GCG ACC AGC ATG GAG AGG ATG GGG CCG GCC ATG GGG CAG GGC CTG GGG GCA GGG CTA GAC AGG ATG GGG CTG GCC CTG GGG AGC TCC TTT GAG CGG TCT ATG GAG ATG GAT CGC GGG AAC TTC GCT GCC GGG AGC TTC GCC GGT GCC CTT GGA GCC GGA GGA CCC GTG GCT --- GCC ACC ACT GCA GGA GTG GCC AGG AAA GCT TGC CAG ATC TTC GTG AGA AAC CTT CCC TTT GAC TTC ACA TGG AAA ATG CTG AAG GAT AAA TTC AAT GAG TGT GGG CAC GTC CTG TAC GCA GAC ATC AAA ATG GAA AAT GGG AAG TCC AAA GGG TGC GGT GTG GTC CGG TTC GAG TCA CCT GAA ATC GCT GAG AGA GCC TGT CGC ATG ATG AAC GGC ATC CAG CTC CGT GGC AGA GAG ATC GAC GTG CGG ATT GAT AGA AAC GCT 



After deleting gaps. 2163 sites
      2   2163

SEQ1                            GCG GCG GGT GCG GCA GCG GCC CGG GAA AGC AGT GTC GTT GTT GCT AAG ATG GCG GAG GCC ACA GCA GGA GGG GCC GGC ATG GCT GCG GCC GCG CCG GCG GCG AAT GGC GTC GTG GGC GAC GGG CTC CCC AAG AGT GAA GGT GAG CGG CCA AAC CAG AAC GAG AGA AGG AAA GAG AAA AAT GCC AAG CGA GGA GGG GGT CGC TTT GAA CCC TAT GCC AGC CCT TTG AAA AGA TAC CGA GCC TTC ATT ACC AAT ATC CCC TTT GAT GTG AAG TGG CAG TAT CTC AAA GAC CTA GTC AAA GAG AAA GTT GGT GAG GTA ACA TAC GTG GAG CTC TTA ATG GAC GCT GAA GGA AAG TCA AGG GGA TGT GCT GTG GTT GAG TTC AAG ATG GAG GAG AGC ATG AAG AAG GCT GTG GAG GTC CTG AAC AAA CAC AGC CTC AGT GGG AGA CCC CTG AAG GTG AAG GAG GAT CCT GAT GGA GAG CAT GTC CGC AGG GCC GTG CAG AAG GCC ATG GCA GCA TCT GGA GGA GGG ATG GGC ATT GGC CCC GGC GGC CCT GGG ATG GTC AAC ATT CCC CCC AGC ATC CTC AAC AAC CCC AAC ATC CCA AAT GAG ATC ATT CAT GCT CTC CAG GCA GGC AGG CTG GGC AGC ACT GTC TTT GTG GCC AAT CTG GAT TAC AAG GTG GGC TGG AAA AAA CTC AAG GAG GTC TTC AGC ATG GCT GGT GTG GTG GTC CGG GCA GAC ATC CTG GAG GAC AAG GAT GGC AAA AGC CGT GGA ATC GGC ACT GTG ACT TTT GAG CAG GCC ATC GAA GCT GTT CAA GCC ATC TCC ATG TTC AAC GGG CAG CTG CTG TTT GAC CGG CCA ATG CAT GTG AAG ATG GAT GAG CGA GCC CTA CCG AAA GGG GAC TTT TTC CCG CTA GAG CGT CCC CAA CAG CTT CCC CAT GGA CTT GGA GGC ATT GGC ATG GGC TTG GGA CCT GGA GGA ATC CCT ATT GAT GCA AAC CAC TTG AAC AAG GGG CTG GGC ATG GGC AAC CTG GGC CCA GGA GGA ATG GGT ATC GAA GGC CTG GGC TTT GGC ATG AGC AAG ATG GGA GGG ATG GAG GGC CCT TTC AGT GGC ATG GAG AGC CTG GGC CAT TTT CCT TCT GGG ATG AAC CTT GGC AGG ATG AGT GAA ATG GAC CGT GCC ATT GGA GGT GGA TTT GAA AGA GAC TTC CCA AGA AAT GAA ATG GGC ATG CAT CGT AGT TTT GGA GAT ACT CTG GAC AGG GGC ATT GGC GGT GGT GGT GGT GCC ACC AGC ATC CCT GCA ATT GAC AGG ATG GCA CCT GGG CTT GAC CGC GTG GCG ACC AGC ATC GAT AGG CTC CCC TCT GGG ATG TGC CAC GGG ATA GAC AGA GTG GGC TCA GAG ATG GAC AGG ATG GGG CTC ATG CTG GAC CGC ATG GGT TCT GGT GTG GAC AGG ATG GGT TCA GGC ATC GAC TGT ATG GCT CCC CTT GGC ATC GAC CAC CTG GCG TCC AGC ATT GAC CGG ATG GGC TCT GGA ATA GAC CGG ATG GGT GCT GGG CTT GGC TTT GGG ATT GAC CGC ATG AGC TCA GCC ATG GAC CGT GTT GGC ACC ACC ATG GAC AGG ATG GGG CTG GGC ATG GTC CCA GCA GGG ATG GGC CCT GTG ATG GAT AGG ATG CCA GCT GGG CTG GAC CGC ATT GGG GCA GCC CCG ATT GAC AGG ATG GGG CTG GAC CGC TTG GCT GCC TCC AAT GTG GAG AGG ATG GGG CTG GAC CGC ATG GGT GCA GCT GTG AAT AGC ATG GAG AGG ATG GGG CAG GGC TTG GGG GCA GGG CTA GAC AGG ATG GGG TTG GCC CTG GGG AGC TCC TTT GAG CGG TCC ATG GAG ATG GAT CGG GGG AAC TTC GCT GCC GGG AAC TTC ACT GGT GCG ATC AGA GCT GGA GGA CCT GTC GCC GCC ACC TCT GCT GGA GTG GCC CAG AAA GCA TGC CAG ATC TTC GTG AGA AAT CTT CCC TTT GAC TTC ACA TGG AAA ATG CTG AAA GAT AAA TTC AAT GAG TGT GGG CAC GTC CTG TAT GCA GAC ATC AAA ATG GAA AAT GGG AAG TCC AAA GGG TGC GGT GTG GTC CGG TTC GAG TCA CCT GAA ATT GCT GAG AGA GCT TGT CAC ATG ATG AAT GGC ATC CAG CTC CGT GGC AGA GAG ATC GAT GTG CGG ATT GAT AGA AAT GCT 
SEQ2                            GCG GCG GGC GCG GCA GCG GCC CTG GAG AGC GGC GTC GGC ATT GCC AAG ATG GTG GAT GCT GCA GCG GGA GGC GTC AGC ATG ATC GCG GTG GCG CCC GCG GCG AAC GGC ATC GTG GGC GAC GGG CTC CCG AAG AGT GAA GGT GAA CGG CCG AAC CAG AAC GAG AAA AGG AAA GAG AAA AAC GCC AAG CGA GGA GGG AGT CGC TTT GAA CCC TAC GCC AGC CCT TCG AAA AGA TAC CGC GCC TTC ATT ACC AAT ATC CCC TTT GAT GTG AAG TGG CAG TAT CTC AAA GAC CTA GTT AAA GAG AAA GTT GGT GAG GTT ACA TAC GTG GAG CTC TTA ATG GAC GCT GAA GGA AAG TCA AGG GGA TGC GCT GTG GTG GAG TTC AAG ATG GAG GAG AGC ATG AAG AAG GCT GTG GAG GTC CTG AAC AAG CAC AGC CTC AGC GGG AGA CCC CTG AAG GTG AAG GAG GAT CCT GAT GGA GAG CAT GTC CGC AGG GCC GTG CAG AAG GCC ATG GCA GCG TCT GGA GGA GGG ATG GGC ATC GGC CCC GGC GGC CCC GGG ATG GTC AAC ATT CCC CCC AGC ATC CTC AAC AAC CCC AAC ATC CCG AAT GAG ATC ATC CAT GCT CTC CAG GCA GGC AGG CTG GGC AGC ACT GTC TTC GTG GCC AAT CTC GAT TAC AAG GTG GGC TGG AAG AAA CTC AAG GAG GTC TTC AGC ATG GCT GGT GTG GTG GTC CGG GCG GAC ATC CTG GAG GAC AAG GAT GGC AAA AGC CGT GGG ATC GGC ACT GTG ACT TTT GAG CAG GCC ATC GAA GCT GTT CAA GCC ATC TCC ATG TTC AAC GGG CAG CTG CTC TTC GAC CGG CCA ATG CAT GTG AAG ATG GAC GAG CGA GCC CTA CCG AAA GGG GAC TTC TTC CCA CCA GAG CGT CCC CAA CAG CTT CCC CAT GGA CTC GGA GGC ATT GGC ATG GGC TTG GGA CCT GGA GGA ATC CCT ATC GAT GCG AAC CAC TTG AAC AAG GGG CTG GGC ATG GGC AAC CTG GGC CCA GGA GGA ATG GGC ATC GAA GGC CTG GGC TTC GGC ATG AGC AAG ATG GGA GGG ATG GAG GGC CCC TTC AGT GGC ATG GAG AGC CTG GGT CGT TTC CCT TCT GGG ATG AAC CTC AGC CGG ATG AGC GAA ATG GAC CGT GCC ATT GGA GGT GGA TTT GAA AGA GAC TTC CCG AGA AAT GAA ATG GGC ATG CCT CGT AGT TTT GGA GAA ACT CTG GAC AGA GGA ATC GGT GGT GGC GGT GGC GCC ACC AGC ATC CCT GCG ATC GAC AGG ATG GCA CCT GGG CTT GAC CGC ATG GCG ACC AGC ATC GAT AGG ATC CCC TCT GGG ATG GGC CAC GGG ATA GAC AGA GTG GGC TCA GAG ATG GAC AGG ATG GGG CTC GTG CTG GAC CGC ATG GGT TCT GGC GTG GAC AGG ATG GGC TCA GGC ATC GAC CGC ATG GCC CCC CTT GGC ATC GAC CAC CTG GCG TCC AGC ATT GAC CGG ATG GGC TCT GGA ATA GAC CGG ATG GGT GCT GGC CTC GGC TTT GGC ATT GAC CGC ATG GGC TCG GCC ATG GAC CGT GTC GGC ACC ACC ATG GAC AGG ATG GGG CTG GGC ATG GTC CCG GCA GGG ATG GGC CCC GTG ATG GAG AGG ATG CCA GCG GGG CTG GAC CGC ATT GGG GCG GCC CCG ATC GAC CGG ATG GGG CTG GAC CGC TTG GCC GCC TCC AAT GTG GAG CGG ATG GGG CTG GAC CGC ATG GGT GCA GCC GCG ACC AGC ATG GAG AGG ATG GGG CAG GGC CTG GGG GCA GGG CTA GAC AGG ATG GGG CTG GCC CTG GGG AGC TCC TTT GAG CGG TCT ATG GAG ATG GAT CGC GGG AAC TTC GCT GCC GGG AGC TTC GCC GGT GCC CTT GGA GCC GGA GGA CCC GTG GCT GCC ACC ACT GCA GGA GTG GCC AGG AAA GCT TGC CAG ATC TTC GTG AGA AAC CTT CCC TTT GAC TTC ACA TGG AAA ATG CTG AAG GAT AAA TTC AAT GAG TGT GGG CAC GTC CTG TAC GCA GAC ATC AAA ATG GAA AAT GGG AAG TCC AAA GGG TGC GGT GTG GTC CGG TTC GAG TCA CCT GAA ATC GCT GAG AGA GCC TGT CGC ATG ATG AAC GGC ATC CAG CTC CGT GGC AGA GAG ATC GAC GTG CGG ATT GAT AGA AAC GCT 



Printing out site pattern counts


         2        402  P

SEQ1                            AAA AAA AAC AAC AAG AAT AAT AAT ACA ACA ACC ACT ACT AGA AGA AGA AGC AGC AGG AGG AGG AGT AGT AGT ATA ATC ATC ATG ATG ATT ATT CAA CAC CAC CAG CAG CAT CAT CAT CCA CCA CCC CCC CCG CCG CCG CCT CCT CGA CGA CGC CGG CGG CGG CGT CTA CTA CTC CTC CTG CTG CTT CTT GAA GAA GAC GAG GAG GAG GAT GAT GAT GAT GCA GCA GCA GCC GCC GCC GCC GCG GCG GCG GCT GCT GCT GCT GCT GGA GGA GGC GGC GGC GGC GGG GGG GGT GGT GGT GTA GTC GTC GTC GTC GTG GTG GTG GTT GTT GTT GTT GTT TAC TAT TAT TCA TCA TCC TCC TCT TCT TGC TGC TGG TGT TGT TGT TTA TTC TTG TTG TTG TTT TTT 
SEQ2                            ... ..G ... .G. ... ..C ... .CC ... G.. ... ... G.C .A. ... G.. ... G.. ..A ... C.. ..C ... G.C ... ... C.T ... G.. ..C ... ... ... .G. AG. ... ... .C. .G. ... ..G ... ..G ..A ..C ... ..C ... ... ..C ... ..C ... .T. ... .C. ... A.. ... ..C ... ..C ... ... ..G ... ..A ... ..T ..A ..C ..G ... ... ..G ..T ... ..T .T. .TG ..C ... .T. ATC ..A ..C ..G ... ... ..G A.. ..A ... ..T ..C ... A.. ..C ... ..T A.. ... ..G ..T A.. .C. ... A.. .GC ..C ..G ... ... ..C ... ... ..G ... ..T A.. ... G.. ... ... C.C ..C ... ... ... C.. .C. ... ..C ... 

   14    3   13    1   18    5    7    1    2    1    6    4    1    1    9
    1   15    1    1   12    3    2    3    1    2   18    1   53    1    7
    8    2    5    1    1   10    4    1    1    3    4   12    1    1    1
    2    4    8    2    1    8    1    8    1    6    1    3    1    9    2
   19    3    4   10    1   30    1   28    1    1    2    1   10    8    6
    1   19    2    1    1    1   10    1    1    1    6    1   10   22    1
    2    1   34    2    3   30    1    6   11    1    1   10    1    1    1
    1   21    1    1    1    1    2    3    2    1    4    1    5    1    1
    5    1    2    3    1    1    2    1   13    2    1    3    5    8

YN00 paml/jobs/LOC_00019130__LOCZ_00019130/LOC_00019130__LOCZ_00019130.phy

ns =   2	ls = 721

Codon position x base (3x4) table for each sequence.

SEQ1                
position  1:    T:0.09154    C:0.18031    A:0.29820    G:0.42996
position  2:    T:0.28849    C:0.18863    A:0.24688    G:0.27601
position  3:    T:0.21221    C:0.30791    A:0.14563    G:0.33426

SEQ2                
position  1:    T:0.08460    C:0.18724    A:0.29820    G:0.42996
position  2:    T:0.28988    C:0.19001    A:0.23994    G:0.28017
position  3:    T:0.14979    C:0.37448    A:0.12760    G:0.34813

Average
position  1:    T:0.08807    C:0.18377    A:0.29820    G:0.42996
position  2:    T:0.28918    C:0.18932    A:0.24341    G:0.27809
position  3:    T:0.18100    C:0.34119    A:0.13662    G:0.34119

Codon usage for each species
----------------------------------------------------------------------
Phe TTT  13   8 | Ser TCT   6   6 | Tyr TAT   3   1 | Cys TGT   4   2
    TTC  13  18 |     TCC   6   5 |     TAC   3   5 |     TGC   3   3
Leu TTA   1   1 |     TCA   5   4 | *** TAA   0   0 | *** TGA   0   0
    TTG   6   3 |     TCG   0   2 |     TAG   0   0 | Trp TGG   3   3
----------------------------------------------------------------------
Leu CTT   7   5 | Pro CCT  12   9 | His CAT   6   4 | Arg CGT   6   7
    CTC  10  14 |     CCC  13  17 |     CAC   6   5 |     CGC   8  12
    CTA   4   3 |     CCA   7   5 | Gln CAA   2   2 |     CGA   3   2
    CTG  21  22 |     CCG   4   7 |     CAG  11  10 |     CGG  10  11
----------------------------------------------------------------------
Ile ATT  15   9 | Thr ACT   5   5 | Asn AAT  13   7 | Ser AGT   6   4
    ATC  19  28 |     ACC   6   7 |     AAC  14  18 |     AGC  16  20
    ATA   2   2 |     ACA   3   2 | Lys AAA  17  15 | Arg AGA  11  10
Met ATG  54  54 |     ACG   0   0 |     AAG  18  21 |     AGG  16  13
----------------------------------------------------------------------
Val GTT   6   4 | Ala GCT  19  13 | Asp GAT  14  11 | Gly GGT  18  13
    GTC  13  12 |     GCC  23  27 |     GAC  30  32 |     GGC  39  47
    GTA   1   0 |     GCA  15  10 | Glu GAA  11  12 |     GGA  23  24
    GTG  23  26 |     GCG  12  18 |     GAG  30  30 |     GGG  33  31
----------------------------------------------------------------------


Sums
------------------------------------------------------
Phe TTT  21 | Ser TCT  12 | Tyr TAT   4 | Cys TGT   6
    TTC  31 |     TCC  11 |     TAC   8 |     TGC   6
Leu TTA   2 |     TCA   9 | *** TAA   0 | *** TGA   0
    TTG   9 |     TCG   2 |     TAG   0 | Trp TGG   6
------------------------------------------------------
Leu CTT  12 | Pro CCT  21 | His CAT  10 | Arg CGT  13
    CTC  24 |     CCC  30 |     CAC  11 |     CGC  20
    CTA   7 |     CCA  12 | Gln CAA   4 |     CGA   5
    CTG  43 |     CCG  11 |     CAG  21 |     CGG  21
------------------------------------------------------
Ile ATT  24 | Thr ACT  10 | Asn AAT  20 | Ser AGT  10
    ATC  47 |     ACC  13 |     AAC  32 |     AGC  36
    ATA   4 |     ACA   5 | Lys AAA  32 | Arg AGA  21
Met ATG 108 |     ACG   0 |     AAG  39 |     AGG  29
------------------------------------------------------
Val GTT  10 | Ala GCT  32 | Asp GAT  25 | Gly GGT  31
    GTC  25 |     GCC  50 |     GAC  62 |     GGC  86
    GTA   1 |     GCA  25 | Glu GAA  23 |     GGA  47
    GTG  49 |     GCG  30 |     GAG  60 |     GGG  64
------------------------------------------------------



(A) Nei-Gojobori (1986) method



Nei & Gojobori 1986. dN/dS (dN, dS)
(Note: This matrix is not used in later ML. analysis.
Use runmode = -2 for ML pairwise comparison.)

SEQ1                
SEQ2                 0.1030 (0.0231 0.2242)


(B) Yang & Nielsen (2000) method

Yang Z, Nielsen R (2000) Estimating synonymous and nonsynonymous substitution rates under realistic evolutionary models. Mol. Biol. Evol. 17:32-43

(equal weighting of pathways)

seq. seq.     S       N        t   kappa   omega     dN +- SE    dS +- SE

   2    1   553.9  1609.1   0.2172  5.5271  0.1110 0.0237 +- 0.0039  0.2137 +- 0.0235


(C) LWL85, LPB93 & LWLm methods

Li W.-H., C.-I. Wu, Luo (1985) A new method for estimating synonymous and nonsynonymous rates of nucleotide substitutions considering the relative likelihood of nucleotide and codon changes. Mol. Biol. Evol. 2: 150-174.
Li W-H (1993) Unbiased estimation of the rates of synonymous and nonsynonymous substitution. J. Mol. Evol. 36:96-99
Pamilo P, Bianchi NO (1993) Evolution of the Zfx and Zfy genes - rates and interdependence between the genes. Mol. Biol. Evol. 10:271-281
Yang Z (2006) Computational Molecular Evolution. Oxford University Press, Oxford. Eqs. 2.12 & 2.13

2 (SEQ2) vs. 1 (SEQ1)

L(i):     1430.5     367.0     365.5  sum=   2163.0
Ns(i):   25.5000   35.0000   43.5000  sum= 104.0000
Nv(i):    8.5000    6.5000   18.0000  sum=  33.0000
A(i):     0.0183    0.1079    0.1434
B(i):     0.0060    0.0180    0.0518
LWL85:  dS =  0.2274 dN =  0.0246 w = 0.1083 S =  487.8 N = 1675.2
LWL85m: dS =  0.1747 dN =  0.0270 w = 0.1546 S =  635.1 N = 1527.9 (rho = 0.734)
LPB93:  dS =  0.1774 dN =  0.0267 w = 0.1504

