
Before deleting alignment gaps
      2    546

SEQ1                            ATG TCT CTG CTT CTC ACT ATG CTG TCT AGG TTT GCC ATA GCT TTC CTC CCA AGG AGC AAG CGT CTT TTA ACT TCA TGG CTA CAG TCA CCA TGT GCG GTG ATC TTG GAG CCC AAG AAA ATA AAA TCT GTC ACT GCT TCC ATT TCT TCC CCT TCT ATA TGC CAG GAA GTG ATG GGG CCA GAT GCC ATG ATC TTA GTT TTT TTA ATG ATG AGT TTC AAA CCA GCT TTT GCA CTC TCC TCT TTC ACC CTC AAC AAG AGG CTC TTG AGA TCC CCT TCG CTT TCT GCC ATT AGG GTG GTA TCG TCT GCG TAT CTG AGG TTG TTG ATA ATT CTC CCA GCA ATC TTA ATT CCG ACC TGT GAT TCA TCC AGC CCA GCG TTT CTC ATG ATG TAC TCT GCA TAT AAG TTA TGT TGC AGA ACC CAG AGT CAG AGA GAC CAC GGA GTG AAG GAA AAA GAG TTT ATT --- --- --- --- --- --- --- --- --- --- --- --- --- --- --- --- --- --- --- --- --- --- --- --- --- --- --- --- --- --- --- 
SEQ2                            ATG TCT CTG CTT CTT ACT ATG CTG TCT AGG TTT GCC ATA GCT TTC CTC CCA AGG AGC AAG CGT CTT TTA ATT TCA TGG CTA CAG TCA CCG TCT GCG GTG ATC TTG GAG CCC AAG AAA GTA AAA TCT GTC ACT GCT TCC ATT TCT TCC CCT TCT ATA TGC CAG GAA GTG ATA GGG CCA GAT GCC ATG ATC TTC ATT TTT TTA ATG TTG AGT TTC AAA CCA GCT TTT GCA CTC TCC TCT TTC ACC CTC AAC AAA AGG CTC TTG AGA TCC TCT TCG CTT TCT GCC ATT AGG GTG GTA TCG TCT GCA TAT CGG AGG TTG TTG ATC ATT CTC CCG GCA GTC TTA ATT CCG ACC TGT GAT TCA TCC AAC CCG GCA TTT CTC ATG ATG TAC TCT GCA TAT AAG TTA --- --- --- --- --- --- --- --- --- --- --- --- --- --- --- --- --- --- AAT AAG CAG GGT GAC AAT ATG CAG CCT TGT CGT ACT CCT TTC ACA ATT TTG AAC CAA TCG GTT GTT CCA TGT CTG GTT CTT ACT GTT GCT TCT 



After deleting gaps. 399 sites
      2    399

SEQ1                            ATG TCT CTG CTT CTC ACT ATG CTG TCT AGG TTT GCC ATA GCT TTC CTC CCA AGG AGC AAG CGT CTT TTA ACT TCA TGG CTA CAG TCA CCA TGT GCG GTG ATC TTG GAG CCC AAG AAA ATA AAA TCT GTC ACT GCT TCC ATT TCT TCC CCT TCT ATA TGC CAG GAA GTG ATG GGG CCA GAT GCC ATG ATC TTA GTT TTT TTA ATG ATG AGT TTC AAA CCA GCT TTT GCA CTC TCC TCT TTC ACC CTC AAC AAG AGG CTC TTG AGA TCC CCT TCG CTT TCT GCC ATT AGG GTG GTA TCG TCT GCG TAT CTG AGG TTG TTG ATA ATT CTC CCA GCA ATC TTA ATT CCG ACC TGT GAT TCA TCC AGC CCA GCG TTT CTC ATG ATG TAC TCT GCA TAT AAG TTA 
SEQ2                            ATG TCT CTG CTT CTT ACT ATG CTG TCT AGG TTT GCC ATA GCT TTC CTC CCA AGG AGC AAG CGT CTT TTA ATT TCA TGG CTA CAG TCA CCG TCT GCG GTG ATC TTG GAG CCC AAG AAA GTA AAA TCT GTC ACT GCT TCC ATT TCT TCC CCT TCT ATA TGC CAG GAA GTG ATA GGG CCA GAT GCC ATG ATC TTC ATT TTT TTA ATG TTG AGT TTC AAA CCA GCT TTT GCA CTC TCC TCT TTC ACC CTC AAC AAA AGG CTC TTG AGA TCC TCT TCG CTT TCT GCC ATT AGG GTG GTA TCG TCT GCA TAT CGG AGG TTG TTG ATC ATT CTC CCG GCA GTC TTA ATT CCG ACC TGT GAT TCA TCC AAC CCG GCA TTT CTC ATG ATG TAC TCT GCA TAT AAG TTA 



Printing out site pattern counts


         2        189  P

SEQ1                            AAA AAC AAG AAG ACC ACT ACT AGA AGC AGC AGG AGT ATA ATA ATA ATC ATC ATG ATG ATG ATT CAG CCA CCA CCC CCG CCT CCT CGT CTA CTC CTC CTG CTG CTT GAA GAG GAT GCA GCC GCG GCG GCT GGG GTA GTC GTG GTT TAC TAT TCA TCC TCG TCT TGC TGG TGT TGT TTA TTA TTC TTG TTT 
SEQ2                            ... ... ..A ... ... ... .T. ... .A. ... ... ... ... ..C G.. ... G.. ..A ... T.. ... ... ... ..G ... ... ... T.. ... ... ... ..T .G. ... ... ... ... ... ... ... ..A ... ... ... ... ... ... A.. ... ... ... ... ... ... ... ... .C. ... ... ..C ... ... ... 

    3    1    1    3    2    2    1    1    1    1    5    1    2    1    1
    2    1    1    6    1    4    2    3    3    1    1    1    1    1    1
    6    1    1    2    3    1    1    2    3    3    2    1    3    1    1
    1    3    1    1    2    3    5    2    9    1    1    1    1    4    1
    3    4    4

YN00 paml/jobs/LOCW_00021372__LOC_00019077/LOCW_00021372__LOC_00019077.phy

ns =   2	ls = 133

Codon position x base (3x4) table for each sequence.

SEQ1                
position  1:    T:0.31579    C:0.20301    A:0.30827    G:0.17293
position  2:    T:0.41353    C:0.34586    A:0.12782    G:0.11278
position  3:    T:0.27820    C:0.22556    A:0.21053    G:0.28571

SEQ2                
position  1:    T:0.33083    C:0.19549    A:0.29323    G:0.18045
position  2:    T:0.41353    C:0.34586    A:0.13534    G:0.10526
position  3:    T:0.28571    C:0.23308    A:0.20301    G:0.27820

Average
position  1:    T:0.32331    C:0.19925    A:0.30075    G:0.17669
position  2:    T:0.41353    C:0.34586    A:0.13158    G:0.10902
position  3:    T:0.28195    C:0.22932    A:0.20677    G:0.28195

Codon usage for each species
----------------------------------------------------------------------
Phe TTT   4   4 | Ser TCT   9  11 | Tyr TAT   2   2 | Cys TGT   2   1
    TTC   3   4 |     TCC   5   5 |     TAC   1   1 |     TGC   1   1
Leu TTA   5   4 |     TCA   3   3 | *** TAA   0   0 | *** TGA   0   0
    TTG   4   5 |     TCG   2   2 |     TAG   0   0 | Trp TGG   1   1
----------------------------------------------------------------------
Leu CTT   3   4 | Pro CCT   2   1 | His CAT   0   0 | Arg CGT   1   1
    CTC   7   6 |     CCC   1   1 |     CAC   0   0 |     CGC   0   0
    CTA   1   1 |     CCA   6   3 | Gln CAA   0   0 |     CGA   0   0
    CTG   3   2 |     CCG   1   4 |     CAG   2   2 |     CGG   0   1
----------------------------------------------------------------------
Ile ATT   4   6 | Thr ACT   3   2 | Asn AAT   0   0 | Ser AGT   1   1
    ATC   3   3 |     ACC   2   2 |     AAC   1   2 |     AGC   2   1
    ATA   4   3 |     ACA   0   0 | Lys AAA   3   4 | Arg AGA   1   1
Met ATG   8   6 |     ACG   0   0 |     AAG   4   3 |     AGG   5   5
----------------------------------------------------------------------
Val GTT   1   0 | Ala GCT   3   3 | Asp GAT   2   2 | Gly GGT   0   0
    GTC   1   2 |     GCC   3   3 |     GAC   0   0 |     GGC   0   0
    GTA   1   2 |     GCA   3   5 | Glu GAA   1   1 |     GGA   0   0
    GTG   3   3 |     GCG   3   1 |     GAG   1   1 |     GGG   1   1
----------------------------------------------------------------------


Sums
------------------------------------------------------
Phe TTT   8 | Ser TCT  20 | Tyr TAT   4 | Cys TGT   3
    TTC   7 |     TCC  10 |     TAC   2 |     TGC   2
Leu TTA   9 |     TCA   6 | *** TAA   0 | *** TGA   0
    TTG   9 |     TCG   4 |     TAG   0 | Trp TGG   2
------------------------------------------------------
Leu CTT   7 | Pro CCT   3 | His CAT   0 | Arg CGT   2
    CTC  13 |     CCC   2 |     CAC   0 |     CGC   0
    CTA   2 |     CCA   9 | Gln CAA   0 |     CGA   0
    CTG   5 |     CCG   5 |     CAG   4 |     CGG   1
------------------------------------------------------
Ile ATT  10 | Thr ACT   5 | Asn AAT   0 | Ser AGT   2
    ATC   6 |     ACC   4 |     AAC   3 |     AGC   3
    ATA   7 |     ACA   0 | Lys AAA   7 | Arg AGA   2
Met ATG  14 |     ACG   0 |     AAG   7 |     AGG  10
------------------------------------------------------
Val GTT   1 | Ala GCT   6 | Asp GAT   4 | Gly GGT   0
    GTC   3 |     GCC   6 |     GAC   0 |     GGC   0
    GTA   3 |     GCA   8 | Glu GAA   2 |     GGA   0
    GTG   6 |     GCG   4 |     GAG   2 |     GGG   2
------------------------------------------------------



(A) Nei-Gojobori (1986) method



Nei & Gojobori 1986. dN/dS (dN, dS)
(Note: This matrix is not used in later ML. analysis.
Use runmode = -2 for ML pairwise comparison.)

SEQ1                
SEQ2                 0.4536 (0.0379 0.0835)


(B) Yang & Nielsen (2000) method

Yang Z, Nielsen R (2000) Estimating synonymous and nonsynonymous substitution rates under realistic evolutionary models. Mol. Biol. Evol. 17:32-43

(equal weighting of pathways)

seq. seq.     S       N        t   kappa   omega     dN +- SE    dS +- SE

   2    1   126.7   272.3   0.1491  5.5388  0.6217 0.0417 +- 0.0127  0.0670 +- 0.0244


(C) LWL85, LPB93 & LWLm methods

Li W.-H., C.-I. Wu, Luo (1985) A new method for estimating synonymous and nonsynonymous rates of nucleotide substitutions considering the relative likelihood of nucleotide and codon changes. Mol. Biol. Evol. 2: 150-174.
Li W-H (1993) Unbiased estimation of the rates of synonymous and nonsynonymous substitution. J. Mol. Evol. 36:96-99
Pamilo P, Bianchi NO (1993) Evolution of the Zfx and Zfy genes - rates and interdependence between the genes. Mol. Biol. Evol. 10:271-281
Yang Z (2006) Computational Molecular Evolution. Oxford University Press, Oxford. Eqs. 2.12 & 2.13

2 (SEQ2) vs. 1 (SEQ1)

L(i):      255.0      75.5      68.5  sum=    399.0
Ns(i):    6.5000    1.5000    6.0000  sum=  14.0000
Nv(i):    2.5000    2.5000    0.0000  sum=   5.0000
A(i):     0.0264    0.0207    0.0963
B(i):     0.0099    0.0343   -0.0000
LWL85:  dS =  0.0871 dN =  0.0388 w = 0.4454 S =   93.7 N =  305.3
LWL85m: dS =  0.0567 dN =  0.0464 w = 0.8199 S =  144.0 N =  255.0 (rho = 1.000)
LPB93:  dS =  0.0567 dN =  0.0419 w = 0.7390

