      2    981

SEQ1                            ATG CCT CTC CAC ACA ATA GTG GCA AGG GGT CCC CTG GAG GAC AAA ATG GCA GAC AAG AAA CGC TTG GCT TTC TCC ATC ATC CAG TTT CTC CAG GAT CAG CTG CAA AAT GGA GGC CTC TCT CCG GAC GCC CAG GAG AGC TTG GAA GTT GCC ATC CAG TGC CTC GAG ACG GCC TTT GGG GTG TCC ATG GAA GAC AGA GGC CTG GCC TTG TCA CAG ACT CTT CCA GAG ATC TTT GAA GCT GCG GCA GCA AAG GAG CCA CTG CAG AGC ACG CCA GCG TCT GAG CCA GTC ACC CCC TCG GAA GAA GAC ACC GCT GAA GCG GAG AGA CTG AAA GCT GAA GGG AAC GAG CAG ATG AAA GCG GAA AAC TTC GAA AGT GCC ATC TTG TAC TAC GGA AAA GCC ATC GAA CTG AAC CCG TCC AAC GCG GTG TAC TAT TGC AAC AGG GCT GCT GCT TAC AGC AAA CTC GGA AAC TAC GCC GGA GCA GTT AGA GAC TGC GAA AGA GCC ATA CAT ATT GAT CCC AAA TAC AGC AAA GCG TAC GGC AGG ATG GGC TTA GCG CTG TCC AGT CTG AAC AAA CTC TCA GAA GCT GTC GTC TAC TAC AGA AAA GCC CTG GAG CTC GAT CCG GAC AAC GAG ACG TAC AAG TCG AAC CTG AAA GTC ACG GAG CAG AAA ATG AAG GAG GCA CCG AGC CCG ACA GGA GGT GCT GGA GGG CTC GAC CTG GCC GGC CTG CTC AAC AAC CCC GGC TTC ATG AGC ATG GCA TCT AAC CTG ATG AAC AAC CCA CAA GTA CAA CAG CTG ATG TCA GGA ATG ATT TCG GGC GGC CAC AAT CCC ATG GCG ACG CCT GGA GCC AGC GCT TCC CCC AAC GAC CTC GCC AGC CTT ATC CAG GCA GGC CAA CAG TTT GCT CAG CAG ATG CAG CAG CAA AAT CCA GAA CTA ATA GAA CAG CTG CGC AGC CAA ATC CGG AGT CGG ACC CCC AGC AAC AGC AAC GAA GAG CAG CAG GAA 
SEQ2                            ATG CCT CTC CAC ACA ATA GTG GCA AGG GGT CCC CTG GAG GAC AAA ATG GCA GAC AAG AAA CGC TTG GCT TTC TCC ATC ATC CAG TTT CTC CAG GAT CAG CTG CAA AAT GGA GGC CTC TCT CCG GAC GCC CAG GAG AGC TTG GAA GTC GCC ATC CAG TGC CTC GAG ACG GCC TTT GGG GTG TCC ATG GAA GAC AGA GGC CTG GCC TTG TCA CAG ACT CTT CCA GAG ATC TTT GAA GCT GCG GCA GCA AAG GAG CCA CTG CAG AGC ACG CCA GCG TCT GAG CCA GTC ACC CCC TCG GAA GAA GAC ACC GCT GAA GCG GAG AGA CTG AAA GCT GAA GGG AAC GAG CAG ATG AAA GCG GAA AAC TTC GAA AGT GCC ATC TTG TAC TAC GGA AAA GCC ATC GAA CTG AAC CCG TCC AAC GCG GTG TAC TAT TGC AAC AGG GCT GCT GCT TAC AGC AAA CTC GGA AAC TAC GCC GGA GCA GTT AGA GAC TGC GAA AGA GCC ATA CAT ATT GAT CCC AAA TAC AGC AAA GCG TAC GGC AGG ATG GGC TTA GCG CTG TCC AGT CTG AAC AAA CTC TCA GAA GCT GTC GTC TAC TAC AGA AAA GCC CTG GAG CTC GAT CCG GAC AAC GAG ACG TAC AAG TCG AAC CTG AAA GTC ACG GAG CAG AAA ATG AAG GAG GCA CCG AGC CCG ACA GGA GGT GCT GGA GGG CTC GAC CTG GCC GGC CTG CTC AAC AAC CCC GGC TTC ATG AGC ATG GCA TCT AAC CTG ATG AAC AAC CCA CAA GTA CAA CAG CTG ATG TCA GGA ATG ATT TCG GGC GGC CAC AAT CCC ATG GCG ACG CCT GGA GCC AGC GCT TCC CCC AAC GAC CTC GCC AGC CTT ATC CAG GCA GGC CAA CAG TTT GCT CAG CAG ATG CAG CAG CAA AAT CCA GAA CTA ATA GAA CAG CTG CGC AGC CAA ATC CGG AGT CGG ACC CCC AGC AAC AGC AAC GAA GAG CAG CAG GAA 



Printing out site pattern counts


         2        174  P

SEQ1                            AAA AAC AAG AAT ACA ACC ACG ACT AGA AGC AGG AGT ATA ATC ATG ATT CAA CAC CAG CAT CCA CCC CCG CCT CGC CGG CTA CTC CTG CTT GAA GAC GAG GAT GCA GCC GCG GCT GGA GGC GGG GGT GTA GTC GTG GTT GTT TAC TAT TCA TCC TCG TCT TGC TTA TTC TTG TTT 
SEQ2                            ... ... ... ... ... ... ... ... ... ... ... ... ... ... ... ... ... ... ... ... ... ... ... ... ... ... ... ... ... ... ... ... ... ... ... ... ... ... ... ... ... ... ... ... ... ..C ... ... ... ... ... ... ... ... ... ... ... ... 

   12   17    4    3    2    3    5    1    5   11    3    3    3    8   13
    2    6    2   19    1    6    7    5    2    2    2    1   10   15    2
   16    9   13    3    8   12    8   11    8    9    3    2    1    4    3
    1    1   10    1    3    5    3    3    3    1    3    4    4

YN00 paml/jobs/LOCW_00021252__LOC_00019027/LOCW_00021252__LOC_00019027.phy

ns =   2	ls = 327

Codon position x base (3x4) table for each sequence.

SEQ1                
position  1:    T:0.12232    C:0.24465    A:0.29052    G:0.34251
position  2:    T:0.23242    C:0.25688    A:0.35474    G:0.15596
position  3:    T:0.12232    C:0.35168    A:0.22018    G:0.30581

SEQ2                
position  1:    T:0.12232    C:0.24465    A:0.29052    G:0.34251
position  2:    T:0.23242    C:0.25688    A:0.35474    G:0.15596
position  3:    T:0.11927    C:0.35474    A:0.22018    G:0.30581

Average
position  1:    T:0.12232    C:0.24465    A:0.29052    G:0.34251
position  2:    T:0.23242    C:0.25688    A:0.35474    G:0.15596
position  3:    T:0.12080    C:0.35321    A:0.22018    G:0.30581

Codon usage for each species
----------------------------------------------------------------------
Phe TTT   4   4 | Ser TCT   3   3 | Tyr TAT   1   1 | Cys TGT   0   0
    TTC   3   3 |     TCC   5   5 |     TAC  10  10 |     TGC   3   3
Leu TTA   1   1 |     TCA   3   3 | *** TAA   0   0 | *** TGA   0   0
    TTG   4   4 |     TCG   3   3 |     TAG   0   0 | Trp TGG   0   0
----------------------------------------------------------------------
Leu CTT   2   2 | Pro CCT   2   2 | His CAT   1   1 | Arg CGT   0   0
    CTC  10  10 |     CCC   7   7 |     CAC   2   2 |     CGC   2   2
    CTA   1   1 |     CCA   6   6 | Gln CAA   6   6 |     CGA   0   0
    CTG  15  15 |     CCG   5   5 |     CAG  19  19 |     CGG   2   2
----------------------------------------------------------------------
Ile ATT   2   2 | Thr ACT   1   1 | Asn AAT   3   3 | Ser AGT   3   3
    ATC   8   8 |     ACC   3   3 |     AAC  17  17 |     AGC  11  11
    ATA   3   3 |     ACA   2   2 | Lys AAA  12  12 | Arg AGA   5   5
Met ATG  13  13 |     ACG   5   5 |     AAG   4   4 |     AGG   3   3
----------------------------------------------------------------------
Val GTT   2   1 | Ala GCT  11  11 | Asp GAT   3   3 | Gly GGT   2   2
    GTC   4   5 |     GCC  12  12 |     GAC   9   9 |     GGC   9   9
    GTA   1   1 |     GCA   8   8 | Glu GAA  16  16 |     GGA   8   8
    GTG   3   3 |     GCG   8   8 |     GAG  13  13 |     GGG   3   3
----------------------------------------------------------------------


Sums
------------------------------------------------------
Phe TTT   8 | Ser TCT   6 | Tyr TAT   2 | Cys TGT   0
    TTC   6 |     TCC  10 |     TAC  20 |     TGC   6
Leu TTA   2 |     TCA   6 | *** TAA   0 | *** TGA   0
    TTG   8 |     TCG   6 |     TAG   0 | Trp TGG   0
------------------------------------------------------
Leu CTT   4 | Pro CCT   4 | His CAT   2 | Arg CGT   0
    CTC  20 |     CCC  14 |     CAC   4 |     CGC   4
    CTA   2 |     CCA  12 | Gln CAA  12 |     CGA   0
    CTG  30 |     CCG  10 |     CAG  38 |     CGG   4
------------------------------------------------------
Ile ATT   4 | Thr ACT   2 | Asn AAT   6 | Ser AGT   6
    ATC  16 |     ACC   6 |     AAC  34 |     AGC  22
    ATA   6 |     ACA   4 | Lys AAA  24 | Arg AGA  10
Met ATG  26 |     ACG  10 |     AAG   8 |     AGG   6
------------------------------------------------------
Val GTT   3 | Ala GCT  22 | Asp GAT   6 | Gly GGT   4
    GTC   9 |     GCC  24 |     GAC  18 |     GGC  18
    GTA   2 |     GCA  16 | Glu GAA  32 |     GGA  16
    GTG   6 |     GCG  16 |     GAG  26 |     GGG   6
------------------------------------------------------



(A) Nei-Gojobori (1986) method



Nei & Gojobori 1986. dN/dS (dN, dS)
(Note: This matrix is not used in later ML. analysis.
Use runmode = -2 for ML pairwise comparison.)

SEQ1                
SEQ2                -1.0000 (0.0000 0.0044)


(B) Yang & Nielsen (2000) method

Yang Z, Nielsen R (2000) Estimating synonymous and nonsynonymous substitution rates under realistic evolutionary models. Mol. Biol. Evol. 17:32-43

(equal weighting of pathways)

seq. seq.     S       N        t   kappa   omega     dN +- SE    dS +- SE

   2    1   256.7   724.3   0.0031  4.6000  0.0000 -0.0000 +- 0.0000  0.0039 +- 0.0039


(C) LWL85, LPB93 & LWLm methods

Li W.-H., C.-I. Wu, Luo (1985) A new method for estimating synonymous and nonsynonymous rates of nucleotide substitutions considering the relative likelihood of nucleotide and codon changes. Mol. Biol. Evol. 2: 150-174.
Li W-H (1993) Unbiased estimation of the rates of synonymous and nonsynonymous substitution. J. Mol. Evol. 36:96-99
Pamilo P, Bianchi NO (1993) Evolution of the Zfx and Zfy genes - rates and interdependence between the genes. Mol. Biol. Evol. 10:271-281
Yang Z (2006) Computational Molecular Evolution. Oxford University Press, Oxford. Eqs. 2.12 & 2.13

2 (SEQ2) vs. 1 (SEQ1)

L(i):      636.0     197.0     148.0  sum=    981.0
Ns(i):    0.0000    0.0000    1.0000  sum=   1.0000
Nv(i):    0.0000    0.0000    0.0000  sum=   0.0000
A(i):     0.0000    0.0000    0.0068
B(i):    -0.0000   -0.0000   -0.0000
LWL85:  dS =  0.0047 dN =  0.0000 w = 0.0000 S =  213.7 N =  767.3
LWL85m: dS =  0.0029 dN =  0.0000 w = 0.0000 S =  345.0 N =  636.0 (rho = 1.000)
LPB93:  dS =  0.0029 dN =  0.0000 w = 0.0000

