
Before deleting alignment gaps
      2    492

SEQ1                            --- --- --- --- --- --- --- --- --- --- --- --- --- --- --- --- --- --- --- --- --- --- --- --- --- --- --- --- --- --- --- --- --- --- --- --- --- --- --- ATG AAA TCT GTC ACT ACC TCC ATT TCT TCC CCA TCT ATT TGC CTG GAA GTG AGA GGA CCG AAT GTC ATG ATC TTA GCT TTC TTA ATG TTG AGT TTC AAG CCA CCG TTT GCG CTC TCC TCC TTC ACC CGC ATC AAG AGG CCC TTT AGT TCC TCT TCA CTT TCC GCC ATT AGA GTG GTA TCA TCT GCA TTT CTG AGG TTG TTG ATA TTT CTC CCA GCA ATC CTA ATT CCA ACT GGT GAT TCA TCC AGC CCC GCC TTT CTC CGG ATG TGC TCT GCA TAC AAG TTA AAT AGG CAG GGC AAC AGT CTA CAG CCT TGC CAA ACT CCT TTC CCA ATT TTG AAC CAG TCA GTG GTT CCG TGC CCA GTT CTC ACT GTT GCT TCT 
SEQ2                            ATG TCT CCA CTT TTT AGT ATG CTG TCT AGA TTT GCC ATA GCT TTC CTT CCC AGG AGC AAG CGT CTT TTA ATT TCT TGG CTG CAG TCC CCG TCT GCA GTG ATC TTG GAG CCC AGG AAA ATA AAA TCT GTC ACT ACC TCC ATT TCT TCC CCA TCT ATT TGC CAG GAA GTG ATA GGA CCG GAT GCC ATG ATC TTA GTT TTC TTA ATG TTG AGT TTC AAG CCA AGT TTT ATG CTC TCC TCT TTC ACC CGC ATC AAG AGG CTC TTT AGT TCT TTT TCA CTT TCT GCC ATT AGA GTG GTA TCA TCT GCA TAC CTG AGG TTG TTG ATA TTT CTC CTG GCA ATC TTA ATT CCA ACT GGT GAA TCA TCT --- --- --- --- --- --- --- --- --- --- --- --- --- --- --- --- --- --- --- --- --- --- --- --- --- --- --- --- --- --- --- --- --- --- --- --- --- --- --- --- --- --- --- --- 



After deleting gaps. 243 sites
      2    243

SEQ1                            ATG AAA TCT GTC ACT ACC TCC ATT TCT TCC CCA TCT ATT TGC CTG GAA GTG AGA GGA CCG AAT GTC ATG ATC TTA GCT TTC TTA ATG TTG AGT TTC AAG CCA CCG TTT GCG CTC TCC TCC TTC ACC CGC ATC AAG AGG CCC TTT AGT TCC TCT TCA CTT TCC GCC ATT AGA GTG GTA TCA TCT GCA TTT CTG AGG TTG TTG ATA TTT CTC CCA GCA ATC CTA ATT CCA ACT GGT GAT TCA TCC 
SEQ2                            ATA AAA TCT GTC ACT ACC TCC ATT TCT TCC CCA TCT ATT TGC CAG GAA GTG ATA GGA CCG GAT GCC ATG ATC TTA GTT TTC TTA ATG TTG AGT TTC AAG CCA AGT TTT ATG CTC TCC TCT TTC ACC CGC ATC AAG AGG CTC TTT AGT TCT TTT TCA CTT TCT GCC ATT AGA GTG GTA TCA TCT GCA TAC CTG AGG TTG TTG ATA TTT CTC CTG GCA ATC TTA ATT CCA ACT GGT GAA TCA TCT 



Printing out site pattern counts


         2        144  P

SEQ1                            AAA AAG AAT ACC ACT AGA AGA AGG AGT ATA ATC ATG ATG ATT CCA CCA CCC CCG CCG CGC CTA CTC CTG CTG CTT GAA GAT GCA GCC GCG GCT GGA GGT GTA GTC GTC GTG TCA TCC TCC TCT TCT TGC TTA TTC TTG TTT TTT 
SEQ2                            ... ... G.. ... ... ... .T. ... ... ... ... ..A ... ... ... .TG .T. AGT ... ... T.. ... .A. ... ... ... ..A ... ... AT. .T. ... ... ... .C. ... ... ... ... ..T ... .T. ... ... ... ... .AC ... 

    1    2    1    2    2    1    1    2    2    1    3    1    2    4    3
    1    1    1    1    1    1    2    1    1    1    1    1    2    1    1
    1    1    1    1    1    1    2    3    3    4    4    1    1    2    3
    3    1    3

YN00 paml/jobs/LOC_00009757__LOCZ_00012321/LOC_00009757__LOCZ_00012321.phy

ns =   2	ls =  81

Codon position x base (3x4) table for each sequence.

SEQ1                
position  1:    T:0.34568    C:0.17284    A:0.30864    G:0.17284
position  2:    T:0.41975    C:0.38272    A:0.07407    G:0.12346
position  3:    T:0.27160    C:0.28395    A:0.23457    G:0.20988

SEQ2                
position  1:    T:0.35802    C:0.14815    A:0.32099    G:0.17284
position  2:    T:0.45679    C:0.32099    A:0.09877    G:0.12346
position  3:    T:0.30864    C:0.24691    A:0.24691    G:0.19753

Average
position  1:    T:0.35185    C:0.16049    A:0.31481    G:0.17284
position  2:    T:0.43827    C:0.35185    A:0.08642    G:0.12346
position  3:    T:0.29012    C:0.26543    A:0.24074    G:0.20370

Codon usage for each species
----------------------------------------------------------------------
Phe TTT   4   4 | Ser TCT   5   8 | Tyr TAT   0   0 | Cys TGT   0   0
    TTC   3   3 |     TCC   7   3 |     TAC   0   1 |     TGC   1   1
Leu TTA   2   3 |     TCA   3   3 | *** TAA   0   0 | *** TGA   0   0
    TTG   3   3 |     TCG   0   0 |     TAG   0   0 | Trp TGG   0   0
----------------------------------------------------------------------
Leu CTT   1   1 | Pro CCT   0   0 | His CAT   0   0 | Arg CGT   0   0
    CTC   2   3 |     CCC   1   0 |     CAC   0   0 |     CGC   1   1
    CTA   1   0 |     CCA   4   3 | Gln CAA   0   0 |     CGA   0   0
    CTG   2   2 |     CCG   2   1 |     CAG   0   1 |     CGG   0   0
----------------------------------------------------------------------
Ile ATT   4   4 | Thr ACT   2   2 | Asn AAT   1   0 | Ser AGT   2   3
    ATC   3   3 |     ACC   2   2 |     AAC   0   0 |     AGC   0   0
    ATA   1   3 |     ACA   0   0 | Lys AAA   1   1 | Arg AGA   2   1
Met ATG   3   3 |     ACG   0   0 |     AAG   2   2 |     AGG   2   2
----------------------------------------------------------------------
Val GTT   0   1 | Ala GCT   1   0 | Asp GAT   1   1 | Gly GGT   1   1
    GTC   2   1 |     GCC   1   2 |     GAC   0   0 |     GGC   0   0
    GTA   1   1 |     GCA   2   2 | Glu GAA   1   2 |     GGA   1   1
    GTG   2   2 |     GCG   1   0 |     GAG   0   0 |     GGG   0   0
----------------------------------------------------------------------


Sums
------------------------------------------------------
Phe TTT   8 | Ser TCT  13 | Tyr TAT   0 | Cys TGT   0
    TTC   6 |     TCC  10 |     TAC   1 |     TGC   2
Leu TTA   5 |     TCA   6 | *** TAA   0 | *** TGA   0
    TTG   6 |     TCG   0 |     TAG   0 | Trp TGG   0
------------------------------------------------------
Leu CTT   2 | Pro CCT   0 | His CAT   0 | Arg CGT   0
    CTC   5 |     CCC   1 |     CAC   0 |     CGC   2
    CTA   1 |     CCA   7 | Gln CAA   0 |     CGA   0
    CTG   4 |     CCG   3 |     CAG   1 |     CGG   0
------------------------------------------------------
Ile ATT   8 | Thr ACT   4 | Asn AAT   1 | Ser AGT   5
    ATC   6 |     ACC   4 |     AAC   0 |     AGC   0
    ATA   4 |     ACA   0 | Lys AAA   2 | Arg AGA   3
Met ATG   6 |     ACG   0 |     AAG   4 |     AGG   4
------------------------------------------------------
Val GTT   1 | Ala GCT   1 | Asp GAT   2 | Gly GGT   2
    GTC   3 |     GCC   3 |     GAC   0 |     GGC   0
    GTA   2 |     GCA   4 | Glu GAA   3 |     GGA   2
    GTG   4 |     GCG   1 |     GAG   0 |     GGG   0
------------------------------------------------------



(A) Nei-Gojobori (1986) method



Nei & Gojobori 1986. dN/dS (dN, dS)
(Note: This matrix is not used in later ML. analysis.
Use runmode = -2 for ML pairwise comparison.)

SEQ1                
SEQ2                 0.6606 (0.0895 0.1355)


(B) Yang & Nielsen (2000) method

Yang Z, Nielsen R (2000) Estimating synonymous and nonsynonymous substitution rates under realistic evolutionary models. Mol. Biol. Evol. 17:32-43

(equal weighting of pathways)

seq. seq.     S       N        t   kappa   omega     dN +- SE    dS +- SE

   2    1    78.2   164.8   0.3079  2.9859  0.8929 0.0988 +- 0.0260  0.1107 +- 0.0416


(C) LWL85, LPB93 & LWLm methods

Li W.-H., C.-I. Wu, Luo (1985) A new method for estimating synonymous and nonsynonymous rates of nucleotide substitutions considering the relative likelihood of nucleotide and codon changes. Mol. Biol. Evol. 2: 150-174.
Li W-H (1993) Unbiased estimation of the rates of synonymous and nonsynonymous substitution. J. Mol. Evol. 36:96-99
Pamilo P, Bianchi NO (1993) Evolution of the Zfx and Zfy genes - rates and interdependence between the genes. Mol. Biol. Evol. 10:271-281
Yang Z (2006) Computational Molecular Evolution. Oxford University Press, Oxford. Eqs. 2.12 & 2.13

2 (SEQ2) vs. 1 (SEQ1)

L(i):      153.5      47.0      42.5  sum=    243.0
Ns(i):    8.5000    2.5000    5.0000  sum=  16.0000
Nv(i):    5.0000    1.5000    0.5000  sum=   7.0000
A(i):     0.0605    0.0579    0.1359
B(i):     0.0337    0.0330    0.0119
LWL85:  dS =  0.1548 dN =  0.0866 w = 0.5594 S =   58.2 N =  184.8
LWL85m: dS =  0.1051 dN =  0.1018 w = 0.9687 S =   85.7 N =  157.3 (rho = 0.919)
LPB93:  dS =  0.1069 dN =  0.0940 w = 0.8797

