      2   1140

SEQ1                            ATG CAG CGG CTC CTT TTC TGC TCC CTG CTG TTG GCG GCG GCG AGG CGG CTC CGG GCC TCG GGG ACG GAA CCG TTC CTC TGC AAG ATC GGG AGC TTC CAG TGC ACG GAC GGC GGC CAG GTG GCA CTG TGC TTG CGG TGC GAC GGG CGG CCC GAC TGC AGG GAT GGC AGT GAT GAG CAC GGC TGT TGC GAC GGA AAC GTC TCG TGC GGA CGC CGC GGG CGG CAA TGT GCC GGC GGA GGC CCG TGC CTG CCC TTG GAG CGG TTC TGT GAT GGC CAC TGG GAT TGC CCA GGC GGT TCT GAC GAG TGG GCT GAC AGC TGC CGC CCC CCA ACA GCC CTG CCT CGG CCA GCG TGC CAA AAG GAC GAG TTC CGG TGC GCG CCA GAT GCG CCC TGT TAC CCC CTG GCG TGG GTG TGT GAC GGC CAC CAA GAC TGT TTA GAT GCG CGA GAT GAA CGG GGG TGC AGC TTG GAT TTG CCC CCA GAG CCT CCG GTG GTG CCA AAA GCA AAC CAC ACG GAA CCG TTC CTC TGC AAG ATC GGG AGC TTC CAG TGC ACG GAC GGC GGC CAG GTG GCA CTG TGC CTG CGG TGC GAC GGG CGG CCC GAC TGC GGG GAT GGC AGT GAT GAG CAC GGC TGT TGC GAC GGA AAC GTC TCG TGC GGA CGC CGC GGG CGG CAA TGT GCC GGC GGA GGC CCG TGC CTG CCC TTG GAG CGG TTC TGT GAT GGC CAC TGG GAT TGC CCA GGC GGT TCT GAC GAG TGG GCT GAC AGC TGC CGC CCC CCA ACA GCC CTG CCT CGG CCA GCG TGC CAA AAG GAC GAG TTC CGG TGC GCG CCA GAC GCG CCC TGT TAC CCC CTG GCG TGG GTG TGT GAC GGC CAC CAA GAC TGT TTA GAT GCG CGA GAT GAA CGG GGG TGC AGC TTG GAT TTG CCC CCA GAG CCT CCA GTG GCG CCA AAA GCA AAC CAC ACT GAT AGC ACA GTT GCC CCT GAA ATA AAT TAT AAA AAG GAC ATT GTG ATG CCC GAG ATT TTG TTA TCG TCC GTC TTC GCC CTC ATT GCC ATT GTG GTG GCT GTC GTT GCT GTG ATG TGC TTC CGT GCA AAA ACG AAA CCG TTC CTC GCA TAC CTC AGG CTA GGT AAA GCA ACG CAG CAT CTG ATG CTG AAG GGA CAG CCT 
SEQ2                            ATG CAG CGG CTC CTT TTC TGC TCC CTG CTG TTG GCG GCG GCG AGG CGG CTC CGG GCC TCG GGG ACG GAA CCG TTC CTC TGC AAG ATC GGG AGC TTC CAG TGC ACG GAC GGC GGC CAG GTG GCA CTG TGC TTG CGG TGC GAC GGG CGG CCC GAC TGC AGG GAT GGC AGT GAT GAG CAC GGC TGT TGC GAC GGA AAC GTC TCG TGC GGA CGC CGC GGG CGG CAA TGT GCC GGC GGA GGC CCG TGC CTG CCC TTG GAG CGG TTC TGT GAT GGC CAC TGG GAT TGC CCA GGC GGT TCT GAC GAG TGG GCT GAC AGC TGC CGC CCC CCA ACA GCC CTG CCT CGG CCA GCG TGC CAA AAG GAC GAG TTC CGG TGC GCG CCA GAT GCG CCC TGT TAC CCC CTG GCG TGG GTG TGT GAC GGC CAC CAA GAC TGT TTA GAT GCG CGA GAT GAA CGG GGG TGC AGC TTG GAT TTG CCC CCA GAG CCT CCG GTG GCG CCA AAA GCA AAC CAC ACG GAA CCG TTC CTC TGC AAG ATC GGG AGC TTC CAG TGC ACG GAC GGC GGC CAG GTG GCA CTG TGC CTG CGG TGC GAC GGG CGG CCC GAC TGC GGG GAT GGC AGT GAT GAG CAC TGC TGT TGC GAC GGA AAC GTC TCG TGC GGA CGC CGC GGG CGG CAA TGT GCC GGC GGA GGC CCG TGC CTG CCC TTG GAG CGG TTC TGT GAT GGC CAC TGG GAT TGC CCA GGC GGT TCT GAC GAG TGG GCT GAC AGC TGC CGC CCC CCA ACA GCC CTG CCT CGG CCA GCG TGC CAA AAG GAC GAG TTC CGG TGC GCG CCA GAC GCG CCC TGT TAC CCC CTG GCG TGG GTG TGT GAC GGC CAC CAA GAC TGT TTA GAT GCG CGA GAT GAA CGG GGG TGC AGC TTG GAT TTG CCC CCA GAG CCT CCA GTG GCG CCA AAA GCA AAC CAC ACT GAT AGC ACA GTT GCC CCT GAA ATA AAT TAT AAA AAG GAC ATT GTG ATG CCC GAG ATT TTG TTA TCG TCC GTC TTC GCC CTC ATT GCC ATT GTG GTG GCT GTC GTT GCT GTG ATG TGC TTC CGT GCA AAA ACG AAA CCG TTC CTC GCA TAC CTC AGG CTA GGT AAA GCA ACG CAG CAT CTG ATG CTG AAG GGA CAG CCT 



Printing out site pattern counts


         2        174  P

SEQ1                            AAA AAC AAG AAT ACA ACG ACT AGC AGG AGT ATA ATC ATG ATT CAA CAC CAG CAT CCA CCC CCG CCT CGA CGC CGG CGT CTA CTC CTG CTT GAA GAC GAG GAT GCA GCC GCG GCT GGA GGC GGC GGG GGT GTC GTG GTG GTT TAC TAT TCC TCG TCT TGC TGG TGT TTA TTC TTG 
SEQ2                            ... ... ... ... ... ... ... ... ... ... ... ... ... ... ... ... ... ... ... ... ... ... ... ... ... ... ... ... ... ... ... ... ... ... ... ... ... ... ... ... T.. ... ... ... .C. ... ... ... ... ... ... ... ... ... ... ... ... ... 

    6    4    6    1    3    6    1    7    3    2    1    2    4    4    6
    8    7    1   13   13    6    6    2    6   17    1    1    7   13    1
    5   20   11   16    7    8   14    4    7   17    1   10    3    4    1
   10    2    3    1    2    4    2   28    6   12    3   12    9

YN00 paml/jobs/LOCW_00021283__LOC_00019058/LOCW_00021283__LOC_00019058.phy

ns =   2	ls = 380

Codon position x base (3x4) table for each sequence.

SEQ1                
position  1:    T:0.21579    C:0.28421    A:0.13158    G:0.36842
position  2:    T:0.19474    C:0.23421    A:0.25000    G:0.32105
position  3:    T:0.15000    C:0.37368    A:0.14211    G:0.33421

SEQ2                
position  1:    T:0.21842    C:0.28421    A:0.13158    G:0.36579
position  2:    T:0.19211    C:0.23684    A:0.25000    G:0.32105
position  3:    T:0.15000    C:0.37368    A:0.14211    G:0.33421

Average
position  1:    T:0.21711    C:0.28421    A:0.13158    G:0.36711
position  2:    T:0.19342    C:0.23553    A:0.25000    G:0.32105
position  3:    T:0.15000    C:0.37368    A:0.14211    G:0.33421

Codon usage for each species
----------------------------------------------------------------------
Phe TTT   0   0 | Ser TCT   2   2 | Tyr TAT   1   1 | Cys TGT  12  12
    TTC  12  12 |     TCC   2   2 |     TAC   3   3 |     TGC  28  29
Leu TTA   3   3 |     TCA   0   0 | *** TAA   0   0 | *** TGA   0   0
    TTG   9   9 |     TCG   4   4 |     TAG   0   0 | Trp TGG   6   6
----------------------------------------------------------------------
Leu CTT   1   1 | Pro CCT   6   6 | His CAT   1   1 | Arg CGT   1   1
    CTC   7   7 |     CCC  13  13 |     CAC   8   8 |     CGC   6   6
    CTA   1   1 |     CCA  13  13 | Gln CAA   6   6 |     CGA   2   2
    CTG  13  13 |     CCG   6   6 |     CAG   7   7 |     CGG  17  17
----------------------------------------------------------------------
Ile ATT   4   4 | Thr ACT   1   1 | Asn AAT   1   1 | Ser AGT   2   2
    ATC   2   2 |     ACC   0   0 |     AAC   4   4 |     AGC   7   7
    ATA   1   1 |     ACA   3   3 | Lys AAA   6   6 | Arg AGA   0   0
Met ATG   4   4 |     ACG   6   6 |     AAG   6   6 |     AGG   3   3
----------------------------------------------------------------------
Val GTT   2   2 | Ala GCT   4   4 | Asp GAT  16  16 | Gly GGT   3   3
    GTC   4   4 |     GCC   8   8 |     GAC  20  20 |     GGC  18  17
    GTA   0   0 |     GCA   7   7 | Glu GAA   5   5 |     GGA   7   7
    GTG  11  10 |     GCG  14  15 |     GAG  11  11 |     GGG  10  10
----------------------------------------------------------------------


Sums
------------------------------------------------------
Phe TTT   0 | Ser TCT   4 | Tyr TAT   2 | Cys TGT  24
    TTC  24 |     TCC   4 |     TAC   6 |     TGC  57
Leu TTA   6 |     TCA   0 | *** TAA   0 | *** TGA   0
    TTG  18 |     TCG   8 |     TAG   0 | Trp TGG  12
------------------------------------------------------
Leu CTT   2 | Pro CCT  12 | His CAT   2 | Arg CGT   2
    CTC  14 |     CCC  26 |     CAC  16 |     CGC  12
    CTA   2 |     CCA  26 | Gln CAA  12 |     CGA   4
    CTG  26 |     CCG  12 |     CAG  14 |     CGG  34
------------------------------------------------------
Ile ATT   8 | Thr ACT   2 | Asn AAT   2 | Ser AGT   4
    ATC   4 |     ACC   0 |     AAC   8 |     AGC  14
    ATA   2 |     ACA   6 | Lys AAA  12 | Arg AGA   0
Met ATG   8 |     ACG  12 |     AAG  12 |     AGG   6
------------------------------------------------------
Val GTT   4 | Ala GCT   8 | Asp GAT  32 | Gly GGT   6
    GTC   8 |     GCC  16 |     GAC  40 |     GGC  35
    GTA   0 |     GCA  14 | Glu GAA  10 |     GGA  14
    GTG  21 |     GCG  29 |     GAG  22 |     GGG  20
------------------------------------------------------



(A) Nei-Gojobori (1986) method



Nei & Gojobori 1986. dN/dS (dN, dS)
(Note: This matrix is not used in later ML. analysis.
Use runmode = -2 for ML pairwise comparison.)

SEQ1                
SEQ2                -1.0000 (0.0023 0.0000)


(B) Yang & Nielsen (2000) method

Yang Z, Nielsen R (2000) Estimating synonymous and nonsynonymous substitution rates under realistic evolutionary models. Mol. Biol. Evol. 17:32-43

(equal weighting of pathways)

seq. seq.     S       N        t   kappa   omega     dN +- SE    dS +- SE

   2    1   282.0   858.0   0.0053  2.0518 99.0000 0.0023 +- 0.0017 -0.0000 +- 0.0000


(C) LWL85, LPB93 & LWLm methods

Li W.-H., C.-I. Wu, Luo (1985) A new method for estimating synonymous and nonsynonymous rates of nucleotide substitutions considering the relative likelihood of nucleotide and codon changes. Mol. Biol. Evol. 2: 150-174.
Li W-H (1993) Unbiased estimation of the rates of synonymous and nonsynonymous substitution. J. Mol. Evol. 36:96-99
Pamilo P, Bianchi NO (1993) Evolution of the Zfx and Zfy genes - rates and interdependence between the genes. Mol. Biol. Evol. 10:271-281
Yang Z (2006) Computational Molecular Evolution. Oxford University Press, Oxford. Eqs. 2.12 & 2.13

2 (SEQ2) vs. 1 (SEQ1)

L(i):      722.0     226.5     191.5  sum=   1140.0
Ns(i):    1.0000    0.0000    0.0000  sum=   1.0000
Nv(i):    1.0000    0.0000    0.0000  sum=   1.0000
A(i):     0.0014    0.0000    0.0000
B(i):     0.0014   -0.0000   -0.0000
LWL85:  dS =  0.0000 dN =  0.0023 w =    inf S =  267.0 N =  873.0
LWL85m: dS =    -nan dN =    -nan w =   -nan S =   -nan N =   -nan (rho = -nan)
LPB93:  dS =  0.0000 dN =  0.0024 w =    inf

