      2    207

SEQ1                            ATG GAC ACG AGC CGC GTG CAG CCC ATC AAG CTG GCG CGC GTC ACC AAG GTG CTG GGC CGC ACC GGC TCG CAG GGG CAG TGC ACT CAG GTC CGC GTG GAG TTC ATG GAC GAC ACC AGC CGC TCG ATC ATC CGC AAC GTG AAA GGC CCC GTC CGG GAG GGA GAC GTG CTG ACG CTT CTG GAG TCC GAG CGC GAG GCC CGG AGG CTG CGC 
SEQ2                            ATG GAC ACG AGC CGC GTG CAG CCC ATC AAG CTG GCG CGC GTC ACC AAG GTG CTG GGC CGC ACC GGC TCG CAG GGG CAG TGC ACT CAG GTC CGC GTG GAG TTC ATG GAC GAC ACC AGC CGC TCG ATC ATC CGC AAC GTG AAA GGC CCC GTC CGG GAG GGA GAC GTG CTG ACG CTT CTG GAG TCC GAG CGC GAG GCC CGG AGG CTG CGC 



Printing out site pattern counts


         2         87  P

SEQ1                            AAA AAC AAG ACC ACG ACT AGC AGG ATC ATG CAG CCC CGC CGG CTG CTT GAC GAG GCC GCG GGA GGC GGG GTC GTG TCC TCG TGC TTC 
SEQ2                            ... ... ... ... ... ... ... ... ... ... ... ... ... ... ... ... ... ... ... ... ... ... ... ... ... ... ... ... ... 

    1    1    2    3    2    1    2    1    3    2    4    2    8    2    5
    1    4    5    1    1    1    3    1    3    5    1    2    1    1

YN00 paml/jobs/LOCW_00021285__LOC_00019060/LOCW_00021285__LOC_00019060.phy

ns =   2	ls =  69

Codon position x base (3x4) table for each sequence.

SEQ1                
position  1:    T:0.07246    C:0.31884    A:0.26087    G:0.34783
position  2:    T:0.28986    C:0.18841    A:0.24638    G:0.27536
position  3:    T:0.02899    C:0.47826    A:0.02899    G:0.46377

SEQ2                
position  1:    T:0.07246    C:0.31884    A:0.26087    G:0.34783
position  2:    T:0.28986    C:0.18841    A:0.24638    G:0.27536
position  3:    T:0.02899    C:0.47826    A:0.02899    G:0.46377

Average
position  1:    T:0.07246    C:0.31884    A:0.26087    G:0.34783
position  2:    T:0.28986    C:0.18841    A:0.24638    G:0.27536
position  3:    T:0.02899    C:0.47826    A:0.02899    G:0.46377

Codon usage for each species
----------------------------------------------------------------------
Phe TTT   0   0 | Ser TCT   0   0 | Tyr TAT   0   0 | Cys TGT   0   0
    TTC   1   1 |     TCC   1   1 |     TAC   0   0 |     TGC   1   1
Leu TTA   0   0 |     TCA   0   0 | *** TAA   0   0 | *** TGA   0   0
    TTG   0   0 |     TCG   2   2 |     TAG   0   0 | Trp TGG   0   0
----------------------------------------------------------------------
Leu CTT   1   1 | Pro CCT   0   0 | His CAT   0   0 | Arg CGT   0   0
    CTC   0   0 |     CCC   2   2 |     CAC   0   0 |     CGC   8   8
    CTA   0   0 |     CCA   0   0 | Gln CAA   0   0 |     CGA   0   0
    CTG   5   5 |     CCG   0   0 |     CAG   4   4 |     CGG   2   2
----------------------------------------------------------------------
Ile ATT   0   0 | Thr ACT   1   1 | Asn AAT   0   0 | Ser AGT   0   0
    ATC   3   3 |     ACC   3   3 |     AAC   1   1 |     AGC   2   2
    ATA   0   0 |     ACA   0   0 | Lys AAA   1   1 | Arg AGA   0   0
Met ATG   2   2 |     ACG   2   2 |     AAG   2   2 |     AGG   1   1
----------------------------------------------------------------------
Val GTT   0   0 | Ala GCT   0   0 | Asp GAT   0   0 | Gly GGT   0   0
    GTC   3   3 |     GCC   1   1 |     GAC   4   4 |     GGC   3   3
    GTA   0   0 |     GCA   0   0 | Glu GAA   0   0 |     GGA   1   1
    GTG   5   5 |     GCG   1   1 |     GAG   5   5 |     GGG   1   1
----------------------------------------------------------------------


Sums
------------------------------------------------------
Phe TTT   0 | Ser TCT   0 | Tyr TAT   0 | Cys TGT   0
    TTC   2 |     TCC   2 |     TAC   0 |     TGC   2
Leu TTA   0 |     TCA   0 | *** TAA   0 | *** TGA   0
    TTG   0 |     TCG   4 |     TAG   0 | Trp TGG   0
------------------------------------------------------
Leu CTT   2 | Pro CCT   0 | His CAT   0 | Arg CGT   0
    CTC   0 |     CCC   4 |     CAC   0 |     CGC  16
    CTA   0 |     CCA   0 | Gln CAA   0 |     CGA   0
    CTG  10 |     CCG   0 |     CAG   8 |     CGG   4
------------------------------------------------------
Ile ATT   0 | Thr ACT   2 | Asn AAT   0 | Ser AGT   0
    ATC   6 |     ACC   6 |     AAC   2 |     AGC   4
    ATA   0 |     ACA   0 | Lys AAA   2 | Arg AGA   0
Met ATG   4 |     ACG   4 |     AAG   4 |     AGG   2
------------------------------------------------------
Val GTT   0 | Ala GCT   0 | Asp GAT   0 | Gly GGT   0
    GTC   6 |     GCC   2 |     GAC   8 |     GGC   6
    GTA   0 |     GCA   0 | Glu GAA   0 |     GGA   2
    GTG  10 |     GCG   2 |     GAG  10 |     GGG   2
------------------------------------------------------



(A) Nei-Gojobori (1986) method



Nei & Gojobori 1986. dN/dS (dN, dS)
(Note: This matrix is not used in later ML. analysis.
Use runmode = -2 for ML pairwise comparison.)

SEQ1                
SEQ2                -1.0000 (0.0000 0.0000)


(B) Yang & Nielsen (2000) method

Yang Z, Nielsen R (2000) Estimating synonymous and nonsynonymous substitution rates under realistic evolutionary models. Mol. Biol. Evol. 17:32-43

(equal weighting of pathways)

seq. seq.     S       N        t   kappa   omega     dN +- SE    dS +- SE

   2    1    22.5   184.5  -0.0000  4.6000 99.0000 -0.0000 +- 0.0000 -0.0000 +- 0.0000


(C) LWL85, LPB93 & LWLm methods

Li W.-H., C.-I. Wu, Luo (1985) A new method for estimating synonymous and nonsynonymous rates of nucleotide substitutions considering the relative likelihood of nucleotide and codon changes. Mol. Biol. Evol. 2: 150-174.
Li W-H (1993) Unbiased estimation of the rates of synonymous and nonsynonymous substitution. J. Mol. Evol. 36:96-99
Pamilo P, Bianchi NO (1993) Evolution of the Zfx and Zfy genes - rates and interdependence between the genes. Mol. Biol. Evol. 10:271-281
Yang Z (2006) Computational Molecular Evolution. Oxford University Press, Oxford. Eqs. 2.12 & 2.13

2 (SEQ2) vs. 1 (SEQ1)

L(i):      132.0      33.0      42.0  sum=    207.0
Ns(i):    0.0000    0.0000    0.0000  sum=   0.0000
Nv(i):    0.0000    0.0000    0.0000  sum=   0.0000
A(i):     0.0000    0.0000    0.0000
B(i):    -0.0000   -0.0000   -0.0000
LWL85:  dS =  0.0000 dN =  0.0000 w =   -nan S =   53.0 N =  154.0
LWL85m: dS =    -nan dN =    -nan w =   -nan S =   -nan N =   -nan (rho = -nan)
LPB93:  dS =  0.0000 dN =  0.0000 w =   -nan

