
Before deleting alignment gaps
      2   4017

SEQ1                            ATG GCG GCG GCG GGC GGA GGA GGA GGA GGA GGA GGA GGC GGC --- GGG GGC CCA GGC GCC GGC CGC CTC GCG CTG GTG GCG GTG TTC GGC GCC GGG GGC GGC CGG CCC GGG CTG CGC GGG GCG GCG CTG GGG GCC GTC AGA GCC GGG ATC CGC TCC TGG GAT ATT GAT CTT ACT GCC TTC AAC CTT GAC CAG CAG CTC AGG CTC TTT GTC TCC CGT CAC TCT GCC ACC TTC TCG GAC ATC GTG AAA GGT CAG CGT GCC CTC CAC CAC CGC GGG GAG GTC CTG GAG ACG CTG GTC CTG CTT AAC CCT TCG GAC AAG TCG ATC TGT GAC GAG CTC CGC AAC CTG ATT GCT GAC CCT GCG CGG CAC AAG CTG CTG ATA TTT GCC GGG CCC TGC ATC GAG GAG ACA GGC GAG CTG GTG CTG CAG ACG GGC ACT TTC TCC TTG CGG GAC TTC ATC CAG ATC TTT GCT GAC AAA GAG ATT GGG GAG CTA CTC AGC TCC ACG GAC CCC TCC GCC AAG ACC AGC CTG ACC GTG GTT TGC CCG GAC TTT GGG GAA TGG AAG GAT CCC CAG CTG AGC CAG CAC AAC CTG CTG GAC TTC ATC GAC CTG CGC TTC AAC CCG GGC TGC TTG TTG CCG GAC ATG GAA GGC CTG CAG GAG TTC CTC GAG TAC CTT TCT GAG TCC CTG GAC CCC CCA TCG CCC TTT GAC CTC CTG GAG CCG CCC AGC ACT GTG GGC TTC CTG AAG CTC TTC CGG CCC TGC TGC TAC ATT TTC CCG GGG GGG CGA GGG GAC TCT GCT TTC TTT GCT GTC AAT GGC TTC AAC ATC CTG GTG AAC GGT GGC TCC AAC CCC CGG TCA TCC TTC TGG AAG CTG GTG CGC CAC CTG GAC CGC ATC GAC TCC ATC TTG GTG ACC CAC ATG GGG ACC GAC AGC CTC CCC GGG GTG AAT AGC CTG CTG CAG AGG AAG CTG GCC GAG ATG GAG AAA GAC CCT TCC TCT CAG GGC TCC CAG AAC GAT GAC TGG GGG AAG AAC CTC ATC TCA CCA GAC CTG GGC GTG GTG TTC CTC AAT GCC TCG AAG AAG CTG CGG GCC ATC GAA GGG GAC TCG GGG GTC CTG AAG AGC TGT GAC GAG GCC AGC CTG GCT CTG CAG TAC CTT GAC AGA CTG GGC ATT CAG CCC CAC CCG CTC TTC AGG GAC GCT GGC CCC AAG GCG GAG CCC ACC GTC CTC TTC CAG AAG ATG GGT GTT GGG CGC CTG GAC ATG TAT GTG CTG AAC CCT GTG AAA GGC AGC AAG GAG CTG GAG TTC CTG ATG CAG CAG TGG TGT GGG AAC GGC TAT CCC AAG GGG CTG GAG CTG CCC CTG CAG TGC CTG ACC TCC ATC TGT GCC CTC CTG GTG TGG CAC CCC GTG AGC CCC ACA GAG AAG ATT GTT CGG GTC TTG TTC CCA GGC TGC ACG CCT CAA GGC AAG ATC CTG GAA GGG CTG GAG AAG GTC AAG CAC TTG GAG TTC CTC AGG TAT CCG GTG GTC ACC CAG AAG GAC CTG GAG TCT TCC TCT TCC TCC ACT CCT TCC TCC TCC TCC TCC TCC TCT CAA ATC AAG CAG AAG AGG GCA GGC AGT CAG GAG AGC CTC AAG TCG GGT TCG CGG CTG AGC CTC ACT GAG TTC AAC AGG CCT GTT TCC AGG GAG GAG AGG GAG CTG AAG CTG GCT GGT GCC CGA GAC CGA CCG AAG GCA CCC AGC GAG ACC TCG AAG GGT AGC ATC GAG GAG GAC AGG TGT AAG ATG GCG TCT TCG ACA GAG AAG CTC GAG CAG GAC GCG AGG CCC AAA CAG CAG AAG GAG AAG CCA GCT GGC AGG AAG GTT TTG AAG AAG CCG CTG CTG AAG GAG GAC GTC CCT CAA GAG AAG GAT GCG GCG AAG AAA GAG GGG AAG CCA GCC AAG AGG GAG GGG AAG GTG GAT CCC CCC AGG AGA GCG ATG GCC AAG AGA GAG GAA CCC AAG AAG GAG GTC AAG GCG GAA GAG AAG GCC GCC AAG CAG CCG GCA AAG GAC CTG CGT AGG ACC CTG AGT GCA GAG GCC AAG AGG CCC CCA ACC AAG ATG AGC AGC TTC CGG AAG GCC ATT CCC ATC CTC AAG AAG GAG ATG GAC AAG CCA AAG GCC AAG ATG GCG AAG GAT GCT GCA CCC AAG CGG CCG AGC AGT GCC AAG GGC GGC CTG CTG GAT AAG TCA TCG CCA GAG AAC CAT GAA GGC ATC ACC ACA GAC AAG AGC GAG CGA GAG CCT TTG CCA CTG GGC AGC CTG GAT TGC CAG GGA AAT GGG CTG GAG CCC CGC CCA AAC GGC CTG GGC ATA GGA GAG ACT CTG GGC AGC CCA GAG CCT TTT CGG CCT CCG GAA ACC AGC CCT CCA CTC AGA GGT ATC AGT CCC CCA TCC CCG CTG GCC AAG ACT CCC AAG AGC GAC CAT AGT GTC AAC TTC GAA CTG ACA CTG ACG GAT ATC CGG GTG GGG CTC AGC CAC TGC CCA GAG GCC GAG GAA GCT TGC GGC GGC AGC TCC GAA GAG AAG ACC CTC GAG ATG ATG TCC CCC GCC AGC TCC GCC CTG GCC AGC GCC GGC CAC ACC CCC TTC CAC CAA TCC CCA GTG GAA GAT GCA ATC GTG GCT GAG GAG CCA GTG GCC GCG AGG AGC GCC TGG CAG CCC AGC GGC TCC GGT CCC CGG GCC TCG CAC GAC AAC TCG AGC TCT TCC CAA GAG AAG CAG CCG GGC TGC CTC TCC CCT GGC GAT GCT CCT GAT GTG TCG CCC ACC ATT ACC ACT CCC TCC CTG CCA GCT GAA GTG GGG TCC CCT CAT TCC ACT GAG GTG GAC GAG TCT CTC TCC ATC TCC TTT GAG CAG GTC CTG CCG CCG GTG AGC GAG TTC CCC CAG GAG GAA GCG GGG CAC GTC CGG GCC GGG GGG CTC ACC CCA GAG CCA GAG GCT GCG GTC AGC AAA GGG GAG ATG TCT CTG CCC CTT CGG CCC TGC CAC CCT CTC CAT GGC ACC CAG CGG TTG GAT GGC CAC GTC TTG CCC AAG TCT GGC CGC CGC TCG GAT TCC CCC CAC GAC GTG GAT CTC TGC CTG GTG TCC CCG TGT GAG TTT GAG CAC CCC AAG GCG GAG AGG TCT CCG TCG ATC TGC TTC ATC CCC CGG GAC AGG TCC AAC AGC AGT GAC TTC TCC CAA GAG CTG GCC AAG CCC TTG TCG CAC CGG AAG GGT CCC CGG GGC CGC AAG CCC CAC CCC CTG GCC GAT GAG ACC CCA CCC ACT TCA TTC AGC GAA TCG CTG CCC ACC CTC TCG GAC TCT GAC ATC CCA CCT GTC ATG GAG GAG TAC CCT TCC AGC ACA GCG GAC GGT GGG CTG GAC TCG GAC GAT GAC CCC GAG AGT CTG GCC CGG ACC CGT GAC CCG CTC CCA GCC GCC CTG AAA GAC CCT TGC CCC CTC CCC GCC CAG CCC GGC ATC TGC ATG GTG GAC CCT GAG AGA GAA GCC ACC ACC AAG ATC AAG CAG ATG CCC CAG CGG GTG GGC TCT GCA CCC CCC AAG GTG GAC ACC CCC AGA GTC GCG ACC ACC AGC AGC GGC CGG GCC AAG GCT TCT TCA GCC CCT CTA GGG GGG AGC GCC CGC TTG CCT GCC CTT GGC AAA AGT GGC CCC TCA GTG TCC CGC ACT GCT GGG GAT AAC AAG GCG CCC GTC GGC CAC CGG GGC ACG AAC ACC AGG CCA CTT GCG GGG GCC AGC AAG CCC CCT CTG TCA GGC CCC AAG GCC GGC GTT CCG TGC CCC ACG GTC TAC CTG GAG CTG GCC TAC ATC CCT GGT TCC ACG AGT GCC CAG CAG GTG GAC AAA GAC TTC TTC CAG CAC ATC CGC TCC CAG TGC TAC GTC ATC AGC GGC GAG GAC CAC ATC AAG GGA GGC GTC ATG CGG GGC ATC TTG GAC GCG CTC CTG GCG GGG AAG CAG CAC TGG GCC CGC GAC ACC CAG GTG ACC CTG ATC CCC ACC TTC GAC TCA CTG GTC ATG CAC AGA TGG TAC ATG GAG ACA CTG GAG CGT CAG CAG GCC CTG GGC ATC ACG GTG CTC GGC AGC AAC AGC ACC GTG GCC ATG CAG GAC GAC ACC TTC CCC GCA TGC AAA GTG GAG TTC 
SEQ2                            ATG GCG GCG GCG GGC GGA GGA GGA GGA GGA GGA GGA GGC GGC GGC GGG GGC CCA GGC GCC GGC CGC CTC GCG CTG GTG GCG GTG TTC GGC GCC GGG GGC GGC CGG CCC GGG CTG CGC GGG GCG GCG CTG GGG GCC GTC AGA GCC GGG ATC CGC TCC TGG GAT ATT GAT CTT ACT GCC TTC AAC CTT GAC CAG CAG CTC AGG CTC TTT GTC TCC CGT CAC TCT GCC ACC TTC TCG GAC ATC GTG AAA GGT CAG CGT GCC CTC CAC CAC CGC GGG GAG GTC CTG GAG ACG CTG GTC CTG CTT AAC CCT TCG GAC AAG TCG ATC TGT GAC GAG CTC CGC AAC CTG ATT GCT GAC CCT GCG CGG CAC AAG CTG CTG ATA TTT GCC GGG CCC TGC ATC GAG GAG ACA GGC GAG CTG GTG CTG CAG ACG GGC ACT TTC TCC TTG CGG GAC TTC ATC CAG ATC TTT GCT GAC AAA GAG ATT GGG GAG CTA CTC AGC TCC ACG GAC CCC TCC GCC AAG ACC AGC CTG ACC GTG GTT TGC CCG GAC TTT GGG GAA TGG AAG GAT CCC CAG CTG AGC CAG CAC AAC CTG CTG GAC TTC ATC GAC CTG CGC TTC AAC CCG GGC TGC TTG TTG CCG GAC ATG GAA GGC CTG CAG GAG TTC CTC GAG TAC CTT TCT GAG TCC CTG GAC CCC CCA TCG CCC TTT GAC CTC CTG GAG CCG CCC AGC ACT GTG GGC TTC CTG AAG CTC TTC CGG CCC TGC TGC TAC ATT TTC CCG GGG GGG CGA GGG GAC TCT GCT TTC TTT GCT GTC AAT GGC TTC AAC ATC CTG GTG AAC GGT GGC TCC AAC CCC CGG TCA TCC TTC TGG AAG CTG GTG CGC CAC CTG GAC CGC ATC GAC TCC ATC TTG GTG ACC CAC ATG GGG ACC GAC AGC CTC CCC GGG GTG AAT AGC CTG CTG CAG AGG AAG CTG GCC GAG ATG GAG AAA GAC CCT TCC TCT CAG GGC TCC CAG AAC GAT GAC TGG GGG AAG AAC CTC ATC TCA CCA GAC CTG GGC GTG GTG TTC CTC AAT GCC TCG AAG AAG CTG CGG GCC ATC GAA GGG GAC TCG GGG GTC CTG AAG AGC TGT GAC GAG GCC AGC CTG GCT CTG CAG TAC CTT GAC AGA CTG GGC ATT CAG CCC CAC CCG CTC TTC AGG GAC GCT GGC CCC AAG GCG GAG CCC ACC GTC CTC TTC CAG AAG ATG GGT GTT GGG CGC CTG GAC ATG TAT GTG CTG AAC CCT GTG AAA GGC AGC AAG GAG CTG GAG TTC CTG ATG CAG CAG TGG TGT GGG AAC GGC TAT CCC AAG GGG CTG GAG CTG CCC CTG CAG TGC CTG ACC TCC ATC TGT GCC CTC CTG GTG TGG CAC CCC GTG AGC CCC ACA GAG AAG ATT GTT CGG GTC TTG TTC CCA GGC TGC ACG CCT CAA GGC AAG ATC CTG GAA GGG CTG GAG AAG GTC AAG CAC TTG GAG TTC CTC AGG TAT CCG GTG GTC ACC CAG AAG GAC CTG GAG TCT TCC TCT TCC TCC ACT CCT TCC TCC TCC TCC TCC TCC TCT CAA ATC AAG CAG AAG AGG GCA GGC AGT CAG GAG AGC CTC AAG TCG GGT TCG CGG CTG AGC CTC ACT GAG TTC AAC AGG CCT GTT TCC AGG GAG GAG AGG GAG CTG AAG CTG GCT GGT GCC CGA GAC CGA CCG AAG GCA CCC AGC GAG ACC TCG AAG GGT AGC ATC GAG GAG GAC AGG TGT AAG ATG GCG TCT TCG ACA GAG AAG CTC GAG CAG GAC GCG AGG CCC AAA CAG CAG AAG GAG AAG CCA GCT GGC AGG AAG GTT TTG AAG AAG CCG CTG CTG AAG GAG GAC GTC CCT CAA GAG AAG GAT GCG GCG AAG AAA GAG GGG AAG CCA GCC AAG AGG GAG GGG AAG GTG GAT CCC CCC AGG AGA GCG ATG GCC AAG AGA GAG GAA CCC AAG AAG GAG GTC AAG GCG GAA GAG AAG GCC GCC AAG CAG CCG GCA AAG GAC CTG CGT AGG ACC CTG AGT GCA GAG GCC AAG AGG CCC CCA ACC AAG ATG AGC AGC TTC CGG AAG GCC ATT CCC ATC CTC AAG AAG GAG ATG GAC AAG CCA AAG GCC AAG ATG GCG AAG GAT GCT GCA CCC AAG CGG CCG AGC AGT GCC AAG GGC GGC CTG CTG GAT AAG TCA TCG CCA GAG AAC CAT GAA GGC ATC ACC ACA GAC AAG AGC GAG CGA GAG CCT TTG CCA CTG GGC AGC CTG GAT TGC CAG GGA AAT GGG CTG GAG CCC CGC CCA AAC GGC CTG GGC ATA GGA GAG ACT CTG GGC AGC CCA GAG CCT TTT CGG CCT CCG GAA ACC AGC CCT CCA CTC AGA GGT ATC AGT CCC CCA TCC CCG CTG GCC AAG ACT CCC AAG AGC GAC CAT AGT GTC AAC TTC GAA CTG ACA CTG ACG GAT ATC CGG GTG GGG CTC AGC CAC TGC CCA GAG GCC GAG GAA GCT TGC GGC GGC AGC TCC GAA GAG AAG ACC CTC GAG ATG ATG TCC CCC GCC AGC TCC GCC CTG GCC AGC GCC GGC CAC ACC CCC TTC CAC CAA TCC CCA GTG GAA GAT GCA ATC GTG GCT GAG GAG CCA GTG GCC GCG AGG AGC GCC TGG CAG CCC AGC GGC TCC GGT CCC CGG GCC TCG CAC GAC AAC TCG AGC TCT TCC CAA GAG AAG CAG CCG GGC TGC CTC TCC CCT GGC GAT GCT CCT GAT GTG TCG CCC ACC ATT ACC ACT CCC TCC CTG CCA GCT GAA GTG GGG TCC CCT CAT TCC ACT GAG GTG GAC GAG TCT CTC TCC ATC TCC TTT GAG CAG GTC CTG CCG CCG GTG AGC GAG TTC CCC CAG GAG GAA GCG GGG CAC GTC CGG GCC GGG GGG CTC ACC CCA GAG CCA GAG GCT GCG GTC AGC AAA GGG GAG ATG TCT CTG CCC CTT CGG CCC TGC CAC CCT CTC CAT GGC ACC CAG CGG TTG GAT GGC CAC GTC TTG CCC AAG TCT GGC CGC CGC TCG GAT TCC CCC CAC GAC GTG GAT CTC TGC CTG GTG TCC CCG TGT GAG TTT GAG CAC CCC AAG GCG GAG AGG TCT CCG TCG ATC TGC TTC ATC CCC CGG GAC AGG TCC AAC AGC AGT GAC TTC TCC CAA GAG CTG GCC AAG CCC TTG TCG CAC CGG AAG GGT CCC CGG GGC CGC AAG CCC CAC CCC CTG GCC GAT GAG ACC CCA CCC ACT TCA TTC AGC GAA TCG CTG CCC ACC CTC TCG GAC TCT GAC ATC CCA CCT GTC ATG GAG GAG TAC CCT TCC AGC ACA GCG GAC GGT GGG CTG GAC TCG GAC GAT GAC CCC GAG AGT CTG GCC CGG ACC CGT GAC CCG CTC CCA GCC GCC CTG AAA GAC CCT TGC CCC CTC CCC GCC CAG CCC GGC ATC TGC ATG GTG GAC CCT GAG AGA GAA GCC ACC ACC AAG ATC AAG CAG ATG CCC CAG CGG GTG GGC TCT GCA CCC CCC AAG GTG GAC ACC CCC AGA GTC GCG ACC ACC AGC AGC GGC CGG GCC AAG GCT TCT TCA GCC CCT CTA GGG GGG AGC GCC CGC TTG CCT GCC CTT GGC AAA AGT GGC CCC TCA GTG TCC CGC ACT GCT GGG GAT AAC AAG GCG CCC GTC GGC CAC CGG GGC ACG AAC ACC AGG CCA CTT GCG GGG GCC AGC AAG CCC CCT CTG TCA GGC CCC AAG GCC GGC GTT CCG TGC CCC ACG GTC TAC CTG GAG CTG GCC TAC ATC CCT GGT TCC ACG AGT GCC CAG CAG GTG GAC AAA GAC TTC TTC CAG CAC ATC CGC TCC CAG TGC TAC GTC ATC AGC GGC GAG GAC CAC ATC AAG GGA GGC GTC ATG CGG GGC ATC TTG GAC GCG CTC CTG GCG GGG AAG CAG CAC TGG GCC CGC GAC ACC CAG GTG ACC CTG ATC CCC ACC TTC GAC TCA CTG GTC ATG CAC AGA TGG TAC ATG GAG ACA CTG GAG CGT CAG CAG GCC CTG GGC ATC ACG GTG CTC GGC AGC AAC AGC ACC GTG GCC ATG CAG GAC GAC ACC TTC CCC GCA TGC AAA GTG GAG TTC 



After deleting gaps. 4014 sites
      2   4014

SEQ1                            ATG GCG GCG GCG GGC GGA GGA GGA GGA GGA GGA GGA GGC GGC GGG GGC CCA GGC GCC GGC CGC CTC GCG CTG GTG GCG GTG TTC GGC GCC GGG GGC GGC CGG CCC GGG CTG CGC GGG GCG GCG CTG GGG GCC GTC AGA GCC GGG ATC CGC TCC TGG GAT ATT GAT CTT ACT GCC TTC AAC CTT GAC CAG CAG CTC AGG CTC TTT GTC TCC CGT CAC TCT GCC ACC TTC TCG GAC ATC GTG AAA GGT CAG CGT GCC CTC CAC CAC CGC GGG GAG GTC CTG GAG ACG CTG GTC CTG CTT AAC CCT TCG GAC AAG TCG ATC TGT GAC GAG CTC CGC AAC CTG ATT GCT GAC CCT GCG CGG CAC AAG CTG CTG ATA TTT GCC GGG CCC TGC ATC GAG GAG ACA GGC GAG CTG GTG CTG CAG ACG GGC ACT TTC TCC TTG CGG GAC TTC ATC CAG ATC TTT GCT GAC AAA GAG ATT GGG GAG CTA CTC AGC TCC ACG GAC CCC TCC GCC AAG ACC AGC CTG ACC GTG GTT TGC CCG GAC TTT GGG GAA TGG AAG GAT CCC CAG CTG AGC CAG CAC AAC CTG CTG GAC TTC ATC GAC CTG CGC TTC AAC CCG GGC TGC TTG TTG CCG GAC ATG GAA GGC CTG CAG GAG TTC CTC GAG TAC CTT TCT GAG TCC CTG GAC CCC CCA TCG CCC TTT GAC CTC CTG GAG CCG CCC AGC ACT GTG GGC TTC CTG AAG CTC TTC CGG CCC TGC TGC TAC ATT TTC CCG GGG GGG CGA GGG GAC TCT GCT TTC TTT GCT GTC AAT GGC TTC AAC ATC CTG GTG AAC GGT GGC TCC AAC CCC CGG TCA TCC TTC TGG AAG CTG GTG CGC CAC CTG GAC CGC ATC GAC TCC ATC TTG GTG ACC CAC ATG GGG ACC GAC AGC CTC CCC GGG GTG AAT AGC CTG CTG CAG AGG AAG CTG GCC GAG ATG GAG AAA GAC CCT TCC TCT CAG GGC TCC CAG AAC GAT GAC TGG GGG AAG AAC CTC ATC TCA CCA GAC CTG GGC GTG GTG TTC CTC AAT GCC TCG AAG AAG CTG CGG GCC ATC GAA GGG GAC TCG GGG GTC CTG AAG AGC TGT GAC GAG GCC AGC CTG GCT CTG CAG TAC CTT GAC AGA CTG GGC ATT CAG CCC CAC CCG CTC TTC AGG GAC GCT GGC CCC AAG GCG GAG CCC ACC GTC CTC TTC CAG AAG ATG GGT GTT GGG CGC CTG GAC ATG TAT GTG CTG AAC CCT GTG AAA GGC AGC AAG GAG CTG GAG TTC CTG ATG CAG CAG TGG TGT GGG AAC GGC TAT CCC AAG GGG CTG GAG CTG CCC CTG CAG TGC CTG ACC TCC ATC TGT GCC CTC CTG GTG TGG CAC CCC GTG AGC CCC ACA GAG AAG ATT GTT CGG GTC TTG TTC CCA GGC TGC ACG CCT CAA GGC AAG ATC CTG GAA GGG CTG GAG AAG GTC AAG CAC TTG GAG TTC CTC AGG TAT CCG GTG GTC ACC CAG AAG GAC CTG GAG TCT TCC TCT TCC TCC ACT CCT TCC TCC TCC TCC TCC TCC TCT CAA ATC AAG CAG AAG AGG GCA GGC AGT CAG GAG AGC CTC AAG TCG GGT TCG CGG CTG AGC CTC ACT GAG TTC AAC AGG CCT GTT TCC AGG GAG GAG AGG GAG CTG AAG CTG GCT GGT GCC CGA GAC CGA CCG AAG GCA CCC AGC GAG ACC TCG AAG GGT AGC ATC GAG GAG GAC AGG TGT AAG ATG GCG TCT TCG ACA GAG AAG CTC GAG CAG GAC GCG AGG CCC AAA CAG CAG AAG GAG AAG CCA GCT GGC AGG AAG GTT TTG AAG AAG CCG CTG CTG AAG GAG GAC GTC CCT CAA GAG AAG GAT GCG GCG AAG AAA GAG GGG AAG CCA GCC AAG AGG GAG GGG AAG GTG GAT CCC CCC AGG AGA GCG ATG GCC AAG AGA GAG GAA CCC AAG AAG GAG GTC AAG GCG GAA GAG AAG GCC GCC AAG CAG CCG GCA AAG GAC CTG CGT AGG ACC CTG AGT GCA GAG GCC AAG AGG CCC CCA ACC AAG ATG AGC AGC TTC CGG AAG GCC ATT CCC ATC CTC AAG AAG GAG ATG GAC AAG CCA AAG GCC AAG ATG GCG AAG GAT GCT GCA CCC AAG CGG CCG AGC AGT GCC AAG GGC GGC CTG CTG GAT AAG TCA TCG CCA GAG AAC CAT GAA GGC ATC ACC ACA GAC AAG AGC GAG CGA GAG CCT TTG CCA CTG GGC AGC CTG GAT TGC CAG GGA AAT GGG CTG GAG CCC CGC CCA AAC GGC CTG GGC ATA GGA GAG ACT CTG GGC AGC CCA GAG CCT TTT CGG CCT CCG GAA ACC AGC CCT CCA CTC AGA GGT ATC AGT CCC CCA TCC CCG CTG GCC AAG ACT CCC AAG AGC GAC CAT AGT GTC AAC TTC GAA CTG ACA CTG ACG GAT ATC CGG GTG GGG CTC AGC CAC TGC CCA GAG GCC GAG GAA GCT TGC GGC GGC AGC TCC GAA GAG AAG ACC CTC GAG ATG ATG TCC CCC GCC AGC TCC GCC CTG GCC AGC GCC GGC CAC ACC CCC TTC CAC CAA TCC CCA GTG GAA GAT GCA ATC GTG GCT GAG GAG CCA GTG GCC GCG AGG AGC GCC TGG CAG CCC AGC GGC TCC GGT CCC CGG GCC TCG CAC GAC AAC TCG AGC TCT TCC CAA GAG AAG CAG CCG GGC TGC CTC TCC CCT GGC GAT GCT CCT GAT GTG TCG CCC ACC ATT ACC ACT CCC TCC CTG CCA GCT GAA GTG GGG TCC CCT CAT TCC ACT GAG GTG GAC GAG TCT CTC TCC ATC TCC TTT GAG CAG GTC CTG CCG CCG GTG AGC GAG TTC CCC CAG GAG GAA GCG GGG CAC GTC CGG GCC GGG GGG CTC ACC CCA GAG CCA GAG GCT GCG GTC AGC AAA GGG GAG ATG TCT CTG CCC CTT CGG CCC TGC CAC CCT CTC CAT GGC ACC CAG CGG TTG GAT GGC CAC GTC TTG CCC AAG TCT GGC CGC CGC TCG GAT TCC CCC CAC GAC GTG GAT CTC TGC CTG GTG TCC CCG TGT GAG TTT GAG CAC CCC AAG GCG GAG AGG TCT CCG TCG ATC TGC TTC ATC CCC CGG GAC AGG TCC AAC AGC AGT GAC TTC TCC CAA GAG CTG GCC AAG CCC TTG TCG CAC CGG AAG GGT CCC CGG GGC CGC AAG CCC CAC CCC CTG GCC GAT GAG ACC CCA CCC ACT TCA TTC AGC GAA TCG CTG CCC ACC CTC TCG GAC TCT GAC ATC CCA CCT GTC ATG GAG GAG TAC CCT TCC AGC ACA GCG GAC GGT GGG CTG GAC TCG GAC GAT GAC CCC GAG AGT CTG GCC CGG ACC CGT GAC CCG CTC CCA GCC GCC CTG AAA GAC CCT TGC CCC CTC CCC GCC CAG CCC GGC ATC TGC ATG GTG GAC CCT GAG AGA GAA GCC ACC ACC AAG ATC AAG CAG ATG CCC CAG CGG GTG GGC TCT GCA CCC CCC AAG GTG GAC ACC CCC AGA GTC GCG ACC ACC AGC AGC GGC CGG GCC AAG GCT TCT TCA GCC CCT CTA GGG GGG AGC GCC CGC TTG CCT GCC CTT GGC AAA AGT GGC CCC TCA GTG TCC CGC ACT GCT GGG GAT AAC AAG GCG CCC GTC GGC CAC CGG GGC ACG AAC ACC AGG CCA CTT GCG GGG GCC AGC AAG CCC CCT CTG TCA GGC CCC AAG GCC GGC GTT CCG TGC CCC ACG GTC TAC CTG GAG CTG GCC TAC ATC CCT GGT TCC ACG AGT GCC CAG CAG GTG GAC AAA GAC TTC TTC CAG CAC ATC CGC TCC CAG TGC TAC GTC ATC AGC GGC GAG GAC CAC ATC AAG GGA GGC GTC ATG CGG GGC ATC TTG GAC GCG CTC CTG GCG GGG AAG CAG CAC TGG GCC CGC GAC ACC CAG GTG ACC CTG ATC CCC ACC TTC GAC TCA CTG GTC ATG CAC AGA TGG TAC ATG GAG ACA CTG GAG CGT CAG CAG GCC CTG GGC ATC ACG GTG CTC GGC AGC AAC AGC ACC GTG GCC ATG CAG GAC GAC ACC TTC CCC GCA TGC AAA GTG GAG TTC 
SEQ2                            ATG GCG GCG GCG GGC GGA GGA GGA GGA GGA GGA GGA GGC GGC GGG GGC CCA GGC GCC GGC CGC CTC GCG CTG GTG GCG GTG TTC GGC GCC GGG GGC GGC CGG CCC GGG CTG CGC GGG GCG GCG CTG GGG GCC GTC AGA GCC GGG ATC CGC TCC TGG GAT ATT GAT CTT ACT GCC TTC AAC CTT GAC CAG CAG CTC AGG CTC TTT GTC TCC CGT CAC TCT GCC ACC TTC TCG GAC ATC GTG AAA GGT CAG CGT GCC CTC CAC CAC CGC GGG GAG GTC CTG GAG ACG CTG GTC CTG CTT AAC CCT TCG GAC AAG TCG ATC TGT GAC GAG CTC CGC AAC CTG ATT GCT GAC CCT GCG CGG CAC AAG CTG CTG ATA TTT GCC GGG CCC TGC ATC GAG GAG ACA GGC GAG CTG GTG CTG CAG ACG GGC ACT TTC TCC TTG CGG GAC TTC ATC CAG ATC TTT GCT GAC AAA GAG ATT GGG GAG CTA CTC AGC TCC ACG GAC CCC TCC GCC AAG ACC AGC CTG ACC GTG GTT TGC CCG GAC TTT GGG GAA TGG AAG GAT CCC CAG CTG AGC CAG CAC AAC CTG CTG GAC TTC ATC GAC CTG CGC TTC AAC CCG GGC TGC TTG TTG CCG GAC ATG GAA GGC CTG CAG GAG TTC CTC GAG TAC CTT TCT GAG TCC CTG GAC CCC CCA TCG CCC TTT GAC CTC CTG GAG CCG CCC AGC ACT GTG GGC TTC CTG AAG CTC TTC CGG CCC TGC TGC TAC ATT TTC CCG GGG GGG CGA GGG GAC TCT GCT TTC TTT GCT GTC AAT GGC TTC AAC ATC CTG GTG AAC GGT GGC TCC AAC CCC CGG TCA TCC TTC TGG AAG CTG GTG CGC CAC CTG GAC CGC ATC GAC TCC ATC TTG GTG ACC CAC ATG GGG ACC GAC AGC CTC CCC GGG GTG AAT AGC CTG CTG CAG AGG AAG CTG GCC GAG ATG GAG AAA GAC CCT TCC TCT CAG GGC TCC CAG AAC GAT GAC TGG GGG AAG AAC CTC ATC TCA CCA GAC CTG GGC GTG GTG TTC CTC AAT GCC TCG AAG AAG CTG CGG GCC ATC GAA GGG GAC TCG GGG GTC CTG AAG AGC TGT GAC GAG GCC AGC CTG GCT CTG CAG TAC CTT GAC AGA CTG GGC ATT CAG CCC CAC CCG CTC TTC AGG GAC GCT GGC CCC AAG GCG GAG CCC ACC GTC CTC TTC CAG AAG ATG GGT GTT GGG CGC CTG GAC ATG TAT GTG CTG AAC CCT GTG AAA GGC AGC AAG GAG CTG GAG TTC CTG ATG CAG CAG TGG TGT GGG AAC GGC TAT CCC AAG GGG CTG GAG CTG CCC CTG CAG TGC CTG ACC TCC ATC TGT GCC CTC CTG GTG TGG CAC CCC GTG AGC CCC ACA GAG AAG ATT GTT CGG GTC TTG TTC CCA GGC TGC ACG CCT CAA GGC AAG ATC CTG GAA GGG CTG GAG AAG GTC AAG CAC TTG GAG TTC CTC AGG TAT CCG GTG GTC ACC CAG AAG GAC CTG GAG TCT TCC TCT TCC TCC ACT CCT TCC TCC TCC TCC TCC TCC TCT CAA ATC AAG CAG AAG AGG GCA GGC AGT CAG GAG AGC CTC AAG TCG GGT TCG CGG CTG AGC CTC ACT GAG TTC AAC AGG CCT GTT TCC AGG GAG GAG AGG GAG CTG AAG CTG GCT GGT GCC CGA GAC CGA CCG AAG GCA CCC AGC GAG ACC TCG AAG GGT AGC ATC GAG GAG GAC AGG TGT AAG ATG GCG TCT TCG ACA GAG AAG CTC GAG CAG GAC GCG AGG CCC AAA CAG CAG AAG GAG AAG CCA GCT GGC AGG AAG GTT TTG AAG AAG CCG CTG CTG AAG GAG GAC GTC CCT CAA GAG AAG GAT GCG GCG AAG AAA GAG GGG AAG CCA GCC AAG AGG GAG GGG AAG GTG GAT CCC CCC AGG AGA GCG ATG GCC AAG AGA GAG GAA CCC AAG AAG GAG GTC AAG GCG GAA GAG AAG GCC GCC AAG CAG CCG GCA AAG GAC CTG CGT AGG ACC CTG AGT GCA GAG GCC AAG AGG CCC CCA ACC AAG ATG AGC AGC TTC CGG AAG GCC ATT CCC ATC CTC AAG AAG GAG ATG GAC AAG CCA AAG GCC AAG ATG GCG AAG GAT GCT GCA CCC AAG CGG CCG AGC AGT GCC AAG GGC GGC CTG CTG GAT AAG TCA TCG CCA GAG AAC CAT GAA GGC ATC ACC ACA GAC AAG AGC GAG CGA GAG CCT TTG CCA CTG GGC AGC CTG GAT TGC CAG GGA AAT GGG CTG GAG CCC CGC CCA AAC GGC CTG GGC ATA GGA GAG ACT CTG GGC AGC CCA GAG CCT TTT CGG CCT CCG GAA ACC AGC CCT CCA CTC AGA GGT ATC AGT CCC CCA TCC CCG CTG GCC AAG ACT CCC AAG AGC GAC CAT AGT GTC AAC TTC GAA CTG ACA CTG ACG GAT ATC CGG GTG GGG CTC AGC CAC TGC CCA GAG GCC GAG GAA GCT TGC GGC GGC AGC TCC GAA GAG AAG ACC CTC GAG ATG ATG TCC CCC GCC AGC TCC GCC CTG GCC AGC GCC GGC CAC ACC CCC TTC CAC CAA TCC CCA GTG GAA GAT GCA ATC GTG GCT GAG GAG CCA GTG GCC GCG AGG AGC GCC TGG CAG CCC AGC GGC TCC GGT CCC CGG GCC TCG CAC GAC AAC TCG AGC TCT TCC CAA GAG AAG CAG CCG GGC TGC CTC TCC CCT GGC GAT GCT CCT GAT GTG TCG CCC ACC ATT ACC ACT CCC TCC CTG CCA GCT GAA GTG GGG TCC CCT CAT TCC ACT GAG GTG GAC GAG TCT CTC TCC ATC TCC TTT GAG CAG GTC CTG CCG CCG GTG AGC GAG TTC CCC CAG GAG GAA GCG GGG CAC GTC CGG GCC GGG GGG CTC ACC CCA GAG CCA GAG GCT GCG GTC AGC AAA GGG GAG ATG TCT CTG CCC CTT CGG CCC TGC CAC CCT CTC CAT GGC ACC CAG CGG TTG GAT GGC CAC GTC TTG CCC AAG TCT GGC CGC CGC TCG GAT TCC CCC CAC GAC GTG GAT CTC TGC CTG GTG TCC CCG TGT GAG TTT GAG CAC CCC AAG GCG GAG AGG TCT CCG TCG ATC TGC TTC ATC CCC CGG GAC AGG TCC AAC AGC AGT GAC TTC TCC CAA GAG CTG GCC AAG CCC TTG TCG CAC CGG AAG GGT CCC CGG GGC CGC AAG CCC CAC CCC CTG GCC GAT GAG ACC CCA CCC ACT TCA TTC AGC GAA TCG CTG CCC ACC CTC TCG GAC TCT GAC ATC CCA CCT GTC ATG GAG GAG TAC CCT TCC AGC ACA GCG GAC GGT GGG CTG GAC TCG GAC GAT GAC CCC GAG AGT CTG GCC CGG ACC CGT GAC CCG CTC CCA GCC GCC CTG AAA GAC CCT TGC CCC CTC CCC GCC CAG CCC GGC ATC TGC ATG GTG GAC CCT GAG AGA GAA GCC ACC ACC AAG ATC AAG CAG ATG CCC CAG CGG GTG GGC TCT GCA CCC CCC AAG GTG GAC ACC CCC AGA GTC GCG ACC ACC AGC AGC GGC CGG GCC AAG GCT TCT TCA GCC CCT CTA GGG GGG AGC GCC CGC TTG CCT GCC CTT GGC AAA AGT GGC CCC TCA GTG TCC CGC ACT GCT GGG GAT AAC AAG GCG CCC GTC GGC CAC CGG GGC ACG AAC ACC AGG CCA CTT GCG GGG GCC AGC AAG CCC CCT CTG TCA GGC CCC AAG GCC GGC GTT CCG TGC CCC ACG GTC TAC CTG GAG CTG GCC TAC ATC CCT GGT TCC ACG AGT GCC CAG CAG GTG GAC AAA GAC TTC TTC CAG CAC ATC CGC TCC CAG TGC TAC GTC ATC AGC GGC GAG GAC CAC ATC AAG GGA GGC GTC ATG CGG GGC ATC TTG GAC GCG CTC CTG GCG GGG AAG CAG CAC TGG GCC CGC GAC ACC CAG GTG ACC CTG ATC CCC ACC TTC GAC TCA CTG GTC ATG CAC AGA TGG TAC ATG GAG ACA CTG GAG CGT CAG CAG GCC CTG GGC ATC ACG GTG CTC GGC AGC AAC AGC ACC GTG GCC ATG CAG GAC GAC ACC TTC CCC GCA TGC AAA GTG GAG TTC 



Printing out site pattern counts


         2        177  P

SEQ1                            AAA AAC AAG AAT ACA ACC ACG ACT AGA AGC AGG AGT ATA ATC ATG ATT CAA CAC CAG CAT CCA CCC CCG CCT CGA CGC CGG CGT CTA CTC CTG CTT GAA GAC GAG GAT GCA GCC GCG GCT GGA GGC GGG GGT GTC GTG GTT TAC TAT TCA TCC TCG TCT TGC TGG TGT TTC TTG TTT 
SEQ2                            ... ... ... ... ... ... ... ... ... ... ... ... ... ... ... ... ... ... ... ... ... ... ... ... ... ... ... ... ... ... ... ... ... ... ... ... ... ... ... ... ... ... ... ... ... ... ... ... ... ... ... ... ... ... ... ... ... ... ... 

   11   21   77    4    7   33    9   11    8   41   19    9    2   34   22
    8    6   26   42    4   24   62   20   24    4   17   24    5    2   33
   80    8   16   58   78   19    8   51   26   16   10   57   37   11   24
   37    6    8    3    8   43   20   16   19    9    6   33   13    9

YN00 paml/jobs/LOCW_00021262__LOC_00019038/LOCW_00021262__LOC_00019038.phy

ns =   2	ls =1338

Codon position x base (3x4) table for each sequence.

SEQ1                
position  1:    T:0.13976    C:0.28475    A:0.23617    G:0.33931
position  2:    T:0.23244    C:0.28251    A:0.27877    G:0.20628
position  3:    T:0.11883    C:0.41854    A:0.07922    G:0.38341

SEQ2                
position  1:    T:0.13976    C:0.28475    A:0.23617    G:0.33931
position  2:    T:0.23244    C:0.28251    A:0.27877    G:0.20628
position  3:    T:0.11883    C:0.41854    A:0.07922    G:0.38341

Average
position  1:    T:0.13976    C:0.28475    A:0.23617    G:0.33931
position  2:    T:0.23244    C:0.28251    A:0.27877    G:0.20628
position  3:    T:0.11883    C:0.41854    A:0.07922    G:0.38341

Codon usage for each species
----------------------------------------------------------------------
Phe TTT   9   9 | Ser TCT  16  16 | Tyr TAT   3   3 | Cys TGT   6   6
    TTC  33  33 |     TCC  43  43 |     TAC   8   8 |     TGC  19  19
Leu TTA   0   0 |     TCA   8   8 | *** TAA   0   0 | *** TGA   0   0
    TTG  13  13 |     TCG  20  20 |     TAG   0   0 | Trp TGG   9   9
----------------------------------------------------------------------
Leu CTT   8   8 | Pro CCT  24  24 | His CAT   4   4 | Arg CGT   5   5
    CTC  33  33 |     CCC  62  62 |     CAC  26  26 |     CGC  17  17
    CTA   2   2 |     CCA  24  24 | Gln CAA   6   6 |     CGA   4   4
    CTG  80  80 |     CCG  20  20 |     CAG  42  42 |     CGG  24  24
----------------------------------------------------------------------
Ile ATT   8   8 | Thr ACT  11  11 | Asn AAT   4   4 | Ser AGT   9   9
    ATC  34  34 |     ACC  33  33 |     AAC  21  21 |     AGC  41  41
    ATA   2   2 |     ACA   7   7 | Lys AAA  11  11 | Arg AGA   8   8
Met ATG  22  22 |     ACG   9   9 |     AAG  77  77 |     AGG  19  19
----------------------------------------------------------------------
Val GTT   6   6 | Ala GCT  16  16 | Asp GAT  19  19 | Gly GGT  11  11
    GTC  24  24 |     GCC  51  51 |     GAC  58  58 |     GGC  57  57
    GTA   0   0 |     GCA   8   8 | Glu GAA  16  16 |     GGA  10  10
    GTG  37  37 |     GCG  26  26 |     GAG  78  78 |     GGG  37  37
----------------------------------------------------------------------


Sums
------------------------------------------------------
Phe TTT  18 | Ser TCT  32 | Tyr TAT   6 | Cys TGT  12
    TTC  66 |     TCC  86 |     TAC  16 |     TGC  38
Leu TTA   0 |     TCA  16 | *** TAA   0 | *** TGA   0
    TTG  26 |     TCG  40 |     TAG   0 | Trp TGG  18
------------------------------------------------------
Leu CTT  16 | Pro CCT  48 | His CAT   8 | Arg CGT  10
    CTC  66 |     CCC 124 |     CAC  52 |     CGC  34
    CTA   4 |     CCA  48 | Gln CAA  12 |     CGA   8
    CTG 160 |     CCG  40 |     CAG  84 |     CGG  48
------------------------------------------------------
Ile ATT  16 | Thr ACT  22 | Asn AAT   8 | Ser AGT  18
    ATC  68 |     ACC  66 |     AAC  42 |     AGC  82
    ATA   4 |     ACA  14 | Lys AAA  22 | Arg AGA  16
Met ATG  44 |     ACG  18 |     AAG 154 |     AGG  38
------------------------------------------------------
Val GTT  12 | Ala GCT  32 | Asp GAT  38 | Gly GGT  22
    GTC  48 |     GCC 102 |     GAC 116 |     GGC 114
    GTA   0 |     GCA  16 | Glu GAA  32 |     GGA  20
    GTG  74 |     GCG  52 |     GAG 156 |     GGG  74
------------------------------------------------------



(A) Nei-Gojobori (1986) method



Nei & Gojobori 1986. dN/dS (dN, dS)
(Note: This matrix is not used in later ML. analysis.
Use runmode = -2 for ML pairwise comparison.)

SEQ1                
SEQ2                -1.0000 (0.0000 0.0000)


(B) Yang & Nielsen (2000) method

Yang Z, Nielsen R (2000) Estimating synonymous and nonsynonymous substitution rates under realistic evolutionary models. Mol. Biol. Evol. 17:32-43

(equal weighting of pathways)

seq. seq.     S       N        t   kappa   omega     dN +- SE    dS +- SE

   2    1   813.6  3200.4  -0.0000  4.6000 99.0000 -0.0000 +- 0.0000 -0.0000 +- 0.0000


(C) LWL85, LPB93 & LWLm methods

Li W.-H., C.-I. Wu, Luo (1985) A new method for estimating synonymous and nonsynonymous rates of nucleotide substitutions considering the relative likelihood of nucleotide and codon changes. Mol. Biol. Evol. 2: 150-174.
Li W-H (1993) Unbiased estimation of the rates of synonymous and nonsynonymous substitution. J. Mol. Evol. 36:96-99
Pamilo P, Bianchi NO (1993) Evolution of the Zfx and Zfy genes - rates and interdependence between the genes. Mol. Biol. Evol. 10:271-281
Yang Z (2006) Computational Molecular Evolution. Oxford University Press, Oxford. Eqs. 2.12 & 2.13

2 (SEQ2) vs. 1 (SEQ1)

L(i):     2557.0     724.0     733.0  sum=   4014.0
Ns(i):    0.0000    0.0000    0.0000  sum=   0.0000
Nv(i):    0.0000    0.0000    0.0000  sum=   0.0000
A(i):     0.0000    0.0000    0.0000
B(i):    -0.0000   -0.0000   -0.0000
LWL85:  dS =  0.0000 dN =  0.0000 w =   -nan S =  974.3 N = 3039.7
LWL85m: dS =    -nan dN =    -nan w =   -nan S =   -nan N =   -nan (rho = -nan)
LPB93:  dS =  0.0000 dN =  0.0000 w =   -nan

