
Before deleting alignment gaps
      2   3123

SEQ1                            GTG AAT GGG CCT GAT GGC ATC CTC CAG AAT GGG GTC ATG GAT GAT AAT GTG CCC AAG ACC AGC CAG CTC CTT GCA GAG CTC AAT TTT GAA GAA GAC GAG GAA GAC ACT TAC TAT ACC AAG GAC CTT CCT ATT CAT GCC TGC AGC TAC TGT GGC ATT CAT GAG CCT GCT TGT GTG GTC TAC TGC AAC ACC AGC AAG AAG TGG TTC TGC AAT GGG CGT GGG AAT ACA TCT GGC AGC CAT ATC GTG AAC CAT CTT GTG CGA GCA AAG TGC AAA GAA GTG ACC CTG CAC AAG GAC GGC CCT CTA GGA GAG ACA GTC CTG GAG TGC TAC AAC TGC GGC TGC CGG AAC GTG TTC CTG CTC GGC TTC ATC CCA GCC AAG GCG GAC TCG GTG GTC GTC TTG CTG TGC AGG CAG CCG TGT GCT AGT CAG AGC AGC TTG AAG GAC ATC AAC TGG GAC AGC TCG CAG TGG CAG CCT CTG ATC CAG GAC CGC TGC TTC CTT TCC TGG CTG GTC AAA ATC CCA TCC GAG CAG GAG CAG CTG CGA GCG CGA CAG ATC ACG GCG CAG CAG ATC AAC AAG CTG GAG GAG CTC TGG AAG GAG AAC CCG TCT GCT ACC CTT GAG GAT TTG GAG AAG CCC GGC GTG GAT GAG GAG CCG CAG CAC GTC CTC CTC AGA TAT GAG GAC GCG TAT CAG TAC CAG AAC ATC TTT GGG CCT CTG GTC AAA CTT GAA GCC GAC TAT GAC AAG AAG CTG AAG GAG TCC CAG ACC CAA GAC AAC ATC ACT GTG AGG TGG GAC CTG GGC TTG AAC AAG AAA AGA ATT GCC TAC TTC ACC TTG CCA AAG ACT GAT TCA GAT ATG CGC CTG ATG CAG GGT GAT GAG ATT TGC TTG CGC TAC AAG GGG GAC TTG GCC CCA CTC TGG AAA GGC ATC GGC CAT GTT ATT AAA GTT CCT GAT AAT TAT GGT GAC GAA ATT GCA ATC GAG CTG AGG AGC AGT GTT GGC GCC CCT GTG GAA GTG ATT CAT AAT TTT CAA GTG GAC TTT GTG TGG AAG TCT ACG TCC TTT GAC AGA ATG CAG AGT GCC CTC AAA ACC TTT GCT GTG GAT GAA ACC TCT GTG TCT GGC TAC ATC TAT CAC AAG CTT TTG GGT CAT GAG GTG GAG GAT GTG GTT ATC AAA TGC CAG CTG CCA AAG CGC TTT ACG GCA CAA GGA CTT CCT GAC CTC AAC CAT TCT CAG GTG TAT GCC GTG AAG ACT GTC CTG CAG CGT CCC TTG AGC CTC ATC CAG GGT CCC CCT GGA ACA GGC AAG ACT GTG ACA TCG GCC ACC ATT GTG TAC CAT TTG GCT AGG CAA GGA AAT GGG CCT GTA CTG GTC TGC GCC CCG AGC AAC ATA GCT GTG GAC CAG CTG ACC GAG AAG ATA CAC CAG ACA GGG CTG AAA GTG GTG CGC CTG TGT GCG AAG AGC CGC GAG GCC ATC GAC TCT CCT GTC TCG TTT CTG GCA CTT CAC AAC CAG ATC AGG AAT ATG GAC AGT ATG CCA GAG CTG CAG AAG CTA CAG CAG CTG AAG GAC GAG ACG GGG GAG CTG TCG TCT GCA GAC GAA AAA CGC TAC CGG GCA CTG AAA CGG ACA GCT GAG CGG GAA TTG CTG ATG AAC GCT GAT GTC ATT TGC TGC ACG TGC GTG GGA GCC GGC GAT CCA AGG CTC GCG AAA ATG CAG TTC CGC TCC ATT CTG ATA GAC GAG AGC ACG CAG GCC ACT GAG CCA GAA TGC ATG GTG CCC GTG GTC CTG GGC GCA AAG CAG CTG ATT CTT GTG GGT GAC CAT TGC CAG CTT GGC CCA GTG GTG ATG TGT AAG AAG GCA GCC AAA GCA GGC CTG TCC CAA TCC CTC TTT GAA CGC CTC GTG GTG CTC GGA ATC CGG CCC ATC CGC CTG CAA GTG CAG TAC CGC ATG CAC CCA GCC CTG AGT GCC TTT CCT TCC AAC ATC TTC TAT GAA GGC TCT CTG CAG AAC GGT GTC ACT GCA GCG GAT CGT GTG AAG AAA GGA TTT GAC TTC CAG TGG CCC CAG CTG GAC AAG CCC ATG TTT TTC TAT GTG ACC CAG GGC CAA GAA GAA ATT GCC AGC TCC GGC ACA TCT TAC TTG AAC AGG --- --- --- --- --- --- --- --- --- --- --- --- --- --- --- --- --- --- --- --- --- --- --- --- --- --- --- --- --- --- --- --- --- --- --- --- --- --- --- --- --- --- --- --- --- --- --- --- --- --- --- --- --- --- --- --- --- --- --- --- --- --- --- --- --- --- --- --- --- --- --- --- --- --- --- --- --- --- --- --- --- --- --- --- --- --- --- --- --- --- --- --- --- --- --- --- --- --- --- --- --- --- --- --- --- --- --- --- --- --- --- --- --- --- --- --- --- --- --- --- --- --- --- --- --- --- --- --- --- --- --- --- --- --- --- --- --- --- --- --- --- --- --- --- --- --- --- --- --- --- --- --- --- --- --- --- --- --- --- --- --- --- --- --- --- --- --- --- --- --- --- --- --- --- --- --- --- --- --- --- --- --- --- --- --- --- --- --- --- --- --- --- --- --- --- --- --- --- --- --- --- --- --- --- --- --- --- --- --- --- --- --- --- --- --- --- --- --- --- --- --- --- --- --- --- --- --- --- --- --- --- --- --- --- --- --- --- --- --- --- --- --- --- --- --- --- --- --- --- --- --- --- --- --- --- --- --- --- --- --- --- --- --- --- --- --- --- --- --- --- --- --- --- --- --- --- --- --- --- --- --- --- --- --- --- --- --- --- --- --- --- --- --- --- --- --- --- --- --- --- --- --- --- --- --- --- --- --- --- --- --- --- --- --- --- --- --- --- --- --- --- --- --- --- --- --- --- --- --- --- --- --- --- --- --- --- --- --- --- --- --- --- --- --- --- --- --- --- --- --- 
SEQ2                            GTG AAT GGG CCT GAT GGC ATC CTC CAG AAT GGG GCT GTG GAC GAC AAT GTG CCC AAG GCC AGC CAG CTC CTT GCA GAG CTC AAT TTT GAG GAA GAC GAG GAA GAT ACC TAC TAC ACT AAG GAC CTT CCT GTG CAT GCC TGC AGC TAC TGC GGC ATT CAT GAC CCT GCT TGT GTG GTT TAC TGC AAC ACC AGC AAG AAG TGG TTC TGC AAT GGG CGT GGG AAT ACA TCT GGC AGC CAT ATC GTG AAC CAT CTT GTG CGA GCA AAG TGC AAA GAA GTG ACC CTG CAC AAG GAC GGC CCT CTC GGC GAG ACG GTC CTG GAG TGC TAC AAC TGC GGC TGC CGG AAC GTG TTC CTG CTC GGC TTC ATC CCA GCC AAG GCG GAC TCG GTG GTC GTC TTG CTG TGC AGG CAG CCG TGT GCT AGT CAG AGC AGC TTG AAG GAC ATC AAC TGG GAC AGC TCG CAG TGG CAG CCT CTG ATC CAG GAC CGC TGC TTC CTT TCC TGG CTG GTC AAA ATC CCA TCT GAG CAG GAG CAG CTG CGA GCG CGA CAG ATC ACG GCG CAG CAG ATC AAC AAG CTG GAG GAG CTC TGG AAG GAG AAC CCG TCT GCC ACC CTT GAG GAC TTG GAG AAG CCC GGC GTG GAT GAG GAG CCG CAG CAC GTC CTC CTC AGA TAC GAG GAC GCG TAT CAG TAC CAG AAC ATC TTT GGG CCT CTG GTC AAA CTC GAA GCC GAC TAT GAC AAG AAG CTG AAG GAG TCC CAG ACC CAA GAC AAC ATC ACC GTG AGG TGG GAC CTG GGC TTG AAC AAG AAA AGA ATC GCC TAC TTC ACC TTG CCA AAG ACT GAT TCA GAT ATG CGC CTG ATG CAG GGC GAT GAG ATC TGC CTG CGC TAC AAG GGA GAC TTG GCC CCA CTC TGG AAA GGC ATC GGC CAT GTT ATT AAA GTT CCT GAT AAT TAT GGT GAC GAA ATC GCG ATC GAG CTG AGG AGC AGC GTC GGT GCC CCT GTG GAA GTG ACC CAT AAT TTT CAA GTG GAC TTC GTG TGG AAG TCC ACG TCC TTC GAC AGA ATG CAG AGT GCC CTC AAA ACC TTT GCT GTG GAT GAA ACC TCT GTG TCC GGC TAC ATC TAT CAC AAG CTT TTG GGT CAT GAG GTG GAG GAT GTG GTT ATC AAA TGC CAG CTG CCA AAG CGC TTT ACG GCA CAA GGA CTT CCT GAC CTC AAC CAT TCC CAG GTG TAT GCC GTG AAG ACT GTC CTG CAG CGT CCC TTG AGC CTC ATC CAG GGC CCC CCT GGG ACA GGC AAG ACC GTG ACA TCG GCC ACC ATT GTG TAC CAT TTG GCC AGG CAA GGA AAT GGG CCT GTG CTG GTC TGC GCC CCG AGC AAC ATA GCT GTG GAC CAG CTG ACC GAG AAG ATA CAC CAG ACG GGG CTG AAA GTG GTG CGC CTG TGT GCG AAG AGC CGC GAG GCC ATC GAC TCT CCC GTC TCA TTC CTG GCG CTG CAC AAC CAG ATC CGG AAT ATG GAC AGT ATG CCA GAG CTG CAG AAG CTA CAG CAG CTG AAA GAT GAG ACG GGG GAG CTG TCG TCT GCA GAC GAA AAG CGC TAC CGG GCA CTG AAA CGG ACA GCT GAG CGG GAG TTG CTG ATG AAC GCT GAT GTC ATT TGC TGC ACG TGC GTG GGA GCC GGC GAT CCA AGG CTC GCG AAA ATG CAG TTC CGC TCC ATT CTG ATA GAC GAG AGC ACG CAG GCC ACT GAG CCA GAA TGC ATG GTG CCC GTG GTC CTG GGC GCA AAG CAG CTG ATC CTC GTG GGC GAC CAC TGC CAG CTC GGC CCG GTG GTG ATG TGC AAG AAG GCG GCC AAG GCA GGC CTG TCC CAG TCC CTC TTC GAG CGG CTC GTG GTG CTC GGG ATC CGG CCC ATC CGC CTG CAA GTG CAG TAC CGC ATG CAC CCG GCC CTG AGC GCC TTT CCT TCC AAC ATC TTC TAC GAG GGC TCT CTG CAG AAC GGC GTC ACT GCA GCG GAC CGT GTG AAG AAG GGG TTT GAC TTC CAG TGG CCC CAG CCA GAC AAG CCC ATG TTT TTC TAT GTG ACC CAG GGG CAA GAA GAA ATC GCC AGC TCT GGC ACG TCT TAC TTG AAC AGG ACG GAG GCT GCA AAC GTA GAG AAG ATC ACC ACC AAG CTG CTG AAG GCC GGT GCC AAA CCG GAC CAG ATC GGC ATC ATC ACG CCC TAC GAG GGG CAG CGC TCC TAC CTC GTG CAG TAC ATG CAG TTC AGC GGC TCC CTG CAC ACC AAG CTC TAC CAG GAA GTG GAA ATT GCC AGT GTC GAC GCT TTC CAA GGG CGA GAG AAA GAC TTC ATT ATC CTG TCC TGC GTC AGA GCC AAC GAG CAC CAG GGA ATC GGC TTT CTG AAC GAC CCC CGC CGT CTC AAC GTG GCG CTC ACG AGA GCA AGG TAT GGC GTC ATT ATT GTC GGG AAC CCG AAG GCC CTC TCC AAG CAG CCC CTC TGG AAT CAC CTC CTG AAC TAC TAC AAG GAG CAG AAG GTG CTG GTG GAG GGG CCG CTG AAC AAC CTC CGC GAG AGC CTC ATG CAG TTC AGC AAG CCT CGG AAG CTT GTC AAC ACG ATC AAC CCC GGG GCC CGG TTC ATG ACG ACC GCC ATG TAC GAT GCC CGC GAA GCG ATT ATC CCC GGG TCG GTG TAT GAC CGG AGC AGC CAA GGC CGG CCC TCC AAC ATG TAC TTC CAG ACC CAC GAT CAG ATC GGC ATG ATC AGC GCT GGG CCG AGC CAC GTG GCC GCC ATG AAC ATC CCC ATC CCG TTC AAC CTG GTG ATG CCC CCC ATG CCG CCC CCC GGG TAT TTT GGG CAA GCC AAC GGG CCG GCT GCC GGA CGC GGG AAC CTG AAA AGC AAG ACG GGC CGC GGC GGG CGC CAG AAG AAC CGC TTT GGG ATC CCA GGG GCG AGC CAG TCC AAC CTG CCC AAC AGC CAG GCC AGC CAG GAC GTG GTC TCC CAG CCT TTC TCG CAG GGC CCG CTG ACG CAG GGC TAC ATC TCC ATG AGC CAG CCC TCC CAG ATG AGC CAG CCG GGC CTG TCC CAG CCA GAG CTG TCG CAG GAT AGT TAC CTT GGT GAT GAG TTT AAG TCT CAG ATT GAC GTG GCC CTG TCG CAG GAT TCG ACT TAC CAG GGA GAG CGC GCA TAT CAA CAC GGA GTG ACG GGA CTG TCA CAG TAT 



After deleting gaps. 2073 sites
      2   2073

SEQ1                            GTG AAT GGG CCT GAT GGC ATC CTC CAG AAT GGG GTC ATG GAT GAT AAT GTG CCC AAG ACC AGC CAG CTC CTT GCA GAG CTC AAT TTT GAA GAA GAC GAG GAA GAC ACT TAC TAT ACC AAG GAC CTT CCT ATT CAT GCC TGC AGC TAC TGT GGC ATT CAT GAG CCT GCT TGT GTG GTC TAC TGC AAC ACC AGC AAG AAG TGG TTC TGC AAT GGG CGT GGG AAT ACA TCT GGC AGC CAT ATC GTG AAC CAT CTT GTG CGA GCA AAG TGC AAA GAA GTG ACC CTG CAC AAG GAC GGC CCT CTA GGA GAG ACA GTC CTG GAG TGC TAC AAC TGC GGC TGC CGG AAC GTG TTC CTG CTC GGC TTC ATC CCA GCC AAG GCG GAC TCG GTG GTC GTC TTG CTG TGC AGG CAG CCG TGT GCT AGT CAG AGC AGC TTG AAG GAC ATC AAC TGG GAC AGC TCG CAG TGG CAG CCT CTG ATC CAG GAC CGC TGC TTC CTT TCC TGG CTG GTC AAA ATC CCA TCC GAG CAG GAG CAG CTG CGA GCG CGA CAG ATC ACG GCG CAG CAG ATC AAC AAG CTG GAG GAG CTC TGG AAG GAG AAC CCG TCT GCT ACC CTT GAG GAT TTG GAG AAG CCC GGC GTG GAT GAG GAG CCG CAG CAC GTC CTC CTC AGA TAT GAG GAC GCG TAT CAG TAC CAG AAC ATC TTT GGG CCT CTG GTC AAA CTT GAA GCC GAC TAT GAC AAG AAG CTG AAG GAG TCC CAG ACC CAA GAC AAC ATC ACT GTG AGG TGG GAC CTG GGC TTG AAC AAG AAA AGA ATT GCC TAC TTC ACC TTG CCA AAG ACT GAT TCA GAT ATG CGC CTG ATG CAG GGT GAT GAG ATT TGC TTG CGC TAC AAG GGG GAC TTG GCC CCA CTC TGG AAA GGC ATC GGC CAT GTT ATT AAA GTT CCT GAT AAT TAT GGT GAC GAA ATT GCA ATC GAG CTG AGG AGC AGT GTT GGC GCC CCT GTG GAA GTG ATT CAT AAT TTT CAA GTG GAC TTT GTG TGG AAG TCT ACG TCC TTT GAC AGA ATG CAG AGT GCC CTC AAA ACC TTT GCT GTG GAT GAA ACC TCT GTG TCT GGC TAC ATC TAT CAC AAG CTT TTG GGT CAT GAG GTG GAG GAT GTG GTT ATC AAA TGC CAG CTG CCA AAG CGC TTT ACG GCA CAA GGA CTT CCT GAC CTC AAC CAT TCT CAG GTG TAT GCC GTG AAG ACT GTC CTG CAG CGT CCC TTG AGC CTC ATC CAG GGT CCC CCT GGA ACA GGC AAG ACT GTG ACA TCG GCC ACC ATT GTG TAC CAT TTG GCT AGG CAA GGA AAT GGG CCT GTA CTG GTC TGC GCC CCG AGC AAC ATA GCT GTG GAC CAG CTG ACC GAG AAG ATA CAC CAG ACA GGG CTG AAA GTG GTG CGC CTG TGT GCG AAG AGC CGC GAG GCC ATC GAC TCT CCT GTC TCG TTT CTG GCA CTT CAC AAC CAG ATC AGG AAT ATG GAC AGT ATG CCA GAG CTG CAG AAG CTA CAG CAG CTG AAG GAC GAG ACG GGG GAG CTG TCG TCT GCA GAC GAA AAA CGC TAC CGG GCA CTG AAA CGG ACA GCT GAG CGG GAA TTG CTG ATG AAC GCT GAT GTC ATT TGC TGC ACG TGC GTG GGA GCC GGC GAT CCA AGG CTC GCG AAA ATG CAG TTC CGC TCC ATT CTG ATA GAC GAG AGC ACG CAG GCC ACT GAG CCA GAA TGC ATG GTG CCC GTG GTC CTG GGC GCA AAG CAG CTG ATT CTT GTG GGT GAC CAT TGC CAG CTT GGC CCA GTG GTG ATG TGT AAG AAG GCA GCC AAA GCA GGC CTG TCC CAA TCC CTC TTT GAA CGC CTC GTG GTG CTC GGA ATC CGG CCC ATC CGC CTG CAA GTG CAG TAC CGC ATG CAC CCA GCC CTG AGT GCC TTT CCT TCC AAC ATC TTC TAT GAA GGC TCT CTG CAG AAC GGT GTC ACT GCA GCG GAT CGT GTG AAG AAA GGA TTT GAC TTC CAG TGG CCC CAG CTG GAC AAG CCC ATG TTT TTC TAT GTG ACC CAG GGC CAA GAA GAA ATT GCC AGC TCC GGC ACA TCT TAC TTG AAC AGG 
SEQ2                            GTG AAT GGG CCT GAT GGC ATC CTC CAG AAT GGG GCT GTG GAC GAC AAT GTG CCC AAG GCC AGC CAG CTC CTT GCA GAG CTC AAT TTT GAG GAA GAC GAG GAA GAT ACC TAC TAC ACT AAG GAC CTT CCT GTG CAT GCC TGC AGC TAC TGC GGC ATT CAT GAC CCT GCT TGT GTG GTT TAC TGC AAC ACC AGC AAG AAG TGG TTC TGC AAT GGG CGT GGG AAT ACA TCT GGC AGC CAT ATC GTG AAC CAT CTT GTG CGA GCA AAG TGC AAA GAA GTG ACC CTG CAC AAG GAC GGC CCT CTC GGC GAG ACG GTC CTG GAG TGC TAC AAC TGC GGC TGC CGG AAC GTG TTC CTG CTC GGC TTC ATC CCA GCC AAG GCG GAC TCG GTG GTC GTC TTG CTG TGC AGG CAG CCG TGT GCT AGT CAG AGC AGC TTG AAG GAC ATC AAC TGG GAC AGC TCG CAG TGG CAG CCT CTG ATC CAG GAC CGC TGC TTC CTT TCC TGG CTG GTC AAA ATC CCA TCT GAG CAG GAG CAG CTG CGA GCG CGA CAG ATC ACG GCG CAG CAG ATC AAC AAG CTG GAG GAG CTC TGG AAG GAG AAC CCG TCT GCC ACC CTT GAG GAC TTG GAG AAG CCC GGC GTG GAT GAG GAG CCG CAG CAC GTC CTC CTC AGA TAC GAG GAC GCG TAT CAG TAC CAG AAC ATC TTT GGG CCT CTG GTC AAA CTC GAA GCC GAC TAT GAC AAG AAG CTG AAG GAG TCC CAG ACC CAA GAC AAC ATC ACC GTG AGG TGG GAC CTG GGC TTG AAC AAG AAA AGA ATC GCC TAC TTC ACC TTG CCA AAG ACT GAT TCA GAT ATG CGC CTG ATG CAG GGC GAT GAG ATC TGC CTG CGC TAC AAG GGA GAC TTG GCC CCA CTC TGG AAA GGC ATC GGC CAT GTT ATT AAA GTT CCT GAT AAT TAT GGT GAC GAA ATC GCG ATC GAG CTG AGG AGC AGC GTC GGT GCC CCT GTG GAA GTG ACC CAT AAT TTT CAA GTG GAC TTC GTG TGG AAG TCC ACG TCC TTC GAC AGA ATG CAG AGT GCC CTC AAA ACC TTT GCT GTG GAT GAA ACC TCT GTG TCC GGC TAC ATC TAT CAC AAG CTT TTG GGT CAT GAG GTG GAG GAT GTG GTT ATC AAA TGC CAG CTG CCA AAG CGC TTT ACG GCA CAA GGA CTT CCT GAC CTC AAC CAT TCC CAG GTG TAT GCC GTG AAG ACT GTC CTG CAG CGT CCC TTG AGC CTC ATC CAG GGC CCC CCT GGG ACA GGC AAG ACC GTG ACA TCG GCC ACC ATT GTG TAC CAT TTG GCC AGG CAA GGA AAT GGG CCT GTG CTG GTC TGC GCC CCG AGC AAC ATA GCT GTG GAC CAG CTG ACC GAG AAG ATA CAC CAG ACG GGG CTG AAA GTG GTG CGC CTG TGT GCG AAG AGC CGC GAG GCC ATC GAC TCT CCC GTC TCA TTC CTG GCG CTG CAC AAC CAG ATC CGG AAT ATG GAC AGT ATG CCA GAG CTG CAG AAG CTA CAG CAG CTG AAA GAT GAG ACG GGG GAG CTG TCG TCT GCA GAC GAA AAG CGC TAC CGG GCA CTG AAA CGG ACA GCT GAG CGG GAG TTG CTG ATG AAC GCT GAT GTC ATT TGC TGC ACG TGC GTG GGA GCC GGC GAT CCA AGG CTC GCG AAA ATG CAG TTC CGC TCC ATT CTG ATA GAC GAG AGC ACG CAG GCC ACT GAG CCA GAA TGC ATG GTG CCC GTG GTC CTG GGC GCA AAG CAG CTG ATC CTC GTG GGC GAC CAC TGC CAG CTC GGC CCG GTG GTG ATG TGC AAG AAG GCG GCC AAG GCA GGC CTG TCC CAG TCC CTC TTC GAG CGG CTC GTG GTG CTC GGG ATC CGG CCC ATC CGC CTG CAA GTG CAG TAC CGC ATG CAC CCG GCC CTG AGC GCC TTT CCT TCC AAC ATC TTC TAC GAG GGC TCT CTG CAG AAC GGC GTC ACT GCA GCG GAC CGT GTG AAG AAG GGG TTT GAC TTC CAG TGG CCC CAG CCA GAC AAG CCC ATG TTT TTC TAT GTG ACC CAG GGG CAA GAA GAA ATC GCC AGC TCT GGC ACG TCT TAC TTG AAC AGG 



Printing out site pattern counts


         2        309  P

SEQ1                            AAA AAA AAC AAG AAG AAT ACA ACA ACC ACC ACC ACG ACT ACT AGA AGC AGG AGG AGT AGT ATA ATC ATG ATG ATT ATT ATT ATT CAA CAA CAC CAG CAT CAT CCA CCA CCC CCG CCT CCT CGA CGC CGC CGG CGT CTA CTA CTC CTG CTG CTT CTT CTT GAA GAA GAC GAC GAG GAG GAT GAT GCA GCA GCC GCG GCT GCT GGA GGA GGA GGC GGC GGC GGG GGG GGT GGT GTA GTC GTC GTC GTG GTT GTT TAC TAT TAT TCA TCC TCC TCG TCG TCT TCT TGC TGG TGT TGT TTC TTG TTG TTT TTT 
SEQ2                            ... ..G ... ..A ... ... ... ..G ... ..T G.. ... ..C ... ... ... ... C.. ..C ... ... ... ... G.. .CC ..C ... G.G ... ..G ... ... ..C ... ... ..G ... ... ..C ... ... ... ..G ... ... ... ..C ... .CA ... ..C ..G ... ... ..G ... ..T ..C ... ..C ... ... ..G ... ... ..C ... ... ..C ..G ... ..G ..T ..A ... ..C ... ..G .CT ... ..T ... ..C ... ... ..C ... ... ... ..T ..A ... ..C ... ... ... ..C ... ... C.. ... ..C ... 

   11    3   17    1   30   10    4    3   10    1    1    6    3    4    3
   13    6    1    2    3    3   20   11    1    1    5    5    1    6    1
    6   37    1    9    8    2    8    4    1   12    3   10    1    5    3
    1    1   15    1   32    3    1    7   11    4   25    2    1   27    4
   10    8    3   17    7    2    6    3    1    3   18    1    1    1    8
    4    2    1    1   12    1   36    1    3   12    3    6    1    7    2
    1    4    3    7   17    9    2    3    9    1   11    4    8

YN00 paml/jobs/LOC_00019264__LOCZ_00019264/LOC_00019264__LOCZ_00019264.phy

ns =   2	ls = 691

Codon position x base (3x4) table for each sequence.

SEQ1                
position  1:    T:0.15919    C:0.25760    A:0.25904    G:0.32417
position  2:    T:0.28365    C:0.19537    A:0.34298    G:0.17800
position  3:    T:0.20116    C:0.32851    A:0.12156    G:0.34877

SEQ2                
position  1:    T:0.15774    C:0.26049    A:0.25326    G:0.32851
position  2:    T:0.27931    C:0.19971    A:0.34298    G:0.17800
position  3:    T:0.15340    C:0.37482    A:0.09551    G:0.37627

Average
position  1:    T:0.15847    C:0.25904    A:0.25615    G:0.32634
position  2:    T:0.28148    C:0.19754    A:0.34298    G:0.17800
position  3:    T:0.17728    C:0.35166    A:0.10854    G:0.36252

Codon usage for each species
----------------------------------------------------------------------
Phe TTT  12   8 | Ser TCT  10   9 | Tyr TAT   9   6 | Cys TGT   5   3
    TTC   9  13 |     TCC   9  10 |     TAC  12  15 |     TGC  17  19
Leu TTA   0   0 |     TCA   1   2 | *** TAA   0   0 | *** TGA   0   0
    TTG  12  11 |     TCG   5   4 |     TAG   0   0 | Trp TGG   9   9
----------------------------------------------------------------------
Leu CTT  11   7 | Pro CCT  13  12 | His CAT  10   9 | Arg CGT   3   3
    CTC  15  19 |     CCC   8   9 |     CAC   6   7 |     CGC  11  10
    CTA   2   1 |     CCA  10   9 | Gln CAA   7   6 |     CGA   3   3
    CTG  33  34 |     CCG   4   6 |     CAG  37  38 |     CGG   5   7
----------------------------------------------------------------------
Ile ATT  12   5 | Thr ACT   7   5 | Asn AAT  10  10 | Ser AGT   5   3
    ATC  20  25 |     ACC  12  14 |     AAC  17  17 |     AGC  13  15
    ATA   3   3 |     ACA   7   4 | Lys AAA  14  12 | Arg AGA   3   3
Met ATG  12  11 |     ACG   6   9 |     AAG  31  33 |     AGG   7   6
----------------------------------------------------------------------
Val GTT   4   4 | Ala GCT   8   7 | Asp GAT  14  12 | Gly GGT   6   3
    GTC  14  13 |     GCC  17  20 |     GAC  27  30 |     GGC  20  23
    GTA   1   0 |     GCA  11   8 | Glu GAA  15  11 |     GGA   7   4
    GTG  36  39 |     GCG   7  10 |     GAG  28  31 |     GGG   9  12
----------------------------------------------------------------------


Sums
------------------------------------------------------
Phe TTT  20 | Ser TCT  19 | Tyr TAT  15 | Cys TGT   8
    TTC  22 |     TCC  19 |     TAC  27 |     TGC  36
Leu TTA   0 |     TCA   3 | *** TAA   0 | *** TGA   0
    TTG  23 |     TCG   9 |     TAG   0 | Trp TGG  18
------------------------------------------------------
Leu CTT  18 | Pro CCT  25 | His CAT  19 | Arg CGT   6
    CTC  34 |     CCC  17 |     CAC  13 |     CGC  21
    CTA   3 |     CCA  19 | Gln CAA  13 |     CGA   6
    CTG  67 |     CCG  10 |     CAG  75 |     CGG  12
------------------------------------------------------
Ile ATT  17 | Thr ACT  12 | Asn AAT  20 | Ser AGT   8
    ATC  45 |     ACC  26 |     AAC  34 |     AGC  28
    ATA   6 |     ACA  11 | Lys AAA  26 | Arg AGA   6
Met ATG  23 |     ACG  15 |     AAG  64 |     AGG  13
------------------------------------------------------
Val GTT   8 | Ala GCT  15 | Asp GAT  26 | Gly GGT   9
    GTC  27 |     GCC  37 |     GAC  57 |     GGC  43
    GTA   1 |     GCA  19 | Glu GAA  26 |     GGA  11
    GTG  75 |     GCG  17 |     GAG  59 |     GGG  21
------------------------------------------------------



(A) Nei-Gojobori (1986) method



Nei & Gojobori 1986. dN/dS (dN, dS)
(Note: This matrix is not used in later ML. analysis.
Use runmode = -2 for ML pairwise comparison.)

SEQ1                
SEQ2                 0.0262 (0.0047 0.1814)


(B) Yang & Nielsen (2000) method

Yang Z, Nielsen R (2000) Estimating synonymous and nonsynonymous substitution rates under realistic evolutionary models. Mol. Biol. Evol. 17:32-43

(equal weighting of pathways)

seq. seq.     S       N        t   kappa   omega     dN +- SE    dS +- SE

   2    1   585.7  1487.3   0.1416 20.3747  0.0328 0.0051 +- 0.0019  0.1542 +- 0.0188


(C) LWL85, LPB93 & LWLm methods

Li W.-H., C.-I. Wu, Luo (1985) A new method for estimating synonymous and nonsynonymous rates of nucleotide substitutions considering the relative likelihood of nucleotide and codon changes. Mol. Biol. Evol. 2: 150-174.
Li W-H (1993) Unbiased estimation of the rates of synonymous and nonsynonymous substitution. J. Mol. Evol. 36:96-99
Pamilo P, Bianchi NO (1993) Evolution of the Zfx and Zfy genes - rates and interdependence between the genes. Mol. Biol. Evol. 10:271-281
Yang Z (2006) Computational Molecular Evolution. Oxford University Press, Oxford. Eqs. 2.12 & 2.13

2 (SEQ2) vs. 1 (SEQ1)

L(i):     1337.5     418.0     317.5  sum=   2073.0
Ns(i):    6.0000   33.5000   38.5000  sum=  78.0000
Nv(i):    0.0000    2.5000    5.5000  sum=   8.0000
A(i):     0.0045    0.0879    0.1416
B(i):    -0.0000    0.0060    0.0176
LWL85:  dS =  0.1911 dN =  0.0053 w = 0.0277 S =  456.8 N = 1616.2
LWL85m: dS =  0.1267 dN =  0.0062 w = 0.0487 S =  689.2 N = 1383.8 (rho = 0.889)
LPB93:  dS =  0.1287 dN =  0.0059 w = 0.0461

