
Before deleting alignment gaps
      2   2751

SEQ1                            ATG AAC CCC ACC TGT CTG CCG CTC ATC CTG CTG CTG TTG TTG GAG GGG CAG ACC CAG GTG CTG TTC CCC GAA GAA CCC GGC CCC ATC ACC ATG GCC CTT GAT GAC AAT GTG AAG CAA TAT TCG GTG TTT GTG GGC AAT GGT ATA AGC CGG TTC TCC AGC CAA GAT GGA GGG GCA GAG CAC CTC AAC ATC CAA CGG ATG CTG ACA TTC AAT AGG ACC TTG TTC ATA GGG GAC AGG GAT AAC TTG TAC TGC ATA AGT TTG GAA CCT GCC TCA GAC AGT GAG ATG CGC TAC CAT CAG AAA TTA ACG TGG ATG TCA AAC CAA CAT GAT ATC AAC ATC TGT CGG ATG AAG GGA AAA CAC AAG GCA GAG TGC CGG AAT TTT ATT AAA GTG CTA CTC TTG CGC AAC GAC AAT ATG CTC TTT GTG TGT GGG ACC AAC GCC TTC AAC CCC ATC TGT GCC AAC TAC AGT ATG GAC ACT CTG GAG CTC ATT GGA GAT AAC ATC AGT GGC ATG GCC CGG TGC CCC TAT GAC CCA AAA CAT GCC AAT GTT GCT CTC TTC GCA GGG GGG ATG CTG TTC ACC GCC ACG GTG ACA GAT TTC CTG GCC ATC GAC GCT GTG ATT TAC CGC AGC CTT GGA GAC AAC CCA ACC CTG CGC ACC ATC AAG CAC GAC TCC AAA TGG TTC AAA GAA CCA TAC TTT GTC CAT GCT GTG GAG TGG AAA AGC CAT GTC TAT TTC TTC TTC AGG GAG ATT GCA ATG GAG TTC AAC TAC CTA GAG AAG GTG GTG GTT TCA CGG GTG GCC CGT GTG TGT AAG AAT GAC ATG GGC GGC TCC CAG CGG GTG CTG GAG AAG CAG TGG ACA TCC TTC CTC AAG GCC CGC CTC AAC TGC TCC GTG CTG GGC GAC TCT CAC TTC TAC TTC AAT GTC ATC CAG TCG GTC ACA GAC ATC CTG GTG ATC AAC GGG AGG CCT TTG GTG CTG GCT GTC TTC TCT ACG CCC AGT AAC AGT ATT CCT GGC TCA GCT GTC TGT GCC TTT GAC ATG GCC CAA ATA GCC TCT GTC TTC GAA GGA CGC TTC CAG GAG CAG AAA TCC CCC GAG TCC ATT TGG ACC CCA GTG CCG GAG GAG CTG ATA CCC AAG CCA CGG CCG GGT TGC TGC ACA GCT CCT GGG ATG CAC TAC AAC TCC TCC AGC TTC CTT CCA GAC AAG ATC CTC AAT TTC GTC AAG ACT CAT CCC CTG ATG GAC GGG TCA GTG CCA TCT TTG GGC AAC GCT CCC TGG ATC ATC CGG ACC ATG ATT CGG TAT CAG CTA CAC AAG ATT GTG GTG GAC CCT GCG GCG GGC CCT GGC AGA AAC CAC ACC GTG GTC TTC CTA GCA TCC GAC ACA GGC ATG GTG CTC AAG TTT CTC ATC CAC ACC AAC CTC AGT GCC AGC TCC GGA ACC GTC CGC ACC AGT AGC CAC AGC TTG CTT CTG GAG GAG TTT GAG ACC TAC CCA AGA GAC AAG TGC GGC AAG GAC AGT GTG GAT GAA CGG AAA CTG CTG GGC ATG GAA CTG GAC AAA GCC ACT GGC TCC CTG CTG CTG GCC TTC CCT CCC TGT GTG GTG CGC GCC CCC GTG GCC AGG TGC CAC CAA CAT TCT GGT TGT ATG AAG AAC TGT TTG GGG AGC CGC GAC CCA TAC TGT GGC TGG ACA CCT GAA GGA TCG TGT ATC TTC CTA GAA CAG CAT ACC AGG GCT GTG TTT GAG CAA GAC ATC AGC GGT GTC AAG ACC TCT CTC CTT GGC GAC TGC GAA GGG CTG GTG ACC GAA AGC TTT GTG GAT GAA CCA GAC AGT CTG GTG TCA GTG AAC CTC CTG GTG ATC TCC TCC GTG GCC GCC TTC GTG ATT GGG GCC ATG ATC TCG GGC TCC AGT GTG TGC TGG TTC ATC GGC CGC CGG GAC CGG AAG GAG CTG GCC CGC CGC AAG GAC AAG GAG AAT ATC CTG TCG CAC ACC ATG TCA GTG ATG AGT GTC AGC CAG CTG GGC GAG CGG CGG TCC CGG GGG GGG GGC AGC TGC GGG CAG CCA GAG AAC TTG CTG GCC CCG CTG ATG CAG AAT GGG TGG GCC AAG GGG CTC ATC AAG GTG AGC CAG CAT GAC CTA GAT TCA GGG ATC CTC CCC ACC CCA GAG CAG ACC CCC TTG CAG CAG AAG CGG TGC CCC AAG CCC TGC AGC TGG GAG TAC AGC CAC AAC CTC ATC AAT GCC TCC CTG CGG GGT GGG GAC CCG CTG TCC TCG GTC ATC CTG CTC CAT GCT GGC CAC ACC TCG ATG CCC CAC CAC CAC ATG AGC TCC GGC CAG GTC ATC CCC ATC TCC TGT CAC TCC ATG TTG ATG GAC CAA GAA CTG GAG GGT GAG GGG GCA GAC CTC TCG CTG GAC ATG CAT TAT CTG CTG GTC AGC AAG GGC AAC GTG CTC AGG GGT ATC CAG CAG CAG CAG CAG CAA CCA CTG CAG CAA GTG ACC CTG TCA TCG CAC CGG CCC TGC GGG ATG CGG AGC TCC TAC AGC GGC GAG CTG CCC ATC ATG CCG CAC GAC AGC CGG GAC CGG AGG CAG GTG GTG TCA GCC CCA GGC GGG GAG ACG GGG GAT CCT GCT CAC TGG AAC CTC GAC AAG CTG AAC TCA AAT AGC AAC AAT GCT GCC AGC AAG GTG AAC GCA CAC CTG AAG AGC ACC AAC GCT TTT AAT AGG GGG GAA GGC CCA GCA GTC TAT GTC CGG GCT CAG CAG GCA CCC ATG GTG GGT CCC --- CAC ACC CTG GCA GAC TTA AGC CAC CTT CTG AAG TAC ACA GGC ATT GAA CAG ACT CCC TCC TCT GTC AAA 
SEQ2                            ATG AAC CCC ACC TGT CTG CCG CTC GTC CTG CTG CTG CTG TTG GAG GGC CCT GCC CAG GCA CTG TTC CCC GAA GAA CCC AGC CCC ATC ACC GTG GCC CTT GAT GAC TAT GTG AAG CAA TAT TCA GTC TTT GTA GGC AAC GGT ATA GGC CGG TTC TCC AGC CAA GAT GGT GGG GCA GAG CGC CTC AAC ATC CAA CGG ATG CTG ACA TTC AAT AGG ACC TTG TTC GTA GGG GAC AGG GAT AAC TTG TAC CGC ATA AGT TTG GAA CCT GTC TCA GCC GGT GAA ATG CAC TAC CAT CGG AAA CTA ACG TGG ACA TCA AAC CAA CAT GAT ATC AAC ATC TGT CGG ATG AAA GGA AAA CAC GAG GCA GAG TGC CGG AAT TTT ATC AAA GTG CTG CTT CTG CAC AAC GAC AAC ATG CTC TTT GTG TGT GGG ACC AAC GCC TTC AAC CCC ATC TGT GCC AAT TAC AGC ATG GAT GCT CTG GAG CTC ATT GGA GAC AAC ATC AGC GGC ATG GCC CGG TGC CCC TAT GAC CCG AAA CAT GCC AAT GTC GCT CTC TTC ACA GGG GGG ATG CTG TTC ACC GCC ACA GTG ACA GAT TTC CTG GCC ATC GAC GCC GTG ATT TAC CGC AGC CTT GGA GAC AAC CCA ACT CTG CGC ACC GTC AAG CAC GAC TCC AAA TGG TTC AAA GAA CCA TAC TTT GTC CAT GCC GTG GAG TGG AAA AGC CAC GTC TAT TTC TTC TTC AGG GAG ATC GCA ATG GAG TTC AAC TAC TTA GAG AAG GTG GTG GTT TCG CGG GTG GCC CGG GTG TGT AAG AAC GAC ATG GGC GGC TCC CAG CGG GTG CTG GAG AAG CAG TGG ACA TCC TTC CTC AAG GCC CGC CTC AAC TGC TCG GTG CCG GGC GAC TCT CAC TTC TAC TTC AAC GTC ATC CAG TCG GTC ACA GAC ATC TTG ATG ATC GAC GGG AGG CCT GTG GTG ATG GCT GTC TTC TCC ACG CCC AGT AAT AGT ATT CCC GGC TCA GCT GTC TGC GCT TTT GAC ATG GCC CAA ATA GCC TCT GTC TTC GAA GGA CGC TTC CGG GAG CAG AAA TCC CCT GAG TCC ATT TGG ACC CCA GTG CCG GAA GAG CTG GTA CCC AAG CCA CGG CCG GGT TGC TGC ACA GCT CCT GGG ATG CGC TAC AAC TCC TCC AGC TTC CTT CCA GAC GAG ATC CTC AAT TTC GTC AAG ACA CAT CCT CTG ATG GAC GAG TCA GTG CCA TCT TTG GGT AAC GCT CCC TGG ATC ATC CGG ACC ATG ACT CGG TAT CAG CTA CGC AAG ATC GTG GTG GAC CCT GCA GCA GGC CCT GAC AGA AAC CAC ACC GTG GTC TTC CTA GCA TCT GAC ACA GGC ATG GTG CTC AAG TTT CTC ATC CAC ACC AAC CTC AGT GCC AGC TCC GGA ACC GTC CAC ACC AGT AGC CAC AGC TTG CTT CTG GAG GAG TTT GAG ACC TAC CCG AGT GAC AAG TGT GGC AAG GAC AGT GTG GAT GAA CGG AAA CTG CTG GGC ATG GAA CTG GAC AAA GCC ACT GGA TCC TTG CTG CTG GCC TTC CCT CCC TGC GTG GTG CGT GCC CCC GTG GCC AGG TGC CAC CAA CAT TCC GGC TGT ATG AAG AAC TGT TTG GGG AGC CGC GAC CCA TAC TGT GGC TGG ACG CCT GAA GGA TCG TGT ATC TTC CTA GAA CAG CAT ACC AGG GCT GCG TTT GAG CAA GAC ATC AGC GGT GTC AAG ACC TCT CAC CTT GGT GAC TGT GAA GGA CTG GTG ACC GAA AGC TTT GTG GAT GAA CCA GAC GGT CTG GTG TCG GTG AAC CTC CTG GTG ATT TCC TCC GTG GCT GCC TTC GTC ATC GGG GCC GTG ATC TCG GGC TTC AGC GTG TGC TGG TTC ATC GGC CAC AGG GAC CGG AAG GAG CTG GCC CGC CGC AAG GAC AAG GAG AAT ATC CTG TCG CAC AGC GAG TCG GTG GTG AGC GTC AGC CGG CTG GGC GAG CGG CGG TCC CGG GGA GGG CCC AGT GGC GGG CAG CCG GAG AAC TTG CTG GCC CCG CTG ATG CAG AAT GGG TGG CCG AAG GGG CTC ATC AAG GTG AGC CAG CAC GAC CTG GAT TCA GGG GTC CTC CCC ACC CCG GAG CAG ACC CCC TTG CAA CAG AAG CGG TGC CCC AAG CCC TGC ACC TGG GAG TAC AGC CAC AAC CTC ATC AAC GCC TCC CTG CGG GGT GGG GAC CCA CCG TCC TCG GTC ATC CTG CTC CAC GCC GGC CAC ACC TCG ATG CCC CAC CAC CAC ATG AGC TCT GGC CGG GTC ATC CCC ATC TCC TGC CAC TCC ATG TTG ATG GAC CAA GAA CTG GAG GGC GAG GGG ACA GAC CTC TCG CTG GAC ATG CGT TAT CTG CCA GTC AGC GTG GGC GAC GGG CCC AGG GGT GTC CAG CAG --- CAG CAA CAA CAG CTG CAG GAA GCA CCC CCG TCA TCG CAC CGG CCC TGC GGG GCA CGG AGC TCC TAC GGG GGT GAG CTG CCC ATC ACG CCG CAC GAC AGC CCG GAC CGG AGG CGG GTG GTG TCG GCC CCG GGC GGG GAG ACG GGG GAT CCT GCT CAC TGG AAC CCT GAC AAG CTG AAC TCA AAT AGC AAC AAC GCT GCC ACC AAG GCG AGC GTA CAC CTG AAG CGC ACC CAC ACT TTT AAT AGT GGG GAA GGC CCG GCA GCC TAT GCC CGG GCT CAG CGG GCG CCC ACG CTG GGG CCC CAG CAC ACC CTG GCA GAC TTG AGC CAC CTT CTG AAG TAC ACG GGC ATC GAA CGG ACT CCC TCC TCT GTC AAA 



After deleting gaps. 2745 sites
      2   2745

SEQ1                            ATG AAC CCC ACC TGT CTG CCG CTC ATC CTG CTG CTG TTG TTG GAG GGG CAG ACC CAG GTG CTG TTC CCC GAA GAA CCC GGC CCC ATC ACC ATG GCC CTT GAT GAC AAT GTG AAG CAA TAT TCG GTG TTT GTG GGC AAT GGT ATA AGC CGG TTC TCC AGC CAA GAT GGA GGG GCA GAG CAC CTC AAC ATC CAA CGG ATG CTG ACA TTC AAT AGG ACC TTG TTC ATA GGG GAC AGG GAT AAC TTG TAC TGC ATA AGT TTG GAA CCT GCC TCA GAC AGT GAG ATG CGC TAC CAT CAG AAA TTA ACG TGG ATG TCA AAC CAA CAT GAT ATC AAC ATC TGT CGG ATG AAG GGA AAA CAC AAG GCA GAG TGC CGG AAT TTT ATT AAA GTG CTA CTC TTG CGC AAC GAC AAT ATG CTC TTT GTG TGT GGG ACC AAC GCC TTC AAC CCC ATC TGT GCC AAC TAC AGT ATG GAC ACT CTG GAG CTC ATT GGA GAT AAC ATC AGT GGC ATG GCC CGG TGC CCC TAT GAC CCA AAA CAT GCC AAT GTT GCT CTC TTC GCA GGG GGG ATG CTG TTC ACC GCC ACG GTG ACA GAT TTC CTG GCC ATC GAC GCT GTG ATT TAC CGC AGC CTT GGA GAC AAC CCA ACC CTG CGC ACC ATC AAG CAC GAC TCC AAA TGG TTC AAA GAA CCA TAC TTT GTC CAT GCT GTG GAG TGG AAA AGC CAT GTC TAT TTC TTC TTC AGG GAG ATT GCA ATG GAG TTC AAC TAC CTA GAG AAG GTG GTG GTT TCA CGG GTG GCC CGT GTG TGT AAG AAT GAC ATG GGC GGC TCC CAG CGG GTG CTG GAG AAG CAG TGG ACA TCC TTC CTC AAG GCC CGC CTC AAC TGC TCC GTG CTG GGC GAC TCT CAC TTC TAC TTC AAT GTC ATC CAG TCG GTC ACA GAC ATC CTG GTG ATC AAC GGG AGG CCT TTG GTG CTG GCT GTC TTC TCT ACG CCC AGT AAC AGT ATT CCT GGC TCA GCT GTC TGT GCC TTT GAC ATG GCC CAA ATA GCC TCT GTC TTC GAA GGA CGC TTC CAG GAG CAG AAA TCC CCC GAG TCC ATT TGG ACC CCA GTG CCG GAG GAG CTG ATA CCC AAG CCA CGG CCG GGT TGC TGC ACA GCT CCT GGG ATG CAC TAC AAC TCC TCC AGC TTC CTT CCA GAC AAG ATC CTC AAT TTC GTC AAG ACT CAT CCC CTG ATG GAC GGG TCA GTG CCA TCT TTG GGC AAC GCT CCC TGG ATC ATC CGG ACC ATG ATT CGG TAT CAG CTA CAC AAG ATT GTG GTG GAC CCT GCG GCG GGC CCT GGC AGA AAC CAC ACC GTG GTC TTC CTA GCA TCC GAC ACA GGC ATG GTG CTC AAG TTT CTC ATC CAC ACC AAC CTC AGT GCC AGC TCC GGA ACC GTC CGC ACC AGT AGC CAC AGC TTG CTT CTG GAG GAG TTT GAG ACC TAC CCA AGA GAC AAG TGC GGC AAG GAC AGT GTG GAT GAA CGG AAA CTG CTG GGC ATG GAA CTG GAC AAA GCC ACT GGC TCC CTG CTG CTG GCC TTC CCT CCC TGT GTG GTG CGC GCC CCC GTG GCC AGG TGC CAC CAA CAT TCT GGT TGT ATG AAG AAC TGT TTG GGG AGC CGC GAC CCA TAC TGT GGC TGG ACA CCT GAA GGA TCG TGT ATC TTC CTA GAA CAG CAT ACC AGG GCT GTG TTT GAG CAA GAC ATC AGC GGT GTC AAG ACC TCT CTC CTT GGC GAC TGC GAA GGG CTG GTG ACC GAA AGC TTT GTG GAT GAA CCA GAC AGT CTG GTG TCA GTG AAC CTC CTG GTG ATC TCC TCC GTG GCC GCC TTC GTG ATT GGG GCC ATG ATC TCG GGC TCC AGT GTG TGC TGG TTC ATC GGC CGC CGG GAC CGG AAG GAG CTG GCC CGC CGC AAG GAC AAG GAG AAT ATC CTG TCG CAC ACC ATG TCA GTG ATG AGT GTC AGC CAG CTG GGC GAG CGG CGG TCC CGG GGG GGG GGC AGC TGC GGG CAG CCA GAG AAC TTG CTG GCC CCG CTG ATG CAG AAT GGG TGG GCC AAG GGG CTC ATC AAG GTG AGC CAG CAT GAC CTA GAT TCA GGG ATC CTC CCC ACC CCA GAG CAG ACC CCC TTG CAG CAG AAG CGG TGC CCC AAG CCC TGC AGC TGG GAG TAC AGC CAC AAC CTC ATC AAT GCC TCC CTG CGG GGT GGG GAC CCG CTG TCC TCG GTC ATC CTG CTC CAT GCT GGC CAC ACC TCG ATG CCC CAC CAC CAC ATG AGC TCC GGC CAG GTC ATC CCC ATC TCC TGT CAC TCC ATG TTG ATG GAC CAA GAA CTG GAG GGT GAG GGG GCA GAC CTC TCG CTG GAC ATG CAT TAT CTG CTG GTC AGC AAG GGC AAC GTG CTC AGG GGT ATC CAG CAG CAG CAG CAA CCA CTG CAG CAA GTG ACC CTG TCA TCG CAC CGG CCC TGC GGG ATG CGG AGC TCC TAC AGC GGC GAG CTG CCC ATC ATG CCG CAC GAC AGC CGG GAC CGG AGG CAG GTG GTG TCA GCC CCA GGC GGG GAG ACG GGG GAT CCT GCT CAC TGG AAC CTC GAC AAG CTG AAC TCA AAT AGC AAC AAT GCT GCC AGC AAG GTG AAC GCA CAC CTG AAG AGC ACC AAC GCT TTT AAT AGG GGG GAA GGC CCA GCA GTC TAT GTC CGG GCT CAG CAG GCA CCC ATG GTG GGT CCC CAC ACC CTG GCA GAC TTA AGC CAC CTT CTG AAG TAC ACA GGC ATT GAA CAG ACT CCC TCC TCT GTC AAA 
SEQ2                            ATG AAC CCC ACC TGT CTG CCG CTC GTC CTG CTG CTG CTG TTG GAG GGC CCT GCC CAG GCA CTG TTC CCC GAA GAA CCC AGC CCC ATC ACC GTG GCC CTT GAT GAC TAT GTG AAG CAA TAT TCA GTC TTT GTA GGC AAC GGT ATA GGC CGG TTC TCC AGC CAA GAT GGT GGG GCA GAG CGC CTC AAC ATC CAA CGG ATG CTG ACA TTC AAT AGG ACC TTG TTC GTA GGG GAC AGG GAT AAC TTG TAC CGC ATA AGT TTG GAA CCT GTC TCA GCC GGT GAA ATG CAC TAC CAT CGG AAA CTA ACG TGG ACA TCA AAC CAA CAT GAT ATC AAC ATC TGT CGG ATG AAA GGA AAA CAC GAG GCA GAG TGC CGG AAT TTT ATC AAA GTG CTG CTT CTG CAC AAC GAC AAC ATG CTC TTT GTG TGT GGG ACC AAC GCC TTC AAC CCC ATC TGT GCC AAT TAC AGC ATG GAT GCT CTG GAG CTC ATT GGA GAC AAC ATC AGC GGC ATG GCC CGG TGC CCC TAT GAC CCG AAA CAT GCC AAT GTC GCT CTC TTC ACA GGG GGG ATG CTG TTC ACC GCC ACA GTG ACA GAT TTC CTG GCC ATC GAC GCC GTG ATT TAC CGC AGC CTT GGA GAC AAC CCA ACT CTG CGC ACC GTC AAG CAC GAC TCC AAA TGG TTC AAA GAA CCA TAC TTT GTC CAT GCC GTG GAG TGG AAA AGC CAC GTC TAT TTC TTC TTC AGG GAG ATC GCA ATG GAG TTC AAC TAC TTA GAG AAG GTG GTG GTT TCG CGG GTG GCC CGG GTG TGT AAG AAC GAC ATG GGC GGC TCC CAG CGG GTG CTG GAG AAG CAG TGG ACA TCC TTC CTC AAG GCC CGC CTC AAC TGC TCG GTG CCG GGC GAC TCT CAC TTC TAC TTC AAC GTC ATC CAG TCG GTC ACA GAC ATC TTG ATG ATC GAC GGG AGG CCT GTG GTG ATG GCT GTC TTC TCC ACG CCC AGT AAT AGT ATT CCC GGC TCA GCT GTC TGC GCT TTT GAC ATG GCC CAA ATA GCC TCT GTC TTC GAA GGA CGC TTC CGG GAG CAG AAA TCC CCT GAG TCC ATT TGG ACC CCA GTG CCG GAA GAG CTG GTA CCC AAG CCA CGG CCG GGT TGC TGC ACA GCT CCT GGG ATG CGC TAC AAC TCC TCC AGC TTC CTT CCA GAC GAG ATC CTC AAT TTC GTC AAG ACA CAT CCT CTG ATG GAC GAG TCA GTG CCA TCT TTG GGT AAC GCT CCC TGG ATC ATC CGG ACC ATG ACT CGG TAT CAG CTA CGC AAG ATC GTG GTG GAC CCT GCA GCA GGC CCT GAC AGA AAC CAC ACC GTG GTC TTC CTA GCA TCT GAC ACA GGC ATG GTG CTC AAG TTT CTC ATC CAC ACC AAC CTC AGT GCC AGC TCC GGA ACC GTC CAC ACC AGT AGC CAC AGC TTG CTT CTG GAG GAG TTT GAG ACC TAC CCG AGT GAC AAG TGT GGC AAG GAC AGT GTG GAT GAA CGG AAA CTG CTG GGC ATG GAA CTG GAC AAA GCC ACT GGA TCC TTG CTG CTG GCC TTC CCT CCC TGC GTG GTG CGT GCC CCC GTG GCC AGG TGC CAC CAA CAT TCC GGC TGT ATG AAG AAC TGT TTG GGG AGC CGC GAC CCA TAC TGT GGC TGG ACG CCT GAA GGA TCG TGT ATC TTC CTA GAA CAG CAT ACC AGG GCT GCG TTT GAG CAA GAC ATC AGC GGT GTC AAG ACC TCT CAC CTT GGT GAC TGT GAA GGA CTG GTG ACC GAA AGC TTT GTG GAT GAA CCA GAC GGT CTG GTG TCG GTG AAC CTC CTG GTG ATT TCC TCC GTG GCT GCC TTC GTC ATC GGG GCC GTG ATC TCG GGC TTC AGC GTG TGC TGG TTC ATC GGC CAC AGG GAC CGG AAG GAG CTG GCC CGC CGC AAG GAC AAG GAG AAT ATC CTG TCG CAC AGC GAG TCG GTG GTG AGC GTC AGC CGG CTG GGC GAG CGG CGG TCC CGG GGA GGG CCC AGT GGC GGG CAG CCG GAG AAC TTG CTG GCC CCG CTG ATG CAG AAT GGG TGG CCG AAG GGG CTC ATC AAG GTG AGC CAG CAC GAC CTG GAT TCA GGG GTC CTC CCC ACC CCG GAG CAG ACC CCC TTG CAA CAG AAG CGG TGC CCC AAG CCC TGC ACC TGG GAG TAC AGC CAC AAC CTC ATC AAC GCC TCC CTG CGG GGT GGG GAC CCA CCG TCC TCG GTC ATC CTG CTC CAC GCC GGC CAC ACC TCG ATG CCC CAC CAC CAC ATG AGC TCT GGC CGG GTC ATC CCC ATC TCC TGC CAC TCC ATG TTG ATG GAC CAA GAA CTG GAG GGC GAG GGG ACA GAC CTC TCG CTG GAC ATG CGT TAT CTG CCA GTC AGC GTG GGC GAC GGG CCC AGG GGT GTC CAG CAG CAG CAA CAA CAG CTG CAG GAA GCA CCC CCG TCA TCG CAC CGG CCC TGC GGG GCA CGG AGC TCC TAC GGG GGT GAG CTG CCC ATC ACG CCG CAC GAC AGC CCG GAC CGG AGG CGG GTG GTG TCG GCC CCG GGC GGG GAG ACG GGG GAT CCT GCT CAC TGG AAC CCT GAC AAG CTG AAC TCA AAT AGC AAC AAC GCT GCC ACC AAG GCG AGC GTA CAC CTG AAG CGC ACC CAC ACT TTT AAT AGT GGG GAA GGC CCG GCA GCC TAT GCC CGG GCT CAG CGG GCG CCC ACG CTG GGG CCC CAC ACC CTG GCA GAC TTG AGC CAC CTT CTG AAG TAC ACG GGC ATC GAA CGG ACT CCC TCC TCT GTC AAA 



Printing out site pattern counts


         2        498  P

SEQ1                            AAA AAC AAC AAC AAC AAC AAG AAG AAG AAG AAT AAT AAT ACA ACA ACC ACC ACC ACC ACC ACG ACG ACT ACT ACT AGA AGA AGC AGC AGC AGC AGC AGC AGG AGG AGT AGT AGT ATA ATA ATC ATC ATC ATG ATG ATG ATG ATG ATG ATT ATT ATT CAA CAA CAC CAC CAG CAG CAG CAG CAT CAT CAT CCA CCA CCA CCC CCC CCG CCG CCT CCT CGC CGC CGC CGG CGG CGG CGT CTA CTA CTA CTC CTC CTC CTC CTC CTG CTG CTG CTG CTG CTT GAA GAC GAC GAC GAG GAG GAT GAT GCA GCA GCA GCA GCC GCC GCC GCC GCG GCT GCT GCT GGA GGA GGC GGC GGC GGC GGC GGC GGG GGG GGG GGG GGT GGT GGT GTC GTC GTG GTG GTG GTG GTG GTG GTG GTG GTT GTT TAC TAT TCA TCA TCC TCC TCC TCC TCG TCG TCT TCT TGC TGC TGC TGC TGG TGT TGT TTA TTA TTC TTG TTG TTG TTT 
SEQ2                            ... ... ..T .G. C.. G.. ..A ... G.. GT. ..C ... T.. ... ..G ... ..T .G. C.. G.. ..A ... ..A ... G.. ... ..T .C. ... ..T C.. G.. G.G ... ..T ..C ... G.. ... G.. ... ..T G.. .CA .C. ... GA. GCA G.. .C. ..C ... ... G.. ... .G. ..A ... .CT .G. ..C ... .G. .AG ... ..G ... ..T ..A ... ..C ... .A. ... ..T A.. .C. ... ..G ... ..G T.. .A. .C. .CT ... ..T A.. .CA .C. ... T.. ... ... ... ..T .C. ..A ... ..C ... A.. ... ..G .T. C.G ... ..T .T. ..A A.. ..C ... ... ..T A.. CC. .A. ..A ... ..T .A. ..A ..C ... ..C ..G ... .C. ... A.. C.. .CA .C. .G. ..A ..C ... ..C ... ... ... ... ..G ... ..G ..T .T. ..A ... ..C ... C.. G.. ... ..T ... ..C ... C.. ..G ... C.. G.. ... ... 

   11   23    2    1    1    2    1   25    2    1    6    8    1    6    2
   21    1    1    1    1    1    3    1    2    1    1    1    2   19    1
    1    1    1    8    1    4    6    2    3    2   25    1    4    1    2
   23    1    1    3    1    5    4    9    1   20    3    2   17    1    7
    3    7    1    1    8    6   22    2    1    5    1    8    4    7    1
    1    1   21    1    3    2    1    1    1    1   17    1    1    1    3
   38    2    6   15   33    1    1    2   26    1    9    2    6    1    1
    1   23    2    1    2    1    3    9    6    1    1    1    1    1   20
    3    1    2    1   20    2    1    5    2   16    1    1    2    2    1
    1    2   34    1    1   13    6    7    4   19    1    2    1    1    8
    2    5    1    1   10    2   11    3    9    1    1   26    2    1   10
   10

YN00 paml/jobs/LOCW_00021413__LOC_00019100/LOCW_00021413__LOC_00019100.phy

ns =   2	ls = 915

Codon position x base (3x4) table for each sequence.

SEQ1                
position  1:    T:0.17158    C:0.26120    A:0.27213    G:0.29508
position  2:    T:0.29399    C:0.21530    A:0.28634    G:0.20437
position  3:    T:0.14863    C:0.40656    A:0.11148    G:0.33333

SEQ2                
position  1:    T:0.16940    C:0.26557    A:0.25137    G:0.31366
position  2:    T:0.27650    C:0.23497    A:0.27978    G:0.20874
position  3:    T:0.13770    C:0.41749    A:0.11257    G:0.33224

Average
position  1:    T:0.17049    C:0.26339    A:0.26175    G:0.30437
position  2:    T:0.28525    C:0.22514    A:0.28306    G:0.20656
position  3:    T:0.14317    C:0.41202    A:0.11202    G:0.33279

Codon usage for each species
----------------------------------------------------------------------
Phe TTT  10  10 | Ser TCT   7   7 | Tyr TAT   6   7 | Cys TGT  12  11
    TTC  26  27 |     TCC  23  21 |     TAC  13  13 |     TGC  14  13
Leu TTA   2   1 |     TCA  11   8 | *** TAA   0   0 | *** TGA   0   0
    TTG  13  13 |     TCG   9  13 |     TAG   0   0 | Trp TGG  11  11
----------------------------------------------------------------------
Leu CTT   6   7 | Pro CCT   9  12 | His CAT  11   7 | Arg CGT   1   2
    CTC  21  17 |     CCC  24  26 |     CAC  23  29 |     CGC  12  12
    CTA   6   4 |     CCA  15  10 | Gln CAA  10  11 |     CGA   0   0
    CTG  45  43 |     CCG   6  16 |     CAG  27  18 |     CGG  23  29
----------------------------------------------------------------------
Ile ATT  10   5 | Thr ACT   4   5 | Asn AAT  15  10 | Ser AGT  12   9
    ATC  30  30 |     ACC  25  23 |     AAC  29  29 |     AGC  25  26
    ATA   5   3 |     ACA   8  11 | Lys AAA  11  12 | Arg AGA   2   1
Met ATG  31  25 |     ACG   4   7 |     AAG  29  25 |     AGG   9   9
----------------------------------------------------------------------
Val GTT   2   1 | Ala GCT  13  12 | Asp GAT  10  10 | Gly GGT   8  11
    GTC  18  24 |     GCC  27  30 |     GAC  35  37 |     GGC  27  25
    GTA   0   4 |     GCA  10  11 | Glu GAA  15  18 |     GGA   7   9
    GTG  44  39 |     GCG   2   3 |     GAG  28  30 |     GGG  24  23
----------------------------------------------------------------------


Sums
------------------------------------------------------
Phe TTT  20 | Ser TCT  14 | Tyr TAT  13 | Cys TGT  23
    TTC  53 |     TCC  44 |     TAC  26 |     TGC  27
Leu TTA   3 |     TCA  19 | *** TAA   0 | *** TGA   0
    TTG  26 |     TCG  22 |     TAG   0 | Trp TGG  22
------------------------------------------------------
Leu CTT  13 | Pro CCT  21 | His CAT  18 | Arg CGT   3
    CTC  38 |     CCC  50 |     CAC  52 |     CGC  24
    CTA  10 |     CCA  25 | Gln CAA  21 |     CGA   0
    CTG  88 |     CCG  22 |     CAG  45 |     CGG  52
------------------------------------------------------
Ile ATT  15 | Thr ACT   9 | Asn AAT  25 | Ser AGT  21
    ATC  60 |     ACC  48 |     AAC  58 |     AGC  51
    ATA   8 |     ACA  19 | Lys AAA  23 | Arg AGA   3
Met ATG  56 |     ACG  11 |     AAG  54 |     AGG  18
------------------------------------------------------
Val GTT   3 | Ala GCT  25 | Asp GAT  20 | Gly GGT  19
    GTC  42 |     GCC  57 |     GAC  72 |     GGC  52
    GTA   4 |     GCA  21 | Glu GAA  33 |     GGA  16
    GTG  83 |     GCG   5 |     GAG  58 |     GGG  47
------------------------------------------------------



(A) Nei-Gojobori (1986) method



Nei & Gojobori 1986. dN/dS (dN, dS)
(Note: This matrix is not used in later ML. analysis.
Use runmode = -2 for ML pairwise comparison.)

SEQ1                
SEQ2                 0.2630 (0.0459 0.1747)


(B) Yang & Nielsen (2000) method

Yang Z, Nielsen R (2000) Estimating synonymous and nonsynonymous substitution rates under realistic evolutionary models. Mol. Biol. Evol. 17:32-43

(equal weighting of pathways)

seq. seq.     S       N        t   kappa   omega     dN +- SE    dS +- SE

   2    1   651.4  2093.6   0.2382  8.3423  0.2459 0.0460 +- 0.0048  0.1869 +- 0.0202


(C) LWL85, LPB93 & LWLm methods

Li W.-H., C.-I. Wu, Luo (1985) A new method for estimating synonymous and nonsynonymous rates of nucleotide substitutions considering the relative likelihood of nucleotide and codon changes. Mol. Biol. Evol. 2: 150-174.
Li W-H (1993) Unbiased estimation of the rates of synonymous and nonsynonymous substitution. J. Mol. Evol. 36:96-99
Pamilo P, Bianchi NO (1993) Evolution of the Zfx and Zfy genes - rates and interdependence between the genes. Mol. Biol. Evol. 10:271-281
Yang Z (2006) Computational Molecular Evolution. Oxford University Press, Oxford. Eqs. 2.12 & 2.13

2 (SEQ2) vs. 1 (SEQ1)

L(i):     1769.0     523.0     453.0  sum=   2745.0
Ns(i):   67.0000   41.5000   49.5000  sum= 158.0000
Nv(i):   21.5000    5.5000   11.0000  sum=  38.0000
A(i):     0.0399    0.0874    0.1266
B(i):     0.0123    0.0106    0.0249
LWL85:  dS =  0.1823 dN =  0.0462 w = 0.2534 S =  627.3 N = 2117.7
LWL85m: dS =  0.1285 dN =  0.0527 w = 0.4105 S =  890.1 N = 1854.9 (rho = 0.836)
LPB93:  dS =  0.1305 dN =  0.0518 w = 0.3968

