
Before deleting alignment gaps
      2   2022

SEQ1                            ATG CCG CAT GGC TTC AAG GCC GGG GAC CTC GTC TTC GCC AAA ATG AAG GGA TAT CCG CAC TGG CCG GCC CGG ATT GAT GAT ATA ATT GAC GGC GCA GTG AAA CCC CCA CCC AAC AAA TAC CCC ATT TTC TTC TTT GGC ACC CAT GAA ACG GCC TTC TTG GGC CTG AAG GAC CTC TTC CCT TAT GAG AAG TAC AAG GAC AAA TAC GGG AAG CCC AAC AAG CGG AAA GGC TTC AAC GAA GGA TTG TGG GAG ATT CAG AAC AAC CCT CAT GCC AGT TAC AAC GTG CCT CCG CCA GTG AGC TCC TCT GAT AGC GAA GTT GCC GAT ATC GAC CCC ATT GGT --- --- --- --- --- --- --- GGA GGA GGA AGT GAT GTT GCG GAG GAG GAA GAT CCT GCC CTG ACA GGA GCA GTC AGT GTG GTG GGG CTG ACT GTG GAG AAC GTG GAG AGC GAC GAG GAG TCT GAC AAA GGA AGC GAC CAC AGT TGT GCG AAG CGG AAA GTG TTA ACC ATG AAA ATG CTG GTG GCA AAA CGG CCA CGG AAA TCG TCA AGC GAC GTT GAC CAG GTC AGC CCC TCT CCA TCC GAG GAA GAG AAC TCA GAA AGC TCT TCT GAG TCT GAG AAG TAC AGC GAC CAG GAC TTC ACT CCG GCG AAA AAA CCT CCA CCG AGG GCT ATG CGG CGG GGT GGG TGG AAG AAA AAG AAA ATT GAA TCA GGC TCT GAG TCG GAG GCC AAG GCC GAG TCG GAG GGA GAA GAC --- --- --- --- --- GAC GAG AGA GAG AAG GCC AGG GCT CCC ACA CCC AAG TCT GAT TCT GAC --- --- TCG GAC GAG TCC GTC CAG AAG CCT TCC CCG GGA TGG AAG CCG GCT GCA GAA AAA CCA CCC CCA AAG CCT TGT GGG AGG AAA GTG AAG CTA GAG AGG GTT TCC AGC AGC TCC AGC AGC GAC AGT GAC ATG GAC --- --- CGC GTC GGT GAA TGG AAG CGT CGC GAT GAG GAG CGC CAA CGG GAG CTG GAG GAG AAG CGG AAG CAC GAG CAG GAG AAG GAG CTG CGC CGG CTG CGG GAG CAG GAG CGG GAG GAG AAG GAG CGG AAG AAG GAG AAA GCC GAG AAG GGA GAG GTG GAG CGC TCC GAT AGC AAC AGC AGT CTG GAC AAC GAG GTC CCC CGG AAG AGC AAG AAG GGG CGG CTC AAC GCC CTG TCG GAT TCA GAC TCT GAA GCA GAG AAA GAG GTG AAA AAG CCT CCA AAG AAG CAG TCG TCC TCA GAA CTC TCA AGG AAA CTG AGT CAA AAG GAG AAG AGG GGC CAA GGA GAC AAT AAG CCA CGG AAC AAA GCT CTG AAA GTG GAA CAA GGC AGG AAA AAG TCA GAT CTG CTC CCA GAA AGA AGG GTG GAG AAG AAA AAA GAG CTG ACG ATC GAG GAG AAA CTC CAG AAA TTG CAC AGC GAG ATC AAG TTT GCT CTG AAA GTC GAC AAC CCG GAC ATC AAG CGT TGC CTG AGT GCA CTG GAA GAG CTT GGC AGC CTA CAG GTC ACC TCT CAG ATC CTC CAG AAC CAC ACT GAC GTT GTG GCC ACC CTG AAA AAG ATT CGG CGT TAC AAA GCA AAC AAA GAC GTG ATG GAG AAG GCA GCT GAA GTC TAC ACG TGC CTG AAG TCC CGT GTC TTG GGG CCA AAG GTT GGA GTG AAC CAG AAA GTC AGC CGG GCC AAC TCT GAG AAG GAC AAG GGC GAA GGG GAC AAA GGC AAG GAG AAG CTG CCC GAA GGA GAA ACA CTG AAT GAG AGG GAC AAA GAA AAG ACA TGT GCT GAT CTC CCA GCC CCT GTG AAT GGA GAG TCG GCA GCC CAG AAA GTG GAA GGT GTA GCA GAG AAC AAG GAC GGA GGT GAA GAT TGG AAT TCT GGA GAG GCC AAG AGA GGG GCA TCC CCT GAA GAT GCC CAC AAT GAA GCG CAG GAG TAT CCT GAG ACA GAA CGG GCA GGG GCT GAG CGG GAG GAG GCT TGC ACG GAG TCA GAC TCG GCC GAC GAA GAC --- --- --- --- --- --- --- --- --- --- --- GAT GAG AAC 
SEQ2                            ATG CCG CAC GGC TTC AAG GCC GGG GAC CTC GTC TTC GCC AAG ATG AAG GGA TAC CCG CAC TGG CCG GCC CGG ATT GAT GAT ATA ATT GAT GGC GCA GTG AAA CCC CCA CCC AAC AAA TAC CCC ATT TTC TTC TTT GGC ACC CAC GAG ACA GCC TTC TTG GGC CCA AAG GAC CTC TTC CCT TAT GAG AAG TAC AAG GAC AAA TAT GGG AAG CCC AAC AAG CGG AAA GGC TTC AAC GAA GGA TTG TGG GAG ATT CAG AAC AAC CCT CAT GCC AGT TAC AGC GCA CCT CCG CCA GTG AGC TCC TCT GAT AGC GAA GTT GCC GAT ATC GAC CCC ATT GGT GGT GGC GGT GGT GGA GGA GGC GGA GGA GGA AGT GAT GTC GCA GAG GAG GAA AAT CCT GCC CTG ACA GGA GGA GTC GGT GCG GTC GGG CTG ACC CTC GAG AAG GCA GAG AGC GAC GAG GAG TCT GAC AAA GGA AGT GAC CGC AGT GGT GTG AAG AGG AAA GCG TTA CCC ATG AAA TTG CCA GTG GCG AAA CGG CCA CGG AAA TCA TCA AGC GAC ATT GAC CAG GCC AGC CCC TCT CCA TCC GAG GAG GAA AAC TCG GAA AGC TCT TCT GAG TCA GAG AAG TAC AGC GAC CAA GAC TTC ACT CCA GAG AAG AGA CCT CCA CCG AGG GCC ACA CGG CGG GGT GGG TGG AAG AAA AAG AAA ATT GAA TCG GGC TCC GAG TCG GAG GCC AAG GCC GAT TCG GAG GAG GAA GAG GCG GAG GAA GAG GAA GAT GAG AGA GAG AAT GCC AGG GCA CCC ACG CCC AAG TCT GAT TCT GAC TCC AAC TCG GAT GAG TCC GTC AAG AAG CCT TCC CGG GGG CGG AAG CTG GCT GCA GAA AAA CCA CCC CCG AAG CCT CGT GGG AGG AAA CCG AAG CTA GAG AGG CTT CCC AGC AGC TCC AGC AGT GAC AGT GAC AGC GAC GTG GAT CGC ATC AGC GAA TGG AAG CGT CGT GAC GAG GAG CGC CGG CGG GAG CTG GAG GAG AAG CGG AAG CGT GAG CAG GAG GAG GAG CTG CGC CGG CTG CGG GAG CAG GAG CGA GAG GAG AAG GAG CGG AAG AAA GAG AAA GCC GAG AAG GGG GAG GCA GAG CGC TCC GGC AGT GAA AGC AGC CTG GAT GAC GAG GTC CCA CGC AAG AGC AAG AAG GGG CGG CCC AAG GCC CCG TCG GAT TCA GAC TCA GAA GTG GAG AAA GAG GTG AAA AAG CTG CCA AAA AAG CAG TCG TCC TCA GAA CTC TCA AGG AAA CTG AGT CAA AAG GAG AAG AGG GGC CAA GGA GAT GAT AAG CCG CGG AAC AAA GTT CTG AAA GTG GAA CGA GGC AGG AAA AAG TCA GAT CTG CTC CCA GAA AGA AGG GTG GAG AAG AAA AAA GAA CCG ACG GTC GAG GAG AAA CTC CAG AAA TTG CAC AGT GAG GTC AAG TTT GCT CTG AAA GTC GAC AAC CCG GAC ATC AAG CGG TGC CTG AGT GCG CTG GAA GAG CTT GGC AGC CTG CAG GTC ACC TCT CAG ATC CTC CAG AAA CAC ACT GAC GTC GTG GCC ACC CTG AAA AAG ATT CGG CGT TAC AAA GCA AAC AAA GAT GTG ATG GAG AAG GCG GCC GAA GTC TAC ACG TGC CTG AAG TCG CGG GTC CTG GGG CCA AAG GTT GGG GTG AAC CAG AAA GTC AGC CAG ACC AAC TCT GAG AAG GAC AAG GGC GAA GGG GAC AAA GGC AAG GAG AAG CTG CCC GAA GGA GAA ATG CCA AAT GAG AGG GGC GAG GAA GAG ATG AGT GCT GAT CTC CTA GCC CCT GTG AAT GGA GAA TCA GCA GCC CAG AAA GGG GAA GGT GTA GCA GAG AAC AAG GAC AGA GGT GAA GAT TGG AAT TCT GGA GAG GCC AAG AGA GGG GCG TCC CCT GAA GAT GCC CAC AAT GAA GTG CAG GAG TAT CCT GAG ATG GGA CGG GCA GGG GCC GAG CGG GAG AAG GCC CAC GCG GAG TCG GAC TCA GCC GAT GAA GAC GCA TTT GGT CTG GCA ACT CCC AGA ATG CAA CAG GGC ACT CCA 



After deleting gaps. 1941 sites
      2   1941

SEQ1                            ATG CCG CAT GGC TTC AAG GCC GGG GAC CTC GTC TTC GCC AAA ATG AAG GGA TAT CCG CAC TGG CCG GCC CGG ATT GAT GAT ATA ATT GAC GGC GCA GTG AAA CCC CCA CCC AAC AAA TAC CCC ATT TTC TTC TTT GGC ACC CAT GAA ACG GCC TTC TTG GGC CTG AAG GAC CTC TTC CCT TAT GAG AAG TAC AAG GAC AAA TAC GGG AAG CCC AAC AAG CGG AAA GGC TTC AAC GAA GGA TTG TGG GAG ATT CAG AAC AAC CCT CAT GCC AGT TAC AAC GTG CCT CCG CCA GTG AGC TCC TCT GAT AGC GAA GTT GCC GAT ATC GAC CCC ATT GGT GGA GGA GGA AGT GAT GTT GCG GAG GAG GAA GAT CCT GCC CTG ACA GGA GCA GTC AGT GTG GTG GGG CTG ACT GTG GAG AAC GTG GAG AGC GAC GAG GAG TCT GAC AAA GGA AGC GAC CAC AGT TGT GCG AAG CGG AAA GTG TTA ACC ATG AAA ATG CTG GTG GCA AAA CGG CCA CGG AAA TCG TCA AGC GAC GTT GAC CAG GTC AGC CCC TCT CCA TCC GAG GAA GAG AAC TCA GAA AGC TCT TCT GAG TCT GAG AAG TAC AGC GAC CAG GAC TTC ACT CCG GCG AAA AAA CCT CCA CCG AGG GCT ATG CGG CGG GGT GGG TGG AAG AAA AAG AAA ATT GAA TCA GGC TCT GAG TCG GAG GCC AAG GCC GAG TCG GAG GGA GAA GAC GAC GAG AGA GAG AAG GCC AGG GCT CCC ACA CCC AAG TCT GAT TCT GAC TCG GAC GAG TCC GTC CAG AAG CCT TCC CCG GGA TGG AAG CCG GCT GCA GAA AAA CCA CCC CCA AAG CCT TGT GGG AGG AAA GTG AAG CTA GAG AGG GTT TCC AGC AGC TCC AGC AGC GAC AGT GAC ATG GAC CGC GTC GGT GAA TGG AAG CGT CGC GAT GAG GAG CGC CAA CGG GAG CTG GAG GAG AAG CGG AAG CAC GAG CAG GAG AAG GAG CTG CGC CGG CTG CGG GAG CAG GAG CGG GAG GAG AAG GAG CGG AAG AAG GAG AAA GCC GAG AAG GGA GAG GTG GAG CGC TCC GAT AGC AAC AGC AGT CTG GAC AAC GAG GTC CCC CGG AAG AGC AAG AAG GGG CGG CTC AAC GCC CTG TCG GAT TCA GAC TCT GAA GCA GAG AAA GAG GTG AAA AAG CCT CCA AAG AAG CAG TCG TCC TCA GAA CTC TCA AGG AAA CTG AGT CAA AAG GAG AAG AGG GGC CAA GGA GAC AAT AAG CCA CGG AAC AAA GCT CTG AAA GTG GAA CAA GGC AGG AAA AAG TCA GAT CTG CTC CCA GAA AGA AGG GTG GAG AAG AAA AAA GAG CTG ACG ATC GAG GAG AAA CTC CAG AAA TTG CAC AGC GAG ATC AAG TTT GCT CTG AAA GTC GAC AAC CCG GAC ATC AAG CGT TGC CTG AGT GCA CTG GAA GAG CTT GGC AGC CTA CAG GTC ACC TCT CAG ATC CTC CAG AAC CAC ACT GAC GTT GTG GCC ACC CTG AAA AAG ATT CGG CGT TAC AAA GCA AAC AAA GAC GTG ATG GAG AAG GCA GCT GAA GTC TAC ACG TGC CTG AAG TCC CGT GTC TTG GGG CCA AAG GTT GGA GTG AAC CAG AAA GTC AGC CGG GCC AAC TCT GAG AAG GAC AAG GGC GAA GGG GAC AAA GGC AAG GAG AAG CTG CCC GAA GGA GAA ACA CTG AAT GAG AGG GAC AAA GAA AAG ACA TGT GCT GAT CTC CCA GCC CCT GTG AAT GGA GAG TCG GCA GCC CAG AAA GTG GAA GGT GTA GCA GAG AAC AAG GAC GGA GGT GAA GAT TGG AAT TCT GGA GAG GCC AAG AGA GGG GCA TCC CCT GAA GAT GCC CAC AAT GAA GCG CAG GAG TAT CCT GAG ACA GAA CGG GCA GGG GCT GAG CGG GAG GAG GCT TGC ACG GAG TCA GAC TCG GCC GAC GAA GAC GAT GAG AAC 
SEQ2                            ATG CCG CAC GGC TTC AAG GCC GGG GAC CTC GTC TTC GCC AAG ATG AAG GGA TAC CCG CAC TGG CCG GCC CGG ATT GAT GAT ATA ATT GAT GGC GCA GTG AAA CCC CCA CCC AAC AAA TAC CCC ATT TTC TTC TTT GGC ACC CAC GAG ACA GCC TTC TTG GGC CCA AAG GAC CTC TTC CCT TAT GAG AAG TAC AAG GAC AAA TAT GGG AAG CCC AAC AAG CGG AAA GGC TTC AAC GAA GGA TTG TGG GAG ATT CAG AAC AAC CCT CAT GCC AGT TAC AGC GCA CCT CCG CCA GTG AGC TCC TCT GAT AGC GAA GTT GCC GAT ATC GAC CCC ATT GGT GGA GGA GGA AGT GAT GTC GCA GAG GAG GAA AAT CCT GCC CTG ACA GGA GGA GTC GGT GCG GTC GGG CTG ACC CTC GAG AAG GCA GAG AGC GAC GAG GAG TCT GAC AAA GGA AGT GAC CGC AGT GGT GTG AAG AGG AAA GCG TTA CCC ATG AAA TTG CCA GTG GCG AAA CGG CCA CGG AAA TCA TCA AGC GAC ATT GAC CAG GCC AGC CCC TCT CCA TCC GAG GAG GAA AAC TCG GAA AGC TCT TCT GAG TCA GAG AAG TAC AGC GAC CAA GAC TTC ACT CCA GAG AAG AGA CCT CCA CCG AGG GCC ACA CGG CGG GGT GGG TGG AAG AAA AAG AAA ATT GAA TCG GGC TCC GAG TCG GAG GCC AAG GCC GAT TCG GAG GAG GAA GAG GAT GAG AGA GAG AAT GCC AGG GCA CCC ACG CCC AAG TCT GAT TCT GAC TCG GAT GAG TCC GTC AAG AAG CCT TCC CGG GGG CGG AAG CTG GCT GCA GAA AAA CCA CCC CCG AAG CCT CGT GGG AGG AAA CCG AAG CTA GAG AGG CTT CCC AGC AGC TCC AGC AGT GAC AGT GAC AGC GAC CGC ATC AGC GAA TGG AAG CGT CGT GAC GAG GAG CGC CGG CGG GAG CTG GAG GAG AAG CGG AAG CGT GAG CAG GAG GAG GAG CTG CGC CGG CTG CGG GAG CAG GAG CGA GAG GAG AAG GAG CGG AAG AAA GAG AAA GCC GAG AAG GGG GAG GCA GAG CGC TCC GGC AGT GAA AGC AGC CTG GAT GAC GAG GTC CCA CGC AAG AGC AAG AAG GGG CGG CCC AAG GCC CCG TCG GAT TCA GAC TCA GAA GTG GAG AAA GAG GTG AAA AAG CTG CCA AAA AAG CAG TCG TCC TCA GAA CTC TCA AGG AAA CTG AGT CAA AAG GAG AAG AGG GGC CAA GGA GAT GAT AAG CCG CGG AAC AAA GTT CTG AAA GTG GAA CGA GGC AGG AAA AAG TCA GAT CTG CTC CCA GAA AGA AGG GTG GAG AAG AAA AAA GAA CCG ACG GTC GAG GAG AAA CTC CAG AAA TTG CAC AGT GAG GTC AAG TTT GCT CTG AAA GTC GAC AAC CCG GAC ATC AAG CGG TGC CTG AGT GCG CTG GAA GAG CTT GGC AGC CTG CAG GTC ACC TCT CAG ATC CTC CAG AAA CAC ACT GAC GTC GTG GCC ACC CTG AAA AAG ATT CGG CGT TAC AAA GCA AAC AAA GAT GTG ATG GAG AAG GCG GCC GAA GTC TAC ACG TGC CTG AAG TCG CGG GTC CTG GGG CCA AAG GTT GGG GTG AAC CAG AAA GTC AGC CAG ACC AAC TCT GAG AAG GAC AAG GGC GAA GGG GAC AAA GGC AAG GAG AAG CTG CCC GAA GGA GAA ATG CCA AAT GAG AGG GGC GAG GAA GAG ATG AGT GCT GAT CTC CTA GCC CCT GTG AAT GGA GAA TCA GCA GCC CAG AAA GGG GAA GGT GTA GCA GAG AAC AAG GAC AGA GGT GAA GAT TGG AAT TCT GGA GAG GCC AAG AGA GGG GCG TCC CCT GAA GAT GCC CAC AAT GAA GTG CAG GAG TAT CCT GAG ATG GGA CGG GCA GGG GCC GAG CGG GAG AAG GCC CAC GCG GAG TCG GAC TCA GCC GAT GAA GAC GGC ACT CCA 



Printing out site pattern counts


         2        477  P

SEQ1                            AAA AAA AAA AAA AAC AAC AAC AAC AAC AAC AAC AAG AAG AAG AAG AAT AAT ACA ACA ACA ACC ACC ACG ACG ACG ACT ACT AGA AGC AGC AGG AGT AGT AGT ATA ATC ATC ATG ATG ATG ATG ATT CAA CAA CAA CAC CAC CAC CAG CAG CAG CAT CAT CCA CCA CCA CCC CCC CCG CCG CCG CCG CCT CCT CGC CGC CGG CGG CGG CGG CGG CGT CGT CTA CTA CTC CTC CTG CTG CTG CTT GAA GAA GAA GAC GAC GAC GAC GAG GAG GAG GAG GAG GAT GAT GAT GAT GCA GCA GCA GCA GCC GCC GCG GCG GCG GCT GCT GCT GCT GGA GGA GGA GGA GGC GGG GGT GGT GTA GTC GTC GTC GTG GTG GTG GTG GTG GTG GTG GTT GTT GTT GTT TAC TAC TAT TAT TCA TCA TCC TCC TCC TCG TCG TCT TCT TCT TGC TGC TGG TGG TGT TGT TGT TTA TTC TTG TTG TTT 
SEQ2                            ... ..G .G. G.G ..A ... ..G .G. CCA G.A G.. ..A ... ..T G.. ... G.. ... ..G .TG ... C.. ..A ... G.. ..C ... ... ... ..T ... ..C ... G.. ... ... G.. .CA .GC ... T.. ... ... .G. .GG ... .G. .GT A.. ..A ... ..C ... ... ..G .T. ..A ... ..A ... .G. .T. ... .TG ... ..T A.. .A. ..A ..C ... ..G ... ... ..G .C. ... .CA .C. ... ... ... ..G .G. ... ..G ..T .G. A.. ACT ..A ... ..T A.. ..C ... .GC ... ..G .G. .TG A.. ... .A. ..A .T. ..A ..C ... .T. A.. .AG ... ..G ... ... A.C ... ... A.. .C. ... CC. C.C .CA .C. .G. ..C ... A.. C.. ..C ... ... ..T ..C ... ... ..G C.. ... ..G ..A ... ..A ..C ... CA. ... C.. ... A.. C.. G.. ... ... C.. ... ... 

   31    2    1    1    1   12    2    1    1    1    1    2   45    1    2
    4    1    1    1    3    3    1    1    2    1    1    2    3   14    4
    9    1    6    1    1    3    2    1    1    4    1    7    2    1    1
    4    1    1    1    1   12    2    1    9    2    1    1   10    1    6
    1    1   10    1    4    1    1    1    1    1   16    2    2    1    1
    1    7    3    2   15    1   23    2    1   24    1    7    1    1    1
    3   55    1    1    1   11    2    6    4    1    1    1   18    1    1
    2    1    4    3    1    1    1   11    3   11   10    1    4    1    1
    1    9    1    1    3    2    1    1   10    1    1    2    2    6    1
    1    2    5    3    1    8    1    3    5    2    1   10    1    2    1
    5    1    1    1    1    8    1    3    2

YN00 paml/jobs/LOCW_00021393__LOC_00019094/LOCW_00021393__LOC_00019094.phy

ns =   2	ls = 647

Codon position x base (3x4) table for each sequence.

SEQ1                
position  1:    T:0.11747    C:0.20093    A:0.28284    G:0.39876
position  2:    T:0.15920    C:0.21947    A:0.43431    G:0.18702
position  3:    T:0.15147    C:0.27512    A:0.19474    G:0.37867

SEQ2                
position  1:    T:0.10819    C:0.21329    A:0.27975    G:0.39876
position  2:    T:0.14992    C:0.22411    A:0.42195    G:0.20402
position  3:    T:0.14374    C:0.27202    A:0.19784    G:0.38640

Average
position  1:    T:0.11283    C:0.20711    A:0.28130    G:0.39876
position  2:    T:0.15456    C:0.22179    A:0.42813    G:0.19552
position  3:    T:0.14760    C:0.27357    A:0.19629    G:0.38253

Codon usage for each species
----------------------------------------------------------------------
Phe TTT   2   2 | Ser TCT  13  10 | Tyr TAT   3   3 | Cys TGT   3   0
    TTC   8   8 |     TCC  10   9 |     TAC   7   7 |     TGC   3   2
Leu TTA   1   1 |     TCA   8  10 | *** TAA   0   0 | *** TGA   0   0
    TTG   4   4 |     TCG   8   9 |     TAG   0   0 | Trp TGG   6   5
----------------------------------------------------------------------
Leu CTT   1   2 | Pro CCT  11  10 | His CAT   3   1 | Arg CGT   4   5
    CTC   8   8 |     CCC  11  13 |     CAC   6   7 |     CGC   5   6
    CTA   2   2 |     CCA  12  15 | Gln CAA   4   3 |     CGA   0   2
    CTG  20  19 |     CCG   9  11 |     CAG  14  13 |     CGG  20  21
----------------------------------------------------------------------
Ile ATT   7   8 | Thr ACT   3   3 | Asn AAT   5   6 | Ser AGT   8  11
    ATC   5   4 |     ACC   4   5 |     AAC  19  12 |     AGC  18  18
    ATA   1   1 |     ACA   5   3 | Lys AAA  35  34 | Arg AGA   3   5
Met ATG   7   7 |     ACG   4   3 |     AAG  50  51 |     AGG   9  10
----------------------------------------------------------------------
Val GTT   6   3 | Ala GCT   9   3 | Asp GAT  15  20 | Gly GGT   5   6
    GTC  11  14 |     GCC  19  23 |     GAC  33  26 |     GGC  11  14
    GTA   1   1 |     GCA  12  11 | Glu GAA  26  27 |     GGA  16  13
    GTG  19  13 |     GCG   4   7 |     GAG  61  63 |     GGG  10  14
----------------------------------------------------------------------


Sums
------------------------------------------------------
Phe TTT   4 | Ser TCT  23 | Tyr TAT   6 | Cys TGT   3
    TTC  16 |     TCC  19 |     TAC  14 |     TGC   5
Leu TTA   2 |     TCA  18 | *** TAA   0 | *** TGA   0
    TTG   8 |     TCG  17 |     TAG   0 | Trp TGG  11
------------------------------------------------------
Leu CTT   3 | Pro CCT  21 | His CAT   4 | Arg CGT   9
    CTC  16 |     CCC  24 |     CAC  13 |     CGC  11
    CTA   4 |     CCA  27 | Gln CAA   7 |     CGA   2
    CTG  39 |     CCG  20 |     CAG  27 |     CGG  41
------------------------------------------------------
Ile ATT  15 | Thr ACT   6 | Asn AAT  11 | Ser AGT  19
    ATC   9 |     ACC   9 |     AAC  31 |     AGC  36
    ATA   2 |     ACA   8 | Lys AAA  69 | Arg AGA   8
Met ATG  14 |     ACG   7 |     AAG 101 |     AGG  19
------------------------------------------------------
Val GTT   9 | Ala GCT  12 | Asp GAT  35 | Gly GGT  11
    GTC  25 |     GCC  42 |     GAC  59 |     GGC  25
    GTA   2 |     GCA  23 | Glu GAA  53 |     GGA  29
    GTG  32 |     GCG  11 |     GAG 124 |     GGG  24
------------------------------------------------------



(A) Nei-Gojobori (1986) method



Nei & Gojobori 1986. dN/dS (dN, dS)
(Note: This matrix is not used in later ML. analysis.
Use runmode = -2 for ML pairwise comparison.)

SEQ1                
SEQ2                 0.2661 (0.0599 0.2251)


(B) Yang & Nielsen (2000) method

Yang Z, Nielsen R (2000) Estimating synonymous and nonsynonymous substitution rates under realistic evolutionary models. Mol. Biol. Evol. 17:32-43

(equal weighting of pathways)

seq. seq.     S       N        t   kappa   omega     dN +- SE    dS +- SE

   2    1   559.4  1381.6   0.2971  6.5490  0.3606 0.0655 +- 0.0072  0.1817 +- 0.0212


(C) LWL85, LPB93 & LWLm methods

Li W.-H., C.-I. Wu, Luo (1985) A new method for estimating synonymous and nonsynonymous rates of nucleotide substitutions considering the relative likelihood of nucleotide and codon changes. Mol. Biol. Evol. 2: 150-174.
Li W-H (1993) Unbiased estimation of the rates of synonymous and nonsynonymous substitution. J. Mol. Evol. 36:96-99
Pamilo P, Bianchi NO (1993) Evolution of the Zfx and Zfy genes - rates and interdependence between the genes. Mol. Biol. Evol. 10:271-281
Yang Z (2006) Computational Molecular Evolution. Oxford University Press, Oxford. Eqs. 2.12 & 2.13

2 (SEQ2) vs. 1 (SEQ1)

L(i):     1245.0     411.5     284.5  sum=   1941.0
Ns(i):   60.0000   33.0000   42.0000  sum= 135.0000
Nv(i):   16.0000   10.0000   12.0000  sum=  38.0000
A(i):     0.0513    0.0896    0.1838
B(i):     0.0130    0.0249    0.0441
LWL85:  dS =  0.2412 dN =  0.0595 w = 0.2466 S =  421.7 N = 1519.3
LWL85m: dS =  0.1650 dN =  0.0682 w = 0.4135 S =  616.4 N = 1324.6 (rho = 0.807)
LPB93:  dS =  0.1722 dN =  0.0673 w = 0.3909

