
Before deleting alignment gaps
      2   2286

SEQ1                            ATG GCG GCG GCG GTT --- --- --- --- --- --- --- --- --- --- TTG GAA AGC GGC ATC GCT AAC ATG GCG GCG --- --- --- --- GGC GGT GGC GGT ATG GTC GCG GCG GTA CCG GCG TCG AAC GGG GCT GGC AAC GGC GTC GTG GGA GAC GGA ATC CCT AAG AGT GAC GGT GAC CAG CCA AAC CAG AAC GAG AAA AGG AAA GAG AAA AAT GCC AAG CGA GGA GGA GGG AGT CGC TCT GAG CCG TAC GCC AGC CCT TCG AAA AGA TAC CGA GCC TTC ATT ACC AAC ATC CCC TTC GAT GTG AAG TGG CAG TAC CTC AAA GAC CTA GTC AAA GAG AAA GTT GGT GAG GTA ACA TAC GTG GAG CTC TTA ATG GAC GCC GAA GGA AAG TCA AGG GGA TGC GCT GTA GTT GAG TTC AAG ATG GAA GAG AGC ATG AAA AAG GCT GTG GAG GTC CTG AAC AAA CAC AGC CTC AGT GGG AGA CCC TTG AAG GTG AAG GAG GAT CCC AAC GGA GAG CAC GTC CGG AGG GCT GTG CAG AAG GCC ATG GCA GCC TCT GGG GGT GGG ATG GAG ATT GGG CCT GGC TCC AGC GGC CCT GGG ATG ATC AAC ATC CCT CCC AGC ATC CTT AAC AAT CCC AAC ATC CAC AAT GAA ATC ATC CAT GCC CTG CAG GCA GGC AGG CTG GGC AGC ACC GTC TTC GTG GCC AAT CTG GAT TAC AAA GTT GGC TGG AAG AAG CTG AAG GAG GTG TTC AGC ATG GCC GGC GTC GTG GTC CGC GTA GAC ATC CTA GAA GAC AAA GAC GGC AAA AGC CGG GGG ATT GGC ACC GTG ACG TTT GAG CAG GCC GTC GAA GCT GTT CAG GCC ATC TCC ATG TTC AAT GGG CAG CTG CTG TTT GAC AGG CCA ATG CAT GTG AAG ATG GAT GAG CGA GCC TTG CCG AGA GGG GAC TTC TTT CCT CCG GAG CGG CCC CAG CAG CTT CCT TAT GGA CTC GGG GGA ATT GGC ATG GGA TTG GGG CCA GGA GGA ATC CCT ATC GAT GTG AAC CAC TTG AAC AAG GGA CTG GGC ATG GGC AAT CTG GGT CCT GGA GGG ATG GGC ATC AAA GGC CTG GGG TTT GGA ATG AGC AAA ATG GGA GGG ATG GAG GGC CCC TTC AGT GGC ATG GAG AGC CTG GGC CGT TTT CCT TCT GGG ATG AAC CTC GGC AGG ATG AGT GAA ATG GAC CGG GCA ATT GGA GGT GGA TTT GAA AGA GAC TTC CCC AGA AAT GAA ATG GGA ATG CCT CGT AGT TTT GGA GAT ACC CTT GAC AGG GGA ATG GGG GGC AGC AGC AGA GCC AGC ATC CCT GCG ATC GAC AGG ATG GCC TCT GGG CTT GAC TGC ATG GCC ACT GGC ATC GAT AGG CTC TCC TCC GGG ATG GGG CAC GGA ATA GAA AGG CTG GGC TCT GAG ATG GAC AGG ATG GGG CTG ATG CTA GAC CGC ATG GGC TCC GGC GTG GAC AGG ATG GGC TCG GGC ATT GAC CGG ATG GCC CCG CTT GGC GTA GAC CAC CTG GCA TCC AGC ATT GAC TGC ATG GGC TCT GGC ATA GAC AGG ATG GGC GCG GGG ATG GAG AGG ATG GGC ACC AGC CTC GGG TTT GGA ATC GAC CAC ATG GGC TCG GCC ATC GAC CGC GTT GGC AGC ACG ATG GAC CAC ATG GGT GCC GGC ATG GAC CAC CTG GGC --- --- --- --- --- --- --- --- --- --- --- --- --- --- CCG GCA GGG ATG GGC CCG GTG ATG GAT AGG ATG CCG --- --- --- --- --- --- --- --- --- --- --- --- --- GTG GGG CTG GAC CGC TTG GCC ACC TCC AAT ATG GAG AGG ATG GGG CTG GAC CGC ATG GGC GTG GCC GCG ACT AGC ATG GAG AGG ATG --- --- --- --- GGG CAG GGC TTG GGA GCA GGG CTA GAC AGG ATG GAG CTG GCC ATG GGG AGC TCC TTT GAG AGG TCT GTG GAG ATG GAT CGG GGG AAC TTT GCT GCC GGA AGC TTC ACC GGG CCC CTT GGA GCC AGG GGG CCC ATT GCC ACC ACT GCC GCT GGG GTC ACC AGG AAA GCG TGC CAG ATC TTC GTG AGA AAT CTT CCT TTT GAC TTC ACA TGG AAA ATG CTG AAA GAC AAG TTC AAT GAA TGT GGG CAT GTG TTG TAT GCA GAC ATC AAA ATG GAG AAT GGC AAG TCT AAA GGG TGC GGC GTG GTT CGG TTT GAG TCC CCT GAA GTT GCC GAG AGA GCT TGC TGC GTG ATG AAC GGG ATC CAG CTC CAT GGC AGA GAG ATT GAT GTG CGG ATC GAT AGA AAT GCT 
SEQ2                            ATG GCG GCG GCG GTG TCG GCG GCG GGC TCG GCT GCG GCG GCC GGC TTG GAG AGC GGC GTC GCG AAG ATG GCG GAG GCC GCG GCG GGA GGC GGC GGA GGG ATG GCC GTG GTG GTG TCG GCG GCG AAC GGG GCT GGC AAC GGC GTC GTG GGC GAC GGG ATC CCC AAG AGT GAC AGC GAG CGG CCA AAC CAG AAC GAG AAA AGG AAA GAG AAA AAT GCC AAG CGA GGA GGA GGG AGT CGC TTT GAG CCG TAC GCC AGC CCT TCG AAA AGA TAC CGA GCC TTC ATT ACC AAC ATC CCC TTC GAT GTG AAG TGG CAG TAC CTC AAA GAC CTA GTT AAA GAG AAA GTT GGT GAG GTA ACA TAC GTG GAG CTC TTA ATG GAC GCT GAA GGA AAG TCA AGG GGA TGC GCC GTG GTT GAG TTC AAG ATG GAA GAG AGC ATG AAA AAG GCG GTC GAG GTC CTG AAC AAA CAC AGC CTC AGT GGG AGA CCC CTG AAG GTG AAG GAG GAC CCC GAT GGA GAG CAC GTC CGG AGG GCT GTG CAG AAG GCC ATG GCA GCA TCT GGG GGT GGG ATG GGA ATT GGG CCT GGC CCC AGT GGC CCT GGG ATG ATC AAC ATC CCT CCC AGC ATT CTC AAC AAT CCC AAC ATC CCC AAT GAA ATC ATC CAT GCT CTG CAG GCA GGC AGG CTC GGC AGC ACC GTC TTC GTG GCC AAC CTG GAT TAC AAA GTT GGC TGG AAG AAG CTG AAG GAG GTG TTC AGC ATG GCC GGG GTC GTG GTC CGC GCA GAC ATC CTA GAA GAC AAA GAT GGC AAA AGC CGG GGG ATT GGC ACT GTT ACG TTT GAG CAG GCC ATT GAA GCC GTT CAG GCC ATC TCC ATG TTC AAC GGG CAG CTG CTG TTC GAG AGG CCA ATG CAT GTG AAG ATG GAT GAG CGA GCC TTG CCG AAA GGG GAC TTC TTC CCT CCG GAG CGG CCC CAG CAG CTT CCT CAT GGA CTC GGG GGA ATT GGC ATG GGA TTG GGG CCA GGA GGA ATA CCT ATT GAT GCG AAC CAC TTG AAC AAG GGG CTG AGT ATG GGC AAC TTG GGT CCT GGA GGA ATG GGC ATC GAA GGC CTG GGC TTC GGA ATG AGC AAA ATG GGA GGG ATG GAG GGC CCC TTC AGC GGC ATG GAG AGC CTG GGC CGT TTT CCT TCT GGG ATG AAC CTC GGC AGG ATG AGC GAA ATG GAC CGT GCA ATT GGA GGT GGA TTT GAA AGA GAC TTC CCC AGA AAT GAA ATG GGA ATG CCT CGT AGT TTT GGA GAT ACC CTG GAC AGG GGA ATG GGG GGC GGT GGC GGA GCC AGC ATC CCT GCG ATC GAC AGG ATG GCC CCT GGG CTC GAC CGC ATG GCC ACC GGC ATT GAT AGG CTT CCC TCT GGG ATG GGG CAT GGG ATA GAA AGG GTG GGC TCT GAG ATG GAC AGG ATG GGG CTG GTG CTG GAC CGC ATG GGC TCT GGC GTG GAC AGG ATG GGC TCG GGC ATC GAC CGG ATG GCC CCT CTT GGC ATA GAC CAC CTG GCG TCC AGC ATC GAC CGC ATG GGC TCT GGC ATA GAC AGG ATG GGT GCG GGG ATG GAG AGG ATG GGC ACT GGC CTT GGG TTT GGG ATC GAC CGC ATG GGG TCG GCC ATT GAC CGC GTC GGC ACC ACC ATC GAT CGC ATG GGT GCC GGT GTG GAC CGC ATG GGC ACC GGC ATG GAT AGG ATG GGC CTG GGC ATG GAC CGT ATG GTT CCG GCA GGG ATG GGC CCG GTG ATG GAC AGG ATG CCG GCA GGG CTG GAC CGC ATT GGT GCG GCC CCC ATC GAC CGG ATG GGG CTG GAC CGC TTG GCC GCC TCC AGC ATG GAG AGG ATG GGG TTG GAC CGC ATG GGT GCT GCT GCG ACC AGC ATG GAG AGG ATG GGG CCA GCC ATG GGG CAG GGC TTG GGG GCA GGG CTA GAC AGG ATG GGG CTG GCC ATG GGG AGC TCC TTT GAG AGG TCC ATG GAG ATG GAT CGG GGG AAC TTC GCT GCC GGA AGC TTT GCC GGG GCC CTT GGA GCC GGA GGG CCT GTC GCT GCC GCC GCC ACC GGG GTT GCA AGG AAA GCC TGC CAG ATC TTT GTG AGA AAC CTT CCT TTT GAC TTC ACA TGG AAA ATG CTG AAA GAC AAG TTC AAT GAA TGT GGG CAT GTC CTG TAT GCG GAC ATC AAA ATG GAG AAT GGG AAG TCT AAA GGG TGC GGT GTA GTT CGG TTC GAG TCC CCT GAA GTC GCC GAG AGA GCT TGC CGC ATG ATG AAT GGG ATT CAG CTC CGC GGC AGA GAG ATC GAC GTG CGG ATT GAT AGA AAT GCT 



After deleting gaps. 2151 sites
      2   2151

SEQ1                            ATG GCG GCG GCG GTT TTG GAA AGC GGC ATC GCT AAC ATG GCG GCG GGC GGT GGC GGT ATG GTC GCG GCG GTA CCG GCG TCG AAC GGG GCT GGC AAC GGC GTC GTG GGA GAC GGA ATC CCT AAG AGT GAC GGT GAC CAG CCA AAC CAG AAC GAG AAA AGG AAA GAG AAA AAT GCC AAG CGA GGA GGA GGG AGT CGC TCT GAG CCG TAC GCC AGC CCT TCG AAA AGA TAC CGA GCC TTC ATT ACC AAC ATC CCC TTC GAT GTG AAG TGG CAG TAC CTC AAA GAC CTA GTC AAA GAG AAA GTT GGT GAG GTA ACA TAC GTG GAG CTC TTA ATG GAC GCC GAA GGA AAG TCA AGG GGA TGC GCT GTA GTT GAG TTC AAG ATG GAA GAG AGC ATG AAA AAG GCT GTG GAG GTC CTG AAC AAA CAC AGC CTC AGT GGG AGA CCC TTG AAG GTG AAG GAG GAT CCC AAC GGA GAG CAC GTC CGG AGG GCT GTG CAG AAG GCC ATG GCA GCC TCT GGG GGT GGG ATG GAG ATT GGG CCT GGC TCC AGC GGC CCT GGG ATG ATC AAC ATC CCT CCC AGC ATC CTT AAC AAT CCC AAC ATC CAC AAT GAA ATC ATC CAT GCC CTG CAG GCA GGC AGG CTG GGC AGC ACC GTC TTC GTG GCC AAT CTG GAT TAC AAA GTT GGC TGG AAG AAG CTG AAG GAG GTG TTC AGC ATG GCC GGC GTC GTG GTC CGC GTA GAC ATC CTA GAA GAC AAA GAC GGC AAA AGC CGG GGG ATT GGC ACC GTG ACG TTT GAG CAG GCC GTC GAA GCT GTT CAG GCC ATC TCC ATG TTC AAT GGG CAG CTG CTG TTT GAC AGG CCA ATG CAT GTG AAG ATG GAT GAG CGA GCC TTG CCG AGA GGG GAC TTC TTT CCT CCG GAG CGG CCC CAG CAG CTT CCT TAT GGA CTC GGG GGA ATT GGC ATG GGA TTG GGG CCA GGA GGA ATC CCT ATC GAT GTG AAC CAC TTG AAC AAG GGA CTG GGC ATG GGC AAT CTG GGT CCT GGA GGG ATG GGC ATC AAA GGC CTG GGG TTT GGA ATG AGC AAA ATG GGA GGG ATG GAG GGC CCC TTC AGT GGC ATG GAG AGC CTG GGC CGT TTT CCT TCT GGG ATG AAC CTC GGC AGG ATG AGT GAA ATG GAC CGG GCA ATT GGA GGT GGA TTT GAA AGA GAC TTC CCC AGA AAT GAA ATG GGA ATG CCT CGT AGT TTT GGA GAT ACC CTT GAC AGG GGA ATG GGG GGC AGC AGC AGA GCC AGC ATC CCT GCG ATC GAC AGG ATG GCC TCT GGG CTT GAC TGC ATG GCC ACT GGC ATC GAT AGG CTC TCC TCC GGG ATG GGG CAC GGA ATA GAA AGG CTG GGC TCT GAG ATG GAC AGG ATG GGG CTG ATG CTA GAC CGC ATG GGC TCC GGC GTG GAC AGG ATG GGC TCG GGC ATT GAC CGG ATG GCC CCG CTT GGC GTA GAC CAC CTG GCA TCC AGC ATT GAC TGC ATG GGC TCT GGC ATA GAC AGG ATG GGC GCG GGG ATG GAG AGG ATG GGC ACC AGC CTC GGG TTT GGA ATC GAC CAC ATG GGC TCG GCC ATC GAC CGC GTT GGC AGC ACG ATG GAC CAC ATG GGT GCC GGC ATG GAC CAC CTG GGC CCG GCA GGG ATG GGC CCG GTG ATG GAT AGG ATG CCG GTG GGG CTG GAC CGC TTG GCC ACC TCC AAT ATG GAG AGG ATG GGG CTG GAC CGC ATG GGC GTG GCC GCG ACT AGC ATG GAG AGG ATG GGG CAG GGC TTG GGA GCA GGG CTA GAC AGG ATG GAG CTG GCC ATG GGG AGC TCC TTT GAG AGG TCT GTG GAG ATG GAT CGG GGG AAC TTT GCT GCC GGA AGC TTC ACC GGG CCC CTT GGA GCC AGG GGG CCC ATT GCC ACC ACT GCC GCT GGG GTC ACC AGG AAA GCG TGC CAG ATC TTC GTG AGA AAT CTT CCT TTT GAC TTC ACA TGG AAA ATG CTG AAA GAC AAG TTC AAT GAA TGT GGG CAT GTG TTG TAT GCA GAC ATC AAA ATG GAG AAT GGC AAG TCT AAA GGG TGC GGC GTG GTT CGG TTT GAG TCC CCT GAA GTT GCC GAG AGA GCT TGC TGC GTG ATG AAC GGG ATC CAG CTC CAT GGC AGA GAG ATT GAT GTG CGG ATC GAT AGA AAT GCT 
SEQ2                            ATG GCG GCG GCG GTG TTG GAG AGC GGC GTC GCG AAG ATG GCG GAG GGC GGC GGA GGG ATG GCC GTG GTG GTG TCG GCG GCG AAC GGG GCT GGC AAC GGC GTC GTG GGC GAC GGG ATC CCC AAG AGT GAC AGC GAG CGG CCA AAC CAG AAC GAG AAA AGG AAA GAG AAA AAT GCC AAG CGA GGA GGA GGG AGT CGC TTT GAG CCG TAC GCC AGC CCT TCG AAA AGA TAC CGA GCC TTC ATT ACC AAC ATC CCC TTC GAT GTG AAG TGG CAG TAC CTC AAA GAC CTA GTT AAA GAG AAA GTT GGT GAG GTA ACA TAC GTG GAG CTC TTA ATG GAC GCT GAA GGA AAG TCA AGG GGA TGC GCC GTG GTT GAG TTC AAG ATG GAA GAG AGC ATG AAA AAG GCG GTC GAG GTC CTG AAC AAA CAC AGC CTC AGT GGG AGA CCC CTG AAG GTG AAG GAG GAC CCC GAT GGA GAG CAC GTC CGG AGG GCT GTG CAG AAG GCC ATG GCA GCA TCT GGG GGT GGG ATG GGA ATT GGG CCT GGC CCC AGT GGC CCT GGG ATG ATC AAC ATC CCT CCC AGC ATT CTC AAC AAT CCC AAC ATC CCC AAT GAA ATC ATC CAT GCT CTG CAG GCA GGC AGG CTC GGC AGC ACC GTC TTC GTG GCC AAC CTG GAT TAC AAA GTT GGC TGG AAG AAG CTG AAG GAG GTG TTC AGC ATG GCC GGG GTC GTG GTC CGC GCA GAC ATC CTA GAA GAC AAA GAT GGC AAA AGC CGG GGG ATT GGC ACT GTT ACG TTT GAG CAG GCC ATT GAA GCC GTT CAG GCC ATC TCC ATG TTC AAC GGG CAG CTG CTG TTC GAG AGG CCA ATG CAT GTG AAG ATG GAT GAG CGA GCC TTG CCG AAA GGG GAC TTC TTC CCT CCG GAG CGG CCC CAG CAG CTT CCT CAT GGA CTC GGG GGA ATT GGC ATG GGA TTG GGG CCA GGA GGA ATA CCT ATT GAT GCG AAC CAC TTG AAC AAG GGG CTG AGT ATG GGC AAC TTG GGT CCT GGA GGA ATG GGC ATC GAA GGC CTG GGC TTC GGA ATG AGC AAA ATG GGA GGG ATG GAG GGC CCC TTC AGC GGC ATG GAG AGC CTG GGC CGT TTT CCT TCT GGG ATG AAC CTC GGC AGG ATG AGC GAA ATG GAC CGT GCA ATT GGA GGT GGA TTT GAA AGA GAC TTC CCC AGA AAT GAA ATG GGA ATG CCT CGT AGT TTT GGA GAT ACC CTG GAC AGG GGA ATG GGG GGC GGT GGC GGA GCC AGC ATC CCT GCG ATC GAC AGG ATG GCC CCT GGG CTC GAC CGC ATG GCC ACC GGC ATT GAT AGG CTT CCC TCT GGG ATG GGG CAT GGG ATA GAA AGG GTG GGC TCT GAG ATG GAC AGG ATG GGG CTG GTG CTG GAC CGC ATG GGC TCT GGC GTG GAC AGG ATG GGC TCG GGC ATC GAC CGG ATG GCC CCT CTT GGC ATA GAC CAC CTG GCG TCC AGC ATC GAC CGC ATG GGC TCT GGC ATA GAC AGG ATG GGT GCG GGG ATG GAG AGG ATG GGC ACT GGC CTT GGG TTT GGG ATC GAC CGC ATG GGG TCG GCC ATT GAC CGC GTC GGC ACC ACC ATC GAT CGC ATG GGT GCC GGT GTG GAC CGC ATG GGC CCG GCA GGG ATG GGC CCG GTG ATG GAC AGG ATG CCG ATG GGG CTG GAC CGC TTG GCC GCC TCC AGC ATG GAG AGG ATG GGG TTG GAC CGC ATG GGT GCT GCT GCG ACC AGC ATG GAG AGG ATG GGG CAG GGC TTG GGG GCA GGG CTA GAC AGG ATG GGG CTG GCC ATG GGG AGC TCC TTT GAG AGG TCC ATG GAG ATG GAT CGG GGG AAC TTC GCT GCC GGA AGC TTT GCC GGG GCC CTT GGA GCC GGA GGG CCT GTC GCT GCC GCC GCC ACC GGG GTT GCA AGG AAA GCC TGC CAG ATC TTT GTG AGA AAC CTT CCT TTT GAC TTC ACA TGG AAA ATG CTG AAA GAC AAG TTC AAT GAA TGT GGG CAT GTC CTG TAT GCG GAC ATC AAA ATG GAG AAT GGG AAG TCT AAA GGG TGC GGT GTA GTT CGG TTC GAG TCC CCT GAA GTC GCC GAG AGA GCT TGC CGC ATG ATG AAT GGG ATT CAG CTC CGC GGC AGA GAG ATC GAC GTG CGG ATT GAT AGA AAT GCT 



Printing out site pattern counts


         2        468  P

SEQ1                            AAA AAA AAC AAC AAC AAC AAG AAT AAT AAT ACA ACC ACC ACC ACC ACG ACG ACT ACT AGA AGA AGA AGC AGC AGC AGC AGC AGG AGG AGT AGT ATA ATC ATC ATC ATC ATG ATG ATG ATT ATT ATT CAC CAC CAC CAC CAG CAG CAT CAT CCA CCC CCC CCC CCG CCG CCG CCT CCT CGA CGC CGG CGG CGT CTA CTA CTC CTC CTG CTG CTG CTG CTG CTT CTT CTT GAA GAA GAC GAC GAC GAG GAG GAG GAT GAT GCA GCA GCC GCC GCC GCG GCG GCG GCG GCT GCT GCT GCT GGA GGA GGA GGC GGC GGC GGC GGC GGG GGG GGG GGT GGT GGT GGT GTA GTA GTA GTA GTC GTC GTC GTC GTG GTG GTG GTG GTG GTG GTG GTT GTT GTT TAC TAT TAT TCA TCC TCC TCC TCG TCG TCT TCT TCT TCT TGC TGC TGG TGT TTA TTC TTC TTG TTG TTT TTT 
SEQ2                            ... G.. ... ..G ..T G.T ... ..C ... .GC ... ... ..T G.A G.. ..C ... ..C G.C .A. ... G.. .C. ... ..T G.. G.T ... G.A ..C ... ... ..A ... ..T G.. ..C ... G.. ..C ... G.C ... ..T .C. .G. ... .G. ... .GC ... ... ..T G.. ... ..T T.. ..C ... ... ... ... ..T ... ... ..G ... ..T A.. ..C ... G.. T.. ..C ..G ... ... ..G ... ..G ..T ... .GA .G. ..C ... ... ..G ..A ... ..T .A. ..C ... .T. A.C ..C ..G ... ... ..C ..G A.T ..A ... ..G ..T ..A ..C ... A.C ..C ..G ... A.. .C. ... ..G A.T .C. ... ..T A.. .C. .CT ..A ..C ... ..T ..C ..G ... ... C.. ... ... C.. ... ..T G.. ... C.. ..C ... .T. C.. ... ... ... ... ... ..T C.. ... ..C ... 

   18    1   13    1    1    1   16    4    7    1    2    3    2    1    3
    1    1    2    1    1    8    1    1   15    1    2    1   20    1    2
    4    2    1   15    6    1    1   54    2    3    5    1    4    1    1
    3   12    1    3    1    3    8    1    1    6    1    1    1   13    3
    6    7    1    2    3    1    6    2    1    1   14    1    2    2    1
    4   11    1   28    2    2   27    1    1    3    8    5    2    1   21
    4    1    1    8    2    1    2    2    5   20    1    5    1    1   35
    3    4    1    1   34    1    1    1    5    1    1    1    2    1    1
    6    2    3    1    1    1    2   13    1    2    1    5    5    1    1
    1    2    5    2    1    3    1    1    5    1    3    4    3    1    1
   11    2    2    6    5    7

YN00 paml/jobs/LOCW_00021424__LOC_00019130/LOCW_00021424__LOC_00019130.phy

ns =   2	ls = 717

Codon position x base (3x4) table for each sequence.

SEQ1                
position  1:    T:0.10321    C:0.16457    A:0.31660    G:0.41562
position  2:    T:0.29010    C:0.17852    A:0.25105    G:0.28033
position  3:    T:0.16318    C:0.34449    A:0.13250    G:0.35983

SEQ2                
position  1:    T:0.09344    C:0.16876    A:0.30683    G:0.43096
position  2:    T:0.28870    C:0.18131    A:0.24128    G:0.28870
position  3:    T:0.16179    C:0.34170    A:0.12692    G:0.36960

Average
position  1:    T:0.09833    C:0.16667    A:0.31172    G:0.42329
position  2:    T:0.28940    C:0.17992    A:0.24616    G:0.28452
position  3:    T:0.16248    C:0.34310    A:0.12971    G:0.36471

Codon usage for each species
----------------------------------------------------------------------
Phe TTT  12  10 | Ser TCT   8   7 | Tyr TAT   2   1 | Cys TGT   1   1
    TTC  13  16 |     TCC   9   6 |     TAC   5   5 |     TGC   7   4
Leu TTA   1   1 |     TCA   1   1 | *** TAA   0   0 | *** TGA   0   0
    TTG   8   8 |     TCG   4   4 |     TAG   0   0 | Trp TGG   3   3
----------------------------------------------------------------------
Leu CTT   7   6 | Pro CCT  14  16 | His CAT   4   5 | Arg CGT   2   3
    CTC   8   9 |     CCC  10  12 |     CAC   9   4 |     CGC   6  13
    CTA   4   3 |     CCA   3   3 | Gln CAA   0   0 |     CGA   3   3
    CTG  19  18 |     CCG   8   6 |     CAG  13  12 |     CGG   8   8
----------------------------------------------------------------------
Ile ATT   9  12 | Thr ACT   3   2 | Asn AAT  12   8 | Ser AGT   6   6
    ATC  23  19 |     ACC   9   8 |     AAC  16  17 |     AGC  20  19
    ATA   2   4 |     ACA   2   2 | Lys AAA  19  19 | Arg AGA  10   8
Met ATG  57  58 |     ACG   2   1 |     AAG  16  17 |     AGG  21  20
----------------------------------------------------------------------
Val GTT   8   8 | Ala GCT  10  10 | Asp GAT  11  11 | Gly GGT   8  10
    GTC  10  12 |     GCC  26  30 |     GAC  32  31 |     GGC  44  40
    GTA   5   2 |     GCA   7   8 | Glu GAA  12  12 |     GGA  26  25
    GTG  22  21 |     GCG  12  14 |     GAG  29  31 |     GGG  36  44
----------------------------------------------------------------------


Sums
------------------------------------------------------
Phe TTT  22 | Ser TCT  15 | Tyr TAT   3 | Cys TGT   2
    TTC  29 |     TCC  15 |     TAC  10 |     TGC  11
Leu TTA   2 |     TCA   2 | *** TAA   0 | *** TGA   0
    TTG  16 |     TCG   8 |     TAG   0 | Trp TGG   6
------------------------------------------------------
Leu CTT  13 | Pro CCT  30 | His CAT   9 | Arg CGT   5
    CTC  17 |     CCC  22 |     CAC  13 |     CGC  19
    CTA   7 |     CCA   6 | Gln CAA   0 |     CGA   6
    CTG  37 |     CCG  14 |     CAG  25 |     CGG  16
------------------------------------------------------
Ile ATT  21 | Thr ACT   5 | Asn AAT  20 | Ser AGT  12
    ATC  42 |     ACC  17 |     AAC  33 |     AGC  39
    ATA   6 |     ACA   4 | Lys AAA  38 | Arg AGA  18
Met ATG 115 |     ACG   3 |     AAG  33 |     AGG  41
------------------------------------------------------
Val GTT  16 | Ala GCT  20 | Asp GAT  22 | Gly GGT  18
    GTC  22 |     GCC  56 |     GAC  63 |     GGC  84
    GTA   7 |     GCA  15 | Glu GAA  24 |     GGA  51
    GTG  43 |     GCG  26 |     GAG  60 |     GGG  80
------------------------------------------------------



(A) Nei-Gojobori (1986) method



Nei & Gojobori 1986. dN/dS (dN, dS)
(Note: This matrix is not used in later ML. analysis.
Use runmode = -2 for ML pairwise comparison.)

SEQ1                
SEQ2                 0.1407 (0.0366 0.2602)


(B) Yang & Nielsen (2000) method

Yang Z, Nielsen R (2000) Estimating synonymous and nonsynonymous substitution rates under realistic evolutionary models. Mol. Biol. Evol. 17:32-43

(equal weighting of pathways)

seq. seq.     S       N        t   kappa   omega     dN +- SE    dS +- SE

   2    1   537.3  1613.7   0.2733 14.1804  0.1502 0.0377 +- 0.0050  0.2514 +- 0.0268


(C) LWL85, LPB93 & LWLm methods

Li W.-H., C.-I. Wu, Luo (1985) A new method for estimating synonymous and nonsynonymous rates of nucleotide substitutions considering the relative likelihood of nucleotide and codon changes. Mol. Biol. Evol. 2: 150-174.
Li W-H (1993) Unbiased estimation of the rates of synonymous and nonsynonymous substitution. J. Mol. Evol. 36:96-99
Pamilo P, Bianchi NO (1993) Evolution of the Zfx and Zfy genes - rates and interdependence between the genes. Mol. Biol. Evol. 10:271-281
Yang Z (2006) Computational Molecular Evolution. Oxford University Press, Oxford. Eqs. 2.12 & 2.13

2 (SEQ2) vs. 1 (SEQ1)

L(i):     1423.0     378.5     349.5  sum=   2151.0
Ns(i):   47.0000   42.0000   46.0000  sum= 135.0000
Nv(i):    6.5000    5.5000   22.0000  sum=  34.0000
A(i):     0.0343    0.1275    0.1638
B(i):     0.0046    0.0147    0.0673
LWL85:  dS =  0.2712 dN =  0.0364 w = 0.1342 S =  475.7 N = 1675.3
LWL85m: dS =  0.2088 dN =  0.0398 w = 0.1904 S =  617.8 N = 1533.2 (rho = 0.709)
LPB93:  dS =  0.2122 dN =  0.0411 w = 0.1935

