
Before deleting alignment gaps
      2   3825

SEQ1                            ATG GCG GCG GGG GGA GGC GGC GGC GGC CGG GGG AGC AGC GGG CCC AGG GGG GGC GGC CGG ACG GGG GGC GGC GCC GGC GCA GGG GGG GCG GCG CCC CCC GCC CCC GAG AAG CTC CCC GTC CAC GTC GAA GAC GCC CTC TCT TAC CTG GAC CAG GTG AAG ATC CGC TTT GGC AGC GAC CCG GCA ACC TAC AAC GGC TTC CTG GAG ATC ATG AAG GAG TTC AAG AGC CAG AGC ATC GAC ACC CCC GGG GTG ATC CGC CGC GTC TCC CAC CTG TTC CAC GAG CAC CCC GAC CTC ATC GTC GGC TTC AAT GCC TTC CTG CCC CTG GGA TAC CGC ATC GAG GTC CCC AAG AAC GGG CGG CTG AGC GTG CCG GCG CCG CTG GCT GGC CAG GTG TCC CTG GAG CTG GCG CAG AGC CCC CTC CCC GGC AGC GGC CTC CCG CCC CAC GGC TGC CCG GAG GGC GCC CAC GGC CCA GAG GAG CTC CGC CAG CCG CAG CCC CCG CTG GCT GCA TCC TGC CGG GAG GAG AAG CCC CAG GTG CCC CTG GAG TCG GAC TCC GTG GAG TTC AAC AAC GCC ATC AGC TAC GTG AAC AAG ATC AAG ACG CGC TTC CTC GAC CAC CCG GAG ATC TAC CGC TCC TTC TTG GAG ATC CTG CAC ACG TAC CAG AAG GAG CAG CTG AGT GCC AAG GGG CGC CCC TTC CGA GGC ATG TCC GAG GAG GAG GTC TTC ACC GAG GTG GCC AGT CTC TTC CGG GGC CAG GAG GAC CTG CTC TCG GAG TTC GGG CAG TTC CTT CCC GAG GCG AAG CGG TCC TTG TTC ACC GGA AAC GGG CCG TGC GAC GCA AGC AGC CTC CCC AAA ACA GAC CAC GAG AAG CCC CTC GAG CAC AGC AAG AAA CGG TCT AGG CCG CTC TTG CTC CGC CCT GTG TCC GGC CCG GCC AAG AAG AAG ATG AAG CTG CGA GGG ACC AGC GAC CTC TCG GTG GCC ACG GTG GGC AAA TAC GGC ACC CTG CAC GAG TTC TCC TTC TTC GAC AAG --- --- --- --- --- --- --- --- --- --- --- --- --- --- --- --- --- --- --- --- --- --- --- --- --- --- --- --- --- --- --- --- --- --- --- --- --- --- --- --- --- --- --- --- --- --- --- --- --- --- --- --- --- --- --- --- --- --- --- --- --- --- --- --- --- --- --- --- --- --- --- --- --- --- --- GTG CGC CGC GTC CTC AGG AGC CAG GAG GTG TAC GAG AAC TTT CTC CGC TGC ATC GCC CTC TTC AAC CAA GAG CTG GTC TCG GGC TCA GAG CTC CTC CAG CTG GTC ACT CCC TTC CTG GGG AAG TTC CCG GAG CTC TTT GCC CAG TTC AAG TCC TTC CTG GGC GTC AAG GAG CTG GCC TTC GTC TCC CCG ATG GGC GAC CGT GCC GGG GAC GGG ATG TGC CGG GAG ATC GAC TAT GCC TCC TGC AAG CGC ATC GGC TCC AGC TAT CGG GCC CTG CCC AAG ACC TAC CAG CAG CCT AAG TGC AGT GGC AGG ACG GCC ATT TGC AAA GAG GTG CTG AAC GAC ACC TGG GTC TCC TTC CCC TCC TGG TCG GAA GAC TCG ACC TTC GTC AGC TCG AAG AAG ACC CCC TAC GAG GAG CAG CTG CAC CGG TGT GAG GAC GAG CGC TTC GAG CTG GAC GTC GTC CTG GAG ACC AAC CTG GCC ACC ATC CGC GTG CTG GAA AGC GTG CAG AAG AAG CTG AGC CGG CTG TCG CCG GAG GAC CAG GAG AAG TTC CGG CTG GAT GAC TGC CTG GGC GGC ACC TCC GAG GTC ATC CAG CGC CGG GCC ATC TAC CGG ATC TAT GGC GAC AAG GCG CCG GAG ATC ATC GAG AGC CTC AAG AAG AAC CCC CTC GCT GCC CTC CCC GTC GTC CTG AAG AGG CTG AAA GCG AAG GAG GAG GAG TGG CGG GAG GCC CAG CAG GGC TTC AAC AAG ATC TGG CGG GAG CAG TAC GAG AAG GCC TAC CTG AAG TCG CTC GAC CAC CAG GCC GTG AAC TTC AAG CAA AAC GAC ACC AAG GCT CTG CGC TCC AAG AGC CTG CTG AAC GAG ATC GAG AGC GTC TAC GAC GAG CAC CAG GAG CAG CAC TCG GAA GGG CGG GGG GCC TCC AGT GAG CCC CAC CTC ATC TTT GTC TAC GAG GAC AAG CAG ATC CTG GAC GAC GCG GCT TCC CTC CTC AGC TGC TAC GTG AAG CAG CAG CCC ACC ATC CAG AAG GAG GAC CAG GCC GCC ATC CGG CAG ATC GTC CAC CAC TTC GTC CCC GAC CTC TTT CTC CCC CAG CTG CCT GCG CCC CCC GGC CCC GAG GAG CTG CCG AGC GAG GAG AAG GGG GCC CCC AAG ACC CGC CCG CCG GAT GCC CGT GAC CTG CGG AGG AGG AGC ACG CCC GGC CCC CTG GAG GAG AAG GGG TCC ACC CCG GCG GAG GCA CAT GAG CTG CGG AGG AGG AAC CCC CCT GGC CCG CCG GCC AGC CCC CCG GAG GAG AAG CCC CTG GCC TTG GAG GGC CAC GAG CTG CGC AAG AGG AAC CCC CCC GCG CCC CCG GCC AGC CCC GCC AAG GAG AAG GGG AGC GTG GAG GGC GGG TGG CCC TCC CCT GCC GGG CCT CGC CCC TCC CCC GCT GGG CCT CGC CCC TCC CTG GAC AAC GTC TAC ACG CTC TTC TTC GCC AAT AAC AAC TGG TAC TTC TTC CTC CGC CTC CAC CAG ACG CTC TGC TCC AGG CTG CTC AAG ATT TAC CGC CAG GCC CAG AAG CAG CTG CTG GAG TAT CGG ACG GAG AAG GAG CGG GAG AAG CTC TTG TGT GAA GGG CGG AAG GAG CGG GCC AAC GAC CCA GCC ATG GAG CTG CGC CTC AAG CAG CCA AGC GAA GTT GAG CTG GAG GAG TAC TAC CCA GCA TTC CTG GAC TTG GTG AGG AGC CTC CTG GAT GGC AAC ATC GAC CCC AGT CAG TAC GAG GAC ACC CTG CGG GAG ATG TTC ACC ATC CAC GCC TAC GTC GGC TTC ACC ATG GAC AAG CTC GTG CAG AAC ATC GTC CGG CAG CTG CAT CAT CTG GTG AGC GAC GAC GTC TGC TTG AAG GTG GTG GAG CTG CAC CTG GCC GAG CGG AAG CAG GGG GCG GCC GGG GGC AGC CTG TCC TCG CAG TGC GTG CGG GCG GCC AAG GAG ACC AGC TAC CAG TGG AAG GCC GAG CGC TGC ATG GCT GAC GAG AAC TGC TTC AAG GTG ATG TTC CTA CAG CGG CAG GAC CAA GTC ATC ATG ACT ATC GAG CTC CTG GAC ACG GAA GAG ACC CAA ATG GAA GAC CCC ATG GAG GTC CAG CAC TTG GCT AAC TAC ATG GAG CAG TAC GTG GGG GTG GAG GGC CCC CCC AGC AGC CAG AAC GAG GGC TTC CTG TTG AAA CCG GTC TTT CTG CAG AGG AAT CTG AAG AAA TTC CGG CGC TGG CAG TGC CAG CAG GTG CAG GCC CTG CGC GAC AAG GCG CGG AGC TCC TGG AAA CAG CTG ATT GGC GTG GAG AGT GCC TGC AAC GTG GAC TGC CGC TTC AAG CTC AGC ACG CAT AAG ATG CTG TTT GTC ATC AAC GCC GAG GAC TAC ATG TAC CGC CGG GGG GCC CTG TCC CGG GCC CAG CAG GCG CAG CCC ACA GTC CTG CTG TGG CAC CAC CAG CGC TTC GAG GGC TGG CAC CGA CGC TGG CTC GGC CGG CAC GTG AGC CGC GAG GCG GCC GAG CTG GTG CAG GAC TGG CTG ATG GGG GAC GAG GAC GAG GAC CTG GTG CCC TGC AAG ACC ACC TGC GAG ACG GCC AGC GTC CAC GGG GTG CCC GTC AGC CGC TAC CGA GTG CAG TAC AGC CGC CGC CCC CCC TCC CCC 
SEQ2                            ATG GCG GCG GGG GGA GGC GGC GGC GGC CGG GGG AGC AGC GGG CCC AGG GGG GGC GGC CGG ACG GGG GGC GGC GCC GGC GCA GGG GGG GCG GCG CCC CCC GCC CCC GAG AAG CTC CCC GTC CAC GTC GAA GAC GCC CTC TCT TAC CTG GAC CAG GTG AAG ATC CGC TTT GGC AGC GAC CCG GCA ACC TAC AAT GGC TTC CTG GAG ATC ATG AAG GAG TTC AAG AGC CAG AGC ATC GAC ACC CCC GGG GTG ATC CGC CGC GTC TCC CAC CTG TTC CAC GAG CAC CCC GAC CTC ATC GTC GGC TTC AAT GCC TTC CTG CCC CTG GGA TAC CGC ATC GAG GTC CCC AAG AAC GGG CGG CTG AGC GTG CCG GCG CCG CTG GCT GGC CAG GTG TCC CTG GAG CTG GCG CAG AGC CCC CTC CCC GGC AGC GGC CTC CCG CCC CAC GGC TGC CCG GAG GGC GCC CAC GGC CCA GAG GAG CTC CGC CAG CCG CAG CCC CCG CTG GCT GCA TCC TGC CGG GAG GAG AAG CCC CAG GTG CCC CTG GAG TCG GAC TCC GTG GAG TTC AAC AAC GCC ATC AGC TAC GTG AAC AAG ATC AAG ACG CGC TTC CTC GAC CAC CCG GAG ATC TAC CGC TCC TTC TTG GAG ATC CTG CAC ACG TAC CAG AAG GAG CAG CTG AGC GCC AAG GGG CGC CCC TTC CGA GGC ATG TCC GAG GAG GAG GTC TTC ACC GAG GTG GCC AGT CTC TTC CGG GGC CAG GAG GAC CTG CTC TCG GAG TTC GGG CAG TTC CTT CCC GAG GCG AAG CGG TCC TTG TTC ACC GGA AAC GGG CCG TGC GAC GCA AGC AGC CTC CCC AAA ACA GAC CAC GAG AAG CCC CTC GAG CAC AGC AAG AAA CGG TCC AGG CCG CTC TTG CTC CGC CCT GTG TCC GGC CCG GCC AAG AAG AAG ATG AAG CTG CGA GGG ACC AGC GAC CTC TCG GTG GCC ACG GTG GGC AAA TAC GGC ACC CTG CAC GAG TTC TCC TTC TTC GAC AAG GTC TGC TGC CTG GTG GGG AGG TCG GTG GGG TGG GAA GTG GGG CTG AGC TCC GGC ACA GGA GCC GTG CGC CGG ACG CAG GGC CGG CCA GCT TCG GGC AGC CTT GCC CAG CTT CCC CAG TCC TCT GCT CGG GCT GCC CTC CCC GTG CCC GGC CAG CCA GCT GTG GCA CGT CCG CAG GCC CGA GCC GGA CGG AGC TGG GAC GCC CCT CTC GCC CTG GCT GTC TCG CAG GTG CGC CGC GTC CTC AGG AGC CAG GAG GTG TAC GAG AAC TTT CTC CGC TGC ATC GCC CTC TTC AAC CAA GAG CTG GTC TCA GGC TCA GAG CTC CTC CAG CTG GTC ACT CCC TTC CTG GGG AAG TTC CCG GAG CTC TTT GCC CAG TTC AAG TCC TTC CTG GGC GTC AAG GAG CTG GCC TTC GTC TCC CCG ATG GGC GAC CGT GCC GGG GAC GGG ATG TGC CGG GAG ATC GAC TAT GCC TCC TGC AAG CGC ATC GGC TCC AGC TAC CGG GCC CTG CCC AAG ACC TAC CAG CAG CCT AAG TGC AGT GGC AGG ACG GCC ATT TGC AAA GAG GTG CTG AAC GAC ACC TGG GTC TCC TTC CCC TCC TGG TCG GAA GAC TCG ACC TTC GTC AGC TCG AAG AAG ACT CCC TAC GAG GAG CAG CTG CAC CGG TGT GAG GAC GAG CGC TTC GAG CTG GAC GTC GTC CTG GAG ACC AAC CTG GCC ACC ATC CGT GTG CTG GAG AGC GTG CAG AAG AAG TTG AGC CGG CTG TCA CCG GAG GAC CAG GAG AAG TTC CGG CTG GAT GAC TGC CTG GGC GGC ACC TCC GAG GTC ATC CAG CGC CGG GCC ATC TAC CGG ATC TAC GGC GAC AAG GCG CCG GAG ATC ATC GAG AGC CTC AAG AAG AAC CCC CTC GCC GCC CTC CCC ATC GTC CTG AAG AGG CTG AAA GCG AAG GAG GAG GAG TGG CGG GAG GCC CAG CAG GGC TTC AAC AAG ATC TGG CGG GAG CAG TAC GAG AAG GCC TAC CTG AAG TCG CTC GAC CAC CAG GCC GTG AAC TTC AAG CAA AAC GAC ACC AAG GCT CTG CGC TCC AAG AGC CTG CTG AAC GAG ATC GAG AGC GTC TAC GAC GAG CAC CAG GAG CAG CAC TCG GAA GGG CGG GGG GCC TCC AGT GAG CCC CAC CTC ATC TTT GTC TAC GAG GAC AAG CAG ATC CTG GAC GAC GCG GCT TCC CTC CTC AGC TGC TAC GTG AAG CAG CAG CCC ACC ATC CAG AAG GAG GAC CAG GCC GCC ATC CGG CAG ATC GTC CAC CAC TTC GTC CCC GAC CTC TTT CTC CCC CAG CTG CCT GCG CCC CCC GGC CCC GAG GAG CTG CCG AAC GAG GAG AAG GGG GCC CCC AAG ACC CGC CTG CCG GAT GCC CGT GAC CTG CGG AGG AGG AGC ACG CCC GGC CCC CTG GAG GAG AAG GGG TCC GCC CCG GCG GAG GCA CAT GAG CTG CGG AGG AGG AAC CCC CCT GGC CCG CCG GCC AGC CCC CCG GAG GAG AAG CCC CTG GCC TTG GAG GGC CAC GAG CTG CGC AAG AGG AAC CCC CCC GCG CCC CCG GCC AGC CCC GCC AAG GAG AAG GGG AGC GTG GAG GGC GGG TGG CCC TCC CCT CCC GGG CCT CGC CCC TCC CCC GCC GGG CCT CGC CCC TCC CTG GAC AAC GTC TAC ACG CTC TTC TTC GCC AAC AAC AAC TGG TAC TTC TTC CTC CGC CTC CAC CAG ACG CTC TGC TCC AGG CTG CTC AAG ATT TAC CGC CAG GCC CAG AAG CAG CTG CTG GAG TAT CGG ACG GAG AAG GAG CGG GAG AAG CTC TTG TGT GAA GGG CGG AAG GAG CGG GCC AAC GAC CCA GCC ATG GAG CTG CGC CTC AAG CAG CCA AGC GAA GTT GAG CTG GAG GAG TAC TAC CCA GCA TTC CTG GAC TTG GTG AGG AGC CTC CTG GAT GGC AAC ATC GAC CCC GGT CAG TAC GAG GAC ACC CTG CGG GAG ATG TTC ACC ATC CAT GCC TAC GTC GGC TTC ACC ATG GAC AAG CTC GTG CAG AAC ATC GTC CGG CAG CTG CAT CAC CTG GTG AGC GAC GAC GTC TGC TTG AAG GTG GTG GAG CTG CAC CTG GCC GAG CGG AAG CAG GGG GCG GCC GGG GGC AGC CTG TCC TCG CAG TGC GTG CGG GCG GCC AAG GAG ACC AGC TAC CAG TGG AAG GCC GAG CGC TGC ATG GCT GAC GAG AAC TGC TTC AAG GTG ATG TTC CTA CAG CGG CAG GAC CAA GTC ATC ATG ACT ATC GAG CTC CTG GAC ACG GAA GAG ACC CAA ATG GAA GAC CCC ATG GAG GTC CAG CAC TTA GCT AAC TAC ATG GAG CAG TAC GTG GGG GTG GAG GGC CCC CCC AGC AGC CAG AAC GAG GGC TTC CTG TTG AAA CCG GTC TTT CTG CAG AGG AAC CTG AAG AAA TTC CGG CGC TGG CAG TGC CAG CAG GTG CAG GCC CTG CGC GAC AAG GCG CGG AGC TCC TGG AAA CAG CTG ATT GGC GTG GAG AGT GCC TGC AAC GTG GAC TGC CGC TTC AAG CTC AGC ACG CAT AAG ATG CTG TTT GTC ATC AAT GCC GAG GAC TAC ATG TAC CGC CGG GGG GCC CTG TCC CGG GCC CAG CAG GCG CAG CCC ACA GTC CTG CTG CGG CAC CAC CAG CGC TTC GAG GGC TGG CAC CGA CGC TGG CTC GGC CGA CAC GTG AGC CGC GAG GCG GCC GAG CTG GTG CAG GAC TGG CTG ATG GGG GAC GAG GAC GAG GAC CTG GTG CCC TGC AAG ACC ACC TGC GAG ACG GCC AGC GTC CAC GGT GTG CCC GTC AGC CGC TAC CGA GTG CAG TAC AGC CGC CGC CCC CCC TCC CCC 



After deleting gaps. 3600 sites
      2   3600

SEQ1                            ATG GCG GCG GGG GGA GGC GGC GGC GGC CGG GGG AGC AGC GGG CCC AGG GGG GGC GGC CGG ACG GGG GGC GGC GCC GGC GCA GGG GGG GCG GCG CCC CCC GCC CCC GAG AAG CTC CCC GTC CAC GTC GAA GAC GCC CTC TCT TAC CTG GAC CAG GTG AAG ATC CGC TTT GGC AGC GAC CCG GCA ACC TAC AAC GGC TTC CTG GAG ATC ATG AAG GAG TTC AAG AGC CAG AGC ATC GAC ACC CCC GGG GTG ATC CGC CGC GTC TCC CAC CTG TTC CAC GAG CAC CCC GAC CTC ATC GTC GGC TTC AAT GCC TTC CTG CCC CTG GGA TAC CGC ATC GAG GTC CCC AAG AAC GGG CGG CTG AGC GTG CCG GCG CCG CTG GCT GGC CAG GTG TCC CTG GAG CTG GCG CAG AGC CCC CTC CCC GGC AGC GGC CTC CCG CCC CAC GGC TGC CCG GAG GGC GCC CAC GGC CCA GAG GAG CTC CGC CAG CCG CAG CCC CCG CTG GCT GCA TCC TGC CGG GAG GAG AAG CCC CAG GTG CCC CTG GAG TCG GAC TCC GTG GAG TTC AAC AAC GCC ATC AGC TAC GTG AAC AAG ATC AAG ACG CGC TTC CTC GAC CAC CCG GAG ATC TAC CGC TCC TTC TTG GAG ATC CTG CAC ACG TAC CAG AAG GAG CAG CTG AGT GCC AAG GGG CGC CCC TTC CGA GGC ATG TCC GAG GAG GAG GTC TTC ACC GAG GTG GCC AGT CTC TTC CGG GGC CAG GAG GAC CTG CTC TCG GAG TTC GGG CAG TTC CTT CCC GAG GCG AAG CGG TCC TTG TTC ACC GGA AAC GGG CCG TGC GAC GCA AGC AGC CTC CCC AAA ACA GAC CAC GAG AAG CCC CTC GAG CAC AGC AAG AAA CGG TCT AGG CCG CTC TTG CTC CGC CCT GTG TCC GGC CCG GCC AAG AAG AAG ATG AAG CTG CGA GGG ACC AGC GAC CTC TCG GTG GCC ACG GTG GGC AAA TAC GGC ACC CTG CAC GAG TTC TCC TTC TTC GAC AAG GTG CGC CGC GTC CTC AGG AGC CAG GAG GTG TAC GAG AAC TTT CTC CGC TGC ATC GCC CTC TTC AAC CAA GAG CTG GTC TCG GGC TCA GAG CTC CTC CAG CTG GTC ACT CCC TTC CTG GGG AAG TTC CCG GAG CTC TTT GCC CAG TTC AAG TCC TTC CTG GGC GTC AAG GAG CTG GCC TTC GTC TCC CCG ATG GGC GAC CGT GCC GGG GAC GGG ATG TGC CGG GAG ATC GAC TAT GCC TCC TGC AAG CGC ATC GGC TCC AGC TAT CGG GCC CTG CCC AAG ACC TAC CAG CAG CCT AAG TGC AGT GGC AGG ACG GCC ATT TGC AAA GAG GTG CTG AAC GAC ACC TGG GTC TCC TTC CCC TCC TGG TCG GAA GAC TCG ACC TTC GTC AGC TCG AAG AAG ACC CCC TAC GAG GAG CAG CTG CAC CGG TGT GAG GAC GAG CGC TTC GAG CTG GAC GTC GTC CTG GAG ACC AAC CTG GCC ACC ATC CGC GTG CTG GAA AGC GTG CAG AAG AAG CTG AGC CGG CTG TCG CCG GAG GAC CAG GAG AAG TTC CGG CTG GAT GAC TGC CTG GGC GGC ACC TCC GAG GTC ATC CAG CGC CGG GCC ATC TAC CGG ATC TAT GGC GAC AAG GCG CCG GAG ATC ATC GAG AGC CTC AAG AAG AAC CCC CTC GCT GCC CTC CCC GTC GTC CTG AAG AGG CTG AAA GCG AAG GAG GAG GAG TGG CGG GAG GCC CAG CAG GGC TTC AAC AAG ATC TGG CGG GAG CAG TAC GAG AAG GCC TAC CTG AAG TCG CTC GAC CAC CAG GCC GTG AAC TTC AAG CAA AAC GAC ACC AAG GCT CTG CGC TCC AAG AGC CTG CTG AAC GAG ATC GAG AGC GTC TAC GAC GAG CAC CAG GAG CAG CAC TCG GAA GGG CGG GGG GCC TCC AGT GAG CCC CAC CTC ATC TTT GTC TAC GAG GAC AAG CAG ATC CTG GAC GAC GCG GCT TCC CTC CTC AGC TGC TAC GTG AAG CAG CAG CCC ACC ATC CAG AAG GAG GAC CAG GCC GCC ATC CGG CAG ATC GTC CAC CAC TTC GTC CCC GAC CTC TTT CTC CCC CAG CTG CCT GCG CCC CCC GGC CCC GAG GAG CTG CCG AGC GAG GAG AAG GGG GCC CCC AAG ACC CGC CCG CCG GAT GCC CGT GAC CTG CGG AGG AGG AGC ACG CCC GGC CCC CTG GAG GAG AAG GGG TCC ACC CCG GCG GAG GCA CAT GAG CTG CGG AGG AGG AAC CCC CCT GGC CCG CCG GCC AGC CCC CCG GAG GAG AAG CCC CTG GCC TTG GAG GGC CAC GAG CTG CGC AAG AGG AAC CCC CCC GCG CCC CCG GCC AGC CCC GCC AAG GAG AAG GGG AGC GTG GAG GGC GGG TGG CCC TCC CCT GCC GGG CCT CGC CCC TCC CCC GCT GGG CCT CGC CCC TCC CTG GAC AAC GTC TAC ACG CTC TTC TTC GCC AAT AAC AAC TGG TAC TTC TTC CTC CGC CTC CAC CAG ACG CTC TGC TCC AGG CTG CTC AAG ATT TAC CGC CAG GCC CAG AAG CAG CTG CTG GAG TAT CGG ACG GAG AAG GAG CGG GAG AAG CTC TTG TGT GAA GGG CGG AAG GAG CGG GCC AAC GAC CCA GCC ATG GAG CTG CGC CTC AAG CAG CCA AGC GAA GTT GAG CTG GAG GAG TAC TAC CCA GCA TTC CTG GAC TTG GTG AGG AGC CTC CTG GAT GGC AAC ATC GAC CCC AGT CAG TAC GAG GAC ACC CTG CGG GAG ATG TTC ACC ATC CAC GCC TAC GTC GGC TTC ACC ATG GAC AAG CTC GTG CAG AAC ATC GTC CGG CAG CTG CAT CAT CTG GTG AGC GAC GAC GTC TGC TTG AAG GTG GTG GAG CTG CAC CTG GCC GAG CGG AAG CAG GGG GCG GCC GGG GGC AGC CTG TCC TCG CAG TGC GTG CGG GCG GCC AAG GAG ACC AGC TAC CAG TGG AAG GCC GAG CGC TGC ATG GCT GAC GAG AAC TGC TTC AAG GTG ATG TTC CTA CAG CGG CAG GAC CAA GTC ATC ATG ACT ATC GAG CTC CTG GAC ACG GAA GAG ACC CAA ATG GAA GAC CCC ATG GAG GTC CAG CAC TTG GCT AAC TAC ATG GAG CAG TAC GTG GGG GTG GAG GGC CCC CCC AGC AGC CAG AAC GAG GGC TTC CTG TTG AAA CCG GTC TTT CTG CAG AGG AAT CTG AAG AAA TTC CGG CGC TGG CAG TGC CAG CAG GTG CAG GCC CTG CGC GAC AAG GCG CGG AGC TCC TGG AAA CAG CTG ATT GGC GTG GAG AGT GCC TGC AAC GTG GAC TGC CGC TTC AAG CTC AGC ACG CAT AAG ATG CTG TTT GTC ATC AAC GCC GAG GAC TAC ATG TAC CGC CGG GGG GCC CTG TCC CGG GCC CAG CAG GCG CAG CCC ACA GTC CTG CTG TGG CAC CAC CAG CGC TTC GAG GGC TGG CAC CGA CGC TGG CTC GGC CGG CAC GTG AGC CGC GAG GCG GCC GAG CTG GTG CAG GAC TGG CTG ATG GGG GAC GAG GAC GAG GAC CTG GTG CCC TGC AAG ACC ACC TGC GAG ACG GCC AGC GTC CAC GGG GTG CCC GTC AGC CGC TAC CGA GTG CAG TAC AGC CGC CGC CCC CCC TCC CCC 
SEQ2                            ATG GCG GCG GGG GGA GGC GGC GGC GGC CGG GGG AGC AGC GGG CCC AGG GGG GGC GGC CGG ACG GGG GGC GGC GCC GGC GCA GGG GGG GCG GCG CCC CCC GCC CCC GAG AAG CTC CCC GTC CAC GTC GAA GAC GCC CTC TCT TAC CTG GAC CAG GTG AAG ATC CGC TTT GGC AGC GAC CCG GCA ACC TAC AAT GGC TTC CTG GAG ATC ATG AAG GAG TTC AAG AGC CAG AGC ATC GAC ACC CCC GGG GTG ATC CGC CGC GTC TCC CAC CTG TTC CAC GAG CAC CCC GAC CTC ATC GTC GGC TTC AAT GCC TTC CTG CCC CTG GGA TAC CGC ATC GAG GTC CCC AAG AAC GGG CGG CTG AGC GTG CCG GCG CCG CTG GCT GGC CAG GTG TCC CTG GAG CTG GCG CAG AGC CCC CTC CCC GGC AGC GGC CTC CCG CCC CAC GGC TGC CCG GAG GGC GCC CAC GGC CCA GAG GAG CTC CGC CAG CCG CAG CCC CCG CTG GCT GCA TCC TGC CGG GAG GAG AAG CCC CAG GTG CCC CTG GAG TCG GAC TCC GTG GAG TTC AAC AAC GCC ATC AGC TAC GTG AAC AAG ATC AAG ACG CGC TTC CTC GAC CAC CCG GAG ATC TAC CGC TCC TTC TTG GAG ATC CTG CAC ACG TAC CAG AAG GAG CAG CTG AGC GCC AAG GGG CGC CCC TTC CGA GGC ATG TCC GAG GAG GAG GTC TTC ACC GAG GTG GCC AGT CTC TTC CGG GGC CAG GAG GAC CTG CTC TCG GAG TTC GGG CAG TTC CTT CCC GAG GCG AAG CGG TCC TTG TTC ACC GGA AAC GGG CCG TGC GAC GCA AGC AGC CTC CCC AAA ACA GAC CAC GAG AAG CCC CTC GAG CAC AGC AAG AAA CGG TCC AGG CCG CTC TTG CTC CGC CCT GTG TCC GGC CCG GCC AAG AAG AAG ATG AAG CTG CGA GGG ACC AGC GAC CTC TCG GTG GCC ACG GTG GGC AAA TAC GGC ACC CTG CAC GAG TTC TCC TTC TTC GAC AAG GTG CGC CGC GTC CTC AGG AGC CAG GAG GTG TAC GAG AAC TTT CTC CGC TGC ATC GCC CTC TTC AAC CAA GAG CTG GTC TCA GGC TCA GAG CTC CTC CAG CTG GTC ACT CCC TTC CTG GGG AAG TTC CCG GAG CTC TTT GCC CAG TTC AAG TCC TTC CTG GGC GTC AAG GAG CTG GCC TTC GTC TCC CCG ATG GGC GAC CGT GCC GGG GAC GGG ATG TGC CGG GAG ATC GAC TAT GCC TCC TGC AAG CGC ATC GGC TCC AGC TAC CGG GCC CTG CCC AAG ACC TAC CAG CAG CCT AAG TGC AGT GGC AGG ACG GCC ATT TGC AAA GAG GTG CTG AAC GAC ACC TGG GTC TCC TTC CCC TCC TGG TCG GAA GAC TCG ACC TTC GTC AGC TCG AAG AAG ACT CCC TAC GAG GAG CAG CTG CAC CGG TGT GAG GAC GAG CGC TTC GAG CTG GAC GTC GTC CTG GAG ACC AAC CTG GCC ACC ATC CGT GTG CTG GAG AGC GTG CAG AAG AAG TTG AGC CGG CTG TCA CCG GAG GAC CAG GAG AAG TTC CGG CTG GAT GAC TGC CTG GGC GGC ACC TCC GAG GTC ATC CAG CGC CGG GCC ATC TAC CGG ATC TAC GGC GAC AAG GCG CCG GAG ATC ATC GAG AGC CTC AAG AAG AAC CCC CTC GCC GCC CTC CCC ATC GTC CTG AAG AGG CTG AAA GCG AAG GAG GAG GAG TGG CGG GAG GCC CAG CAG GGC TTC AAC AAG ATC TGG CGG GAG CAG TAC GAG AAG GCC TAC CTG AAG TCG CTC GAC CAC CAG GCC GTG AAC TTC AAG CAA AAC GAC ACC AAG GCT CTG CGC TCC AAG AGC CTG CTG AAC GAG ATC GAG AGC GTC TAC GAC GAG CAC CAG GAG CAG CAC TCG GAA GGG CGG GGG GCC TCC AGT GAG CCC CAC CTC ATC TTT GTC TAC GAG GAC AAG CAG ATC CTG GAC GAC GCG GCT TCC CTC CTC AGC TGC TAC GTG AAG CAG CAG CCC ACC ATC CAG AAG GAG GAC CAG GCC GCC ATC CGG CAG ATC GTC CAC CAC TTC GTC CCC GAC CTC TTT CTC CCC CAG CTG CCT GCG CCC CCC GGC CCC GAG GAG CTG CCG AAC GAG GAG AAG GGG GCC CCC AAG ACC CGC CTG CCG GAT GCC CGT GAC CTG CGG AGG AGG AGC ACG CCC GGC CCC CTG GAG GAG AAG GGG TCC GCC CCG GCG GAG GCA CAT GAG CTG CGG AGG AGG AAC CCC CCT GGC CCG CCG GCC AGC CCC CCG GAG GAG AAG CCC CTG GCC TTG GAG GGC CAC GAG CTG CGC AAG AGG AAC CCC CCC GCG CCC CCG GCC AGC CCC GCC AAG GAG AAG GGG AGC GTG GAG GGC GGG TGG CCC TCC CCT CCC GGG CCT CGC CCC TCC CCC GCC GGG CCT CGC CCC TCC CTG GAC AAC GTC TAC ACG CTC TTC TTC GCC AAC AAC AAC TGG TAC TTC TTC CTC CGC CTC CAC CAG ACG CTC TGC TCC AGG CTG CTC AAG ATT TAC CGC CAG GCC CAG AAG CAG CTG CTG GAG TAT CGG ACG GAG AAG GAG CGG GAG AAG CTC TTG TGT GAA GGG CGG AAG GAG CGG GCC AAC GAC CCA GCC ATG GAG CTG CGC CTC AAG CAG CCA AGC GAA GTT GAG CTG GAG GAG TAC TAC CCA GCA TTC CTG GAC TTG GTG AGG AGC CTC CTG GAT GGC AAC ATC GAC CCC GGT CAG TAC GAG GAC ACC CTG CGG GAG ATG TTC ACC ATC CAT GCC TAC GTC GGC TTC ACC ATG GAC AAG CTC GTG CAG AAC ATC GTC CGG CAG CTG CAT CAC CTG GTG AGC GAC GAC GTC TGC TTG AAG GTG GTG GAG CTG CAC CTG GCC GAG CGG AAG CAG GGG GCG GCC GGG GGC AGC CTG TCC TCG CAG TGC GTG CGG GCG GCC AAG GAG ACC AGC TAC CAG TGG AAG GCC GAG CGC TGC ATG GCT GAC GAG AAC TGC TTC AAG GTG ATG TTC CTA CAG CGG CAG GAC CAA GTC ATC ATG ACT ATC GAG CTC CTG GAC ACG GAA GAG ACC CAA ATG GAA GAC CCC ATG GAG GTC CAG CAC TTA GCT AAC TAC ATG GAG CAG TAC GTG GGG GTG GAG GGC CCC CCC AGC AGC CAG AAC GAG GGC TTC CTG TTG AAA CCG GTC TTT CTG CAG AGG AAC CTG AAG AAA TTC CGG CGC TGG CAG TGC CAG CAG GTG CAG GCC CTG CGC GAC AAG GCG CGG AGC TCC TGG AAA CAG CTG ATT GGC GTG GAG AGT GCC TGC AAC GTG GAC TGC CGC TTC AAG CTC AGC ACG CAT AAG ATG CTG TTT GTC ATC AAT GCC GAG GAC TAC ATG TAC CGC CGG GGG GCC CTG TCC CGG GCC CAG CAG GCG CAG CCC ACA GTC CTG CTG CGG CAC CAC CAG CGC TTC GAG GGC TGG CAC CGA CGC TGG CTC GGC CGA CAC GTG AGC CGC GAG GCG GCC GAG CTG GTG CAG GAC TGG CTG ATG GGG GAC GAG GAC GAG GAC CTG GTG CCC TGC AAG ACC ACC TGC GAG ACG GCC AGC GTC CAC GGT GTG CCC GTC AGC CGC TAC CGA GTG CAG TAC AGC CGC CGC CCC CCC TCC CCC 



Printing out site pattern counts


         2        237  P

SEQ1                            AAA AAC AAC AAG AAT AAT ACA ACC ACC ACC ACG ACT AGC AGC AGG AGT AGT AGT ATC ATG ATT CAA CAC CAC CAG CAT CAT CCA CCC CCG CCG CCT CGA CGC CGC CGG CGG CGT CTA CTC CTG CTG CTT GAA GAA GAC GAG GAT GCA GCC GCC GCG GCT GCT GGA GGC GGG GGG GTC GTC GTG GTT TAC TAT TAT TCA TCC TCG TCG TCT TCT TGC TGG TGG TGT TTC TTG TTG TTT 
SEQ2                            ... ... ..T ... ..C ... ... ... ..T G.. ... ... .A. ... ... ..C ... G.. ... ... ... ... ... ..T ... ..C ... ... ... ... .T. ... ... ... ..T ..A ... ... ... ... ... T.. ... ... ..G ... ... ... ... C.. ... ... ..C ... ... ... ... ..T A.. ... ... ... ... ..C ... ... ... ..A ... ..C ... ... C.. ... ... ... ..A ... ... 

    8   26    2   67    2    1    2   22    1    1   12    2    1   39   13
    1    4    1   32   18    3    4   27    1   61    1    3    4   56   23
    1    7    4   34    1    1   33    2    1   41   72    1    1    7    1
   50  102    3    6    1   48   18    2    6    3   45   30    1    1   32
   36    1   30    2    2    1   28    2    9    1    1   20    1   12    2
   43    1    8    7

YN00 paml/jobs/LOCW_00021350__LOC_00019364/LOCW_00021350__LOC_00019364.phy

ns =   2	ls =1200

Codon position x base (3x4) table for each sequence.

SEQ1                
position  1:    T:0.14167    C:0.31583    A:0.21500    G:0.32750
position  2:    T:0.24833    C:0.21167    A:0.33333    G:0.20667
position  3:    T:0.04583    C:0.48500    A:0.03417    G:0.43500

SEQ2                
position  1:    T:0.14167    C:0.31667    A:0.21417    G:0.32750
position  2:    T:0.24917    C:0.21083    A:0.33417    G:0.20583
position  3:    T:0.04333    C:0.48833    A:0.03667    G:0.43167

Average
position  1:    T:0.14167    C:0.31625    A:0.21458    G:0.32750
position  2:    T:0.24875    C:0.21125    A:0.33375    G:0.20625
position  3:    T:0.04458    C:0.48667    A:0.03542    G:0.43333

Codon usage for each species
----------------------------------------------------------------------
Phe TTT   7   7 | Ser TCT   2   1 | Tyr TAT   4   2 | Cys TGT   2   2
    TTC  43  43 |     TCC  28  29 |     TAC  30  32 |     TGC  20  20
Leu TTA   0   1 |     TCA   1   3 | *** TAA   0   0 | *** TGA   0   0
    TTG   9   9 |     TCG  11   9 |     TAG   0   0 | Trp TGG  13  12
----------------------------------------------------------------------
Leu CTT   1   1 | Pro CCT   7   7 | His CAT   4   4 | Arg CGT   2   3
    CTC  41  41 |     CCC  56  57 |     CAC  28  28 |     CGC  35  34
    CTA   1   1 |     CCA   4   4 | Gln CAA   4   4 |     CGA   4   5
    CTG  73  73 |     CCG  24  23 |     CAG  61  61 |     CGG  34  34
----------------------------------------------------------------------
Ile ATT   3   3 | Thr ACT   2   3 | Asn AAT   3   3 | Ser AGT   6   4
    ATC  32  33 |     ACC  24  22 |     AAC  28  29 |     AGC  40  40
    ATA   0   0 |     ACA   2   2 | Lys AAA   8   8 | Arg AGA   0   0
Met ATG  18  18 |     ACG  12  12 |     AAG  67  67 |     AGG  13  13
----------------------------------------------------------------------
Val GTT   1   1 | Ala GCT   8   6 | Asp GAT   3   3 | Gly GGT   0   2
    GTC  33  32 |     GCC  49  51 |     GAC  50  50 |     GGC  45  45
    GTA   0   0 |     GCA   6   6 | Glu GAA   8   7 |     GGA   3   3
    GTG  36  36 |     GCG  18  18 |     GAG 102 103 |     GGG  31  30
----------------------------------------------------------------------


Sums
------------------------------------------------------
Phe TTT  14 | Ser TCT   3 | Tyr TAT   6 | Cys TGT   4
    TTC  86 |     TCC  57 |     TAC  62 |     TGC  40
Leu TTA   1 |     TCA   4 | *** TAA   0 | *** TGA   0
    TTG  18 |     TCG  20 |     TAG   0 | Trp TGG  25
------------------------------------------------------
Leu CTT   2 | Pro CCT  14 | His CAT   8 | Arg CGT   5
    CTC  82 |     CCC 113 |     CAC  56 |     CGC  69
    CTA   2 |     CCA   8 | Gln CAA   8 |     CGA   9
    CTG 146 |     CCG  47 |     CAG 122 |     CGG  68
------------------------------------------------------
Ile ATT   6 | Thr ACT   5 | Asn AAT   6 | Ser AGT  10
    ATC  65 |     ACC  46 |     AAC  57 |     AGC  80
    ATA   0 |     ACA   4 | Lys AAA  16 | Arg AGA   0
Met ATG  36 |     ACG  24 |     AAG 134 |     AGG  26
------------------------------------------------------
Val GTT   2 | Ala GCT  14 | Asp GAT   6 | Gly GGT   2
    GTC  65 |     GCC 100 |     GAC 100 |     GGC  90
    GTA   0 |     GCA  12 | Glu GAA  15 |     GGA   6
    GTG  72 |     GCG  36 |     GAG 205 |     GGG  61
------------------------------------------------------



(A) Nei-Gojobori (1986) method



Nei & Gojobori 1986. dN/dS (dN, dS)
(Note: This matrix is not used in later ML. analysis.
Use runmode = -2 for ML pairwise comparison.)

SEQ1                
SEQ2                 0.1055 (0.0026 0.0244)


(B) Yang & Nielsen (2000) method

Yang Z, Nielsen R (2000) Estimating synonymous and nonsynonymous substitution rates under realistic evolutionary models. Mol. Biol. Evol. 17:32-43

(equal weighting of pathways)

seq. seq.     S       N        t   kappa   omega     dN +- SE    dS +- SE

   2    1   395.0  3205.0   0.0243 19.4915  0.0389 0.0022 +- 0.0008  0.0562 +- 0.0126


(C) LWL85, LPB93 & LWLm methods

Li W.-H., C.-I. Wu, Luo (1985) A new method for estimating synonymous and nonsynonymous rates of nucleotide substitutions considering the relative likelihood of nucleotide and codon changes. Mol. Biol. Evol. 2: 150-174.
Li W-H (1993) Unbiased estimation of the rates of synonymous and nonsynonymous substitution. J. Mol. Evol. 36:96-99
Pamilo P, Bianchi NO (1993) Evolution of the Zfx and Zfy genes - rates and interdependence between the genes. Mol. Biol. Evol. 10:271-281
Yang Z (2006) Computational Molecular Evolution. Oxford University Press, Oxford. Eqs. 2.12 & 2.13

2 (SEQ2) vs. 1 (SEQ1)

L(i):     2295.5     710.5     594.0  sum=   3600.0
Ns(i):    5.5000   12.5000    8.0000  sum=  26.0000
Nv(i):    1.0000    0.0000    1.0000  sum=   2.0000
A(i):     0.0024    0.0179    0.0137
B(i):     0.0004   -0.0000    0.0017
LWL85:  dS =  0.0263 dN =  0.0024 w = 0.0895 S =  830.8 N = 2769.2
LWL85m: dS =  0.0178 dN =  0.0027 w = 0.1541 S = 1226.5 N = 2373.5 (rho = 0.890)
LPB93:  dS =  0.0177 dN =  0.0027 w = 0.1548

