      2   1806

SEQ1                            ATG CGG TGG CCC ATG AAG AGG CGG GCG AGC CTC TCG GCC AAC TTG AAA ATC GGG GAC TAC CAG AAG TGC TGC GTG ACA CCC AAG GAG GAG GAA GTC TAC ATC CCC TTT GCT CAG GAA CAC CTG GTC AAG CAA TGG GGT TCT GTG CAC AAC GTC ACT GAC AGG AGC CCA GGC TGC CAC AGC ATC CCA CCC CAG GAG AAC CGG TAC TTC TTG AAC CTC AAC GTG GGA GGG AGA TGT TTC CAG ATT GCA TGC AAA GTC GCC GCT AAG TAC CCC ATC ACC CGG ATC GGG CAG CTG GCC ATC TCC ACG GAC CCC ATG AAG AAG CTG GAG CTC TGC GAC GAC TAC TCG GTG CCC AAG AAT GAG TAC TTC TTT GAC CGG GAC CCC CTC ATC TTC CAC TAC ATC TTC CAG TTC TAC AGC AGT GGT GTG ATG TGG ATC ATG GAC GAG CTG TGC CCG GCC AAC TTC ATG GAG GAG ATC GAG TAC TGG GGG GTC CAC CTG AAG TAC GCC CAA CAG TGC TGC CGC ATC CTC TTT GAA GAG AAG CAG GAT GAG CTG TCC GAG CAC CTC AGA GTC CAG CGG GAG CTG GAA GCC GAG CTG GAA CCG GTG GAG AGG GAG GAA CAC TTT GAG GGC AAG TTC TTT GGT GAG TTC CGC AAG ACC ATC TGG TAC CTG ATC GAG AAC CCG TAT TCC TCC ATT CCC GCC AAG ATC ATT GCC GTC GTG TCC AGC ATC TTC GTC CTT GTC TCC ATC GTG GGC ATG ACA CTC AGC ACG GTG GAG GAG ATG CAG CAC AAG GCC AGC AAG AAG TGC ATG GAG CAG CTG GAG ACC GTC TGT GTC GTC TTC TTC ACC CTG GAG TAC CTC ATG CGC CTC ATC TCC ACC TCC ACC TTG CAG CAG TTC CTG CGG GTG GCC TTC AGT GCC ATC GAC CTG GTG GCC ATC CTG CCC TTC TAC ATC CAG ATC CTC TTC GAG AAC CTG GCT GAG GGG GAC ACC AAG CAC CAC GAG GAG CTG CAC AAG ATG CAC AGC GTG GGA AAG CTG AGC AAG GTG CTC AAG CTC ATC AAA CTC ATG CGC GTC TTC CGC ATC CTC AAG CTA GCC CGG CAC TCC ACC GGG CTG CGG GCC TTT GGC TTC ACC ATC CGG CAG TGC TAC CAG CAG GTC TGC TGC CTG CTC CTC TTC ATC GCT ATG GGC GTC TTC ACC TTC TCT GCC CTG ATG CAC TCG GTG GAG CAT GAT GTC CCT GGC ACC AAC TTC ACC AGC ATC CCT GAT GCC TGG TGG TGG GCA GCT GTC AGC CTC TCC ACC GTG GGC TAC GGG GAC ACG GTT CCG GAC ACC CTG CTG GGC CGG ATG GTG GCT TTC AGC TGC ATC TCC TTT GGC ATC ATC CTG AAC GGG ATG CCC ATC TCC ATC CTC TAC AGC AAG TTC TCC GAC TAC TAC GCC AAG CTC AGG TCC CAT GAG GAC GAG ACC GCC GTC TTG CTC AAG CTC TCC CGC AGG CTC AAC CTG AAG GAT CGG GCC TGG AAG AAG TTC AGC GAG TGC TGC TCC GGC AAG CAC ACC GTG GCC GGC CAG CAA GCC TCG TAC CCA GTC CCA GGG CGT CAC CCC CCC AGC CAG CCC ACC ATG CAC CAC ACC TAC CTG CCT GTC CAC ACA GAA CAG CCC ATC ACC CAC CAG CTG GGG CAC TGC ACC CTG CAC TCC CTC CAT CCC TCT GCC CAC TGC ACC CAC CAT CTT GGC TGC CAC CCA CAA GCC CCA GGG GAC TGC CTG GGG AAT CCC GCC ACT CCC CTC CTG CTG CCG TCC GCC CAT CCC ACC CCT CAG CCG TCG CCA CAT TCG TTC CCC CAC GGC CAA CAG TCT GGC CAG 
SEQ2                            ATG CGG TGG CCC ATG AAG AGG CGG GCG AGC CTC TCG GCC AAC TTG AAA ATC GGG GAC TAC CAG AAG TGC TGC GTG ACA CCC AAG GAG GAG GAA GTC TAC ATC CCC TTT GCT CAG GAA CAC CTG GTC AAG CAA TGG GGT TCT GTG CAC AAC GTC ACT GAC AGG AGC CCA GGC TGC CAC AGC ATC CCA CCC CAG GAG AAC CGG TAC TTC TTG AAC CTC AAC GTG GGA GGG AGA TGT TTC CAG ATT GCA TGC AAA GTC GCC GCT AAG TAC CCC ATC ACC CGG ATC GGG CAG CTG GCC ATC TCC ACG GAC CCC ATG AAG AAG CTG GAG CTC TGC GAC GAC TAC TCG GTG CCC AAG AAT GAG TAC TTC TTT GAC CGG GAC CCC CTC ATC TTC CAC TAC ATC TTC CAG TTC TAC AGC AGT GGT GTG ATG TGG ATC ATG GAC GAG CTG TGC CCG GCC AAC TTC ATG GAG GAG ATC GAG TAC TGG GGG GTC CAC CTG AAG TAC GCC CAA CAG TGC TGC CGC ATC CTC TTT GAA GAG AAG CAG GAT GAG CTG TCC GAG CAC CTC AGA GTC CAG CGG GAG CTG GAA GCC GAG CTG GAA CCG GTG GAG AGG GAG GAA CAC TTT GAG GGC AAG TTC TTT GGT GAG TTC CGC AAG ACC ATC TGG TAC CTG ATC GAG AAC CCG TAT TCC TCC ATT CCC GCC AAG ATC ATT GCC GTC GTG TCC AGC ATC TTC GTC CTT GTC TCC ATC GTG GGC ATG ACA CTC AGC ACG GTG GAG GAG ATG CAG CAC AAG GCC AGC AAG AAG TGC ATG GAG CAG CTG GAG ACC GTC TGT GTC GTC TTC TTC ACC CTG GAG TAC CTC ATG CGC CTC ATC TCC ACC TCC ACC TTG CAG CAG TTC CTG CGG GTG GCC TTC AGT GCC ATC GAC CTG GTG GCC ATC CTG CCC TTC TAC ATC CAG ATC CTC TTC GAG AAC CTG GCT GAG GGG GAC ACC AAG CAC CAC GAG GAG CTG CAC AAG ATG CAC AGC GTG GGA AAG CTG AGC AAG GTG CTC AAG CTC ATC AAA CTC ATG CGC GTC TTC CGC ATC CTC AAG CTA GCC CGG CAC TCC ACC GGG CTG CGG GCC TTT GGC TTC ACC ATC CGG CAG TGC TAC CAG CAG GTC TGC TGC CTG CTC CTC TTC ATC GCT ATG GGC GTC TTC ACC TTC TCT GCC CTG ATG CAC TCG GTG GAG CAT GAT GTC CCT GGC ACC AAC TTC ACC AGC ATC CCT GAT GCC TGG TGG TGG GCA GCT GTC AGC CTC TCC ACC GTG GGC TAC GGG GAC ACG GTT CCG GAC ACC CTG CTG GGC CGG ATG GTG GCT TTC AGC TGC ATC TCC TTT GGC ATC ATC CTG AAC GGG ATG CCC ATC TCC ATC CTC TAC AGC AAG TTC TCC GAC TAC TAC GCC AAG CTC AGG TCC CAT GAG GAC GAG ACC GCC GTC TTG CTC AAG CTC TCC CGC AGG CTC AAC CTG AAG GAT CGG GCC TGG AAG AAG TTC AGC GAG TGC TGC TCC GGC AAG CAC ACC GTG GCC GGC CAG CAA GCC TCG TAC CCA GTC CCA GGG CGT CAC CCC CCC AGC CAG CCC ACC ATG CAC CAC ACC TAC CTG CCT GTC CAC ACA GAA CAG CCC ATC ACC CAC CAG CTG GGG CAC TGC ACC CTG CAC TCC CTC CAT CCC TCT GCC CAC TGC ACC CAC CAT CTT GGC TGC CAC CCA CAA GCC CCA GGG GAC TGC CTG GGG AAT CCC GCC ACT CCC CTC CTG CTG CCG TCC GCC CAT CCC ACC CCT CAG CCG TCG CCA CAT TCG TTC CCC CAC GGC CAA CAG TCT GGC CAG 



Printing out site pattern counts


         2        168  P

SEQ1                            AAA AAC AAG AAT ACA ACC ACG ACT AGA AGC AGG AGT ATC ATG ATT CAA CAC CAG CAT CCA CCC CCG CCT CGC CGG CGT CTA CTC CTG CTT GAA GAC GAG GAT GCA GCC GCG GCT GGA GGC GGG GGT GTC GTG GTT TAC TAT TCC TCG TCT TGC TGG TGT TTC TTG TTT 
SEQ2                            ... ... ... ... ... ... ... ... ... ... ... ... ... ... ... ... ... ... ... ... ... ... ... ... ... ... ... ... ... ... ... ... ... ... ... ... ... ... ... ... ... ... ... ... ... ... ... ... ... ... ... ... ... ... ... ... 

    3   11   29    2    3   22    3    2    2   15    5    2   32   17    3
    5   26   24    6    7   20    6    4    6   12    1    1   24   30    2
    7   15   32    4    2   25    1    6    2   14   12    3   20   17    1
   20    1   18    6    4   19    9    2   26    4    7

YN00 paml/jobs/LOCW_00021282__LOC_00019057/LOCW_00021282__LOC_00019057.phy

ns =   2	ls = 602

Codon position x base (3x4) table for each sequence.

SEQ1                
position  1:    T:0.19269    C:0.28904    A:0.25083    G:0.26744
position  2:    T:0.30565    C:0.21429    A:0.30731    G:0.17276
position  3:    T:0.08306    C:0.51993    A:0.05316    G:0.34385

SEQ2                
position  1:    T:0.19269    C:0.28904    A:0.25083    G:0.26744
position  2:    T:0.30565    C:0.21429    A:0.30731    G:0.17276
position  3:    T:0.08306    C:0.51993    A:0.05316    G:0.34385

Average
position  1:    T:0.19269    C:0.28904    A:0.25083    G:0.26744
position  2:    T:0.30565    C:0.21429    A:0.30731    G:0.17276
position  3:    T:0.08306    C:0.51993    A:0.05316    G:0.34385

Codon usage for each species
----------------------------------------------------------------------
Phe TTT   7   7 | Ser TCT   4   4 | Tyr TAT   1   1 | Cys TGT   2   2
    TTC  26  26 |     TCC  18  18 |     TAC  20  20 |     TGC  19  19
Leu TTA   0   0 |     TCA   0   0 | *** TAA   0   0 | *** TGA   0   0
    TTG   4   4 |     TCG   6   6 |     TAG   0   0 | Trp TGG   9   9
----------------------------------------------------------------------
Leu CTT   2   2 | Pro CCT   4   4 | His CAT   6   6 | Arg CGT   1   1
    CTC  24  24 |     CCC  20  20 |     CAC  26  26 |     CGC   6   6
    CTA   1   1 |     CCA   7   7 | Gln CAA   5   5 |     CGA   0   0
    CTG  30  30 |     CCG   6   6 |     CAG  24  24 |     CGG  12  12
----------------------------------------------------------------------
Ile ATT   3   3 | Thr ACT   2   2 | Asn AAT   2   2 | Ser AGT   2   2
    ATC  32  32 |     ACC  22  22 |     AAC  11  11 |     AGC  15  15
    ATA   0   0 |     ACA   3   3 | Lys AAA   3   3 | Arg AGA   2   2
Met ATG  17  17 |     ACG   3   3 |     AAG  29  29 |     AGG   5   5
----------------------------------------------------------------------
Val GTT   1   1 | Ala GCT   6   6 | Asp GAT   4   4 | Gly GGT   3   3
    GTC  20  20 |     GCC  25  25 |     GAC  15  15 |     GGC  14  14
    GTA   0   0 |     GCA   2   2 | Glu GAA   7   7 |     GGA   2   2
    GTG  17  17 |     GCG   1   1 |     GAG  32  32 |     GGG  12  12
----------------------------------------------------------------------


Sums
------------------------------------------------------
Phe TTT  14 | Ser TCT   8 | Tyr TAT   2 | Cys TGT   4
    TTC  52 |     TCC  36 |     TAC  40 |     TGC  38
Leu TTA   0 |     TCA   0 | *** TAA   0 | *** TGA   0
    TTG   8 |     TCG  12 |     TAG   0 | Trp TGG  18
------------------------------------------------------
Leu CTT   4 | Pro CCT   8 | His CAT  12 | Arg CGT   2
    CTC  48 |     CCC  40 |     CAC  52 |     CGC  12
    CTA   2 |     CCA  14 | Gln CAA  10 |     CGA   0
    CTG  60 |     CCG  12 |     CAG  48 |     CGG  24
------------------------------------------------------
Ile ATT   6 | Thr ACT   4 | Asn AAT   4 | Ser AGT   4
    ATC  64 |     ACC  44 |     AAC  22 |     AGC  30
    ATA   0 |     ACA   6 | Lys AAA   6 | Arg AGA   4
Met ATG  34 |     ACG   6 |     AAG  58 |     AGG  10
------------------------------------------------------
Val GTT   2 | Ala GCT  12 | Asp GAT   8 | Gly GGT   6
    GTC  40 |     GCC  50 |     GAC  30 |     GGC  28
    GTA   0 |     GCA   4 | Glu GAA  14 |     GGA   4
    GTG  34 |     GCG   2 |     GAG  64 |     GGG  24
------------------------------------------------------



(A) Nei-Gojobori (1986) method



Nei & Gojobori 1986. dN/dS (dN, dS)
(Note: This matrix is not used in later ML. analysis.
Use runmode = -2 for ML pairwise comparison.)

SEQ1                
SEQ2                -1.0000 (0.0000 0.0000)


(B) Yang & Nielsen (2000) method

Yang Z, Nielsen R (2000) Estimating synonymous and nonsynonymous substitution rates under realistic evolutionary models. Mol. Biol. Evol. 17:32-43

(equal weighting of pathways)

seq. seq.     S       N        t   kappa   omega     dN +- SE    dS +- SE

   2    1   261.8  1544.2  -0.0000  4.6000 99.0000 -0.0000 +- 0.0000 -0.0000 +- 0.0000


(C) LWL85, LPB93 & LWLm methods

Li W.-H., C.-I. Wu, Luo (1985) A new method for estimating synonymous and nonsynonymous rates of nucleotide substitutions considering the relative likelihood of nucleotide and codon changes. Mol. Biol. Evol. 2: 150-174.
Li W-H (1993) Unbiased estimation of the rates of synonymous and nonsynonymous substitution. J. Mol. Evol. 36:96-99
Pamilo P, Bianchi NO (1993) Evolution of the Zfx and Zfy genes - rates and interdependence between the genes. Mol. Biol. Evol. 10:271-281
Yang Z (2006) Computational Molecular Evolution. Oxford University Press, Oxford. Eqs. 2.12 & 2.13

2 (SEQ2) vs. 1 (SEQ1)

L(i):     1176.0     356.0     274.0  sum=   1806.0
Ns(i):    0.0000    0.0000    0.0000  sum=   0.0000
Nv(i):    0.0000    0.0000    0.0000  sum=   0.0000
A(i):     0.0000    0.0000    0.0000
B(i):    -0.0000   -0.0000   -0.0000
LWL85:  dS =  0.0000 dN =  0.0000 w =   -nan S =  392.7 N = 1413.3
LWL85m: dS =    -nan dN =    -nan w =   -nan S =   -nan N =   -nan (rho = -nan)
LPB93:  dS =  0.0000 dN =  0.0000 w =   -nan

