
Before deleting alignment gaps
      2   1734

SEQ1                            ATG GCG GAG GCC TCG ATC GGG AGG CAA AGT CCA AGG ATC ATA TCC TAT CCT GTG CGT AAC TTA TGT CCT GGG AGA CCC AGC CTT CAT ACC ACG GCA GTG GTG TCT ATG GGC TCA GCT GAC CAC CGG TTC AGC CTG GCT GAG ATC CTG TCC CAG AGC TAC GGG GTG CGG GAA GAG ACA GAG GAA GAG GAG CAG GAC CGC ACG CAG GGG AAA GCA AAG CCT TTC GAA GAG CTA GAG AAG AGC TTC AAT GCC TCC CAG AAC AGT GAA ATG CCG TTG GAG GAA CTG CTG GCA CTG TAC GGC TAT GAG GCC TCT GAC CCC ATC GCT GAG CAG GAG AGT GAG AGC AAT GAT GCT ACG CCC AAC CTT CCA GAC ATG ACC TTG GAT AAG GAA CAG ATA GCA AAG GAT CTG CTT TCC GGG GAA GAG GAA GAG GAG ACA CAG TCT TCA GCT GAC GAT CTG ACT CCT TCA GTC ACT TCC CAC GAT GCA TCG GAC CTT TTC CCC AAT CAG ACC CGC TCC AAC TTG CTT GCT GAC GAA GAC AAG GAC CCC TGC CTC TCT CCC TGT GCT TCC TCC TCA GCT GAG GAC TCC GAA GAA GAC TCC ATT CCC ACC AAC GAC TGC AAG AAG GAG ATC ATG GTT GGG CCT CAG TAT CAG GCA GCT GTC CCC CTC CTC CAT TTG AAC AGG CAC AGC GAA AAA GTG TAC GAA AAT GAC GAC CAG TTG CTT TGG GAC CCA AAC ATC CTG CCT GAG AGA GAG GTG GAA GAG TTC CTT TAC CAA GCC ATC AAG AGA AGG TGG GAT GAA GTC TCC ATC GCC AGC CTT CCA GAA GGA GAG ATG GTG AAG GAT AAT GAG CAG GCA CTG TAT GAA CTG GTG AAG TGC AAC TTC AGC ACG CAA GAG GCA TTG CGG CGA CTC CGG TTC AAC GTG AAG GTC ATT CGA GAT GAG CTC TGT GCC TGG AGT GAG GAG GAA TGC AGG AAC TTT GAA CAT GGG TTT CGG GTC CAT GGG AAA AAC TTC CAC CTT ATT CAA GCG AAC AAG GTC CGC ACC CGG TCG GTG GGC GAG TGC GTG GAG TAC TAT TAC ATG TGG AAG AAG TCT GAA CGC TAT GAC TAC TTC ACC CAG CAG ACG CGG TTT GGA AGG AAG AAG --- --- --- --- --- --- --- --- GAC TAC GTG GAA AAT TTT TTA GAC AGC GGA GAA GTA GAA AGT TCC AGC CGC TCA CGT GGT TCC CCA CCC ATC CTG TTG AAC ACT GGT TGC CTG GAC CCT TGT TTC AGG ACA GAT CAC CTG ACT ATG GAA AGC ACA GAG CCT TTG AGC AAT GAG AGC ATG GCC TGC AGT TTG GGC AGC ACG AGC GAG TCG GGC CAC GGC TAC GAG TGC AGC ACC CCT TCG GAA ACA AAC TGT TCC TTC GAC CCT GCC GAG GAG GCA CCT GCG GGG AGC CGC GCA CCA GCC TAC CTG CAG CAT CCA CCA AAT CCC CCT GAT GCT GGG TTC TAC CCA ATG GGC ATG GCA GAC AAA CAG GAG TCA CTG CAG TGC TCC AGG GAG GCC ATC GCC GTG GGC TTC ACC CTC CCT GGG AAT GTT GCG GAG GGG CTG CCT TTA ATT TCT GGC CAC ATG GGA CTG GAC AGG GAT CCA GAG ACG TTG GTG GCC CCT ACT CAA GTG TCC TTA TCC GTC CCC GAT TTC AGC ATC CTT GGC ATC GGA GAT GTA AAT AGC TTT CTG GCC ACT CAG CAG GCC TGT CCG GCA CCA ACA GCC CAG TTG GAC TCT TTG TCT CAG 
SEQ2                            ATG GCG GAG GCC TCG ATC GGG AGG CAA AGC CCA AGG ATC GTA TCC TAT CCT GCA CGT AAC TTA TGT CCT GGG AGA CCC AGC CTT CAT ACC ACA GCA GTG GTG TCT ATG GGC TCA GCT GAC CAA CGG TTC AAC CTG GCT GAG ATC CTG TCC CAG AAC TAC AGG GTG CGG GAA GAG ACG GAG GAA GAG GAG CAG AAC CGC ACA CAG GGG AAA GCA AAG CCT TTC GAA GAG CTA GAG AAG AGC TTC AAT GCC TCC CAG AAC AGT GAA ATG CCG TTC GAG GAA CTG CTG GCA CTG TAC GGC TAT GAG GCC TCT GAC CCC ATC TCC GAG CAG GAG AGT GAG AGC AAT GAT GCT ACG CCC AAC CTT CCA GAC ATG ACC TTG GAT AAG GAA CAG ATA GCA AAG GAT CTG CTT TCC GGG GAA GAG GAG GAG GAG ACA CAG TCT TCA GCT GAT GAT CTG ACT CCT TCA GTC ACG TCC CAC GAT GCA TCG GAC CTT TTC CCC AAC CAG AAC CGC TCC AAC TTC CTT GCT GAT GAA GAC AAG GGC CCT TGC TCC TCT CCC TGT GCT TCC TCC TCA GCT GAG GAC TCC GAA GAA GAC TCC ATT CCC TCC AAT GAC TGC AAG AAG GAG ATC ATG GTT GGG CCT CAG TAT CAG GCA GCT GTC CCT CTC CTC CAT TTG AAC AGA CAT GGC GAA AAA GTG TAC GAA AAT GAC GAC CAG CTG CTT TGG GAC CCA AAC ATC CTG CCC GAG AGA GAG GTG GAA GAG TTC CTT TAC CGA GCC ATC AAG AGG AGG TGG GAC GAG GTC TCC GTC GCC AGC CTT CCG GAA GGA GAG ACA GTG AAG GAT AAC GAG CAG GCG CTG TAC GAA CTG GTG AAG TGC AAC TTC AAT ACG GAA GAG GCA TTG CGG AGA CTC CGG TTC AAC GTG AAG GTC ATT CAA GAT GAG CTC TGT GCC TGG AGC GAA GAG GAA TGC AGG AAC TTT GAA CAC GGG TTT CGG GTC CAC GGG AAA AAC TTC CAC CTT ATT CAA GCG AAC AAG GTC CGC ACC CGG TCG GTG GGC GAG TGC GTG GAG TAC TAT TAC ATG TGG AAG AAG TCT GAC CGC TAT GAC TAC TTC ACC CAG CAG ACG CGG TTT GGA AGG AAG AAG TAT GTC CTC CAC CCT GGA GCC ACG GAC TAT GCG GAT AAT TTT TTA GAC AGC GGA GAC GTA GAA AGT TCC AGC CGC TCA CGT GCT TCC CCA CCC ATC CTG TCG GCC ACC AGC TGC CTG GAC CCT CGT TTC AGC ACA GAT CAC CTG ACG ATG GAG AAC ACA GAG CCT TTG AGC AAC GAG AGC GCG GCC TGC AGT TTG GGC AGC ACG AGC GAG TCG GGC CAC GGC TAC GAG TGC AGC ACC CCT TCG GAA ACA AAC TGT TCC TTC GAC CCT GCC GAG GAG GCA CCC GTG GGG AGC CGC GCA CCA GCC TAC TTG CAG CAT CCA CCA ACC CCC CCC GAC ACC GGG TTC TAC CCA GGG GCT GCG ACG GGC AAA CAG GAG CCG CTG CGG TGC TCC GGG GAG GCC ATC GCC GTG GGC TTC ACC CTC CCC GGG AAT GTC GCA GAG GGG CTG CCT TTA ATT TCT GGC CAC GTG GGA CTG GAC AGG GAT CCA GAG ACG TTG GTG GCC CCT GCT CAA GTG TCC TTA TCC GTC CCC GAT TTC AGC ATC CTT GGC ATC GGA GAC GTA AAT AGC TTC CTG GCC ACT CAG CAG GCC TGT CCA GCA CCA ACC GCC CAG CTG GAC TCC TTG TCC CAG 



After deleting gaps. 1710 sites
      2   1710

SEQ1                            ATG GCG GAG GCC TCG ATC GGG AGG CAA AGT CCA AGG ATC ATA TCC TAT CCT GTG CGT AAC TTA TGT CCT GGG AGA CCC AGC CTT CAT ACC ACG GCA GTG GTG TCT ATG GGC TCA GCT GAC CAC CGG TTC AGC CTG GCT GAG ATC CTG TCC CAG AGC TAC GGG GTG CGG GAA GAG ACA GAG GAA GAG GAG CAG GAC CGC ACG CAG GGG AAA GCA AAG CCT TTC GAA GAG CTA GAG AAG AGC TTC AAT GCC TCC CAG AAC AGT GAA ATG CCG TTG GAG GAA CTG CTG GCA CTG TAC GGC TAT GAG GCC TCT GAC CCC ATC GCT GAG CAG GAG AGT GAG AGC AAT GAT GCT ACG CCC AAC CTT CCA GAC ATG ACC TTG GAT AAG GAA CAG ATA GCA AAG GAT CTG CTT TCC GGG GAA GAG GAA GAG GAG ACA CAG TCT TCA GCT GAC GAT CTG ACT CCT TCA GTC ACT TCC CAC GAT GCA TCG GAC CTT TTC CCC AAT CAG ACC CGC TCC AAC TTG CTT GCT GAC GAA GAC AAG GAC CCC TGC CTC TCT CCC TGT GCT TCC TCC TCA GCT GAG GAC TCC GAA GAA GAC TCC ATT CCC ACC AAC GAC TGC AAG AAG GAG ATC ATG GTT GGG CCT CAG TAT CAG GCA GCT GTC CCC CTC CTC CAT TTG AAC AGG CAC AGC GAA AAA GTG TAC GAA AAT GAC GAC CAG TTG CTT TGG GAC CCA AAC ATC CTG CCT GAG AGA GAG GTG GAA GAG TTC CTT TAC CAA GCC ATC AAG AGA AGG TGG GAT GAA GTC TCC ATC GCC AGC CTT CCA GAA GGA GAG ATG GTG AAG GAT AAT GAG CAG GCA CTG TAT GAA CTG GTG AAG TGC AAC TTC AGC ACG CAA GAG GCA TTG CGG CGA CTC CGG TTC AAC GTG AAG GTC ATT CGA GAT GAG CTC TGT GCC TGG AGT GAG GAG GAA TGC AGG AAC TTT GAA CAT GGG TTT CGG GTC CAT GGG AAA AAC TTC CAC CTT ATT CAA GCG AAC AAG GTC CGC ACC CGG TCG GTG GGC GAG TGC GTG GAG TAC TAT TAC ATG TGG AAG AAG TCT GAA CGC TAT GAC TAC TTC ACC CAG CAG ACG CGG TTT GGA AGG AAG AAG GAC TAC GTG GAA AAT TTT TTA GAC AGC GGA GAA GTA GAA AGT TCC AGC CGC TCA CGT GGT TCC CCA CCC ATC CTG TTG AAC ACT GGT TGC CTG GAC CCT TGT TTC AGG ACA GAT CAC CTG ACT ATG GAA AGC ACA GAG CCT TTG AGC AAT GAG AGC ATG GCC TGC AGT TTG GGC AGC ACG AGC GAG TCG GGC CAC GGC TAC GAG TGC AGC ACC CCT TCG GAA ACA AAC TGT TCC TTC GAC CCT GCC GAG GAG GCA CCT GCG GGG AGC CGC GCA CCA GCC TAC CTG CAG CAT CCA CCA AAT CCC CCT GAT GCT GGG TTC TAC CCA ATG GGC ATG GCA GAC AAA CAG GAG TCA CTG CAG TGC TCC AGG GAG GCC ATC GCC GTG GGC TTC ACC CTC CCT GGG AAT GTT GCG GAG GGG CTG CCT TTA ATT TCT GGC CAC ATG GGA CTG GAC AGG GAT CCA GAG ACG TTG GTG GCC CCT ACT CAA GTG TCC TTA TCC GTC CCC GAT TTC AGC ATC CTT GGC ATC GGA GAT GTA AAT AGC TTT CTG GCC ACT CAG CAG GCC TGT CCG GCA CCA ACA GCC CAG TTG GAC TCT TTG TCT CAG 
SEQ2                            ATG GCG GAG GCC TCG ATC GGG AGG CAA AGC CCA AGG ATC GTA TCC TAT CCT GCA CGT AAC TTA TGT CCT GGG AGA CCC AGC CTT CAT ACC ACA GCA GTG GTG TCT ATG GGC TCA GCT GAC CAA CGG TTC AAC CTG GCT GAG ATC CTG TCC CAG AAC TAC AGG GTG CGG GAA GAG ACG GAG GAA GAG GAG CAG AAC CGC ACA CAG GGG AAA GCA AAG CCT TTC GAA GAG CTA GAG AAG AGC TTC AAT GCC TCC CAG AAC AGT GAA ATG CCG TTC GAG GAA CTG CTG GCA CTG TAC GGC TAT GAG GCC TCT GAC CCC ATC TCC GAG CAG GAG AGT GAG AGC AAT GAT GCT ACG CCC AAC CTT CCA GAC ATG ACC TTG GAT AAG GAA CAG ATA GCA AAG GAT CTG CTT TCC GGG GAA GAG GAG GAG GAG ACA CAG TCT TCA GCT GAT GAT CTG ACT CCT TCA GTC ACG TCC CAC GAT GCA TCG GAC CTT TTC CCC AAC CAG AAC CGC TCC AAC TTC CTT GCT GAT GAA GAC AAG GGC CCT TGC TCC TCT CCC TGT GCT TCC TCC TCA GCT GAG GAC TCC GAA GAA GAC TCC ATT CCC TCC AAT GAC TGC AAG AAG GAG ATC ATG GTT GGG CCT CAG TAT CAG GCA GCT GTC CCT CTC CTC CAT TTG AAC AGA CAT GGC GAA AAA GTG TAC GAA AAT GAC GAC CAG CTG CTT TGG GAC CCA AAC ATC CTG CCC GAG AGA GAG GTG GAA GAG TTC CTT TAC CGA GCC ATC AAG AGG AGG TGG GAC GAG GTC TCC GTC GCC AGC CTT CCG GAA GGA GAG ACA GTG AAG GAT AAC GAG CAG GCG CTG TAC GAA CTG GTG AAG TGC AAC TTC AAT ACG GAA GAG GCA TTG CGG AGA CTC CGG TTC AAC GTG AAG GTC ATT CAA GAT GAG CTC TGT GCC TGG AGC GAA GAG GAA TGC AGG AAC TTT GAA CAC GGG TTT CGG GTC CAC GGG AAA AAC TTC CAC CTT ATT CAA GCG AAC AAG GTC CGC ACC CGG TCG GTG GGC GAG TGC GTG GAG TAC TAT TAC ATG TGG AAG AAG TCT GAC CGC TAT GAC TAC TTC ACC CAG CAG ACG CGG TTT GGA AGG AAG AAG GAC TAT GCG GAT AAT TTT TTA GAC AGC GGA GAC GTA GAA AGT TCC AGC CGC TCA CGT GCT TCC CCA CCC ATC CTG TCG GCC ACC AGC TGC CTG GAC CCT CGT TTC AGC ACA GAT CAC CTG ACG ATG GAG AAC ACA GAG CCT TTG AGC AAC GAG AGC GCG GCC TGC AGT TTG GGC AGC ACG AGC GAG TCG GGC CAC GGC TAC GAG TGC AGC ACC CCT TCG GAA ACA AAC TGT TCC TTC GAC CCT GCC GAG GAG GCA CCC GTG GGG AGC CGC GCA CCA GCC TAC TTG CAG CAT CCA CCA ACC CCC CCC GAC ACC GGG TTC TAC CCA GGG GCT GCG ACG GGC AAA CAG GAG CCG CTG CGG TGC TCC GGG GAG GCC ATC GCC GTG GGC TTC ACC CTC CCC GGG AAT GTC GCA GAG GGG CTG CCT TTA ATT TCT GGC CAC GTG GGA CTG GAC AGG GAT CCA GAG ACG TTG GTG GCC CCT GCT CAA GTG TCC TTA TCC GTC CCC GAT TTC AGC ATC CTT GGC ATC GGA GAC GTA AAT AGC TTC CTG GCC ACT CAG CAG GCC TGT CCA GCA CCA ACC GCC CAG CTG GAC TCC TTG TCC CAG 



Printing out site pattern counts


         2        387  P

SEQ1                            AAA AAC AAC AAC AAG AAT AAT AAT ACA ACA ACA ACC ACC ACC ACG ACG ACT ACT ACT ACT AGA AGA AGC AGC AGC AGC AGG AGG AGG AGG AGT AGT ATA ATA ATC ATC ATG ATG ATG ATG ATG ATT CAA CAA CAA CAC CAC CAC CAG CAG CAT CAT CCA CCA CCC CCC CCG CCG CCT CCT CGA CGA CGC CGG CGT CTA CTC CTC CTG CTG CTT GAA GAA GAA GAA GAC GAC GAC GAC GAG GAG GAT GAT GCA GCA GCA GCC GCG GCG GCG GCT GCT GCT GGA GGC GGC GGG GGG GGT GGT GTA GTC GTG GTG GTG GTT GTT TAC TAC TAT TAT TCA TCA TCC TCG TCT TCT TGC TGG TGT TGT TTA TTC TTG TTG TTG TTG TTT TTT 
SEQ2                            ... ... ..T GC. ... ..C ... .CC ... ..C ..G .A. ... T.. ..A ... ..C ..G ... G.. ... ..G .A. .AT ... G.. ..A ..C ... G.. ..C ... ... G.. ... G.. .CA ... GC. GG. G.. ... ... .G. G.. ..A ... ..T ... .G. ..C ... ... ..G ... ..T ..A ... ..C ... A.. .A. ... ... ... ... ... TC. ... T.. ... ... ..C ..G ..T A.. ... ..T .G. ..A ... ..C ... A.G ... ..G ... ..A ... .T. A.C ... T.C ... .CT ... A.. ... A.C .C. ... ... .CA .C. ... ..C ... ... ..T ..C ... C.G ... ... ... ..C ... ... ... C.. ... ... ... C.. .C. ..C ... ..C ... 

    4   12    1    1   16    3    6    1    4    1    1    1    6    1    2
    5    1    2    2    1    2    1    3    1   14    1    1    1    6    1
    2    4    1    1   11    1    1    7    2    1    1    4    3    1    1
    1    5    1   20    1    2    3   10    1    9    2    1    1    4   11
    1    1    6    7    2    1    5    1   17    1   10   19    2    3    1
    1   18    2    2    1   38    3   10    1   10    1   15    1    2    1
    1    8    1    5    1    9    1   11    1    1    2    7    1    1   13
    1    1   10    1    1    5    1    5   17    5    2    6    9    4    1
    5    4   14    2    1    2    7    1    4

YN00 paml/jobs/LOCW_00021370__LOC_00019207/LOCW_00021370__LOC_00019207.phy

ns =   2	ls = 570

Codon position x base (3x4) table for each sequence.

SEQ1                
position  1:    T:0.18772    C:0.22632    A:0.24211    G:0.34386
position  2:    T:0.22105    C:0.25088    A:0.34912    G:0.17895
position  3:    T:0.19298    C:0.33158    A:0.15439    G:0.32105

SEQ2                
position  1:    T:0.18772    C:0.22632    A:0.23333    G:0.35263
position  2:    T:0.20877    C:0.26667    A:0.34912    G:0.17544
position  3:    T:0.16491    C:0.36667    A:0.14737    G:0.32105

Average
position  1:    T:0.18772    C:0.22632    A:0.23772    G:0.34825
position  2:    T:0.21491    C:0.25877    A:0.34912    G:0.17719
position  3:    T:0.17895    C:0.34912    A:0.15088    G:0.32105

Codon usage for each species
----------------------------------------------------------------------
Phe TTT   5   4 | Ser TCT   8   6 | Tyr TAT   6   6 | Cys TGT   6   5
    TTC  14  17 |     TCC  17  22 |     TAC  11  11 |     TGC   9   9
Leu TTA   4   4 |     TCA   6   5 | *** TAA   0   0 | *** TGA   0   0
    TTG  12   8 |     TCG   5   6 |     TAG   0   0 | Trp TGG   4   4
----------------------------------------------------------------------
Leu CTT  10  10 | Pro CCT  15  13 | His CAT   5   4 | Arg CGT   2   3
    CTC   6   5 |     CCC  11  13 |     CAC   7   7 |     CGC   6   6
    CTA   1   1 |     CCA  11  11 | Gln CAA   5   5 |     CGA   2   1
    CTG  18  19 |     CCG   2   3 |     CAG  21  20 |     CGG   7   8
----------------------------------------------------------------------
Ile ATT   4   4 | Thr ACT   6   2 | Asn AAT  10   8 | Ser AGT   6   4
    ATC  12  11 |     ACC   8  10 |     AAC  14  20 |     AGC  19  18
    ATA   2   1 |     ACA   6   7 | Lys AAA   4   4 | Arg AGA   3   4
Met ATG  12   7 |     ACG   7   9 |     AAG  16  16 |     AGG   9   8
----------------------------------------------------------------------
Val GTT   2   1 | Ala GCT  10  11 | Asp GAT  13  13 | Gly GGT   2   0
    GTC   7   9 |     GCC  15  16 |     GAC  23  23 |     GGC  10  12
    GTA   2   3 |     GCA  12  12 | Glu GAA  25  21 |     GGA   5   5
    GTG  15  15 |     GCG   4   6 |     GAG  39  41 |     GGG  12  13
----------------------------------------------------------------------


Sums
------------------------------------------------------
Phe TTT   9 | Ser TCT  14 | Tyr TAT  12 | Cys TGT  11
    TTC  31 |     TCC  39 |     TAC  22 |     TGC  18
Leu TTA   8 |     TCA  11 | *** TAA   0 | *** TGA   0
    TTG  20 |     TCG  11 |     TAG   0 | Trp TGG   8
------------------------------------------------------
Leu CTT  20 | Pro CCT  28 | His CAT   9 | Arg CGT   5
    CTC  11 |     CCC  24 |     CAC  14 |     CGC  12
    CTA   2 |     CCA  22 | Gln CAA  10 |     CGA   3
    CTG  37 |     CCG   5 |     CAG  41 |     CGG  15
------------------------------------------------------
Ile ATT   8 | Thr ACT   8 | Asn AAT  18 | Ser AGT  10
    ATC  23 |     ACC  18 |     AAC  34 |     AGC  37
    ATA   3 |     ACA  13 | Lys AAA   8 | Arg AGA   7
Met ATG  19 |     ACG  16 |     AAG  32 |     AGG  17
------------------------------------------------------
Val GTT   3 | Ala GCT  21 | Asp GAT  26 | Gly GGT   2
    GTC  16 |     GCC  31 |     GAC  46 |     GGC  22
    GTA   5 |     GCA  24 | Glu GAA  46 |     GGA  10
    GTG  30 |     GCG  10 |     GAG  80 |     GGG  25
------------------------------------------------------



(A) Nei-Gojobori (1986) method



Nei & Gojobori 1986. dN/dS (dN, dS)
(Note: This matrix is not used in later ML. analysis.
Use runmode = -2 for ML pairwise comparison.)

SEQ1                
SEQ2                 0.2548 (0.0403 0.1580)


(B) Yang & Nielsen (2000) method

Yang Z, Nielsen R (2000) Estimating synonymous and nonsynonymous substitution rates under realistic evolutionary models. Mol. Biol. Evol. 17:32-43

(equal weighting of pathways)

seq. seq.     S       N        t   kappa   omega     dN +- SE    dS +- SE

   2    1   491.9  1218.1   0.2051  8.2259  0.3379 0.0437 +- 0.0062  0.1294 +- 0.0183


(C) LWL85, LPB93 & LWLm methods

Li W.-H., C.-I. Wu, Luo (1985) A new method for estimating synonymous and nonsynonymous rates of nucleotide substitutions considering the relative likelihood of nucleotide and codon changes. Mol. Biol. Evol. 2: 150-174.
Li W-H (1993) Unbiased estimation of the rates of synonymous and nonsynonymous substitution. J. Mol. Evol. 36:96-99
Pamilo P, Bianchi NO (1993) Evolution of the Zfx and Zfy genes - rates and interdependence between the genes. Mol. Biol. Evol. 10:271-281
Yang Z (2006) Computational Molecular Evolution. Oxford University Press, Oxford. Eqs. 2.12 & 2.13

2 (SEQ2) vs. 1 (SEQ1)

L(i):     1099.0     354.5     256.5  sum=   1710.0
Ns(i):   34.5000   29.0000   24.5000  sum=  88.0000
Nv(i):    9.0000    8.0000    3.0000  sum=  20.0000
A(i):     0.0327    0.0915    0.1074
B(i):     0.0083    0.0231    0.0118
LWL85:  dS =  0.1681 dN =  0.0398 w = 0.2368 S =  374.7 N = 1335.3
LWL85m: dS =  0.1094 dN =  0.0469 w = 0.4285 S =  575.8 N = 1134.2 (rho = 0.901)
LPB93:  dS =  0.1100 dN =  0.0446 w = 0.4052

