
Before deleting alignment gaps
      2   1668

SEQ1                            ATG GCG GCC GGA GCC GGG CCC GCC GGA GGA GGG --- --- GGC GGC GGC CTC TCC ACG TTC TCC TCA GCG CCG TCG CTC CTT CAG GGG AAC AAC AGG CCG CCG CAT TCC CCG TCT TCG CTC CCT CCT TCA ACC GCG CCG CCG CCT GCT TCC TTC TCC CTC AAC GGT GGG CCT CTG CTA CTG CTC CTC TCG CGT CAG GCG CCC CCA --- GCA CCG CTG CCG CCT GCT TCT CCT CAG GCC GCC GCC TCC GGG CCC ATG CAC AAC CAC GGA GCC GCC TGC GGC GGC GGA GAG GGA AAC GGG CTG CCG ATA GTG GCG GCG GCT TCT CCG CCT GCA AGT GCT GCC GCG CCG CCG CCG GGC CAG CGA GAG CCG GCC TAC AAC TGG CAG GCG ACG AAG CCG ACG GTG CAG CAG CGC TTC GCC TTC CTC TTC AAC AAC GAG GTG CTG AGC GAC GTC CGC TTC TTG GTG GGC AAA GGC CGC GCC GAA GCC CAG CGC ATC CCT GCC CAC AGG TTT GTG CTG GCT GTG GGC AGC GCG GTC TTT GAT GCC ATG TTC AAT GGC GGG ATG GCT ACA TCA TCT ACG GAG ATA GAG CTA CCT GAC GTG GAG CCG GCT GCA TTC CTA GCT TTA CTG AGG TTT CTT TAT TCA GAT GAA GTT CAG ATT GGG CCA GAG ACC GTG ATG ACA ACC CTT TAC ACT GCA AAA AAG TAT GCA GTC CCA GCC CTT GAA GCT CAC TGT GTG GAG TTC CTG AAG AAA AAC CTT AGA GCG GAT AAC GCC TTC ATG CTT TTA ACG CAG GCA AGA CTC TTC GAT GAG CCC CAG CTG GCG AGC CTT TGC CTG GAA AAC ATA GAT AAG AAC ACG TCT GAC GCC ATC AAC GCA GAA GGG TTC ACA GAT ATT GAC CTG GCC ACG CTG GTG GCC GTG CTG GAG CGG GAC ACC CTT GGC ATC CGT GAG GTG CGC CTC TTC AAC GCA GTG GTC CGG TGG TCG GAA GCT GAG TGC CAG CGA CAG CAG CTG CAG GTG GTT CCG GAG AAC AAG CAG AAA ACC CTG GGC AAA GTG CTC TCG CTC ATC CGC TTC CCT TTG ATG ACG ATT GAG GAG TTT GCT GCA GGG CCA GCT CAG TCG GGC ATC CTC ACT GAC CGC GAA GTG GTC AGC CTG TTC CTC CAC TTC ACC GTC AAC CCC AAG CCA CGG GTG GAG TTC ATT GAC CGG CCC CGC TGC TGC CTG AGG GGC AAA GAG TGC AGT ATC AAC CGT TTC CAG CAG GTG GAG AGC CGC TGG GGG TAC AGC GGG ACC AGC GAC CGG ATC AGG TTC TCC GTC AAC AAG AGG ATA TTT ATA GTT GGA TTT GGG TTG TAT GGA TCG ATC CAT GGC CCG ACA GAT TAC CAA GTA AAT ATA CAG ATC ATT CAC ACC GAC AGC AAC ACA GTC CTG GGC CAG AAT GAC ACT GGA TTC AGC TGC GAT GGA TCC TCC AAC ACT TTC CGG GTC ATG TTT AAG GAG CCT GTT GAG ATC CTG CCC GCT GTC AGC TAC ACA GCC TGC ACA ACA TTG AAG GGC CCC GAT TCC CAC TAT GGC ACC AAA GGG CTG CGT AAA GTG ATC CAT GAG ACA CCG ACC ACA GGC GCC AAG ACC TGC TTC ACT TTC TGT TAC GCT GCG GGC AAC AAC AAC GGC ACC TCC GTG GAG GAT GGA CAG ATC CCA GAG ATC ATC TTC TAC ACA 
SEQ2                            ATG GCG GCC GGA GCC GGG CCC GCC GGG GGA GGC GGG AGC GGC GGC GGC CTG TCC GCG CTC TCC GCC GCG CCG CCG CCC CCG CAG GCG AGC AGC GGC CCG CCG CCG CCC GCC GCG TCG --- --- --- --- CCG CTG CCG CCC GCC GCC GCC GCC TCC AAC CGC GGC GGG CCC GCG CCG CTG CTC CCC GCG CCT CAG GCG GCG CCG GCC GCC CCG --- --- --- --- --- --- --- GCC GCC GCC GCC GGG CCC ACG CAC AAC CTC GGC GCC --- --- GGC GGC --- --- GGG AAC CCG CTG CCC GGG CCG GCC GCG GCC TGC CCG CCG CCC GGC GCC GCC GCG CCG CCG --- GGC CCG CGC GAG CCG GCC TAC AAC TGG CAG GCC ACG AAG CCC ACG GTG CAG GAG CGC TTC GCC TTC CTC TTC AAC AAC GAG GTG CTG AGC GAC GTC CAC TTC TTG GTG GGC AAA GGC CGC GCC GGC GCC CAG CGC ATC CCC GCC CAC AGG TTT GTG CTG GCT GTG GGC AGT GCG GTC TTT GAT GCC ATG TTC AAT GGT GGG ATG GCT ACA ACA TCC ACA GAG ATA GAG CTA CCC GAT GTG GAG CCG GCT GCA TTC CTA GCT TTG CTG AAG TTT CTT TAT TCA GAT GAA GTG CAG ATT GGG CCA GAG ACC GTG ATG ACA ACT CTT TAC ACT GCA AAA AAG TAT GCA GTC CCC GCC CTC GAA GCT CAC TGT GTG GAG TTC CTG AAG AAA AAC CTT AGA GCA GAT AAT GCC TTC ATG CTT TTA ACA CAG GCA AGA CTC TTC GAT GAG CCC CAG CTG GCG AGC CTT TGC CTG GAA AAC ATA GAT AAA AAC ACG TCT GAC GCC ATC AAC GCA GAA GGG TTC ACA GAT ATC GAC CTG GAC ACG CTG GTG GCG GTG CTG GAG CGG GAC ACC CTC GGC ATC CGC GAG GTG CGC CTC TTC AAC GCG GTG GTC CGG TGG TCA GAA GCT GAG TGC CAG CGA CAG CAG CTG CAG GTG ATT CCG GAG AAC AAG CGG AAA GCC CTG GGC AAA GCA CTC TCG CTC ATC CGC TTC CCC TTG ATG ACG ATT GAG GAG TTC GCT GCA GGG CCA GCT CAG TCA GGC ATC CTC ACC GAC CGC GAA GTG GTC AGC CTG TTC CTC CAC TTC ACC GTC AAC CCC AAG CCA CGG GTG GAG TTC ATC GAC CGG CCC CGC TGC TGC CTG AGG GGC AAA GAG TGC AGC ATC AAC CGT TTC CAG CAG GTG GAG AGC CGC TGG GGG TAC AGC GGG ACC AGC GAC CGG ATC AGG TTC TCT GTC AAC AAG AGG ATA TTT ATA GTT GGA TTC GGG TTG TAT GGA TCG ATC CAT GGC CCA ACA GAT TAC CAA GTA AAT ATA CAG ATC ATT CAC ACC GAC AGC AAT ACA GTC CTG GGC CAG AAT GAC ACT GGA TTC AGC TGC GAC GGA TCT TCC AAC ACT TTC CGG GTC ATG TTT AAG GAG CCC GTC GAG ATC CTG CCC ACG GTC AGC TAC ACA GCC TGC GCA ACA CTG AAG GGC CCC GAT TCC CAC TAT GGC ACC AAA GGG CTG CGT AAA GTG ATC CAT GAG TCG CCG ACC ACG GGC GCC AAG ACC TGC TTC ACT TTC TGT TAC GCT GCG GGC AAC AAC AAC GGC ACC TCC GTG GAG GAT GGA CAG ATC CCA GAG ATC ATC TTC TAC ACA 



After deleting gaps. 1611 sites
      2   1611

SEQ1                            ATG GCG GCC GGA GCC GGG CCC GCC GGA GGA GGG GGC GGC GGC CTC TCC ACG TTC TCC TCA GCG CCG TCG CTC CTT CAG GGG AAC AAC AGG CCG CCG CAT TCC CCG TCT TCG ACC GCG CCG CCG CCT GCT TCC TTC TCC CTC AAC GGT GGG CCT CTG CTA CTG CTC CTC TCG CGT CAG GCG CCC CCA GCA CCG GCC GCC GCC TCC GGG CCC ATG CAC AAC CAC GGA GCC GGC GGC GGA AAC GGG CTG CCG ATA GTG GCG GCG GCT TCT CCG CCT GCA AGT GCT GCC GCG CCG CCG GGC CAG CGA GAG CCG GCC TAC AAC TGG CAG GCG ACG AAG CCG ACG GTG CAG CAG CGC TTC GCC TTC CTC TTC AAC AAC GAG GTG CTG AGC GAC GTC CGC TTC TTG GTG GGC AAA GGC CGC GCC GAA GCC CAG CGC ATC CCT GCC CAC AGG TTT GTG CTG GCT GTG GGC AGC GCG GTC TTT GAT GCC ATG TTC AAT GGC GGG ATG GCT ACA TCA TCT ACG GAG ATA GAG CTA CCT GAC GTG GAG CCG GCT GCA TTC CTA GCT TTA CTG AGG TTT CTT TAT TCA GAT GAA GTT CAG ATT GGG CCA GAG ACC GTG ATG ACA ACC CTT TAC ACT GCA AAA AAG TAT GCA GTC CCA GCC CTT GAA GCT CAC TGT GTG GAG TTC CTG AAG AAA AAC CTT AGA GCG GAT AAC GCC TTC ATG CTT TTA ACG CAG GCA AGA CTC TTC GAT GAG CCC CAG CTG GCG AGC CTT TGC CTG GAA AAC ATA GAT AAG AAC ACG TCT GAC GCC ATC AAC GCA GAA GGG TTC ACA GAT ATT GAC CTG GCC ACG CTG GTG GCC GTG CTG GAG CGG GAC ACC CTT GGC ATC CGT GAG GTG CGC CTC TTC AAC GCA GTG GTC CGG TGG TCG GAA GCT GAG TGC CAG CGA CAG CAG CTG CAG GTG GTT CCG GAG AAC AAG CAG AAA ACC CTG GGC AAA GTG CTC TCG CTC ATC CGC TTC CCT TTG ATG ACG ATT GAG GAG TTT GCT GCA GGG CCA GCT CAG TCG GGC ATC CTC ACT GAC CGC GAA GTG GTC AGC CTG TTC CTC CAC TTC ACC GTC AAC CCC AAG CCA CGG GTG GAG TTC ATT GAC CGG CCC CGC TGC TGC CTG AGG GGC AAA GAG TGC AGT ATC AAC CGT TTC CAG CAG GTG GAG AGC CGC TGG GGG TAC AGC GGG ACC AGC GAC CGG ATC AGG TTC TCC GTC AAC AAG AGG ATA TTT ATA GTT GGA TTT GGG TTG TAT GGA TCG ATC CAT GGC CCG ACA GAT TAC CAA GTA AAT ATA CAG ATC ATT CAC ACC GAC AGC AAC ACA GTC CTG GGC CAG AAT GAC ACT GGA TTC AGC TGC GAT GGA TCC TCC AAC ACT TTC CGG GTC ATG TTT AAG GAG CCT GTT GAG ATC CTG CCC GCT GTC AGC TAC ACA GCC TGC ACA ACA TTG AAG GGC CCC GAT TCC CAC TAT GGC ACC AAA GGG CTG CGT AAA GTG ATC CAT GAG ACA CCG ACC ACA GGC GCC AAG ACC TGC TTC ACT TTC TGT TAC GCT GCG GGC AAC AAC AAC GGC ACC TCC GTG GAG GAT GGA CAG ATC CCA GAG ATC ATC TTC TAC ACA 
SEQ2                            ATG GCG GCC GGA GCC GGG CCC GCC GGG GGA GGC GGC GGC GGC CTG TCC GCG CTC TCC GCC GCG CCG CCG CCC CCG CAG GCG AGC AGC GGC CCG CCG CCG CCC GCC GCG TCG CCG CTG CCG CCC GCC GCC GCC GCC TCC AAC CGC GGC GGG CCC GCG CCG CTG CTC CCC GCG CCT CAG GCG GCG CCG GCC CCG GCC GCC GCC GCC GGG CCC ACG CAC AAC CTC GGC GCC GGC GGC GGG AAC CCG CTG CCC GGG CCG GCC GCG GCC TGC CCG CCG CCC GGC GCC GCC GCG CCG CCG GGC CCG CGC GAG CCG GCC TAC AAC TGG CAG GCC ACG AAG CCC ACG GTG CAG GAG CGC TTC GCC TTC CTC TTC AAC AAC GAG GTG CTG AGC GAC GTC CAC TTC TTG GTG GGC AAA GGC CGC GCC GGC GCC CAG CGC ATC CCC GCC CAC AGG TTT GTG CTG GCT GTG GGC AGT GCG GTC TTT GAT GCC ATG TTC AAT GGT GGG ATG GCT ACA ACA TCC ACA GAG ATA GAG CTA CCC GAT GTG GAG CCG GCT GCA TTC CTA GCT TTG CTG AAG TTT CTT TAT TCA GAT GAA GTG CAG ATT GGG CCA GAG ACC GTG ATG ACA ACT CTT TAC ACT GCA AAA AAG TAT GCA GTC CCC GCC CTC GAA GCT CAC TGT GTG GAG TTC CTG AAG AAA AAC CTT AGA GCA GAT AAT GCC TTC ATG CTT TTA ACA CAG GCA AGA CTC TTC GAT GAG CCC CAG CTG GCG AGC CTT TGC CTG GAA AAC ATA GAT AAA AAC ACG TCT GAC GCC ATC AAC GCA GAA GGG TTC ACA GAT ATC GAC CTG GAC ACG CTG GTG GCG GTG CTG GAG CGG GAC ACC CTC GGC ATC CGC GAG GTG CGC CTC TTC AAC GCG GTG GTC CGG TGG TCA GAA GCT GAG TGC CAG CGA CAG CAG CTG CAG GTG ATT CCG GAG AAC AAG CGG AAA GCC CTG GGC AAA GCA CTC TCG CTC ATC CGC TTC CCC TTG ATG ACG ATT GAG GAG TTC GCT GCA GGG CCA GCT CAG TCA GGC ATC CTC ACC GAC CGC GAA GTG GTC AGC CTG TTC CTC CAC TTC ACC GTC AAC CCC AAG CCA CGG GTG GAG TTC ATC GAC CGG CCC CGC TGC TGC CTG AGG GGC AAA GAG TGC AGC ATC AAC CGT TTC CAG CAG GTG GAG AGC CGC TGG GGG TAC AGC GGG ACC AGC GAC CGG ATC AGG TTC TCT GTC AAC AAG AGG ATA TTT ATA GTT GGA TTC GGG TTG TAT GGA TCG ATC CAT GGC CCA ACA GAT TAC CAA GTA AAT ATA CAG ATC ATT CAC ACC GAC AGC AAT ACA GTC CTG GGC CAG AAT GAC ACT GGA TTC AGC TGC GAC GGA TCT TCC AAC ACT TTC CGG GTC ATG TTT AAG GAG CCC GTC GAG ATC CTG CCC ACG GTC AGC TAC ACA GCC TGC GCA ACA CTG AAG GGC CCC GAT TCC CAC TAT GGC ACC AAA GGG CTG CGT AAA GTG ATC CAT GAG TCG CCG ACC ACG GGC GCC AAG ACC TGC TTC ACT TTC TGT TAC GCT GCG GGC AAC AAC AAC GGC ACC TCC GTG GAG GAT GGA CAG ATC CCA GAG ATC ATC TTC TAC ACA 



Printing out site pattern counts


         2        435  P

SEQ1                            AAA AAC AAC AAC AAC AAG AAG AAT ACA ACA ACA ACA ACC ACC ACC ACC ACG ACG ACG ACT ACT AGA AGC AGC AGG AGG AGG AGT AGT ATA ATA ATC ATG ATG ATT ATT CAA CAC CAC CAG CAG CAG CAG CAT CAT CCA CCA CCA CCC CCC CCG CCG CCG CCG CCT CCT CCT CGA CGA CGC CGC CGG CGT CGT CGT CTA CTA CTC CTC CTC CTC CTG CTG CTT CTT CTT GAA GAA GAC GAC GAG GAT GAT GCA GCA GCA GCA GCC GCC GCC GCG GCG GCG GCG GCT GCT GCT GGA GGA GGA GGC GGC GGG GGG GGG GGG GGT GTA GTC GTG GTG GTG GTT GTT GTT GTT TAC TAT TCA TCA TCA TCC TCC TCC TCC TCG TCG TCG TCG TCT TCT TCT TCT TGC TGG TGT TTA TTA TTC TTC TTC TTG TTG TTT TTT 
SEQ2                            ... ... ..T .G. CG. ..A ... ... ... ..G G.. T.G ... ..T C.G G.. ..A ... G.. ..C ... ... ... ..T .A. ... G.C ..C G.C ... GGG ... .C. ... ..C ... ... ... .T. ... .C. .G. G.. ... .CG ... ..C ..G ... G.G ..A ..C ... G.C ..C ..G G.C ... ..C .A. ... ... .C. ..C ... .CG ... AA. .C. ... ..G ... GC. .CG ..C ... ... .GC ... ..T ... ..C ... C.C ... ..C ..G .A. ... ..G CT. ..A ..C ... A.G ..C ... ... ..C ..G ... ..T CC. .C. ..C ... ..C ... ... CC. .CA ... A.. ..C ..G ... ... ... A.. G.C ... C.. G.. ... ..T C.. G.. ..A ... G.G ..C ... .GC ... ... ... ... ..G C.. GC. ... C.. ... ..C ... 

    8   18    2    2    1    1    9    3    8    1    1    1    9    1    1
    1    2    5    1    1    4    2    9    1    1    4    1    1    1    5
    1   14    1    7    2    3    1    6    1   18    1    1    1    2    1
    4    1    1    7    1    1    3   12    1    5    1    1    1    1    1
    8    6    1    1    2    1    2    1    2    8    1   18    1    1    2
    5    6    1    9    1   22    1    9    1    6    1    1    1   19    1
    1    1    2    8    1    3    9    7    1    2   20    1    1    1    1
   11    1    1   10    1    1   18    1    1    1    1    7    4    1    1
    1    1    2    6    2    1    1    2    3    1    1    1    1    8    3
    2    1    1    1    1   22    1    3    2    5

YN00 paml/jobs/LOCW_00021435__LOC_00019161/LOCW_00021435__LOC_00019161.phy

ns =   2	ls = 537

Codon position x base (3x4) table for each sequence.

SEQ1                
position  1:    T:0.16015    C:0.24767    A:0.24767    G:0.34451
position  2:    T:0.27374    C:0.28678    A:0.25326    G:0.18622
position  3:    T:0.15270    C:0.38547    A:0.13222    G:0.32961

SEQ2                
position  1:    T:0.14153    C:0.25512    A:0.23836    G:0.36499
position  2:    T:0.25698    C:0.30726    A:0.24581    G:0.18994
position  3:    T:0.11173    C:0.43575    A:0.11732    G:0.33520

Average
position  1:    T:0.15084    C:0.25140    A:0.24302    G:0.35475
position  2:    T:0.26536    C:0.29702    A:0.24953    G:0.18808
position  3:    T:0.13222    C:0.41061    A:0.12477    G:0.33240

Codon usage for each species
----------------------------------------------------------------------
Phe TTT   7   5 | Ser TCT   4   3 | Tyr TAT   4   4 | Cys TGT   2   2
    TTC  24  24 |     TCC  11   7 |     TAC   7   7 |     TGC   8   9
Leu TTA   2   1 |     TCA   3   3 | *** TAA   0   0 | *** TGA   0   0
    TTG   4   4 |     TCG   7   4 |     TAG   0   0 | Trp TGG   3   3
----------------------------------------------------------------------
Leu CTT   8   5 | Pro CCT   7   1 | His CAT   3   2 | Arg CGT   4   2
    CTC  12  12 |     CCC   8  20 |     CAC   7   7 |     CGC   9  11
    CTA   3   2 |     CCA   6   5 | Gln CAA   1   1 |     CGA   2   1
    CTG  19  21 |     CCG  17  22 |     CAG  21  18 |     CGG   6   7
----------------------------------------------------------------------
Ile ATT   5   4 | Thr ACT   5   5 | Asn AAT   3   5 | Ser AGT   2   1
    ATC  14  16 |     ACC  12  10 |     AAC  23  19 |     AGC  10  12
    ATA   6   5 |     ACA  11  11 | Lys AAA   8   9 | Arg AGA   2   2
Met ATG   8   7 |     ACG   8   8 |     AAG  10  10 |     AGG   6   4
----------------------------------------------------------------------
Val GTT   4   1 | Ala GCT  13   9 | Asp GAT  10  10 | Gly GGT   1   1
    GTC  10  11 |     GCC  21  32 |     GAC  10  11 |     GGC  21  26
    GTA   1   1 |     GCA   9   9 | Glu GAA   7   6 |     GGA  10   7
    GTG  20  19 |     GCG  12  16 |     GAG  22  23 |     GGG  14  14
----------------------------------------------------------------------


Sums
------------------------------------------------------
Phe TTT  12 | Ser TCT   7 | Tyr TAT   8 | Cys TGT   4
    TTC  48 |     TCC  18 |     TAC  14 |     TGC  17
Leu TTA   3 |     TCA   6 | *** TAA   0 | *** TGA   0
    TTG   8 |     TCG  11 |     TAG   0 | Trp TGG   6
------------------------------------------------------
Leu CTT  13 | Pro CCT   8 | His CAT   5 | Arg CGT   6
    CTC  24 |     CCC  28 |     CAC  14 |     CGC  20
    CTA   5 |     CCA  11 | Gln CAA   2 |     CGA   3
    CTG  40 |     CCG  39 |     CAG  39 |     CGG  13
------------------------------------------------------
Ile ATT   9 | Thr ACT  10 | Asn AAT   8 | Ser AGT   3
    ATC  30 |     ACC  22 |     AAC  42 |     AGC  22
    ATA  11 |     ACA  22 | Lys AAA  17 | Arg AGA   4
Met ATG  15 |     ACG  16 |     AAG  20 |     AGG  10
------------------------------------------------------
Val GTT   5 | Ala GCT  22 | Asp GAT  20 | Gly GGT   2
    GTC  21 |     GCC  53 |     GAC  21 |     GGC  47
    GTA   2 |     GCA  18 | Glu GAA  13 |     GGA  17
    GTG  39 |     GCG  28 |     GAG  45 |     GGG  28
------------------------------------------------------



(A) Nei-Gojobori (1986) method



Nei & Gojobori 1986. dN/dS (dN, dS)
(Note: This matrix is not used in later ML. analysis.
Use runmode = -2 for ML pairwise comparison.)

SEQ1                
SEQ2                 0.2540 (0.0516 0.2031)


(B) Yang & Nielsen (2000) method

Yang Z, Nielsen R (2000) Estimating synonymous and nonsynonymous substitution rates under realistic evolutionary models. Mol. Biol. Evol. 17:32-43

(equal weighting of pathways)

seq. seq.     S       N        t   kappa   omega     dN +- SE    dS +- SE

   2    1   373.7  1237.3   0.2780  2.8946  0.2140 0.0500 +- 0.0065  0.2338 +- 0.0298


(C) LWL85, LPB93 & LWLm methods

Li W.-H., C.-I. Wu, Luo (1985) A new method for estimating synonymous and nonsynonymous rates of nucleotide substitutions considering the relative likelihood of nucleotide and codon changes. Mol. Biol. Evol. 2: 150-174.
Li W-H (1993) Unbiased estimation of the rates of synonymous and nonsynonymous substitution. J. Mol. Evol. 36:96-99
Pamilo P, Bianchi NO (1993) Evolution of the Zfx and Zfy genes - rates and interdependence between the genes. Mol. Biol. Evol. 10:271-281
Yang Z (2006) Computational Molecular Evolution. Oxford University Press, Oxford. Eqs. 2.12 & 2.13

2 (SEQ2) vs. 1 (SEQ1)

L(i):     1041.5     267.5     302.0  sum=   1611.0
Ns(i):   27.5000   15.0000   35.5000  sum=  78.0000
Nv(i):   29.0000    2.5000   23.5000  sum=  55.0000
A(i):     0.0277    0.0600    0.1454
B(i):     0.0286    0.0094    0.0846
LWL85:  dS =  0.2186 dN =  0.0502 w = 0.2296 S =  391.2 N = 1219.8
LWL85m: dS =  0.1815 dN =  0.0537 w = 0.2960 S =  471.1 N = 1139.9 (rho = 0.632)
LPB93:  dS =  0.1899 dN =  0.0524 w = 0.2762

