      2   1815

SEQ1                            ATG TGC CAC ACA ATG CCA TGT TGT CTC CTG CTC CTG GTC TCC CAC TGC ATC CTC CTG AGC ATG ACT CCC GTT GTG GCT TGC CCA GCG CGC TGC GAG TGC GTC CCC CAG ATC AAG TTG GTC TCA TGC CAC CGC AAG CGC CTC ACC GCC ATC CCC GAG GGC ATC CCG ACG GAG ACC AAG ATC CTG GAG CTC AAC AGG AAC CGC ATC CGC TGC CTC AAC GCC GGC GAC CTC TCC CCG TTC CCG CTG CTG GAG GAG CTG GAT GTC AGC GAG AAC GTC CTG GCC CAC GTG GAG CCC GGG GCC TTC AGC AGC CTC CTC GGC CTG CAG AGC CTG CGG CTG CGC CGC AAC CAG CTC AAG CTG ATC CCA CCC GGC GTC TTC AGT AGG CTG TCC AAC CTC ACT GTC CTG GAC ATC AGC GAC AAC AAG ATC GTT GTC CTT CTG GAC TAC ATG TTC CAA GAC CTG CGG AGC CTC AAG AGC TTG GAG GTT GGG GAC AAT GAC TTG GTG TAT ATC TCC CGG AAG GCC TTC TCC GGC CTG GTC AGC CTT CAG CAG CTG GCC ATC GAG AGA TGC AAC CTG ACA GCC CTC TCT GCT GAG TCC CTC TCC CGC CTC CCA AAC TTA GAG GTG CTC CGG CTC CGA CAG CTG GGC ATT GCC TCA GTG GAG GAC CAA AAC TTC AAG AAG CTC CAC AGC CTC CAG CTG CTG GAA ATT GAC AAC TGG CCA TTT CTG GAG GAG ATC TCA CCC AAT GGC TTC CAA GGA CTC AAC CTC ACC TCC CTC TCC ATC ACG AAC ACC AAC ATC ACA ATG GTG CCC ACT GCC GCC CTG AGA CCC TTG GTG TAC CTC ATG TAC CTG AAC TTG TCC TAC AAC CCC ATC AGC ACC GTG CCC AAG GGT GCC TTC AGG GAC CTG ATC CGG CTC CGG GAG CTC CAC CTG GTG GGG GCT CTC CTG GTC TCG GTG GAG CCC CAG GCA TTG AAT GGC TTG CGG CAA CTG CGC CTC CTC AAC TTC TCC AGC AAC ATC TTG TCC ACT TTG GAG GAA GGA GCC TTC CAC TCT GTC AAC ACC TTG GAA GCG CTC CGC ATT GAC CGG AAT CCC TTG GTC TGC GAC TGC CGC CTG CTG TGG ATC GTC CAG CGC CGG AAG ACG CTT GAC TTT GAT GGG CAG CCA CCA ATG TGC TCC TCG CCA CCA GAG ATC CAG GGC AAT GCT CTG CGT GAC TTC CCA GAC TCC GTA CTC TTT GAG TTC TTC ACC TGC CAA AAG CCC AAA ATC AGG GAC CGA AAG CTG CAG CAC GTC ATG GCC TAT GAA GGA CAG GTA GTT TCC TTT GTG TGC CGG GCA GAC GGG GAG CCC ATC CCG TCT ATT AGC TGG GTG TCC CCT CAG CAC CGG ATG ATC ACT GCC AAG AGC ACC GGC CGG ATC GCA GTC TTG CCC AGT GGG ACA CTG GAA ATC CGC TAC GCT CAG GCT CAG GAC AGC GGC ACG TAC ATT TGC ATC GCC AGC AAC GCC GGT GGC AAC GAC ACC TAC TTT GCC ACC TTG ACG GTC CGG GGG CAC GCA GGG GAT GGT GCC CTG TAT GCA AAC CGG TCT TTG TAC CTC AGC GAG TTC AAT GAC ACT GCC CGC AAC GAG ACG CAG GTC TTC CTG AAG TTC ACG CTG GAC CTC AAA ACC ATC CTG GTC TCC ACT GCC ATG GGC TGC ATC ACC TTC CTG GGT GTG GTC CTC TTC TGC TTC CTC CTG CTC TTC GTC TGG AGT CGG GGC CGT GGG CAG CAC AAG AAC AAC TTC TCC GTG GAA TAC TCC TTC CGC AAG GTC GAT GGC CCG ACC ATC GCA TCT GGG CAG GGG GGC GCC AGG AAG TTC AAC ATG AAG ATG ATT 
SEQ2                            ATG TGC CAC ACA ATG CCA TGT TGT CTC CTG CTC CTG GTC TCC CAC TGC ATC CTC CTG AGC ATG ACT CCC GTT GTG GCT TGC CCA GCG CGC TGC GAG TGC GTC CCC CAG ATC AAG TTG GTC TCA TGC CAC CGC AAG CGC CTC ACC GCC ATC CCC GAG GGC ATC CCG ACG GAG ACC AAG ATC CTG GAG CTC AAC AGG AAC CGC ATC CGC TGC CTC AAC GCC GGC GAC CTC TCC CCG TTC CCG CTG CTG GAG GAG CTG GAT GTC AGC GAG AAC GTC CTG GCC CAC GTG GAG CCC GGG GCC TTC AGC AGC CTC CTC GGC CTG CAG AGC CTG CGG CTG CGC GGC AAC CAG CTC AAG CTG ATC CCA CCC GGC GTC TTC AGT AGG CTG TCC AAC CTC ACT GTC CTG GAC ATC AGC GAC AAC AAG ATC GTT GTC CTT CTG GAC TAC ATG TTC CAA GAC CTG CGG AGC CTC AAG AGC TTG GAG GTT GGG GAC AAT GAC TTG GTG TAT ATC TCC CGG AAG GCC TTC TCC GGC CTG GTC AGC CTT CAG CAG CTG GCC ATC GAG AGA TGC AAC CTG ACA GCC CTC TCT GCT GAG TCC CTC TCC CGC CTC CCA AAC TTA GAG GTG CTC CGG CTC CGA CAG CTG GGC ATT GCC TCA GTG GAG GAC CAA AAC TTC AAG AAG CTC CAC AGC CTC CAG CTG CTG GAA ATT GAC AAC TGG CCA TTT CTG GAG GAG ATC TCA CCC AAT GGC TTC CAA GGA CTC AAC CTC ACC TCC CTC TCC ATC ACG AAC ACC AAC ATC ACA ATG GTG CCC ACT GCC GCC CTG AGA CCC TTG GTG TAC CTC ATG TAC CTG AAC TTG TCC TAC AAC CCC ATC AGC ACC GTG CCC AAG GGT GCC TTC AGG GAC CTG ATC CGG CTC CGG GAG CTC CAC CTG GTG GGG GCT CTC CTG GTC TCG GTG GAG CCC CAG GCA TTG AAT GGC TTG CGG CAA CTG CGC CTC CTC AAC TTC TCC AGC AAC ATC TTG TCC ACT TTG GAG GAA GGA GCC TTC CAC TCT GTC AAC ACC TTG GAA GCG CTC CGC ATT GAC CGG AAT CCC TTG GTC TGC GAC TGC CGC CTG CTG TGG ATC GTC CAG CGC CGG AAG ACG CTT GAC TTT GAT GGG CAG CCA CCA ATG TGC TCC TCG CCA CCA GAG ATC CAG GGC AAT GCT CTG CGT GAC TTC CCA GAC TCC GTA CTC TTT GAG TTC TTC ACC TGC CAA AAG CCC AAA ATC AGG GAC CGA AAG CTG CAG CAC GTC ATG GCC TAT GAA GGA CAG GTA GTT TCC TTT GTG TGC CGG GCA GAC GGG GAG CCC ATC CCG TCT ATT AGC TGG GTG TCC CCT CAG CAC CGG ATG ATC ACT GCC AAG AGC ACC GGC CGG ATC GCA GTC TTG CCC AGT GGG ACA CTG GAA ATC CGC TAC GCT CAG GCT CAG GAC AGC GGC ACG TAC ATT TGC ATC GCC AGC AAC GCC GGT GGC AAC GAC ACC TAC TTT GCC ACC TTG ACG GTC CGG GGG CAC GCA GGG GAT GGT GCC CTG TAT GCA AAC CGG TCT TTG TAC CTC AGC GAG TTC AAT GAC ACT GCC CGC AAC GAG ACG CAG GTC TTC CTG AAG TTC ACG CTG GAC CTC AAA ACC ATC CTG GTC TCC ACT GCC ATG GGC TGC ATC ACC TTC CTG GGT GTG GTC CTC TTC TGC TTC CTC CTG CTC TTC GTC TGG AGT CGG GGC CGT GGG CAG CAC AAG AAC AAC TTC TCC GTG GAA TAC TCC TTC CGC AAG GTC GAT GGC CCG ACC ATC GCA TCT GGG CAG GGG GGC GCC AGG AAG TTC AAC ATG AAG ATG ATT 



Printing out site pattern counts


         2        177  P

SEQ1                            AAA AAC AAG AAT ACA ACC ACG ACT AGA AGC AGG AGT ATC ATG ATT CAA CAC CAG CCA CCC CCG CCT CGA CGC CGC CGG CGT CTC CTG CTT GAA GAC GAG GAT GCA GCC GCG GCT GGA GGC GGG GGT GTA GTC GTG GTT TAC TAT TCA TCC TCG TCT TGC TGG TGT TTA TTC TTG TTT 
SEQ2                            ... ... ... ... ... ... ... ... ... ... ... ... ... ... ... ... ... ... ... ... ... ... ... ... G.. ... ... ... ... ... ... ... ... ... ... ... ... ... ... ... ... ... ... ... ... ... ... ... ... ... ... ... ... ... ... ... ... ... ... 

    2   26   19    6    4   13    7    7    2   17    5    3   28   12    6
    5   11   19   10   15    5    1    2   14    1   15    2   35   40    3
    6   21   23    4    6   21    2    6    3   16   11    4    2   21   14
    4    9    3    3   19    2    5   16    4    2    1   23   14    5

YN00 paml/jobs/LOCW_00021249__LOC_00019024/LOCW_00021249__LOC_00019024.phy

ns =   2	ls = 605

Codon position x base (3x4) table for each sequence.

SEQ1                
position  1:    T:0.17521    C:0.29421    A:0.25950    G:0.27107
position  2:    T:0.34380    C:0.20826    A:0.25455    G:0.19339
position  3:    T:0.10083    C:0.50579    A:0.07603    G:0.31736

SEQ2                
position  1:    T:0.17521    C:0.29256    A:0.25950    G:0.27273
position  2:    T:0.34380    C:0.20826    A:0.25455    G:0.19339
position  3:    T:0.10083    C:0.50579    A:0.07603    G:0.31736

Average
position  1:    T:0.17521    C:0.29339    A:0.25950    G:0.27190
position  2:    T:0.34380    C:0.20826    A:0.25455    G:0.19339
position  3:    T:0.10083    C:0.50579    A:0.07603    G:0.31736

Codon usage for each species
----------------------------------------------------------------------
Phe TTT   5   5 | Ser TCT   5   5 | Tyr TAT   3   3 | Cys TGT   2   2
    TTC  23  23 |     TCC  19  19 |     TAC   9   9 |     TGC  16  16
Leu TTA   1   1 |     TCA   3   3 | *** TAA   0   0 | *** TGA   0   0
    TTG  14  14 |     TCG   2   2 |     TAG   0   0 | Trp TGG   4   4
----------------------------------------------------------------------
Leu CTT   3   3 | Pro CCT   1   1 | His CAT   0   0 | Arg CGT   2   2
    CTC  35  35 |     CCC  15  15 |     CAC  11  11 |     CGC  15  14
    CTA   0   0 |     CCA  10  10 | Gln CAA   5   5 |     CGA   2   2
    CTG  40  40 |     CCG   5   5 |     CAG  19  19 |     CGG  15  15
----------------------------------------------------------------------
Ile ATT   6   6 | Thr ACT   7   7 | Asn AAT   6   6 | Ser AGT   3   3
    ATC  28  28 |     ACC  13  13 |     AAC  26  26 |     AGC  17  17
    ATA   0   0 |     ACA   4   4 | Lys AAA   2   2 | Arg AGA   2   2
Met ATG  12  12 |     ACG   7   7 |     AAG  19  19 |     AGG   5   5
----------------------------------------------------------------------
Val GTT   4   4 | Ala GCT   6   6 | Asp GAT   4   4 | Gly GGT   4   4
    GTC  21  21 |     GCC  21  21 |     GAC  21  21 |     GGC  16  17
    GTA   2   2 |     GCA   6   6 | Glu GAA   6   6 |     GGA   3   3
    GTG  14  14 |     GCG   2   2 |     GAG  23  23 |     GGG  11  11
----------------------------------------------------------------------


Sums
------------------------------------------------------
Phe TTT  10 | Ser TCT  10 | Tyr TAT   6 | Cys TGT   4
    TTC  46 |     TCC  38 |     TAC  18 |     TGC  32
Leu TTA   2 |     TCA   6 | *** TAA   0 | *** TGA   0
    TTG  28 |     TCG   4 |     TAG   0 | Trp TGG   8
------------------------------------------------------
Leu CTT   6 | Pro CCT   2 | His CAT   0 | Arg CGT   4
    CTC  70 |     CCC  30 |     CAC  22 |     CGC  29
    CTA   0 |     CCA  20 | Gln CAA  10 |     CGA   4
    CTG  80 |     CCG  10 |     CAG  38 |     CGG  30
------------------------------------------------------
Ile ATT  12 | Thr ACT  14 | Asn AAT  12 | Ser AGT   6
    ATC  56 |     ACC  26 |     AAC  52 |     AGC  34
    ATA   0 |     ACA   8 | Lys AAA   4 | Arg AGA   4
Met ATG  24 |     ACG  14 |     AAG  38 |     AGG  10
------------------------------------------------------
Val GTT   8 | Ala GCT  12 | Asp GAT   8 | Gly GGT   8
    GTC  42 |     GCC  42 |     GAC  42 |     GGC  33
    GTA   4 |     GCA  12 | Glu GAA  12 |     GGA   6
    GTG  28 |     GCG   4 |     GAG  46 |     GGG  22
------------------------------------------------------



(A) Nei-Gojobori (1986) method



Nei & Gojobori 1986. dN/dS (dN, dS)
(Note: This matrix is not used in later ML. analysis.
Use runmode = -2 for ML pairwise comparison.)

SEQ1                
SEQ2                -1.0000 (0.0007 0.0000)


(B) Yang & Nielsen (2000) method

Yang Z, Nielsen R (2000) Estimating synonymous and nonsynonymous substitution rates under realistic evolutionary models. Mol. Biol. Evol. 17:32-43

(equal weighting of pathways)

seq. seq.     S       N        t   kappa   omega     dN +- SE    dS +- SE

   2    1   340.6  1474.4   0.0017  4.6000 99.0000 0.0007 +- 0.0007 -0.0000 +- 0.0000


(C) LWL85, LPB93 & LWLm methods

Li W.-H., C.-I. Wu, Luo (1985) A new method for estimating synonymous and nonsynonymous rates of nucleotide substitutions considering the relative likelihood of nucleotide and codon changes. Mol. Biol. Evol. 2: 150-174.
Li W-H (1993) Unbiased estimation of the rates of synonymous and nonsynonymous substitution. J. Mol. Evol. 36:96-99
Pamilo P, Bianchi NO (1993) Evolution of the Zfx and Zfy genes - rates and interdependence between the genes. Mol. Biol. Evol. 10:271-281
Yang Z (2006) Computational Molecular Evolution. Oxford University Press, Oxford. Eqs. 2.12 & 2.13

2 (SEQ2) vs. 1 (SEQ1)

L(i):     1147.0     355.0     313.0  sum=   1815.0
Ns(i):    0.0000    0.0000    0.0000  sum=   0.0000
Nv(i):    1.0000    0.0000    0.0000  sum=   1.0000
A(i):    -0.0000    0.0000    0.0000
B(i):     0.0009   -0.0000   -0.0000
LWL85:  dS =  0.0000 dN =  0.0007 w =    inf S =  431.3 N = 1383.7
LWL85m: dS =    -nan dN =    -nan w =   -nan S =   -nan N =   -nan (rho = -nan)
LPB93:  dS =  0.0000 dN =  0.0007 w =    inf

