
Before deleting alignment gaps
      2   1674

SEQ1                            ATG GAC AAT CAG TGC ACA GTC CAG GTG AAG CTG GAG CTG GGG CAC CGT GCC CAG CTA CGG AAG AAG CCC ACC ACT GAG GGG TTC ACC CAC GAC TGG ATG GTG TTT GTG CGT GGC CCA GAG CAG TTT GAG ATA CAG CAC TTT GTG GAG AAG GTG GTC TTT CGG CTG CAT CAG AGC TTC CCT AAA CCA AAA CGT GTC TGC AAG GAG CCT CCT TAT AAA GTG GAG GAA TCT GGC TAT GCC GGC TTC ATT ATG CCA ATT GAA GTC TAC TTT AAA AAT AAG GAG GAG CCG AAG AAA GTT TGC TTC ACC TAT GAC CTT TTT CTC AAC CTG GAG GGG AAC CCG CCT GTC AAC CAC CTC CGC TGC GAG AAG CTC ACT TTC AAC AAC CCC ACC AAG GAA TTC CGC CGC AAA CTC ATC AAA GCT GGA GGG GTG ATG GTA GTG CCA GAA GGT GTG GAA ACA GTG TCC AGG CCC AGT CCC GAC TAC CCC ATG TTA CCC ACA ATC CCG CTG TCT GCC TTC TCC GAT CCT AAG AAG ACC AAA CCA CCC CAT GGG TCA AAG GAG GTG AAT AAA GAT GGC AGC AAA GCT TCC AAG CTC CAC AAG GTC ACC CGG GAG CAT CGC GAG AGG CCC AGG AAA GAC TCG GAG AGC AAA AAC TCC TCC CGG GAT GCT GAG AGG GAA CCG GGT AAG CCC GTG AAG GAC TCC TCC CGG AAG CCC ATC GAG AAC AAG CCG CCC AAG GAG GAG AAG CCC ATT CCT AAA GCG GCC TTC AAG GAG CCC AAG CTG GCA CTG AAG GAG CCC AAG GTG GAG AAC ACA TCT CCC AAG GGT GGG CCC CCG CAG CCA CCC GAG GCC AAG CCT TAC AGC AAG AGG CCC CCG GCC ATA GAG TCT CTG AAA CCC AGT GCC AAA AAG CCC AAG AAG AGC AGC TCC AAA GTG GCC AAG ACC GTC CTG GCC ACC TCC CCG CGG ACG TCG TCC TAC GCC GAG AAG AAG CCA GCC AAG GAG AAG CCC AGC ACC AAA GCA GAG AAA GTG AAG CCG GAG AGC GAA GCC AAG GCC ATC AAG AAG CCC CTG GAG --- --- GTG GCA GGG GCT GAG GAG TCC AAT TCG GAG GAC GAG GCT TCC CTG AAA TCA GAG TCT GCC CCA TCC AGC CCT --- --- TCT AGC TCC AGC TCA GAC TCC AGC TCA GAC TCT GAT TTC AAG CCG TCT CAG AAC CAC AGC CAA GGG CCA CTG CGT TCT ATG GTT GAG GAC CTT CAG TCA GAA GAG TCC GAC GAT GAC AGC TCT TCG GGG GAA GAG ACA ATG GTC AAG GCG ACC CCG GTT GGC AGG GAT GCC AGA CTC --- --- --- --- AGT GAC AGC GAC AAC AGC GCA GAC TCC TGC CTT CCA AGT CGA GAG ATG CCT TCC AGC CAG AAA CCA CCC CCT TTG AAC AAC AAG ATC TCT GAG AGA GAG AGT CCC GAG TCT TGC AGC AAG CCG GAA AAG ATC TTG AAG AAA GGG ACC TAT GAC AAG GCC TAC ACA GAG GAG TTG GTA GAG CTT CAC CGG AGG CTG ATG GCT CTA CGG GAA CGG AAT GTT CTT CAG CAG ATC GTC AAC CTC ATT GAG GAA ACA GGC CAT TTC AAC GTC ACC AAC ACA ACC TTT GAC TTC GAC TTG TTC TCC TTG GAC GAG ACG ACC GTC CGC AAG CTG CAG AGT TAC CTG GAG GCT GTG GCA ACG 
SEQ2                            ATG GAC AAT CAG TGC ACA GTC CAG GTG AAG TTG GAG CTG GGG CAC CGT GCC CAG CTA CGG AAG AAG CCC ACC ACT GAG GGG TTC ACC CAC GAC TGG ATG GTG TTT GTG CGT GGC CCG GAA CAG TTT GAG ATC CAG CAC TTT GTG GAG AAG GTG GTC TTT CGG CTG CAT CAG AGC TTC CCT AAA CCA AAA CGT GTC TGC AAA GAG CCT CCT TAT AAA GTG GAG GAA TCT GGC TAT GCT GGC TTC ATT ATG CCA ATT GAA GTC TAC TTT AAA AAT AAG GAG GAG CCG AAG AAA GTT TGC TTC ACC TAC GAC CTT TTC CTC AAC CTG GAG GGT AAC CCG CCC GTC AAC CAC CTC CGC TGC GAG AAG CTC ACT TTC AAC AAC CCC ACC AAG GAA TTC CGC CGC AAA CTC ATC AAA GCT GGT GGG GTG ATG GTA ATG CCC GAA GGT GCG GAA ACG GTG TCC AGG CCC AGT CCC GAC TAT CCC ATG TTA CCC ACA ATC CCG CTA TCT GCC TTC TCC GAT CCT AAG AAG ACC AAA CCA TCC CAT GGG TCA AAG GAG GTG AAC AAA GAT GGC AGC AAA GCC TCC AAG TCC CAC AAA GTC ACC CGG GAG CAT CGC GAG AGG CCC AGA AAA GAC TCG GAG AGC AAA AAC TCC TCC CGG GAC CCT GAG AAG GAG CCG GGT AAG CCC GTG AAG GAC TCC TCC CGG AAG CCC ATC GAG AAC AAG GTG CCC AAG GAG GAG AAG CCC GTT CCT AAA GCA GCC TTC AAG GAG CCC AAG CTG GCG CTG AAG GAG CCC AAG GTG GAG AAC ACG TCT CCC AAG GGT GGG CCC CCA CAG CCT CCT GAG GCC AAG CCT TCC AGC AAG AGG CCC CCA GCT GTG GAG TCT CCG AAA CCC AGT GCC AAA AAG CCC AAG AAG AGC AGC TCC AAA GCG GCC AAG ACC GCC CCA GCC ACC TCC CCA CGG ACT TCG TCC TAC GCC GAG AAG AAG CCG GCC AAG GAG AAG CCC GGC ACC AAA GCG GAG AAG GTG AAG CCA GAG AGT GAA ACC AAG GCC ATC AAG AAG CCC CTG GAG GTG GCG GTG GCA GGG GCT GAG GAG TCC AAT TCG GAG GAC GAG GCT TCT CTG AAA TCA GAG TCT GCC CCA TCC AGC CCT TCC AAC TCC AGC TCC AGC TCC GAC TCC AGC TCA GAC TCT GAT TTC GAG CCG TCT CAG AAC CAC AGC CAA GGG CCA CTG CGT TCT ATG GTC GAG GAC CTG CAG TCA GAA GAG TCC GAC GAT GAC AGC TCT TCG GGG GAA GAG ACG ACG GTC AAG GCG ACC CCA GTT GGC AGG GAT GCC AGA CTC AGC CAC AGT GAC AGC GAC AGC GAC AAC AGC GCA GAC TCC TGC CTT CCG AGT CGA GAC ACG CCT CCC AGC CAG AAG CCG CCC CCT TTG AAC AAC AAG ATC TCT GGG AGA AAG ACT CCC GAG TCC TGC AGC AAG CCG GAA AAG ATC TTG AAG AAA GGG ACC TAC GAT AAG GCT TAC ACG GAC GAG TTG GTA GAG CTT CAC CGG AGG CTG ATG GCT CTA CGG GAA CGG AAC GTT CTT CAG CAG ATC GTC AAC CTC ATT GAG GAA ACA GGC CAT TTC AAT GTC ACC AAC ACA ACC TTT GAC TTC GAC CTG TTC TCC TTG GAT GAG ACG ACC GTC CGC AAG CTG CAG AGT TAC CTG GAG GCT GTG GCA ACG 



After deleting gaps. 1650 sites
      2   1650

SEQ1                            ATG GAC AAT CAG TGC ACA GTC CAG GTG AAG CTG GAG CTG GGG CAC CGT GCC CAG CTA CGG AAG AAG CCC ACC ACT GAG GGG TTC ACC CAC GAC TGG ATG GTG TTT GTG CGT GGC CCA GAG CAG TTT GAG ATA CAG CAC TTT GTG GAG AAG GTG GTC TTT CGG CTG CAT CAG AGC TTC CCT AAA CCA AAA CGT GTC TGC AAG GAG CCT CCT TAT AAA GTG GAG GAA TCT GGC TAT GCC GGC TTC ATT ATG CCA ATT GAA GTC TAC TTT AAA AAT AAG GAG GAG CCG AAG AAA GTT TGC TTC ACC TAT GAC CTT TTT CTC AAC CTG GAG GGG AAC CCG CCT GTC AAC CAC CTC CGC TGC GAG AAG CTC ACT TTC AAC AAC CCC ACC AAG GAA TTC CGC CGC AAA CTC ATC AAA GCT GGA GGG GTG ATG GTA GTG CCA GAA GGT GTG GAA ACA GTG TCC AGG CCC AGT CCC GAC TAC CCC ATG TTA CCC ACA ATC CCG CTG TCT GCC TTC TCC GAT CCT AAG AAG ACC AAA CCA CCC CAT GGG TCA AAG GAG GTG AAT AAA GAT GGC AGC AAA GCT TCC AAG CTC CAC AAG GTC ACC CGG GAG CAT CGC GAG AGG CCC AGG AAA GAC TCG GAG AGC AAA AAC TCC TCC CGG GAT GCT GAG AGG GAA CCG GGT AAG CCC GTG AAG GAC TCC TCC CGG AAG CCC ATC GAG AAC AAG CCG CCC AAG GAG GAG AAG CCC ATT CCT AAA GCG GCC TTC AAG GAG CCC AAG CTG GCA CTG AAG GAG CCC AAG GTG GAG AAC ACA TCT CCC AAG GGT GGG CCC CCG CAG CCA CCC GAG GCC AAG CCT TAC AGC AAG AGG CCC CCG GCC ATA GAG TCT CTG AAA CCC AGT GCC AAA AAG CCC AAG AAG AGC AGC TCC AAA GTG GCC AAG ACC GTC CTG GCC ACC TCC CCG CGG ACG TCG TCC TAC GCC GAG AAG AAG CCA GCC AAG GAG AAG CCC AGC ACC AAA GCA GAG AAA GTG AAG CCG GAG AGC GAA GCC AAG GCC ATC AAG AAG CCC CTG GAG GTG GCA GGG GCT GAG GAG TCC AAT TCG GAG GAC GAG GCT TCC CTG AAA TCA GAG TCT GCC CCA TCC AGC CCT TCT AGC TCC AGC TCA GAC TCC AGC TCA GAC TCT GAT TTC AAG CCG TCT CAG AAC CAC AGC CAA GGG CCA CTG CGT TCT ATG GTT GAG GAC CTT CAG TCA GAA GAG TCC GAC GAT GAC AGC TCT TCG GGG GAA GAG ACA ATG GTC AAG GCG ACC CCG GTT GGC AGG GAT GCC AGA CTC AGT GAC AGC GAC AAC AGC GCA GAC TCC TGC CTT CCA AGT CGA GAG ATG CCT TCC AGC CAG AAA CCA CCC CCT TTG AAC AAC AAG ATC TCT GAG AGA GAG AGT CCC GAG TCT TGC AGC AAG CCG GAA AAG ATC TTG AAG AAA GGG ACC TAT GAC AAG GCC TAC ACA GAG GAG TTG GTA GAG CTT CAC CGG AGG CTG ATG GCT CTA CGG GAA CGG AAT GTT CTT CAG CAG ATC GTC AAC CTC ATT GAG GAA ACA GGC CAT TTC AAC GTC ACC AAC ACA ACC TTT GAC TTC GAC TTG TTC TCC TTG GAC GAG ACG ACC GTC CGC AAG CTG CAG AGT TAC CTG GAG GCT GTG GCA ACG 
SEQ2                            ATG GAC AAT CAG TGC ACA GTC CAG GTG AAG TTG GAG CTG GGG CAC CGT GCC CAG CTA CGG AAG AAG CCC ACC ACT GAG GGG TTC ACC CAC GAC TGG ATG GTG TTT GTG CGT GGC CCG GAA CAG TTT GAG ATC CAG CAC TTT GTG GAG AAG GTG GTC TTT CGG CTG CAT CAG AGC TTC CCT AAA CCA AAA CGT GTC TGC AAA GAG CCT CCT TAT AAA GTG GAG GAA TCT GGC TAT GCT GGC TTC ATT ATG CCA ATT GAA GTC TAC TTT AAA AAT AAG GAG GAG CCG AAG AAA GTT TGC TTC ACC TAC GAC CTT TTC CTC AAC CTG GAG GGT AAC CCG CCC GTC AAC CAC CTC CGC TGC GAG AAG CTC ACT TTC AAC AAC CCC ACC AAG GAA TTC CGC CGC AAA CTC ATC AAA GCT GGT GGG GTG ATG GTA ATG CCC GAA GGT GCG GAA ACG GTG TCC AGG CCC AGT CCC GAC TAT CCC ATG TTA CCC ACA ATC CCG CTA TCT GCC TTC TCC GAT CCT AAG AAG ACC AAA CCA TCC CAT GGG TCA AAG GAG GTG AAC AAA GAT GGC AGC AAA GCC TCC AAG TCC CAC AAA GTC ACC CGG GAG CAT CGC GAG AGG CCC AGA AAA GAC TCG GAG AGC AAA AAC TCC TCC CGG GAC CCT GAG AAG GAG CCG GGT AAG CCC GTG AAG GAC TCC TCC CGG AAG CCC ATC GAG AAC AAG GTG CCC AAG GAG GAG AAG CCC GTT CCT AAA GCA GCC TTC AAG GAG CCC AAG CTG GCG CTG AAG GAG CCC AAG GTG GAG AAC ACG TCT CCC AAG GGT GGG CCC CCA CAG CCT CCT GAG GCC AAG CCT TCC AGC AAG AGG CCC CCA GCT GTG GAG TCT CCG AAA CCC AGT GCC AAA AAG CCC AAG AAG AGC AGC TCC AAA GCG GCC AAG ACC GCC CCA GCC ACC TCC CCA CGG ACT TCG TCC TAC GCC GAG AAG AAG CCG GCC AAG GAG AAG CCC GGC ACC AAA GCG GAG AAG GTG AAG CCA GAG AGT GAA ACC AAG GCC ATC AAG AAG CCC CTG GAG GTG GCA GGG GCT GAG GAG TCC AAT TCG GAG GAC GAG GCT TCT CTG AAA TCA GAG TCT GCC CCA TCC AGC CCT TCC AGC TCC AGC TCC GAC TCC AGC TCA GAC TCT GAT TTC GAG CCG TCT CAG AAC CAC AGC CAA GGG CCA CTG CGT TCT ATG GTC GAG GAC CTG CAG TCA GAA GAG TCC GAC GAT GAC AGC TCT TCG GGG GAA GAG ACG ACG GTC AAG GCG ACC CCA GTT GGC AGG GAT GCC AGA CTC AGC GAC AGC GAC AAC AGC GCA GAC TCC TGC CTT CCG AGT CGA GAC ACG CCT CCC AGC CAG AAG CCG CCC CCT TTG AAC AAC AAG ATC TCT GGG AGA AAG ACT CCC GAG TCC TGC AGC AAG CCG GAA AAG ATC TTG AAG AAA GGG ACC TAC GAT AAG GCT TAC ACG GAC GAG TTG GTA GAG CTT CAC CGG AGG CTG ATG GCT CTA CGG GAA CGG AAC GTT CTT CAG CAG ATC GTC AAC CTC ATT GAG GAA ACA GGC CAT TTC AAT GTC ACC AAC ACA ACC TTT GAC TTC GAC CTG TTC TCC TTG GAT GAG ACG ACC GTC CGC AAG CTG CAG AGT TAC CTG GAG GCT GTG GCA ACG 



Printing out site pattern counts


         2        351  P

SEQ1                            AAA AAA AAC AAC AAG AAG AAG AAT AAT ACA ACA ACC ACG ACG ACT AGA AGC AGC AGC AGG AGG AGG AGT AGT AGT ATA ATA ATC ATG ATG ATT ATT CAA CAC CAG CAT CCA CCA CCA CCA CCC CCC CCC CCG CCG CCG CCT CCT CGA CGC CGG CGT CTA CTC CTC CTG CTG CTG CTG CTG CTT CTT GAA GAA GAC GAC GAG GAG GAG GAG GAG GAT GAT GCA GCA GCC GCC GCC GCG GCG GCT GCT GCT GGA GGC GGG GGG GGT GTA GTC GTC GTG GTG GTG GTT GTT TAC TAC TAC TAT TAT TCA TCA TCC TCC TCC TCG TCT TCT TGC TGG TTA TTC TTG TTG TTT TTT 
SEQ2                            ... ..G ... ..T ..A ... G.. ..C ... ... ..G ... ... ..T ... ... ... ..T G.. .A. ..A ... .C. ..C ... ..C G.G ... .C. ... ... G.. ... ... ... ... ... ..C ..G ..T ... ..T T.. ..A ... GT. ..C ... ... ... ... ... ... ... TC. .CA .C. ..A ... T.. ..G ... ... ..G ... ..T A.. ..A ..C ... .G. ..C ... ... ..G A.. ... ..T ..A ... C.. ..C ... ..T ... ... ..T ... ... .C. ... A.. .C. ... ..C ... ... ..T .C. ..C ... ... ..C C.. ... ..T ... ..C ... ... ... ... ... C.. ... ..C ... 

   19    2   14    1    2   44    1    2    3    4    4   14    2    1    2
    2   16    1    1    1    1    5    1    1    4    1    1    7    2    7
    3    1    1    7   13    4    5    1    4    1   22    1    1    5    6
    1    1    9    1    5    9    4    2    6    1    1    1    1   11    1
    1    4   11    1   17    2    1    1    2   42    1    1    5    3    2
    1   12    3    1    1    1    1    5    1    6    9    1    3    2    1
   10    1    2   14    1    3    4    1    1    2    2    4    1    1   17
    1    4    2   10    6    1    1   12    1    4    1    6

YN00 paml/jobs/LOCW_00021430__LOC_00019140/LOCW_00021430__LOC_00019140.phy

ns =   2	ls = 550

Codon position x base (3x4) table for each sequence.

SEQ1                
position  1:    T:0.14909    C:0.23636    A:0.30909    G:0.30545
position  2:    T:0.20000    C:0.28000    A:0.37636    G:0.14364
position  3:    T:0.15091    C:0.34909    A:0.13455    G:0.36545

SEQ2                
position  1:    T:0.15091    C:0.23455    A:0.30727    G:0.30727
position  2:    T:0.18727    C:0.29636    A:0.37455    G:0.14182
position  3:    T:0.15273    C:0.36182    A:0.12182    G:0.36364

Average
position  1:    T:0.15000    C:0.23545    A:0.30818    G:0.30636
position  2:    T:0.19364    C:0.28818    A:0.37545    G:0.14273
position  3:    T:0.15182    C:0.35545    A:0.12818    G:0.36455

Codon usage for each species
----------------------------------------------------------------------
Phe TTT   7   6 | Ser TCT  12  11 | Tyr TAT   4   3 | Cys TGT   0   0
    TTC  12  13 |     TCC  19  23 |     TAC   6   6 |     TGC   6   6
Leu TTA   1   1 |     TCA   5   4 | *** TAA   0   0 | *** TGA   0   0
    TTG   5   5 |     TCG   4   4 |     TAG   0   0 | Trp TGG   1   1
----------------------------------------------------------------------
Leu CTT   5   4 | Pro CCT  10  12 | His CAT   4   4 | Arg CGT   4   4
    CTC   7   6 |     CCC  24  25 |     CAC   7   7 |     CGC   5   5
    CTA   2   3 |     CCA  11  11 | Gln CAA   1   1 |     CGA   1   1
    CTG  15  13 |     CCG  12  11 |     CAG  13  13 |     CGG   9   9
----------------------------------------------------------------------
Ile ATT   4   3 | Thr ACT   2   4 | Asn AAT   5   4 | Ser AGT   6   5
    ATC   7   8 |     ACC  14  15 |     AAC  15  16 |     AGC  18  17
    ATA   2   0 |     ACA   8   4 | Lys AAA  21  21 | Arg AGA   2   3
Met ATG   9   8 |     ACG   3   8 |     AAG  47  48 |     AGG   7   5
----------------------------------------------------------------------
Val GTT   4   4 | Ala GCT   7   8 | Asp GAT   6   7 | Gly GGT   3   5
    GTC  11  11 |     GCC  16  14 |     GAC  19  20 |     GGC   6   7
    GTA   2   2 |     GCA   5   4 | Glu GAA  12  12 |     GGA   1   0
    GTG  17  16 |     GCG   2   5 |     GAG  47  44 |     GGG  10  10
----------------------------------------------------------------------


Sums
------------------------------------------------------
Phe TTT  13 | Ser TCT  23 | Tyr TAT   7 | Cys TGT   0
    TTC  25 |     TCC  42 |     TAC  12 |     TGC  12
Leu TTA   2 |     TCA   9 | *** TAA   0 | *** TGA   0
    TTG  10 |     TCG   8 |     TAG   0 | Trp TGG   2
------------------------------------------------------
Leu CTT   9 | Pro CCT  22 | His CAT   8 | Arg CGT   8
    CTC  13 |     CCC  49 |     CAC  14 |     CGC  10
    CTA   5 |     CCA  22 | Gln CAA   2 |     CGA   2
    CTG  28 |     CCG  23 |     CAG  26 |     CGG  18
------------------------------------------------------
Ile ATT   7 | Thr ACT   6 | Asn AAT   9 | Ser AGT  11
    ATC  15 |     ACC  29 |     AAC  31 |     AGC  35
    ATA   2 |     ACA  12 | Lys AAA  42 | Arg AGA   5
Met ATG  17 |     ACG  11 |     AAG  95 |     AGG  12
------------------------------------------------------
Val GTT   8 | Ala GCT  15 | Asp GAT  13 | Gly GGT   8
    GTC  22 |     GCC  30 |     GAC  39 |     GGC  13
    GTA   4 |     GCA   9 | Glu GAA  24 |     GGA   1
    GTG  33 |     GCG   7 |     GAG  91 |     GGG  20
------------------------------------------------------



(A) Nei-Gojobori (1986) method



Nei & Gojobori 1986. dN/dS (dN, dS)
(Note: This matrix is not used in later ML. analysis.
Use runmode = -2 for ML pairwise comparison.)

SEQ1                
SEQ2                 0.1328 (0.0221 0.1662)


(B) Yang & Nielsen (2000) method

Yang Z, Nielsen R (2000) Estimating synonymous and nonsynonymous substitution rates under realistic evolutionary models. Mol. Biol. Evol. 17:32-43

(equal weighting of pathways)

seq. seq.     S       N        t   kappa   omega     dN +- SE    dS +- SE

   2    1   429.7  1220.3   0.1703 10.2603  0.1503 0.0230 +- 0.0044  0.1527 +- 0.0216


(C) LWL85, LPB93 & LWLm methods

Li W.-H., C.-I. Wu, Luo (1985) A new method for estimating synonymous and nonsynonymous rates of nucleotide substitutions considering the relative likelihood of nucleotide and codon changes. Mol. Biol. Evol. 2: 150-174.
Li W-H (1993) Unbiased estimation of the rates of synonymous and nonsynonymous substitution. J. Mol. Evol. 36:96-99
Pamilo P, Bianchi NO (1993) Evolution of the Zfx and Zfy genes - rates and interdependence between the genes. Mol. Biol. Evol. 10:271-281
Yang Z (2006) Computational Molecular Evolution. Oxford University Press, Oxford. Eqs. 2.12 & 2.13

2 (SEQ2) vs. 1 (SEQ1)

L(i):     1068.5     322.0     259.5  sum=   1650.0
Ns(i):   21.0000   21.5000   28.5000  sum=  71.0000
Nv(i):    4.0000    3.0000    7.0000  sum=  14.0000
A(i):     0.0201    0.0724    0.1277
B(i):     0.0038    0.0094    0.0277
LWL85:  dS =  0.1735 dN =  0.0222 w = 0.1282 S =  366.8 N = 1283.2
LWL85m: dS =  0.1214 dN =  0.0254 w = 0.2088 S =  524.1 N = 1125.9 (rho = 0.822)
LPB93:  dS =  0.1248 dN =  0.0252 w = 0.2018

