
Before deleting alignment gaps
      2   2124

SEQ1                            --- --- --- --- --- --- --- --- --- --- --- --- --- --- --- --- --- --- --- --- --- --- --- --- --- --- --- --- --- --- --- --- --- --- --- --- --- --- --- --- --- --- --- --- --- --- --- --- --- --- --- --- --- --- --- --- --- --- --- --- --- --- --- --- --- --- --- --- --- --- --- --- --- --- --- --- --- --- --- --- --- --- --- --- --- --- --- --- --- --- --- --- --- --- --- --- --- --- --- --- --- --- --- --- --- --- --- --- --- --- --- --- --- --- --- --- --- --- --- --- --- --- --- --- --- --- --- --- --- --- --- --- --- --- --- --- --- --- --- --- --- --- --- --- --- --- --- --- --- --- --- --- --- --- --- --- --- --- --- --- --- --- --- --- --- --- --- --- --- --- --- --- --- --- --- --- --- --- --- --- --- --- --- --- --- --- --- --- --- --- --- --- --- --- --- --- --- --- --- --- --- --- --- --- --- --- --- --- --- --- --- --- --- --- --- --- --- --- --- --- --- --- --- --- --- --- --- --- --- --- --- --- --- --- --- --- --- --- --- --- --- --- --- --- --- --- --- --- --- --- --- --- --- --- --- --- --- --- --- --- --- --- --- --- --- --- --- --- --- --- --- --- --- GCA TAC CAC ACT GTG GGC AAC TTC CGA GCA CCA ACC GAG AAG GCC CCC TCC AAC CCC TCC ACC AAG GAT GCC --- --- --- TTG ACA CAG TGG GGC CAT GAC TCC GTT TAT CAC CAG AAC AAG TCC ATC AGT ACA GAT GAG CTC AAT CCC CAG ACC CAC CTG GAG GGG ATG AAC CGG CAG GTG GGG TGG GAG AAG AAC TCG CTG GGC AGC TTG AAG CGA GCC AGT GTG GAC GTG GAC CTC CTG GCG CCT CGG AGC CCC ATG GGC AAG GAG AAC ATG GTC ACC TTC AGC AAC ACA TTG CCG CGG GTC AGC ACC CCC TCC ATG GAT GAC CCA GCC CGC CGA CAC ATG ACC ATC CAC GTC CCC GTA GAT GCC TCA CGA TCG AAG CAG CTG ATC ACG GAG TGG AAG CAG AAA TTG GTG GAA GGC CGT GGC ATG ACC CTG GCA GAG GAA GTT GCC CAG CGG GTC GGC TTG GAT GCT TTA GCC GGA GAT GAA GAA GAA CTC ATC CTA CTG CCC TTG TAC CCA ACT GTC CAG GCT CGG ACT GCT GAG TGG GCT TCT ATG GTA CCA CGG GTC CTC ATC CAG CCA AGA CCG GGT GCA ACT CAA TTA GTC CAC ATC CCT GAG GAA AGC CAG GCA AAC ACG GGT GCT AAC ATC TTG CCC AAA AGC AGC TCC ACA GTG AGG GCC AAA CGG ATG ATG ATG GCA GAG AAA GGA GCC ACC CAG CGC GTG GTC AAC CCC CCA CGC CTC ATG CAG GTC ATC GCG ATG TCC AAG CAG CCG GGG ATG GTG TCA GTC ATG CCG AAG CAA TCC GAG ACA TCC TCC TCG TCC ACC AGC TCA GAC TCC TCC CAG TAC CGC TCT CCA TCA GAG AGA GAC AGT TCC AGC GTT GTC ACC ATT GAT GCG CAT GCC CCA CAT CAC CTC GTT GTG CAC TTG TCT TCT GGG AAC GGC CCT TGG GAG TGG AAG GCC GCC CAG AAA AGT TCT GAT GGC CAA GAC ACT TAC AAG CTC AAC GAG ATG GGC AAG GAT TAT CGT GGC TTC CGG CCC ACC AAG AGT ACC GGT GTG TCA CCT GGC TCT TCG GTC AGT GAC ATT GAG CAA GAC GAG CCT CCA TAC GGC AGT GTG GCC ACT ATC AAC ATA TTG ACA GAC ATG GGA GCA GGC CTG GCA CTG GTT TTG ACA GAG ACG AGC CCT GCA GAA AAT GTG TTG GGG GCT GCC AGC CGG GAG TCA ACG CTA CGG AGG AAG CCA ACC AGC CTT ACC GTG GGG GAG AAG AAT GGA CAA ATG GAA GAG ACA AAA AAC TTC TAC AAG AAA ATG CAA GCC AAC CGG AGG TTT AAG GAG 
SEQ2                            ATG ATT TCT GCA AAG GAC AAG CCA AAG GCC CCC AAA GAC AGC ATG ACC CTT CTC CCT TGC TTC TAC TTC GTC GAG CTG CCT ATT GTG GCT TCC TCC ATC GTG ACT CTC TAT TTC CTG GAG CTG ACG GAC CTC TTC AAG CCC GCC AAG GTG GGC TTC CAG TGC TAC GAC CGG GCA CTC TCC ATG CCC TAC GTG GAG ACC AAC GAA GAG ATG ATC CCG CTG CTG ATG CTG CTG AGC CTG GCA TTC GCG GCT CCC GCA GCC TCT ATC ATG GTG GGC GAG GGA ATT GTT TAC TGT TTG CAG CCC AAG ACA AAG GGC CGC GAG ACT TCC GAG GGA AGC ATC AAC GCA GGC GGC TGC AAT TTC AAC TCC TTC CTC CGC AGG ACG GTC CGG TTT GTG GGA GTC CAC GTA TTT GGC CTC TGT GCC ACG GCG CTC GTG ACC GAC GTG ATC CAG CTG GCT ACG GGG TAC CAT GCC CCT TTC TTC CTG ACC GTC TGT AAG CCC AAC TAC ACG CTC TTG GGG ATT TCC TGT GAC TCC AAC CCT TAT ATC ACC CAA GAC ATC TGC TCT GGG CAA GAT CAA CAC GCC ATC CTT TCA GCC AGG AAA ACG TTC CCC TCC CAG CAC GCC ACG TTG TCA GCT TTT GCT GCC GTT TAC GTG TCG ATG TAT TTC AAC TCC ATC ATC TCG GAC AGC ACC AAG CTG CTC AAG CCG ATC CTA GTC TTT GCC TTC GCC ATT GCG GCT GGG ATA TGT GGA CTG ACC CAA ATC ACC CAG TAC CGC AGC CAC CCC ATT GAC GTT TAT GTG GGT TTC CTG ATC GGC TCA GGC ATC GCA GCT TAT TTG GCA TAC CAT GCT GTG GGC AAC TTC CGA GCG CCA ACT GAG AAG GCC CCC TCC AAC CCC CCC ACC AAG GAT GCC CTG CGG GCC TTG ACA CAG CGG GGC CAC GAC TCC GTT TAT CAC CAG AAC AAG TCC GTC AGC ACG GAT GAG CTC AAC CCC CAG ACC CGC CTG GAG GGG ATG AAC AGG CAG GTG CAG CGG GAG AAG AAC TCT CTG GGC AGC TTG AAG CGA GCC AGC GTG GAC GTG GAC CTC CTG GCG CCC AGG AGC CCC ATG GGC AAG GAG AAC ATG GTC ACC TTC AGC AAC ACG CTG CCG AGG GTC AAC ACC CCC TCC ATG GAT GAC CCG GCC CGC CGC CAC ATG ACC ATC CAC GTC CCC GTG GAC GCC TCC CGA TCG AAG CAG CTG ATC ACG GAG TGG AAG CAG AAA TCG GTG GAA GGC CGT GGC ATG ACC CTG GCA GAG GAA GTT GCC CGG CGG GTC GGC TCG GAT GCT TTA GCC GGA GAT GAA GAA GAA CCC ATT CCA CCG CCC TTG TAC CCA ACC GTC CAG GCT CGG ACT GCC GAG CGG GCC TCT ATG GGA CCA CGG GTC CTC ATC CAG CCA AGA CCG GGC GCA ACC CAA CTG GTC CAC ATC CCC GAG GAG AGC CAG GCG AAC GCC GGC GCC AAC GTC TCG CCC AAA AGC AGC TCC GCA GTG AGG GCC AAA TGG ATG ATG ATG GCG GAG AAG GGG GCC ACC CAG CGT GTG GGC AAC CCC CCG CGT CTC ATG CAG GTC ATC GCG ATG TCC AAG CAG CCG GGG ATG GTG TCG GTC ATG CCG AAG CAA TCC GAG ACA TCC TCC TCG TCC ACC AGC TCA GAC TCC TCC CAG TAC CGC TCT CCA TCA GAG AGA GAC AGT TCC AGC GTT GTC ACC ATC GAT GCG CAC GCC CCG CAT CAC CCC GTT GTG CAC TTG TCT TCT GGG AAC GGC CCT TGG GAG TGG AAG GCC GCC CAG AAA AGT TCT GAT GGC CAA GAC ACT TAT GAG CTC AAC GAG ATG GGC AAG GAT TAC CGT GGC TTC CGG CCC GCC AAG AGT GCC GGC GTG TCA CCC GGC TCT TCG GTC AGT GAC ATC GAG CGG GAC GAG CCT CCG TAT GGC AGC GTG GCC ACC ATC AAC ATT TCG GCA GGC ATG GGC ACT GGC CCG GCA CTG GTT TCG GCA GAG ACG AGC CCT GCA GAA AAT GTG TTG GGA GCT GCC AGC CGG GAG TCA ACG CTA CGG AGG AAG CCA ACC AGC CTT ACT GTG GGG GAG AAG GAT GGA CAA ACA GAA GAG ACA GAA AAC TTC TAC AAG AAA ATG CAA GCC AAC CGG AGG TTT AAG GAG 



After deleting gaps. 1296 sites
      2   1296

SEQ1                            GCA TAC CAC ACT GTG GGC AAC TTC CGA GCA CCA ACC GAG AAG GCC CCC TCC AAC CCC TCC ACC AAG GAT GCC TTG ACA CAG TGG GGC CAT GAC TCC GTT TAT CAC CAG AAC AAG TCC ATC AGT ACA GAT GAG CTC AAT CCC CAG ACC CAC CTG GAG GGG ATG AAC CGG CAG GTG GGG TGG GAG AAG AAC TCG CTG GGC AGC TTG AAG CGA GCC AGT GTG GAC GTG GAC CTC CTG GCG CCT CGG AGC CCC ATG GGC AAG GAG AAC ATG GTC ACC TTC AGC AAC ACA TTG CCG CGG GTC AGC ACC CCC TCC ATG GAT GAC CCA GCC CGC CGA CAC ATG ACC ATC CAC GTC CCC GTA GAT GCC TCA CGA TCG AAG CAG CTG ATC ACG GAG TGG AAG CAG AAA TTG GTG GAA GGC CGT GGC ATG ACC CTG GCA GAG GAA GTT GCC CAG CGG GTC GGC TTG GAT GCT TTA GCC GGA GAT GAA GAA GAA CTC ATC CTA CTG CCC TTG TAC CCA ACT GTC CAG GCT CGG ACT GCT GAG TGG GCT TCT ATG GTA CCA CGG GTC CTC ATC CAG CCA AGA CCG GGT GCA ACT CAA TTA GTC CAC ATC CCT GAG GAA AGC CAG GCA AAC ACG GGT GCT AAC ATC TTG CCC AAA AGC AGC TCC ACA GTG AGG GCC AAA CGG ATG ATG ATG GCA GAG AAA GGA GCC ACC CAG CGC GTG GTC AAC CCC CCA CGC CTC ATG CAG GTC ATC GCG ATG TCC AAG CAG CCG GGG ATG GTG TCA GTC ATG CCG AAG CAA TCC GAG ACA TCC TCC TCG TCC ACC AGC TCA GAC TCC TCC CAG TAC CGC TCT CCA TCA GAG AGA GAC AGT TCC AGC GTT GTC ACC ATT GAT GCG CAT GCC CCA CAT CAC CTC GTT GTG CAC TTG TCT TCT GGG AAC GGC CCT TGG GAG TGG AAG GCC GCC CAG AAA AGT TCT GAT GGC CAA GAC ACT TAC AAG CTC AAC GAG ATG GGC AAG GAT TAT CGT GGC TTC CGG CCC ACC AAG AGT ACC GGT GTG TCA CCT GGC TCT TCG GTC AGT GAC ATT GAG CAA GAC GAG CCT CCA TAC GGC AGT GTG GCC ACT ATC AAC ATA TTG ACA GAC ATG GGA GCA GGC CTG GCA CTG GTT TTG ACA GAG ACG AGC CCT GCA GAA AAT GTG TTG GGG GCT GCC AGC CGG GAG TCA ACG CTA CGG AGG AAG CCA ACC AGC CTT ACC GTG GGG GAG AAG AAT GGA CAA ATG GAA GAG ACA AAA AAC TTC TAC AAG AAA ATG CAA GCC AAC CGG AGG TTT AAG GAG 
SEQ2                            GCA TAC CAT GCT GTG GGC AAC TTC CGA GCG CCA ACT GAG AAG GCC CCC TCC AAC CCC CCC ACC AAG GAT GCC TTG ACA CAG CGG GGC CAC GAC TCC GTT TAT CAC CAG AAC AAG TCC GTC AGC ACG GAT GAG CTC AAC CCC CAG ACC CGC CTG GAG GGG ATG AAC AGG CAG GTG CAG CGG GAG AAG AAC TCT CTG GGC AGC TTG AAG CGA GCC AGC GTG GAC GTG GAC CTC CTG GCG CCC AGG AGC CCC ATG GGC AAG GAG AAC ATG GTC ACC TTC AGC AAC ACG CTG CCG AGG GTC AAC ACC CCC TCC ATG GAT GAC CCG GCC CGC CGC CAC ATG ACC ATC CAC GTC CCC GTG GAC GCC TCC CGA TCG AAG CAG CTG ATC ACG GAG TGG AAG CAG AAA TCG GTG GAA GGC CGT GGC ATG ACC CTG GCA GAG GAA GTT GCC CGG CGG GTC GGC TCG GAT GCT TTA GCC GGA GAT GAA GAA GAA CCC ATT CCA CCG CCC TTG TAC CCA ACC GTC CAG GCT CGG ACT GCC GAG CGG GCC TCT ATG GGA CCA CGG GTC CTC ATC CAG CCA AGA CCG GGC GCA ACC CAA CTG GTC CAC ATC CCC GAG GAG AGC CAG GCG AAC GCC GGC GCC AAC GTC TCG CCC AAA AGC AGC TCC GCA GTG AGG GCC AAA TGG ATG ATG ATG GCG GAG AAG GGG GCC ACC CAG CGT GTG GGC AAC CCC CCG CGT CTC ATG CAG GTC ATC GCG ATG TCC AAG CAG CCG GGG ATG GTG TCG GTC ATG CCG AAG CAA TCC GAG ACA TCC TCC TCG TCC ACC AGC TCA GAC TCC TCC CAG TAC CGC TCT CCA TCA GAG AGA GAC AGT TCC AGC GTT GTC ACC ATC GAT GCG CAC GCC CCG CAT CAC CCC GTT GTG CAC TTG TCT TCT GGG AAC GGC CCT TGG GAG TGG AAG GCC GCC CAG AAA AGT TCT GAT GGC CAA GAC ACT TAT GAG CTC AAC GAG ATG GGC AAG GAT TAC CGT GGC TTC CGG CCC GCC AAG AGT GCC GGC GTG TCA CCC GGC TCT TCG GTC AGT GAC ATC GAG CGG GAC GAG CCT CCG TAT GGC AGC GTG GCC ACC ATC AAC ATT TCG GCA GGC ATG GGC ACT GGC CCG GCA CTG GTT TCG GCA GAG ACG AGC CCT GCA GAA AAT GTG TTG GGA GCT GCC AGC CGG GAG TCA ACG CTA CGG AGG AAG CCA ACC AGC CTT ACT GTG GGG GAG AAG GAT GGA CAA ACA GAA GAG ACA GAA AAC TTC TAC AAG AAA ATG CAA GCC AAC CGG AGG TTT AAG GAG 



Printing out site pattern counts


         2        336  P

SEQ1                            AAA AAA AAA AAC AAG AAG AAT AAT AAT ACA ACA ACA ACC ACC ACC ACG ACG ACT ACT ACT AGA AGC AGC AGG AGT AGT ATA ATC ATC ATC ATG ATG ATT CAA CAA CAC CAC CAC CAG CAG CAT CAT CCA CCA CCC CCG CCT CCT CGA CGA CGC CGC CGG CGG CGG CGT CTA CTA CTC CTC CTG CTG CTT GAA GAA GAC GAC GAG GAT GAT GCA GCA GCA GCC GCG GCT GCT GGA GGA GGA GGC GGG GGG GGG GGT GTA GTA GTC GTC GTG GTT TAC TAC TAT TAT TCA TCA TCA TCC TCC TCG TCG TCT TGG TGG TTA TTA TTC TTG TTG TTG TTT 
SEQ2                            ... ..G G.. ... ... G.. ..C ... G.. ... ..G G.. ... ..T G.. ... G.C ..C ... G.. ... .A. ... ... ..C ... ..T ... ..T G.. .CA ... ..C ... .GG ... ..T .G. ... .G. ..C ... ... ..G ... ... ..C ... ... ..C ... ..T A.. ... T.. ... .C. ... .C. ... .C. ... ... ... ..G ... .G. ... ..C ... A.T ... ..G ... ... ..C ... ... ..C ..G ... CA. ..A ... ..C .G. ..G .G. ... ... ... ... ..T ..C ... ... ..C ..G C.. ... ... ..T ... C.. ... C.G ... ... C.. .C. ... ... 

    5    1    1   15   17    1    1    1    1    3    2    3   10    2    2
    3    1    3    2    1    2    1   11    3    3    4    1    6    1    2
    1   17    2    5    1    6    1    1   14    1    2    1    6    4   10
    4    3    3    3    1    2    2    3    7    1    2    1    1    2    5
    2    6    1    7    1    9    1   21    1    8    1    5    3   15    3
    3    3    2    1    1   14    1    1    4    3    1    1    1   11   13
    5    4    2    1    1    4    1    1    1   13    3    1    6    3    3
    1    1    4    1    5    5    1

YN00 paml/jobs/LOC_00019203__LOCZ_00019203/LOC_00019203__LOCZ_00019203.phy

ns =   2	ls = 432

Codon position x base (3x4) table for each sequence.

SEQ1                
position  1:    T:0.14352    C:0.23380    A:0.29861    G:0.32407
position  2:    T:0.22685    C:0.28935    A:0.30324    G:0.18056
position  3:    T:0.14352    C:0.35648    A:0.16435    G:0.33565

SEQ2                
position  1:    T:0.13194    C:0.24074    A:0.28009    G:0.34722
position  2:    T:0.19676    C:0.31481    A:0.29861    G:0.18981
position  3:    T:0.11806    C:0.39815    A:0.12037    G:0.36343

Average
position  1:    T:0.13773    C:0.23727    A:0.28935    G:0.33565
position  2:    T:0.21181    C:0.30208    A:0.30093    G:0.18519
position  3:    T:0.13079    C:0.37731    A:0.14236    G:0.34954

Codon usage for each species
----------------------------------------------------------------------
Phe TTT   1   1 | Ser TCT   6   7 | Tyr TAT   2   3 | Cys TGT   0   0
    TTC   4   4 |     TCC  14  14 |     TAC   6   5 |     TGC   0   0
Leu TTA   2   1 |     TCA   6   4 | *** TAA   0   0 | *** TGA   0   0
    TTG  11   5 |     TCG   4   9 |     TAG   0   0 | Trp TGG   6   4
----------------------------------------------------------------------
Leu CTT   1   1 | Pro CCT   6   3 | His CAT   3   2 | Arg CGT   2   4
    CTC   7   5 |     CCC  10  16 |     CAC   8   8 |     CGC   4   4
    CTA   2   1 |     CCA  10   7 | Gln CAA   6   5 |     CGA   4   3
    CTG   8   8 |     CCG   4  10 |     CAG  15  15 |     CGG  11  12
----------------------------------------------------------------------
Ile ATT   2   2 | Thr ACT   6   5 | Asn AAT   3   1 | Ser AGT   7   4
    ATC   9   8 |     ACC  14  13 |     AAC  15  17 |     AGC  12  14
    ATA   1   0 |     ACA   8   4 | Lys AAA   7   5 | Arg AGA   2   2
Met ATG  18  17 |     ACG   4   5 |     AAG  18  18 |     AGG   3   6
----------------------------------------------------------------------
Val GTT   5   5 | Ala GCT   6   4 | Asp GAT   9   9 | Gly GGT   3   0
    GTC  12  13 |     GCC  15  21 |     GAC  10  10 |     GGC  14  20
    GTA   2   0 |     GCA   9   8 | Glu GAA   8   8 |     GGA   4   4
    GTG  13  14 |     GCG   3   6 |     GAG  21  23 |     GGG   6   5
----------------------------------------------------------------------


Sums
------------------------------------------------------
Phe TTT   2 | Ser TCT  13 | Tyr TAT   5 | Cys TGT   0
    TTC   8 |     TCC  28 |     TAC  11 |     TGC   0
Leu TTA   3 |     TCA  10 | *** TAA   0 | *** TGA   0
    TTG  16 |     TCG  13 |     TAG   0 | Trp TGG  10
------------------------------------------------------
Leu CTT   2 | Pro CCT   9 | His CAT   5 | Arg CGT   6
    CTC  12 |     CCC  26 |     CAC  16 |     CGC   8
    CTA   3 |     CCA  17 | Gln CAA  11 |     CGA   7
    CTG  16 |     CCG  14 |     CAG  30 |     CGG  23
------------------------------------------------------
Ile ATT   4 | Thr ACT  11 | Asn AAT   4 | Ser AGT  11
    ATC  17 |     ACC  27 |     AAC  32 |     AGC  26
    ATA   1 |     ACA  12 | Lys AAA  12 | Arg AGA   4
Met ATG  35 |     ACG   9 |     AAG  36 |     AGG   9
------------------------------------------------------
Val GTT  10 | Ala GCT  10 | Asp GAT  18 | Gly GGT   3
    GTC  25 |     GCC  36 |     GAC  20 |     GGC  34
    GTA   2 |     GCA  17 | Glu GAA  16 |     GGA   8
    GTG  27 |     GCG   9 |     GAG  44 |     GGG  11
------------------------------------------------------



(A) Nei-Gojobori (1986) method



Nei & Gojobori 1986. dN/dS (dN, dS)
(Note: This matrix is not used in later ML. analysis.
Use runmode = -2 for ML pairwise comparison.)

SEQ1                
SEQ2                 0.1875 (0.0404 0.2156)


(B) Yang & Nielsen (2000) method

Yang Z, Nielsen R (2000) Estimating synonymous and nonsynonymous substitution rates under realistic evolutionary models. Mol. Biol. Evol. 17:32-43

(equal weighting of pathways)

seq. seq.     S       N        t   kappa   omega     dN +- SE    dS +- SE

   2    1   335.5   960.5   0.2572 20.3684  0.1965 0.0417 +- 0.0068  0.2120 +- 0.0303


(C) LWL85, LPB93 & LWLm methods

Li W.-H., C.-I. Wu, Luo (1985) A new method for estimating synonymous and nonsynonymous rates of nucleotide substitutions considering the relative likelihood of nucleotide and codon changes. Mol. Biol. Evol. 2: 150-174.
Li W-H (1993) Unbiased estimation of the rates of synonymous and nonsynonymous substitution. J. Mol. Evol. 36:96-99
Pamilo P, Bianchi NO (1993) Evolution of the Zfx and Zfy genes - rates and interdependence between the genes. Mol. Biol. Evol. 10:271-281
Yang Z (2006) Computational Molecular Evolution. Oxford University Press, Oxford. Eqs. 2.12 & 2.13

2 (SEQ2) vs. 1 (SEQ1)

L(i):      846.0     221.0     229.0  sum=   1296.0
Ns(i):   33.5000   21.0000   30.5000  sum=  85.0000
Nv(i):    3.0000    4.0000    6.0000  sum=  13.0000
A(i):     0.0414    0.1075    0.1596
B(i):     0.0036    0.0184    0.0269
LWL85:  dS =  0.2196 dN =  0.0424 w = 0.1931 S =  302.7 N =  993.3
LWL85m: dS =  0.1590 dN =  0.0480 w = 0.3018 S =  418.1 N =  877.9 (rho = 0.856)
LPB93:  dS =  0.1609 dN =  0.0480 w = 0.2986

