      2   1662

SEQ1                            ATG GCC ACT GAA GAT ACA CCT GCT TCG GTC AGA GAG GAG AGG CAG CCA ATG GTG GAT GAG ATC AGA GGC CTT ATA AGT GCC TCC AGC CAG CTG GGC CCA ATG GAA ACT TGG GCC AAA AAT TCA GGA AAC TCA TCG GGT TCC AGC TGC TCA GGT GGT TCC CAC TCA TCT CCA CAT GGG TTT TTT CCT TTG GCC TCC ACC AGC GTA CCT CAG AAC AAA GAG ACG CCC CCT TTG AAG CCT GTG AGG CGG TTC GTT CCC CCA TCT TGG AAG AAC TTT TTC CGA CAA TGG CAG AGA CAG CCC CAG GTG GGG CCA TCT CTC TTG ACC TAT TCC CCA GAA GGG TTC AAG TGC TCC CCA CCA GTG TCT CCA CTT TCA GAG CAC ACG CAG AGA ACC GTC TTT GAT GGC AAG GGG AGC TCC AGT GGC AAT GAC AGT GAT AGC GGT GGA GAT TAC AAG AAC CCC CTC TCG GCC TCC AAC ACC CCC TCA AAG TCT GGG AAG ACA CTG ACC GCC ACA AGC CAG GGT GAC TTC TCG ACC GCT CCG CCA AGC TAC AAG GAG AAG CTG GAG GCC TAT GAC CAC AAG TAT GGC TAC ATG AAG TCG TGG CCG GGC CTC CTC CGG TTA ATG GGT GGC CTG GAG CTG ATC TTG GGT GGA ATG GTC TTT GCT TGC ACA GCG GCT TAT ATC CAG AAG GAC TAC CAG TTG TCT CAG TTC TAT GGA AAC AGT TTC CTG CCC TAC AAC GGC ATC ACA GGA GGG GGA TAC GGC TAC AAC TAC TAT GGC CCG ATG ACC CCG TTC GTG CTG GTG GTG GCC AGC CTA GTG TGG CTA GTG ACA GTG ATC CTG TTG GGC CTG GGA GTG ACC ATG TAC TAC CAG ACC ATC CTC CTC AAT TCC CAC TGG TGG CCC TTG ACA GAG TTT GCT CTC AAC CTC ATC ATG TTC CTG CTG TAT ATG GCC GCC GCC ATC GCC TAT GTC AAT GAT GTC AAC CGT GGT GGC CTG TGC TAC TCC ATC TTT GCC ACC AAC CCA CTG ATC GTG GCC TTG TGC CGG ATC GAA GGT GGG CAA GTG GCC GCC ATT GCC TTC CTC TTC GTC ACT ATG TCG CTG TAC CTG GCG GGC TCC CTC GTC TGT CTC AAG ATG TGG AGG CAT GAA ACT GCG AGG AAG CTG GCT CAG CGA AAG CCG AGT GTC TTG CAA GTG GTA CCC CAG CAA GCC TTC TCC CGG GGT GAT GCT CCT CCG GCC GGG AAA GTC ACC AAG CGC GTT GAG TTC TCG GAG AAG GGT GAG GAC CCG GAG ATG CTA AAC CTC ACC ATC CCG ACG GGT CAC AAC CCC AAA CCT CAT GTC GTC CCT GAC TAT GTC TTA AAA TAC CCG GCC ATT AGA ACT GCG GAT GAG CGG GAG AAG TAC AAA GCC GTC TTC AAT GAC CAA TAC GCC GAG TAC AAG GAG CTG TAT CGT GAT GTC CAC ACT GCG CGG CGG AAA TTT CAG GAC CTG GAA GTC ATG ATG TCC AAG TTG CCT CGC CAC TAT CAG AAT AAG AAG GAG CAA AGT CGA ATC TCT GCC GTG TGG AAA GAA TTC AAA ACC AAG AAG AAG GAC CCC ACT TTC CTG GAG AAG CAG GAG CGG TGT GAG TAT CTC AAG AAG AAG CTG GCC CAC CTG AAG GCC CAG ATC CAA GCC TAC GAC CAG GCG ACC GGC GAG GGC TCC ATC TAC TTC 
SEQ2                            ATG GCC ACT GAA GAT ACA CCT GCT TCG GTC AGA GAG GAG AGG CAG CCA ATG GTG GAT GAG ATC AGA GGC CTT ATA AGT GCC TCC AGC CAG CTG GGC CCA ATG GAA ACT TGG GCC AAA AAT TCA GGA AAC TCA TCG GGT TCC AGC TGC TCA GGT GGT TCC CAC TCA TCT CCA CAT GGG TTT TTT CCT TTG GCC TCC ACC AGC GTA CCT CAG AAC AAA GAG ACG CCC CCT TTG AAG CCT GTG AGG CGG TTC GTT CCC CCA TCT TGG AAG AAC TTT TTC CGA CAA TGG CAG AGA CAG CCC CAG GTG GGG CCA TCT CTC TTG ACC TAT TCC CCA GAA GGG TTC AAG TGC TCC CCA CCA GTG TCT CCA CTT TCA GAG CAC ACG CAG AGA ACC GTC TTT GAT GGC AAG GGG AGC TCC AGT GGC AAT GAC AGT GAT AGC GGT GGA GAT TAC AAG AAC CCC CTC TCG GCC TCC AAC ACC CCC TCA AAG TCT GGG AAG ACA CTG ACC GCC ACA AGC CAG GGT GAC TTC TCG ACC GCT CCG CCA AGC TAC AAG GAG AAG CTG GAG GCC TAT GAC CAC AAG TAT GGC TAC ATG AAG TCG TGG CCG GGC CTC CTC CGG TTA ATG GGT GGC CTG GAG CTG ATC TTG GGT GGA ATG GTC TTT GCT TGC ACA GCG GCT TAT ATC CAG AAG GAC TAC CAG TTG TCT CAG TTC TAT GGA AAC AGT TTC CTG CCC TAC AAC GGC ATC ACA GGA GGG GGA TAC GGC TAC AAC TAC TAT GGC CCG ATG ACC CCG TTC GTG CTG GTG GTG GCC AGC CTA GTG TGG CTA GTG ACA GTG ATC CTG TTG GGC CTG GGA GTG ACC ATG TAC TAC CAG ACC ATC CTC CTC AAT TCC CAC TGG TGG CCC TTG ACA GAG TTT GCT CTC AAC CTC ATC ATG TTC CTG CTG TAT ATG GCC GCC GCC ATC GCC TAT GTC AAT GAT GTC AAC CGT GGT GGC CTG TGC TAC TCC ATC TTT GCC ACC AAC CCA CTG ATC GTG GCC TTG TGC CGG ATC GAA GGT GGG CAA GTG GCC GCC ATT GCC TTC CTC TTC GTC ACT ATG TCG CTG TAC CTG GCG GGC TCC CTC GTC TGT CTC AAG ATG TGG AGG CAT GAA ACT GCG AGG AAG CTG GCT CAG CGA AAG CCG AGT GTC TTG CAA GTG GTA CCC CAG CAA GCC TTC TCC CGG GGT GAT GCT CCT CCG GCC GGG AAA GTC ACC AAG CGC GTT GAG TTC TCG GAG AAG GGT GAG GAC CCG GAG ATG CTA AAC CTC ACC ATC CCG ACG GGT CAC AAC CCC AAA CCT CAT GTC GTC CCT GAC TAT GTC TTA AAA TAC CCG GCC ATT AGA ACT GCG GAT GAG CGG GAG AAG TAC AAA GCC GTC TTC AAT GAC CAA TAC GCC GAG TAC AAG GAG CTG TAT CGT GAT GTC CAC ACT GCG CGG CGG AAA TTT CAG GAC CTG GAA GTC ATG ATG TCC AAG TTG CCT CGC CAC TAT CAG AAT AAG AAG GAG CAA AGT CGA ATC TCT GCC GTG TGG AAA GAA TTC AAA ACC AAG AAG AAG GAC CCC ACT TTC CTG GAG AAG CAG GAG CGG TGT GAG TAT CTC AAG AAG AAG CTG GCC CAC CTG AAG GCC CAG ATC CAA GCC TAC GAC CAG GCG ACC GGC GAG GGC TCC ATC TAC TTC 



Printing out site pattern counts


         2        180  P

SEQ1                            AAA AAC AAG AAT ACA ACC ACG ACT AGA AGC AGG AGT ATA ATC ATG ATT CAA CAC CAG CAT CCA CCC CCG CCT CGA CGC CGG CGT CTA CTC CTG CTT GAA GAC GAG GAT GCC GCG GCT GGA GGC GGG GGT GTA GTC GTG GTT TAC TAT TCA TCC TCG TCT TGC TGG TGT TTA TTC TTG TTT 
SEQ2                            ... ... ... ... ... ... ... ... ... ... ... ... ... ... ... ... ... ... ... ... ... ... ... ... ... ... ... ... ... ... ... ... ... ... ... ... ... ... ... ... ... ... ... ... ... ... ... ... ... ... ... ... ... ... ... ... ... ... ... ... 

    9   13   30    6    7   14    3    7    5    8    4    6    1   15   15
    2    7    8   19    3   11   10    9    9    3    2    8    2    3   13
   21    2    7   10   22    9   26    6    7    7   15    8   12    2   15
   15    2   18   12    6   14    7    7    5    9    2    2   16   10    8


YN00 paml/jobs/LOCW_00021271__LOC_00019046/LOCW_00021271__LOC_00019046.phy

ns =   2	ls = 554

Codon position x base (3x4) table for each sequence.

SEQ1                
position  1:    T:0.20939    C:0.23466    A:0.26173    G:0.29422
position  2:    T:0.25632    C:0.25812    A:0.31227    G:0.17329
position  3:    T:0.17329    C:0.36462    A:0.12635    G:0.33574

SEQ2                
position  1:    T:0.20939    C:0.23466    A:0.26173    G:0.29422
position  2:    T:0.25632    C:0.25812    A:0.31227    G:0.17329
position  3:    T:0.17329    C:0.36462    A:0.12635    G:0.33574

Average
position  1:    T:0.20939    C:0.23466    A:0.26173    G:0.29422
position  2:    T:0.25632    C:0.25812    A:0.31227    G:0.17329
position  3:    T:0.17329    C:0.36462    A:0.12635    G:0.33574

Codon usage for each species
----------------------------------------------------------------------
Phe TTT   8   8 | Ser TCT   7   7 | Tyr TAT  12  12 | Cys TGT   2   2
    TTC  16  16 |     TCC  14  14 |     TAC  18  18 |     TGC   5   5
Leu TTA   2   2 |     TCA   6   6 | *** TAA   0   0 | *** TGA   0   0
    TTG  10  10 |     TCG   7   7 |     TAG   0   0 | Trp TGG   9   9
----------------------------------------------------------------------
Leu CTT   2   2 | Pro CCT   9   9 | His CAT   3   3 | Arg CGT   2   2
    CTC  13  13 |     CCC  10  10 |     CAC   8   8 |     CGC   2   2
    CTA   3   3 |     CCA  11  11 | Gln CAA   7   7 |     CGA   3   3
    CTG  21  21 |     CCG   9   9 |     CAG  19  19 |     CGG   8   8
----------------------------------------------------------------------
Ile ATT   2   2 | Thr ACT   7   7 | Asn AAT   6   6 | Ser AGT   6   6
    ATC  15  15 |     ACC  14  14 |     AAC  13  13 |     AGC   8   8
    ATA   1   1 |     ACA   7   7 | Lys AAA   9   9 | Arg AGA   5   5
Met ATG  15  15 |     ACG   3   3 |     AAG  30  30 |     AGG   4   4
----------------------------------------------------------------------
Val GTT   2   2 | Ala GCT   7   7 | Asp GAT   9   9 | Gly GGT  12  12
    GTC  15  15 |     GCC  26  26 |     GAC  10  10 |     GGC  15  15
    GTA   2   2 |     GCA   0   0 | Glu GAA   7   7 |     GGA   7   7
    GTG  15  15 |     GCG   6   6 |     GAG  22  22 |     GGG   8   8
----------------------------------------------------------------------


Sums
------------------------------------------------------
Phe TTT  16 | Ser TCT  14 | Tyr TAT  24 | Cys TGT   4
    TTC  32 |     TCC  28 |     TAC  36 |     TGC  10
Leu TTA   4 |     TCA  12 | *** TAA   0 | *** TGA   0
    TTG  20 |     TCG  14 |     TAG   0 | Trp TGG  18
------------------------------------------------------
Leu CTT   4 | Pro CCT  18 | His CAT   6 | Arg CGT   4
    CTC  26 |     CCC  20 |     CAC  16 |     CGC   4
    CTA   6 |     CCA  22 | Gln CAA  14 |     CGA   6
    CTG  42 |     CCG  18 |     CAG  38 |     CGG  16
------------------------------------------------------
Ile ATT   4 | Thr ACT  14 | Asn AAT  12 | Ser AGT  12
    ATC  30 |     ACC  28 |     AAC  26 |     AGC  16
    ATA   2 |     ACA  14 | Lys AAA  18 | Arg AGA  10
Met ATG  30 |     ACG   6 |     AAG  60 |     AGG   8
------------------------------------------------------
Val GTT   4 | Ala GCT  14 | Asp GAT  18 | Gly GGT  24
    GTC  30 |     GCC  52 |     GAC  20 |     GGC  30
    GTA   4 |     GCA   0 | Glu GAA  14 |     GGA  14
    GTG  30 |     GCG  12 |     GAG  44 |     GGG  16
------------------------------------------------------



(A) Nei-Gojobori (1986) method



Nei & Gojobori 1986. dN/dS (dN, dS)
(Note: This matrix is not used in later ML. analysis.
Use runmode = -2 for ML pairwise comparison.)

SEQ1                
SEQ2                -1.0000 (0.0000 0.0000)


(B) Yang & Nielsen (2000) method

Yang Z, Nielsen R (2000) Estimating synonymous and nonsynonymous substitution rates under realistic evolutionary models. Mol. Biol. Evol. 17:32-43

(equal weighting of pathways)

seq. seq.     S       N        t   kappa   omega     dN +- SE    dS +- SE

   2    1   416.9  1245.1  -0.0000  4.6000 99.0000 -0.0000 +- 0.0000 -0.0000 +- 0.0000


(C) LWL85, LPB93 & LWLm methods

Li W.-H., C.-I. Wu, Luo (1985) A new method for estimating synonymous and nonsynonymous rates of nucleotide substitutions considering the relative likelihood of nucleotide and codon changes. Mol. Biol. Evol. 2: 150-174.
Li W-H (1993) Unbiased estimation of the rates of synonymous and nonsynonymous substitution. J. Mol. Evol. 36:96-99
Pamilo P, Bianchi NO (1993) Evolution of the Zfx and Zfy genes - rates and interdependence between the genes. Mol. Biol. Evol. 10:271-281
Yang Z (2006) Computational Molecular Evolution. Oxford University Press, Oxford. Eqs. 2.12 & 2.13

2 (SEQ2) vs. 1 (SEQ1)

L(i):     1076.0     313.0     273.0  sum=   1662.0
Ns(i):    0.0000    0.0000    0.0000  sum=   0.0000
Nv(i):    0.0000    0.0000    0.0000  sum=   0.0000
A(i):     0.0000    0.0000    0.0000
B(i):    -0.0000   -0.0000   -0.0000
LWL85:  dS =  0.0000 dN =  0.0000 w =   -nan S =  377.3 N = 1284.7
LWL85m: dS =    -nan dN =    -nan w =   -nan S =   -nan N =   -nan (rho = -nan)
LPB93:  dS =  0.0000 dN =  0.0000 w =   -nan

