
Before deleting alignment gaps
      2   2004

SEQ1                            --- --- --- --- --- --- --- --- --- --- --- --- --- --- --- --- --- --- --- --- --- --- --- --- --- --- --- --- --- --- --- --- --- --- --- --- --- --- --- --- --- --- --- --- --- --- --- GCA GGT TTG GAT GAG CAA CCG GCC ACC GGC CCC TGG GCA GCA GGA GAG CAA AAT AAC TCC ACA TTT GAC CAA GTC AGG CAG GGT TAT GGT GAA GGC TCC CAC TAT AAT GAG CAC AGT GAC CTG CCG TCC CAT AAC AGT GTA TCT TCA TCC TCA TTC CTG GGA TCT GGG ATA GTT GGA AAG GGT ACC GAG AGA GGC ACC TAC CTG TTC GGA AGG GAG GCC GGC CTG CCA GCC CTC AAC CAG CCT GGC TTT CTG CCT GGT GAA ATG GGG ATT TCT AGT CCC AGC ACG CTG TCC CCA ACA GGG GTG AAG AGC GGA TCC CAA TAC TAC CCA TAT GCC AAC AAC CCT CGT AGG AGA GGA GCG GAC --- AGT ATA GAT GGA CAG CTG AAA AAA GTT AGA AAG GTG CCT CCT GGA CTC CCC TCT TCA GTG TAT CCT CCC AGT TCA GGG GAG GAG TAC AGC AGG GAA CTG GTG GGC TAT GCA TCT TCC AAA GCT CCC AGC ACT GTT TAC CCT GGA GCC TTC TAC ATG CCA GAC GGG CTT CAC AAC TCA GCC GAT TTG TGG AGT TCC TCC AAC GCC ATG AGC CAG TCC AAT TAT GGG GCC ATT TTG GGC GCA TCC TCC CCA CTC CCA CAG TCT GGA AAC TTT AGT GGT CTT CAC CAG CAT GAA CGG ATG AAT TTT CAG ATG CAT TCA GGG GAG GTC AAT GGT GGC CCC CCA TCC ATC TCT GGA TTT TCC TCG GCC ACC TCT CAA TAC GGC ATG ACC AGC CAC ACG CCC CCA ATC AGT GGG ACA GAG AGT GTG ATG GGT AAC CGA GGA ACT ACA GCC GGC AGT TCA GGA GAT GCA CTT GGA AAA GCA TTA GCT TCA ATC TAT TCC CCT GAT CAC TCT AGC AAT AAT TTC TCT TCA AAC CCA TCC ACC CCG GTG GGA TCC CCT CAG AGA ATT GCA GGT TCT TCA CAG TGG CCC CGC ACA GGC GGA CAG GAT GCT TTA TCA CCT AGC TAC GAA GGG ACC CTT CAT ACC TTG CAA AGC AAA ATG GAG GAC CAC CTG GAT GAA GCC ATC CAC GTG CTG AGG AGC CAT GCA GTG GGC CAG AAC AAC CAC AGA GAG ATC CAT GAC TTG CTG ACA TCG GTG TCC ACA CCC AGC ACT TCT GCC GGC AGC CTC AGC CAA TCC TTC TCC CCC ACC TCT GTC TTG CCG ATT GCC AGC CGG CAC TCA AAC CTG GTG GGA GGA GGT CAC CCT GAG GAT GGC CTC ACC AGC AAC CGT AGT CTA CTC CAC AAC CAT GTT GCT CTC CCT GCC CAG ACT AGC TCG CTC CCA GAC CTC AAC CAA GAC CAG TCT TCA GAT GCC TTT AGT GGC TTG ACA GGA GGA CTG GGC AGG GGG AGT GTC TCA TCT GGC ACC AGC GAG ATC AAA CGG GAG GAC AAG GAA GAC AAC GAG AAC ACC TCT GTG GCT GAC AAT TCA GAG GAG GAG AAA AGG GAC CCT AAG TCG TCA CAC AAC AGA ACA AGG TGC CCA ATA AAC AGT CAC GAT GAG GAT GAG GAA GAC GAC CTC CTT CCC CCA GAG CAA AAA GCC GAG CGA GAG AAA GAG AGG CGG GTG GCC AAT AAC GCC CGC GAG CGC CTG CGT GTC CGC GAC ATC AAC GAG GCG TTT AAG GAG CTG GGT CGT ATG TGC CAG TTG CAC CTT AAC AGC GAA AAG CCT CAG ACC AAA CTA CTA ATC CTA CAC CAG GCC GTG TCG GTC ATT CTG AAT CTG GAA CAA CAA GTT AGA GAG CGC AAC CTG AAC CCC AAG GCG GCC TGC TTG AAG CGG CGC GAA GAG GAG AAG GTG TCT GGC GTG GTG GGT GAC CCC CAA ATG GCG CTT TCA GCT GCG CAC CCC AGC CTA GGA GAC GGG CAC AAC CCT GTG GGA CAC ATG 
SEQ2                            ATG AAC CAG CAA CAG AGG ATG GCC ATG GCG GGG ACA GAC AAG GAG CTG AGC GAC CTC CTG GAC TTC AGC ATG ATG TTC CCC TTG CCA GTG GCC AAT GGA AAA AAC CGA CCC ACG ACG CTC GCG AGC ACA CAG TTT GGA GGA TCA GGT CTG GAT GAG AGA CCG GCA ACT GGA TCC TGG GCA GCA GGA GAG CAA ACT AAC TCC ACG TTT GAC CAA GTC AGG CAG GGT TAT GGT GAA GGC TCC CAC TAC GGC GAG CAC AGA GAC CTG CCA TCC CAT AAC AGC GTA TCT TCG TCA TCA TTC CTG GGA TCC GGC ATA GTT GGA AAG GGT ACC GAG AGA AGC ACC TAC CCT TTC GGA AGG GAG CCC GGC CTG CCA CCC CTC AAC CAG CCT GGC TTT CTG CCC AGC GAA ATG GGG ATC TCG AGT CCC AGC ACG CTG TCC CCG ACC GGG GTG AAG AGC GGG TCT CAA TAC TAC CCA TAT GCC AAC AAC CCT CGT AGG AGA GGA GCG GAC AGC AGT ATA GAG GGG CAG CCG AAA AAG GTC AGG AAG GTG CCC CCG GGA CTC CCT TCC TCG GTG TAT CCT CCC AGT TCA GGG GAG GAG TAC AGC AGG GAA CTG GTG GGC TAT GCA TCT TCC AAA GCT CCC AGC ACT GTT TAC CCT GGA GCC TTC TAC ATG CCA GAT GGA CTT CAC AAC TCG GCC GAT CTG TGG AGT CCC TCC AAC GCC ATG AGC CAG TCC AAC TAT GGG GCC ATT TTG GGC GCA TCC TCG CCG CTC CCG CAG TCC AGC AAC TTT AGC GGT CTT CAC CAG CAT GAA CGG ATG AAT TTT CAG ATG CAT TCA GGT GAA GTC AAC GGC GGT CCC CCA TCA GTC TCT GGG TTT TCC TCG GCC TCC TCT CAG TAC GGT GTG TCC AGC CAC ACC CCC CCA ATC AGT GGG ACA GAG AGT GTG ATG GGT AAC CGA GGA ACT ACA GCC GGC AGT TCA GGA GAT GCA CTT GGA AAA GCA TTA GCT TCA ATC TAT TCC CCA GAT CAC TCT AGC AAT AAT TTC TCT TCA AAC CCA TCC ACC CCG GTG GGA TCC CCT CAG GGA ATC GCA AGT TCT TCA CAG TGG CCC CGC ACA GGT GGA CAG GGC GCT TTG TCA CCT AGC TAC GAA GGG ACC CTT CAT ACC TTG CAA AGC AAA ATG GAG GAC CAC CTG GAC GAA GCC ATC CAC GTG CTG AGG AGC CAC GCA GTG GGC CAG AGC AAC CAC AGA GAG ATC CAT GAC TTG CTG ACT TCG GCG TCC GCG CAC AGC ACT TCC GCC GGC AGC CTC AGC CAG TCC TTC CCC GCT GCC GCG GTC TTG CCG ATC ACC AGC CGA CAC TCC AGC CTG GTT GGG GGA GGT CAT GCT GAG GAC GGC CTC GCC AGC AAC ACC AGC CTA CTC CAC AAC CAT GTC ACA CTT CCA GCC CAG ACT AGC TCC CTC CCG GAC CTC AAC CGA GGC CAG TCT TCA GAC GCC TTT AGC GGC TTG ACC GGA GGG CTG GGC AGG GGG AGT GTC TCA TCC GGC ACC AGC GAG ATC AAA CGG GAG GAC AAG GAA GAC GAC GAA AAC ACC TCT GTG GCC GAC AAT TCG GAG GAG GAG AAA AAG GAG CTC AAG TCG TCT CGC AAC AGA ACA AGG TGC CCA ATA AAC AGT CAC GAT GAG GAT GAG GAA GAC GAC CTC CTT CCC CCA GAG CAA AAA GCC GAG CGA GAG AAA GAG AGG CGG GTG GCC AAT AAC GCC CGC GAG CGC CTG CGT GTC CGC GAC ATC AAC GAG GCG TTT AAG GAG CTG GGT CGT ATG TGC CAG TTG CAC CTT AAC AGC GAA AAG CCT CAG ACC AAA CTC CTA ATC CTA CAC CAG GCC GTG TCG GTC ATT CTG AAT CTG GAA CAA CAA GTT AGA GAG CGC AAC CTG AAC CCC AAG GCG GCC TGC TTG AAG CGG CGC GAA GAG GAG AAG GTG TCT GGC GTG GTG GGT GAC CCC CAA ATG GCG CTT TCA GCT GCA CAC CCC AGC CTA GGA GAC GGG CAC AAC CCT GTG GGA CAC ATG 



After deleting gaps. 1860 sites
      2   1860

SEQ1                            GCA GGT TTG GAT GAG CAA CCG GCC ACC GGC CCC TGG GCA GCA GGA GAG CAA AAT AAC TCC ACA TTT GAC CAA GTC AGG CAG GGT TAT GGT GAA GGC TCC CAC TAT AAT GAG CAC AGT GAC CTG CCG TCC CAT AAC AGT GTA TCT TCA TCC TCA TTC CTG GGA TCT GGG ATA GTT GGA AAG GGT ACC GAG AGA GGC ACC TAC CTG TTC GGA AGG GAG GCC GGC CTG CCA GCC CTC AAC CAG CCT GGC TTT CTG CCT GGT GAA ATG GGG ATT TCT AGT CCC AGC ACG CTG TCC CCA ACA GGG GTG AAG AGC GGA TCC CAA TAC TAC CCA TAT GCC AAC AAC CCT CGT AGG AGA GGA GCG GAC AGT ATA GAT GGA CAG CTG AAA AAA GTT AGA AAG GTG CCT CCT GGA CTC CCC TCT TCA GTG TAT CCT CCC AGT TCA GGG GAG GAG TAC AGC AGG GAA CTG GTG GGC TAT GCA TCT TCC AAA GCT CCC AGC ACT GTT TAC CCT GGA GCC TTC TAC ATG CCA GAC GGG CTT CAC AAC TCA GCC GAT TTG TGG AGT TCC TCC AAC GCC ATG AGC CAG TCC AAT TAT GGG GCC ATT TTG GGC GCA TCC TCC CCA CTC CCA CAG TCT GGA AAC TTT AGT GGT CTT CAC CAG CAT GAA CGG ATG AAT TTT CAG ATG CAT TCA GGG GAG GTC AAT GGT GGC CCC CCA TCC ATC TCT GGA TTT TCC TCG GCC ACC TCT CAA TAC GGC ATG ACC AGC CAC ACG CCC CCA ATC AGT GGG ACA GAG AGT GTG ATG GGT AAC CGA GGA ACT ACA GCC GGC AGT TCA GGA GAT GCA CTT GGA AAA GCA TTA GCT TCA ATC TAT TCC CCT GAT CAC TCT AGC AAT AAT TTC TCT TCA AAC CCA TCC ACC CCG GTG GGA TCC CCT CAG AGA ATT GCA GGT TCT TCA CAG TGG CCC CGC ACA GGC GGA CAG GAT GCT TTA TCA CCT AGC TAC GAA GGG ACC CTT CAT ACC TTG CAA AGC AAA ATG GAG GAC CAC CTG GAT GAA GCC ATC CAC GTG CTG AGG AGC CAT GCA GTG GGC CAG AAC AAC CAC AGA GAG ATC CAT GAC TTG CTG ACA TCG GTG TCC ACA CCC AGC ACT TCT GCC GGC AGC CTC AGC CAA TCC TTC TCC CCC ACC TCT GTC TTG CCG ATT GCC AGC CGG CAC TCA AAC CTG GTG GGA GGA GGT CAC CCT GAG GAT GGC CTC ACC AGC AAC CGT AGT CTA CTC CAC AAC CAT GTT GCT CTC CCT GCC CAG ACT AGC TCG CTC CCA GAC CTC AAC CAA GAC CAG TCT TCA GAT GCC TTT AGT GGC TTG ACA GGA GGA CTG GGC AGG GGG AGT GTC TCA TCT GGC ACC AGC GAG ATC AAA CGG GAG GAC AAG GAA GAC AAC GAG AAC ACC TCT GTG GCT GAC AAT TCA GAG GAG GAG AAA AGG GAC CCT AAG TCG TCA CAC AAC AGA ACA AGG TGC CCA ATA AAC AGT CAC GAT GAG GAT GAG GAA GAC GAC CTC CTT CCC CCA GAG CAA AAA GCC GAG CGA GAG AAA GAG AGG CGG GTG GCC AAT AAC GCC CGC GAG CGC CTG CGT GTC CGC GAC ATC AAC GAG GCG TTT AAG GAG CTG GGT CGT ATG TGC CAG TTG CAC CTT AAC AGC GAA AAG CCT CAG ACC AAA CTA CTA ATC CTA CAC CAG GCC GTG TCG GTC ATT CTG AAT CTG GAA CAA CAA GTT AGA GAG CGC AAC CTG AAC CCC AAG GCG GCC TGC TTG AAG CGG CGC GAA GAG GAG AAG GTG TCT GGC GTG GTG GGT GAC CCC CAA ATG GCG CTT TCA GCT GCG CAC CCC AGC CTA GGA GAC GGG CAC AAC CCT GTG GGA CAC ATG 
SEQ2                            TCA GGT CTG GAT GAG AGA CCG GCA ACT GGA TCC TGG GCA GCA GGA GAG CAA ACT AAC TCC ACG TTT GAC CAA GTC AGG CAG GGT TAT GGT GAA GGC TCC CAC TAC GGC GAG CAC AGA GAC CTG CCA TCC CAT AAC AGC GTA TCT TCG TCA TCA TTC CTG GGA TCC GGC ATA GTT GGA AAG GGT ACC GAG AGA AGC ACC TAC CCT TTC GGA AGG GAG CCC GGC CTG CCA CCC CTC AAC CAG CCT GGC TTT CTG CCC AGC GAA ATG GGG ATC TCG AGT CCC AGC ACG CTG TCC CCG ACC GGG GTG AAG AGC GGG TCT CAA TAC TAC CCA TAT GCC AAC AAC CCT CGT AGG AGA GGA GCG GAC AGT ATA GAG GGG CAG CCG AAA AAG GTC AGG AAG GTG CCC CCG GGA CTC CCT TCC TCG GTG TAT CCT CCC AGT TCA GGG GAG GAG TAC AGC AGG GAA CTG GTG GGC TAT GCA TCT TCC AAA GCT CCC AGC ACT GTT TAC CCT GGA GCC TTC TAC ATG CCA GAT GGA CTT CAC AAC TCG GCC GAT CTG TGG AGT CCC TCC AAC GCC ATG AGC CAG TCC AAC TAT GGG GCC ATT TTG GGC GCA TCC TCG CCG CTC CCG CAG TCC AGC AAC TTT AGC GGT CTT CAC CAG CAT GAA CGG ATG AAT TTT CAG ATG CAT TCA GGT GAA GTC AAC GGC GGT CCC CCA TCA GTC TCT GGG TTT TCC TCG GCC TCC TCT CAG TAC GGT GTG TCC AGC CAC ACC CCC CCA ATC AGT GGG ACA GAG AGT GTG ATG GGT AAC CGA GGA ACT ACA GCC GGC AGT TCA GGA GAT GCA CTT GGA AAA GCA TTA GCT TCA ATC TAT TCC CCA GAT CAC TCT AGC AAT AAT TTC TCT TCA AAC CCA TCC ACC CCG GTG GGA TCC CCT CAG GGA ATC GCA AGT TCT TCA CAG TGG CCC CGC ACA GGT GGA CAG GGC GCT TTG TCA CCT AGC TAC GAA GGG ACC CTT CAT ACC TTG CAA AGC AAA ATG GAG GAC CAC CTG GAC GAA GCC ATC CAC GTG CTG AGG AGC CAC GCA GTG GGC CAG AGC AAC CAC AGA GAG ATC CAT GAC TTG CTG ACT TCG GCG TCC GCG CAC AGC ACT TCC GCC GGC AGC CTC AGC CAG TCC TTC CCC GCT GCC GCG GTC TTG CCG ATC ACC AGC CGA CAC TCC AGC CTG GTT GGG GGA GGT CAT GCT GAG GAC GGC CTC GCC AGC AAC ACC AGC CTA CTC CAC AAC CAT GTC ACA CTT CCA GCC CAG ACT AGC TCC CTC CCG GAC CTC AAC CGA GGC CAG TCT TCA GAC GCC TTT AGC GGC TTG ACC GGA GGG CTG GGC AGG GGG AGT GTC TCA TCC GGC ACC AGC GAG ATC AAA CGG GAG GAC AAG GAA GAC GAC GAA AAC ACC TCT GTG GCC GAC AAT TCG GAG GAG GAG AAA AAG GAG CTC AAG TCG TCT CGC AAC AGA ACA AGG TGC CCA ATA AAC AGT CAC GAT GAG GAT GAG GAA GAC GAC CTC CTT CCC CCA GAG CAA AAA GCC GAG CGA GAG AAA GAG AGG CGG GTG GCC AAT AAC GCC CGC GAG CGC CTG CGT GTC CGC GAC ATC AAC GAG GCG TTT AAG GAG CTG GGT CGT ATG TGC CAG TTG CAC CTT AAC AGC GAA AAG CCT CAG ACC AAA CTC CTA ATC CTA CAC CAG GCC GTG TCG GTC ATT CTG AAT CTG GAA CAA CAA GTT AGA GAG CGC AAC CTG AAC CCC AAG GCG GCC TGC TTG AAG CGG CGC GAA GAG GAG AAG GTG TCT GGC GTG GTG GGT GAC CCC CAA ATG GCG CTT TCA GCT GCA CAC CCC AGC CTA GGA GAC GGG CAC AAC CCT GTG GGA CAC ATG 



Printing out site pattern counts


         2        441  P

SEQ1                            AAA AAA AAC AAC AAC AAG AAT AAT AAT AAT ACA ACA ACA ACA ACA ACC ACC ACC ACC ACG ACG ACT AGA AGA AGA AGC AGG AGG AGT AGT AGT ATA ATC ATC ATG ATG ATT ATT CAA CAA CAA CAA CAC CAC CAC CAG CAT CAT CCA CCA CCC CCC CCC CCC CCC CCG CCG CCT CCT CCT CCT CCT CCT CGA CGC CGG CGG CGT CGT CTA CTA CTC CTC CTG CTG CTG CTT GAA GAC GAC GAC GAC GAG GAG GAT GAT GAT GAT GCA GCA GCC GCC GCC GCC GCG GCG GCT GCT GCT GGA GGA GGA GGC GGC GGC GGC GGG GGG GGG GGG GGT GGT GGT GGT GTA GTC GTG GTG GTG GTT GTT TAC TAT TAT TCA TCA TCA TCA TCC TCC TCC TCC TCC TCG TCG TCT TCT TCT TCT TGC TGG TTA TTA TTC TTG TTG TTT 
SEQ2                            ... ..G ... .G. G.. ... ..C ... .C. GGC ... ..C ..G ..T G.G ... ..T G.. T.. ..C ... ... ... ..G G.. ... .A. ... ..A ..C ... ... ... G.. ... G.. ..C ... AG. ... ..G .G. ... ..T .G. ... ..C ... ... ..G .A. ... ..T G.T T.. ..A ... ..A ..C ..G ... .TC G.. ... ... ..A ... ACC ... ... ..C ... ..T .C. .CT ... ... ... ... ..G ..T .G. ..A ... ..C ..G ... .GC ... T.. A.. C.. ..A ... ..A ... A.A ..C ... A.C ... ..G A.. ..A ... ..T ..A ..C ... ..T A.C A.. ..C ... ... ... .C. ... ..T ..C ... ... ..C ... ... ..C ..G ..T C.. ..A ... ..G ..T ..C ... G.G ..C ..G ... ... ... ... ..G ... C.. ... ... 

    9    1   23    2    1   10    2    6    1    1    4    2    1    1    1
    8    1    2    2    1    1    4    5    1    1   19    1    8    1    4
    9    3    7    1   10    1    3    2    1    8    2    1   17    1    1
   16    1    6    8    4    1   10    1    1    1    1    3    2    2    1
    8    1    1    2    6    1    4    1    3    4    1    9    1    1    1
   16    7   11   14    1    1    1    2   28    3    1    6    1    8    1
    1    2    1   16    1    4    1    1    4    1   16    5    1    1   13
    3    1    1    8    1    1    1    1    9    1    6    1   15    1    2
    3    8    1    6   11    1    4    1    2    2   14    1    1    1    4
    1    5    1   10    3    3    1    1    5    2    7    7

YN00 paml/jobs/LOC_00019168__LOCZ_00019168/LOC_00019168__LOCZ_00019168.phy

ns =   2	ls = 620

Codon position x base (3x4) table for each sequence.

SEQ1                
position  1:    T:0.16613    C:0.25161    A:0.25806    G:0.32419
position  2:    T:0.19194    C:0.27742    A:0.31290    G:0.21774
position  3:    T:0.21129    C:0.34194    A:0.19677    G:0.25000

SEQ2                
position  1:    T:0.16452    C:0.25323    A:0.25484    G:0.32742
position  2:    T:0.18871    C:0.28226    A:0.30161    G:0.22742
position  3:    T:0.17419    C:0.37742    A:0.17581    G:0.27258

Average
position  1:    T:0.16532    C:0.25242    A:0.25645    G:0.32581
position  2:    T:0.19032    C:0.27984    A:0.30726    G:0.22258
position  3:    T:0.19274    C:0.35968    A:0.18629    G:0.26129

Codon usage for each species
----------------------------------------------------------------------
Phe TTT   7   7 | Ser TCT  17  12 | Tyr TAT   7   6 | Cys TGT   0   0
    TTC   5   5 |     TCC  20  24 |     TAC   8   9 |     TGC   3   3
Leu TTA   2   1 |     TCA  17  14 | *** TAA   0   0 | *** TGA   0   0
    TTG   9   8 |     TCG   5  10 |     TAG   0   0 | Trp TGG   3   3
----------------------------------------------------------------------
Leu CTT   7   8 | Pro CCT  15  10 | His CAT   7   7 | Arg CGT   4   3
    CTC  10  11 |     CCC  14  16 |     CAC  19  19 |     CGC   6   7
    CTA   5   4 |     CCA  12  11 | Gln CAA  12   8 |     CGA   2   4
    CTG  18  18 |     CCG   4   9 |     CAG  16  18 |     CGG   5   4
----------------------------------------------------------------------
Ile ATT   5   2 | Thr ACT   4   7 | Asn AAT  10   6 | Ser AGT  14  10
    ATC   8  10 |     ACC  13  13 |     AAC  26  25 |     AGC  19  28
    ATA   3   3 |     ACA   9   5 | Lys AAA  10   9 | Arg AGA   7   7
Met ATG  11  10 |     ACG   2   2 |     AAG  10  12 |     AGG   9   9
----------------------------------------------------------------------
Val GTT   5   4 | Ala GCT   6   6 | Asp GAT  11   7 | Gly GGT  12  13
    GTC   6   9 |     GCC  20  19 |     GAC  17  18 |     GGC  18  18
    GTA   1   1 |     GCA   9  10 | Glu GAA  11  13 |     GGA  22  19
    GTG  17  16 |     GCG   5   7 |     GAG  30  30 |     GGG  11  13
----------------------------------------------------------------------


Sums
------------------------------------------------------
Phe TTT  14 | Ser TCT  29 | Tyr TAT  13 | Cys TGT   0
    TTC  10 |     TCC  44 |     TAC  17 |     TGC   6
Leu TTA   3 |     TCA  31 | *** TAA   0 | *** TGA   0
    TTG  17 |     TCG  15 |     TAG   0 | Trp TGG   6
------------------------------------------------------
Leu CTT  15 | Pro CCT  25 | His CAT  14 | Arg CGT   7
    CTC  21 |     CCC  30 |     CAC  38 |     CGC  13
    CTA   9 |     CCA  23 | Gln CAA  20 |     CGA   6
    CTG  36 |     CCG  13 |     CAG  34 |     CGG   9
------------------------------------------------------
Ile ATT   7 | Thr ACT  11 | Asn AAT  16 | Ser AGT  24
    ATC  18 |     ACC  26 |     AAC  51 |     AGC  47
    ATA   6 |     ACA  14 | Lys AAA  19 | Arg AGA  14
Met ATG  21 |     ACG   4 |     AAG  22 |     AGG  18
------------------------------------------------------
Val GTT   9 | Ala GCT  12 | Asp GAT  18 | Gly GGT  25
    GTC  15 |     GCC  39 |     GAC  35 |     GGC  36
    GTA   2 |     GCA  19 | Glu GAA  24 |     GGA  41
    GTG  33 |     GCG  12 |     GAG  60 |     GGG  24
------------------------------------------------------



(A) Nei-Gojobori (1986) method



Nei & Gojobori 1986. dN/dS (dN, dS)
(Note: This matrix is not used in later ML. analysis.
Use runmode = -2 for ML pairwise comparison.)

SEQ1                
SEQ2                 0.1441 (0.0336 0.2331)


(B) Yang & Nielsen (2000) method

Yang Z, Nielsen R (2000) Estimating synonymous and nonsynonymous substitution rates under realistic evolutionary models. Mol. Biol. Evol. 17:32-43

(equal weighting of pathways)

seq. seq.     S       N        t   kappa   omega     dN +- SE    dS +- SE

   2    1   518.5  1341.5   0.2509  4.6800  0.1684 0.0352 +- 0.0052  0.2090 +- 0.0236


(C) LWL85, LPB93 & LWLm methods

Li W.-H., C.-I. Wu, Luo (1985) A new method for estimating synonymous and nonsynonymous rates of nucleotide substitutions considering the relative likelihood of nucleotide and codon changes. Mol. Biol. Evol. 2: 150-174.
Li W-H (1993) Unbiased estimation of the rates of synonymous and nonsynonymous substitution. J. Mol. Evol. 36:96-99
Pamilo P, Bianchi NO (1993) Evolution of the Zfx and Zfy genes - rates and interdependence between the genes. Mol. Biol. Evol. 10:271-281
Yang Z (2006) Computational Molecular Evolution. Oxford University Press, Oxford. Eqs. 2.12 & 2.13

2 (SEQ2) vs. 1 (SEQ1)

L(i):     1197.5     338.5     324.0  sum=   1860.0
Ns(i):   29.5000   27.0000   41.5000  sum=  98.0000
Nv(i):   12.5000    4.0000   23.5000  sum=  40.0000
A(i):     0.0255    0.0880    0.1601
B(i):     0.0105    0.0120    0.0784
LWL85:  dS =  0.2450 dN =  0.0332 w = 0.1354 S =  436.8 N = 1423.2
LWL85m: dS =  0.1942 dN =  0.0361 w = 0.1858 S =  551.3 N = 1308.7 (rho = 0.671)
LPB93:  dS =  0.2016 dN =  0.0364 w = 0.1804

