      2   1626

SEQ1                            ATG TGG GAG CAG ATG AAA GCG TTG CTG AGC CCG TTT TCC ATT AGC TTT GCG GGT GCC TGG AAG GGG ATC ACG GCA TTC TGG AGC AGG AAT GGC CTC TTG ACC CTC TCC ATG CTT TCG GTG GTG ACC GGA TGC CTT CTG GGG TTC CTG CTT AGG ACG CTG GAG TTG TCT GAT CTG GAG AAG CAA TAC TTC TCT TTC CCT GGA GAG CTC CTG ATG AGG ATG TTA AAG ATG CTA ATC TTG CCG CTG ATT ACC TCC AGC TTG ATG TCT GGT CTG GCC ACC ATG GAC TCC AAA GTC TGT GGG AAA ATG GGG ATC ATC ACC ATT ACC TAC TAC CTC TGG ACA ACC TTC TTT GCT GTG ACT ACC GGA ATC ATC TTG GTC ATC AGT ATC CAC CCC GGG GCC GCT GCC CAG AAG GAG GAG TAC ATG GTC AGC AAA GTG GTG CTC AGC TCT GCT GAT GCT TTG CTG GAC CTC ATC AGA AAT ATG TTT CCT TCC AAT CTC ATC GAG GCT TCG TTC CAG CAG TAC CGA ACA GTT CTT GTC CCC GTG GTG AAG TCC TCG GGG GCT CCA AAT ATG CCA AGG AAG TCT CTA AGT TTC ATT TAC TTT GTG CCG GAT ACT GAA AAT CCA GAG ATC CAG CGG CCG GTG CTC CTC GAG ATC ACG CCA TCT CCA GAA ATG ACC TAC CAG ACC CTC CCT GAC AGC AAT AAT GAA ATG AAC GTC CTG GGG ATA GTT ATC TTC TCA GCC ACG ATT GGC CTC CTT TTG GGG AAG ATG GGT GAG CGT GGG GCT CCT CTG GTC AAC GTG TGC CAG TGC TTG AAC GAG GCC GTG ATG AAG ATC GTT GCC ATG GGC GTC TGG TAC TTC CCT TTC GGT ATC GTC TTC TTG ATT GCT GGG AAG ATC TTG GAG ATG GAA GAC CCC TCT GTG GTC GGG AAG AAG CTG GGC CTC TAC GCC ACG ACG GTC GTG ACT GGC TTG GCC ATC CAC GGC CTT TGC GTC TTG CCT CTG CTG TTT GTG CTC ATT ACC AAG AGA AAC CCT TTC TCC TTC ATC CGA GGG ATC TTC CAG GCC CTG CTG ATC GCT CTG GCG ACA TCA TCC AGC TCA GCC ACG TTG CCC ATC ACC CTG AAG TGT CTT CTA GAG AAC AAT GGG ATC GAC AGA CGG ATA GCC CGG TTT GTC CTT CCA GTT GGC GCA ACC ATC AAC ATG GAC GGA ACT GCC CTG TAT GAG GCA GTG GCG GCC ATA TTT ATC GCA CAA GTC AAT GAG TAT GAC CTG GAC TTG GGA CAG ATC ATA ACC ATC AGC ATC ACG GCC ACG GCG GCG AGC ATT GGG GCA GCC GGG ATT CCC CAG TCA GGC CTT GTC ACA ATG GTT ATC GTG CTG ACC TCT GTC GGT CTC CCC ACA GAA GAC ATC ACT CTG ATC ATT GCC ATT GAC TGG GCC TTG GAC AGA CTA CGC ACA ATG ACC AAT GTC CTG GGT GAT GCA CTG GCA GCA GGA ATT ATA GCA CAC GTC TGT CAT AAA GAT TTT GCT GCG AAA CCA CCC GAA GAA GAT CCC GAG AAC AAT AAA AAC AAG CTG GCC ATG GCA GAG GCA TCT CTC TCC CAA CCC AAG GAC CAC GTG ATG GAA ATT ACT GGA GAT GTT TTA TCT GAA CGA ACA AAC TAC AAC ATC TGT CAG GTG 
SEQ2                            ATG TGG GAG CAG ATG AAA GCG TTG CTG AGC CCG TTT TCC ATT AGC TTT GCG GGT GCC TGG AAG GGG ATC ACG GCA TTC TGG AGC AGG AAT GGC CTC TTG ACC CTC TCC ATG CTT TCG GTG GTG ACC GGA TGC CTT CTG GGG TTC CTG CTT AGG ACG CTG GAG TTG TCT GAT CTG GAG AAG CAA TAC TTC TCT TTC CCT GGA GAG CTC CTG ATG AGG ATG TTA AAG ATG CTA ATC TTG CCG CTG ATT ACC TCC AGC TTG ATG TCT GGT CTG GCC ACC ATG GAC TCC AAA GTC TGT GGG AAA ATG GGG ATC ATC ACC ATT ACC TAC TAC CTC TGG ACA ACC TTC TTT GCT GTG ACT ACC GGA ATC ATC TTG GTC ATC AGT ATC CAC CCC GGG GCC GCT GCC CAG AAG GAG GAG TAC ATG GTC AGC AAA GTG GTG CTC AGC TCT GCT GAT GCT TTG CTG GAC CTC ATC AGA AAT ATG TTT CCT TCC AAT CTC ATC GAG GCT TCG TTC CAG CAG TAC CGA ACA GTT CTT GTC CCC GTG GTG AAG TCC TCG GGG GCT CCA AAT ATG CCA AGG AAG TCT CTA AGT TTC ATT TAC TTT GTG CCG GAT ACT GAA AAT CCA GAG ATC CAG CGG CCG GTG CTC CTC GAG ATC ACG CCA TCT CCA GAA ATG ACC TAC CAG ACC CTC CCT GAC AGC AAT AAT GAA ATG AAC GTC CTG GGG ATA GTT ATC TTC TCA GCC ACG ATT GGC CTC CTT TTG GGG AAG ATG GGT GAG CGT GGG GCT CCT CTG GTC AAC GTG TGC CAG TGC TTG AAC GAG GCC GTG ATG AAG ATC GTT GCC ATG GGC GTC TGG TAC TTC CCT TTC GGT ATC GTC TTC TTG ATT GCT GGG AAG ATC TTG GAG ATG GAA GAC CCC TCT GTG GTC GGG AAG AAG CTG GGC CTC TAC GCC ACG ACG GTC GTG ACT GGC TTG GCC ATC CAC GGC CTT TGC GTC TTG CCT CTG CTG TTT GTG CTC ATT ACC AAG AGA AAC CCT TTC TCC TTC ATC CGA GGG ATC TTC CAG GCC CTG CTG ATC GCT CTG GCG ACA TCA TCC AGC TCA GCC ACG TTG CCC ATC ACC CTG AAG TGT CTT CTA GAG AAC AAT GGG ATC GAC AGA CGG ATA GCC CGG TTT GTC CTT CCA GTT GGC GCA ACC ATC AAC ATG GAC GGA ACT GCC CTG TAT GAG GCA GTG GCG GCC ATA TTT ATC GCA CAA GTC AAT GAG TAT GAC CTG GAC TTG GGA CAG ATC ATA ACC ATC AGC ATC ACG GCC ACG GCG GCG AGC ATT GGG GCA GCC GGG ATT CCC CAG TCA GGC CTT GTC ACA ATG GTT ATC GTG CTG ACC TCT GTC GGT CTC CCC ACA GAA GAC ATC ACT CTG ATC ATT GCC ATT GAC TGG GCC TTG GAC AGA CTA CGC ACA ATG ACC AAT GTC CTG GGT GAT GCA CTG GCA GCA GGA ATT ATA GCA CAC GTC TGT CAT AAA GAT TTT GCT GCG AAA CCA CCC GAA GAA GAT CCC GAG AAC AAT AAA AAC AAG CTG GCC ATG GCA GAG GCA TCT CTC TCC CAA CCC AAG GAC CAC GTG ATG GAA ATT ACT GGA GAT GTT TTA TCT GAA CGA ACA AAC TAC AAC ATC TGT CAG GTG 



Printing out site pattern counts


         2        180  P

SEQ1                            AAA AAC AAG AAT ACA ACC ACG ACT AGA AGC AGG AGT ATA ATC ATG ATT CAA CAC CAG CAT CCA CCC CCG CCT CGA CGC CGG CGT CTA CTC CTG CTT GAA GAC GAG GAT GCA GCC GCG GCT GGA GGC GGG GGT GTC GTG GTT TAC TAT TCA TCC TCG TCT TGC TGG TGT TTA TTC TTG TTT 
SEQ2                            ... ... ... ... ... ... ... ... ... ... ... ... ... ... ... ... ... ... ... ... ... ... ... ... ... ... ... ... ... ... ... ... ... ... ... ... ... ... ... ... ... ... ... ... ... ... ... ... ... ... ... ... ... ... ... ... ... ... ... ... 

    7   10   15   11    7   16    9    6    4   10    4    2    5   31   23
   13    3    4   11    1    7    9    4    7    3    1    3    1    4   15
   25    9    9   12   17    7   11   19    7   10    7    8   15    6   17
   18    6   10    2    4    9    3   10    4    6    4    2   14   16    9


YN00 paml/jobs/LOCW_00021279__LOC_00019054/LOCW_00021279__LOC_00019054.phy

ns =   2	ls = 542

Codon position x base (3x4) table for each sequence.

SEQ1                
position  1:    T:0.17159    C:0.19742    A:0.31919    G:0.31181
position  2:    T:0.38192    C:0.25461    A:0.21956    G:0.14391
position  3:    T:0.19188    C:0.34871    A:0.13469    G:0.32472

SEQ2                
position  1:    T:0.17159    C:0.19742    A:0.31919    G:0.31181
position  2:    T:0.38192    C:0.25461    A:0.21956    G:0.14391
position  3:    T:0.19188    C:0.34871    A:0.13469    G:0.32472

Average
position  1:    T:0.17159    C:0.19742    A:0.31919    G:0.31181
position  2:    T:0.38192    C:0.25461    A:0.21956    G:0.14391
position  3:    T:0.19188    C:0.34871    A:0.13469    G:0.32472

Codon usage for each species
----------------------------------------------------------------------
Phe TTT   9   9 | Ser TCT  10  10 | Tyr TAT   2   2 | Cys TGT   4   4
    TTC  14  14 |     TCC   9   9 |     TAC  10  10 |     TGC   4   4
Leu TTA   2   2 |     TCA   4   4 | *** TAA   0   0 | *** TGA   0   0
    TTG  16  16 |     TCG   3   3 |     TAG   0   0 | Trp TGG   6   6
----------------------------------------------------------------------
Leu CTT   9   9 | Pro CCT   7   7 | His CAT   1   1 | Arg CGT   1   1
    CTC  15  15 |     CCC   9   9 |     CAC   4   4 |     CGC   1   1
    CTA   4   4 |     CCA   7   7 | Gln CAA   3   3 |     CGA   3   3
    CTG  25  25 |     CCG   4   4 |     CAG  11  11 |     CGG   3   3
----------------------------------------------------------------------
Ile ATT  13  13 | Thr ACT   6   6 | Asn AAT  11  11 | Ser AGT   2   2
    ATC  31  31 |     ACC  16  16 |     AAC  10  10 |     AGC  10  10
    ATA   5   5 |     ACA   7   7 | Lys AAA   7   7 | Arg AGA   4   4
Met ATG  23  23 |     ACG   9   9 |     AAG  15  15 |     AGG   4   4
----------------------------------------------------------------------
Val GTT   6   6 | Ala GCT  10  10 | Asp GAT   7   7 | Gly GGT   6   6
    GTC  17  17 |     GCC  19  19 |     GAC  12  12 |     GGC   8   8
    GTA   0   0 |     GCA  11  11 | Glu GAA   9   9 |     GGA   7   7
    GTG  18  18 |     GCG   7   7 |     GAG  17  17 |     GGG  15  15
----------------------------------------------------------------------


Sums
------------------------------------------------------
Phe TTT  18 | Ser TCT  20 | Tyr TAT   4 | Cys TGT   8
    TTC  28 |     TCC  18 |     TAC  20 |     TGC   8
Leu TTA   4 |     TCA   8 | *** TAA   0 | *** TGA   0
    TTG  32 |     TCG   6 |     TAG   0 | Trp TGG  12
------------------------------------------------------
Leu CTT  18 | Pro CCT  14 | His CAT   2 | Arg CGT   2
    CTC  30 |     CCC  18 |     CAC   8 |     CGC   2
    CTA   8 |     CCA  14 | Gln CAA   6 |     CGA   6
    CTG  50 |     CCG   8 |     CAG  22 |     CGG   6
------------------------------------------------------
Ile ATT  26 | Thr ACT  12 | Asn AAT  22 | Ser AGT   4
    ATC  62 |     ACC  32 |     AAC  20 |     AGC  20
    ATA  10 |     ACA  14 | Lys AAA  14 | Arg AGA   8
Met ATG  46 |     ACG  18 |     AAG  30 |     AGG   8
------------------------------------------------------
Val GTT  12 | Ala GCT  20 | Asp GAT  14 | Gly GGT  12
    GTC  34 |     GCC  38 |     GAC  24 |     GGC  16
    GTA   0 |     GCA  22 | Glu GAA  18 |     GGA  14
    GTG  36 |     GCG  14 |     GAG  34 |     GGG  30
------------------------------------------------------



(A) Nei-Gojobori (1986) method



Nei & Gojobori 1986. dN/dS (dN, dS)
(Note: This matrix is not used in later ML. analysis.
Use runmode = -2 for ML pairwise comparison.)

SEQ1                
SEQ2                -1.0000 (0.0000 0.0000)


(B) Yang & Nielsen (2000) method

Yang Z, Nielsen R (2000) Estimating synonymous and nonsynonymous substitution rates under realistic evolutionary models. Mol. Biol. Evol. 17:32-43

(equal weighting of pathways)

seq. seq.     S       N        t   kappa   omega     dN +- SE    dS +- SE

   2    1   437.0  1189.0  -0.0000  4.6000 99.0000 -0.0000 +- 0.0000 -0.0000 +- 0.0000


(C) LWL85, LPB93 & LWLm methods

Li W.-H., C.-I. Wu, Luo (1985) A new method for estimating synonymous and nonsynonymous rates of nucleotide substitutions considering the relative likelihood of nucleotide and codon changes. Mol. Biol. Evol. 2: 150-174.
Li W-H (1993) Unbiased estimation of the rates of synonymous and nonsynonymous substitution. J. Mol. Evol. 36:96-99
Pamilo P, Bianchi NO (1993) Evolution of the Zfx and Zfy genes - rates and interdependence between the genes. Mol. Biol. Evol. 10:271-281
Yang Z (2006) Computational Molecular Evolution. Oxford University Press, Oxford. Eqs. 2.12 & 2.13

2 (SEQ2) vs. 1 (SEQ1)

L(i):     1052.0     298.0     276.0  sum=   1626.0
Ns(i):    0.0000    0.0000    0.0000  sum=   0.0000
Nv(i):    0.0000    0.0000    0.0000  sum=   0.0000
A(i):     0.0000    0.0000    0.0000
B(i):    -0.0000   -0.0000   -0.0000
LWL85:  dS =  0.0000 dN =  0.0000 w =   -nan S =  375.3 N = 1250.7
LWL85m: dS =    -nan dN =    -nan w =   -nan S =   -nan N =   -nan (rho = -nan)
LPB93:  dS =  0.0000 dN =  0.0000 w =   -nan

