
Before deleting alignment gaps
      2   4683

SEQ1                            --- --- --- --- --- --- --- --- --- --- --- --- --- --- --- --- --- --- --- --- --- --- --- --- --- ATG CAG GCG --- --- --- --- --- --- --- --- --- --- --- --- --- --- --- --- --- --- --- --- --- --- --- --- --- --- --- --- --- --- --- --- --- --- --- --- --- --- --- --- --- --- --- --- --- --- --- --- --- --- --- CGC CGG GCC AAG CTC CCG ATC CCC TCG CTG ACC CTG GCG GAC CTG TCG CCC GGG AGC CAG AGT CCA ACC CTG CTC AGC CCC TCC AGC CTG CAC CCC TGG AGC TGC CGG AAC AGC AGC CGG AAG AGC CTG GTG GTT GGG AGT CCT TCG CCC ACC CTT TCC CGC CCG CTG TCC CCC CTC TCC GTG CTG ATA GCT GCT GGC AGC CCG GGC AAC AGC CCG CGC AAC TTC GCG ACC GGC GTG TCG GCC AGC TTC CCG TTC GCC CGC AGC CAT GCC CCT CGG ACA GAC AGG GCC GAC GGA CGA AGA TGG TCC CTG GCT TCC CTC CCC TCC TCT GGC TAC GGG ACC AAC ACG CCC AGC TCC ACC ATT TCG TCC TCA TCG TCT TCC TCG CAG GAG CGC CTC CAC CAG TTG CCC TAC CAG CCC ACC CCG GAC GAG CTC CAC TTC CTC TCC AAG CAC TTC CGG AGC ACG GAG AGC GTG GCG GGA GAG GAG GGG CGC CGC TCC CCC TGC TTC CGC CCT CGT TCC CGG AGC CTG AGC CCC GGG CGG ACG AGC GGG ACC ATC GAC AAT GAG ATA GTC ATG ATG AAC CAC GTG TAC AAG GAG CGG TTC CCG AAG GCC ACG GCC CAG ATG GAA GAG CGC CTG GCC GAG GCG ATC GCC AGT TTC TCC CCC AGC GCC ACC TTG CCC CTG GCC GAC GGC GTC CTG GGC TTC ATC CAC CAC CAG ATC GTC GAG CTG GCC CGC GAC TGC CTC GCC AAG GCC CAA GGG GCC CTC ATC ACC TCC CGC TAC TTC ATG GAG CTG CAA GAG AAG CTG GAG AAG ATG CTG AGG GAT GCC CAG GAG CGC TCA GAG AGC GAG GAG CTG CGC TTC GTC GAA CAG CTG GCC CGG AAG CTG CTG CTC ATC GTC TCC CGG CCA GCC CGG CTG CTG GAG TGT TTG GAG TTT GAC CCG GAG GAG TTC TAC CAC CTG CTG GAG GCG GCC GAA GGC CAC GCC AAG GTG GGC CAA GGG ATC AAG ACC GAC ATC CCG CGC TAC ATC ATC AGC CAG CTT GGC CTC GCC AAG GAC CCC CTG GGA GAC ATC GCC CGC CTG GAC CAG TTG GAC TGC AGC TCC CCT GCG GGA CCG GAG CAG CGC AAC AAG CCC CCA GAG AAC CCG TCC ACT GCC CCC GTC CCT CGG CGG CAG CCC TGC GAG AGC GAC TTC GAA ACC ATC AAG CTG GTC AGC AAC GGA GTG TAC GGG GCT GTT TAC CTG GTG CGG CAC AAG GAG ACC CGC CAG CGC TTC GCC ATC AAG AAG ATC AAC AAG CAG AAC CTG GTG CTG CGC AAC CAG ATC CAG CAG GTC TTT GTG GAG CGC GAC ATC CTG ACC TTC GCC GAG AAC CCC TTT GTG GTC AGC ATG TTC TGC TCC TTC GAG ACT CGG CGC CAC CTC TGC ATG GTC ATG GAG TAC GTG GAA GGT GGG GAC TGC GCC ACG CTG CTG AAC AAC ATG GGC CCC CTC CCC GTG GAC ATG GCC CAG ATG TAT TTT GCC GAG ACG GTG CTG GCC CTG GAG TAT CTC CAC AGC TAC GGC ATC GTC CAC CGG GAC CTC AAG CCG GAC AAC CTG CTC ATC ACC TCG ATG GGT CAC ATC AAG CTG ACG GAC TTC GGC CTG TCC AAA ATC GGC CTG ATG AAC CTG ACC ACC AAC CTC TAC GAG GGG CAC ATT GAG AAG GAT GCG CGG GAG TTC ATG GAC AAG CAG GTC TGC GGC ACG CCG GAG TAC ATC GCC CCA GAG GTG ATC CTG ATC CAG GGG TAC GGG AAG CCG GTG GAC TGG TGG GCT ATG GGC ATC ATC CTG TAC GAG TTC CTG GTC GGC TGC GTC CCG TTC TTC GGC GAC ACC CCG GAG GAG CTC TTC GGG CAG GTG ATC AGT GAC GAG ATC ATC TGG CCC GAA GGC GAC GAG GCG CTT CCA GCC GAC GCG CAG GAC CTC ATC ACC CGC CTC CTG CGG CAC TGC CCC ATG GAG CGT CTG GGC ACA GGA GGG GCC CAC GAG GTG AAG CAG CAC CCG TTC TTC CGT GGC CTG GAC TGG AAC GGG CTT CTG CGG CAG AAA GCG GAG TTC GTC CCT CAG CTG GAG GCG GAG GAC GAC ACC AGC TAC TTT GAC ACC CGC TCC GAG CGC TAC CAG CAC CTG GGC TCC GAG GAC GAG GAG ACG CCT GAC GAG GGG TCA TGC CTG GAG ATC CAC CAG TTC TCC TCT TGC TCC CAC CGC TTC AGC AAG GTT TAC GGC AGC TTG GAG CAT CTG GGT ACC CCC TCT GCC CTC AGC TTT GCG GCG CCG GAG CAG GGC CGG GGC GAG GAC AAG GAC GAC CGG GCC GAG CAC TGG GAT CAC GGC TCC GGA GAC GAG GAG AAG AGC CGG CCC CCC GAG ACC CGG CTT CAC GCC TGG ACC TCC TGC GGA TCC ACG GCC CAC GCC TTC CGC CAG GAC TGT GGC CGC AGC CTG CCC ATC CTC AGT GCC ACC TGC AGC CTG GAA GCC ATG CCC AAG TTC GCT GTC TCC TCC GAG GAC AAG AGC CCC TGC CGG GCG CCG GCA AAA CGG GAG CGG CCC GTC TTT GTG GTT GGG GAT TCC GAG CCG GTG GCG GTG CCA CCA CCG AGG GCA CCC GCC AAG GCC CTG CCA CTG GCA GCT GAC CTG GCC AGC TTG AGC TGC GTC CGG CTG CGG AGC AAC AGC ACA GGC ACT AAG AAC GCC GCC CCG CGG GGC TTG GAG CCC GAG GGC AGC TGC CGG CCG GGC AGC CGC AAG GAC CCC CCC GGG AAG CAG CAG CGC CTG TCG TCC GCC GGC CGC AGG GTC CCC AAG TCG GCC TCG GTC GCT GCG CTC TCG CTC GTC ATC AGC TCA GAC GAC TGG GGG GGC GCG ACC CTG AGG AGC CCC GCC TCG CCC CGC TCC CTG CCT TCC AAC CCC TTG TCC CGG GAC TCC TCC CCC AGC CGG GAC CCG CCC CTG GGA GCC CCC AGC CAG CAC CCC CCT GTG GTC ATC CAC AGC TCC GGC AAG AAA TAC GGC TTT GCC CTG CGT GCC ATC CGG GTC TAC ATG GGG GAC AGT GAC GTC TAC ACG GTG CAG CAC ATG GTC TGG AGC GTG GAA GAT GGC AGC CCG GCT CAG GAG GCT GGG CTC CGC GCG GGA GAC CTC ATC ACG CAC GTG AAC GGC GAG TCG GTG CTG GGG CTG GTC CAC ATG GAT GTG GTG GAG CTG CTG CTG AAG AGC GGG AAC AAG GTG GCG CTG CGG ACC ACC GCC CTG GAG AAC ACG ACT ATT CGG GTG GGC CCG GTC CGC AAG AAC AGC TCC AAG ACC CGA ATG GCC CGT CGG AGC AAG AAG AGC CGG AAG CGC GAC AGC CAA GAC CGG AGG AAA TCC CTC TTC AAG AAG ATC TCC AAG CAA ACC TCC GGG CTT TAC CCC AGC CGC AGC TTC TCC TCT GGC CTC CAT CAC TCG CTC TCG TCC GGC GAG AGC CTG CCT GGC TCC CCG ACC CAC AGC CTG TCC CCT GGG CCG ACC CCC CCT TGC CGC AGC CCT GCC CCG GAC CAC CCG CCA GAT TCG GCC TTG CCG CAG AGC ACC TCC CCG TCC TCC AGC ACG CCG ACC TCT CCG GCG GGC CAC ATC CGT CCG AGC TCC CTG CAC GGC CTG GCG CCC AAG CTC GGT GGC CCG CAC TGC AAG GTG GGC CGC CGG AAG TCG GCC AGC AGC ATC CCG CCC TCG CCC TTG GCC TGC ACG CCG TCC GCC GCC CCG CCG CCC CCA TCT CCG CAG AGG TCA CCC TCG CCG CTG CCC CCA TTC GCC AAG GGC GCC CAG GTC TTC CAG GGA AAG GCG CTG TCC CCG CCC GCC CCC GCC CAC CCC CAT GGC GCC GAG GGC CCC CGC TCC CCA CTG CTC AGG CAC GTC CAG TCG GAG AAG AAG GTG GCT GGC GGG CAG AAG CTG GCG CTG GAG ATG CCC GGC TTG GGG GAC GAG GGC TCA GGG GGA GAA GGG GGT GAG GAG AAG GCC CCG CAG AAG CAC GAG GAG GTG GTG GTC ATG TGG CGG CTG AAC CTG TCC GAG TGC CGG GAC TCC TTC AAG AAG CAG GAG GCC GTC CAG GAG GCG AGC TTT GAC GAG CTG GAG CCC AGC AGC GAG GGC CAG GCG GAG GGG GCG CCG GCA GCC TGG CGG AGA GGC CCC CCC GGG GCC TCG TGG CTG GAG GAC AGG CCC TGC CGC CCG CTG CCC GCA GCC GCC CCC CGG CCA TGC CCG GTG CCC CAC ATC GCG GTG CAA GGG GAA GAG CCG GCC GCC TGG GAG TGC CAG GGG CCC TGC CCC GCC CGG CTG GAG GCC CGG GTG TAC ATC CAG CGA GAG GAC GGG ACC ACG GCC GTG GAG TAC ACG AGT GTC TCG TCC CAG CGC CAG GGG AGC CGG GCA CGG TGG GAG CCT TCG CTG CCC CGC CGA GCC AAG CCC CGG ACA CGC GGC GGG GAG AAG GGG ACG GCC CCC GGG GGA CAG TTG TGG GAG GGT CCG GAA AGC CGG CTG CCG GGG GCT GCG GAA GAC CAA GCA GGG GCC CTC GGC CGA GGA CAG AGA GAA GAC CTC GAG 
SEQ2                            ATG GTT GGC GGG GAG GGG GGG GGC GAG AAA GGA TCA GCT AGG GGG GCG AGC GCT GCC GGA GGG GGC GCT GCG GAG TCG CAG GCG GGC CTT GGA GAG GGC GGG ACG ACG GTG GCG ACG AAG GGA AGC CGG CGG CCG CGG GGT CCG GGC AGG GGT CGT CCG TCC CGG GGC TGC GGG GGA GCG GGG GCG ATG TCC GAC CCC AGC TGC TGC GGG GGC CCG GCG GCG GGC GCC CTG ATC CAG CGC --- --- --- --- --- --- --- --- --- --- --- --- --- --- --- --- --- --- --- --- --- --- --- --- --- --- --- --- --- --- TCC ATG AGC TGC CGG AAC AGC AGC CGG AAG AGC CTG GTG GTT GGG AGT CCT TCG CCC ACC CTT TCC CGC CCA CTG TCC CCC CTC TCC GTG CTG ACA GCT GCT GGC AGC CCA GGC AAC AGC CCG CGC AAC TTC GCG ACT GGC GCG TCA GCC AGC TTC CCG TTC GCC CGC AGC CAT GCC CCT CGG ACA GAC AGG GCC GAC GGA CGA AGA TGG TCC CTG GCT TCC CTC CCC TCC TCT GGC TAC GGG ACC AAC ACG CCC AGC TCC ACC ATT TCG TCC TCG TCG TCT TCC TCG CAG GAG CAC CTC CAC CAG TTG CCC TAC CAG CCC ACC CCG GAC GAG CTC CAC TTT CTC TCC AAG CAC TTC CGG AGC ACG GAG AGC GTG GCG GGA GAG GAG GGG CGC CGC TCC CCC TGC TTC CGC CCT CGT TCC CGG AGC CTG AGC CCC GGG CGG ACG AGC GGG ACC ATC GAC AAT GAG ATA GTC ATG ATG AAC CAC GTG TAC AAG GAG CGG TTC CCG AAG GCC ACG GCC CAG ATG GAA GAG CGC CTG GCC GAG GCG ATC GCC AGT TTC TCC CCC AGC GCC ACC TTG CCC CTG GCC GAC GGC GTC CTG GGC TTC ATC CAC CAC CAG ATC GTC GAG CTG GCC CGT GAC TGC CTC GCC AAG GCC CAA GGG GCC CTC ATC ACC TCC CGC TAC TTC ATG GAG CTG CAA GAG AAG CTG GAG AAG ATG CTG AGG GAT GCC CAG GAG CGC TCA GAG AGC GAG GAG CTG CGC TTT GTC GAA CAG CTG GCC CGG AAG CTG CTG CTC ATC GTC TCC CGG CCA GCC CGG CTG CTG GAG TGT TTG GAG TTT GAC CCG GAG GAG TTC TAC CAC CTG CTG GAG GCG GCC GAA GGC CAC GCC AAG GTG GGC CAA GGG ATC AAG ACC GAC ATC CCG CGC TAC ATC ATC AGC CAG CTT GGC CTC GCC AAG GAC CCC CTG GGA GAC ATC ACC CGC CTG GAC CAG TTG GAC TGC AGC TCC CCT GCG GGA CCG GAG CAG CGT GAC AAG TCC CCA GAG AAC CTG TCC ACT GCC CCC GTC CCT CGG CGG CAG CCC TGC GAG AGC GAC TTC GAA ACC ATC AAG CTG GTC AGC AAC GGA GCG TAC GGG GCA GTT TAC CTG GTG CGG CAC AAG GAG ACC CGC CAG CGC TTC GCC ATC AAG AAG ATC AAC AAG CAG AAC CTG GTG CTG CGC AAC CAG ATC CAG CAG GTC TTT GTG GAG CGC GAC ATC CTG ACC TTC GCC GAG AAC CCC TTT GTG GTT AGC ATG TTC TGC TCC TTC GAG ACT CGG CGC CAC CTC TGC ATG GTC ATG GAG TAC GTG GAA GGT GGG GAC TGC GCC ACG CTG CTG AAG AAC ATG GGC CCC CTC CCC GTG GAC ATG GCC CGG ATG TAT TTT GCC GAG ACG GTG CTG GCC CTG GAG TAT CTC CAC AGC TAC GGC ATC GTC CAC CGG GAC CTC AAG CCG GAC AAC CTG CTC ATC ACC TCG ATG GGT CAC ATC AAG CTG ACG GAC TTC GGC CTG TCC AAA ATC GGC CTG ATG AAC CTG ACC ACC AAC CTC TAC GAG GGG CAC ATT GAG AAG GAT GCG CGG GAG TTC ATG GAC AAG CAG GTC TGC GGC ACG CCG GAG TAC ATC GCT CCA GAG GTG ATC CTG ATC CAG GGG TAC GGG AAG CCG GTG GAC TGG TGG GCT ATG GGC ATC ATC CTG TAC GAG TTC CTG GTT GGC TGC GTC CCG TTC TTC GGC GAC ACC CCG GAG GAG CTC TTT GGG CAG GTG ATC AGT GAC GAG ATC ATC TGG CCC GAA GGC GAC GAG GCA CTT CCG GCC GAC GCG CAG GAC CTC ATC ACC CGC CTC CTG CGG CAC TGC CCC ATG GAG CGT CTG GGC ACA GGA GGG GCC CAC GAG GTG AAG CAG CAC CCG TTC TTC CGC GGC CTG GAC TGG AAC GGG CTT CTG CGG CAG AAA GCG GAG TTC GTC CCT CAG CTG GAG GCG GAG GAT GAC ACC AGC TAC TTT GAC ACC CGC TCC GAG CGC TAC CAG CAC CTG GGC TCC GAG GAC GAG GAG ACG CCT GAC GAG GGG TCA TGC CTG GAG ATC CAC CAG TTC TCC TCT TGC TCC CAC CGC TTC AGC AAG GTT TAC GGC AGC TTG GAG CAT CTG GCT ACA CCC TCT GCC CTC AGC TTT GCG GCG CCG GAG CAG GGC CGG GGC GAG GAC AAG GAC GAC CAG GCC GAG CAC TGG GAT CAC GGC TCC GGA GAC GAG GAG AAG AGC CGG CCC CCC GAG ACC CGG CTT CGC GCC TGG ACC TCC TGC GGA TCC ACG GCC CAC GCC TTC CGC CAG GAC TGT GGC CGC AGC CTG CCC ATC CTC AGT GCC ACC TGC AGC CTG GAA GCC ATG CCC AAG TTC GCT GTC TCC TCC GAG GAC GAG AGC CCC TGC CGG GCG CCG GCA AAA CGG GAG CGG CCT GTC TTT GTG GTC GGG GAT TCC GAG CCG GTG GCA GTG CCA CCA CCG AGG GCA CCC GCC AAG GCC CTG CCA CTG GCA GCT GAC CTG GCC AGC TTG AGC TGT GTC CGG CTG CGG AGC AAC AGC ACA GGC ACT AAG AAC GCT GCC CCG CGG GGC TTG GAG CCC GAG GGC AGC CGC CGG CCG GGC AGC CGC AAG GAC CCC CCC GGG AAG CAG CAG CGC CTG TCG TCC GCC GGC AGC AGG GTC CCC AAG TCG GCC TCG GTC GCT GCG CTC TCG CTC GTC ATC AGC TCA GAC GAC TGG GGG GGC GCG ACC CTG AGG AGC CCC GCC TCG CCC CGC TCC CTG CCT TCC AAC CCC TCG TCC CGG GAC TCC TCC CCC AAC CGG GAC CCG CCC CTG GGA GCC CCC AGC CAG CAC CCC CCC GTG GTC ATC CAC AGC TCC GGC AAG AAA TAC GGC TTT GCC CTG CAT GCC ATC CGG GTC TAC ATG GGG GAC AGT GAC GTC TAC ACG GTG CAG CAC ATG GTC TGG AGC GTG GAA GAT GGC AGC CCG GCT CAG GAG GCT GGG CTC CGC GCG GGA GAC CTC ATC ACG CAC GTG AAC GGC GAG TCG GTG CTG GGG CTG GTC CAC ATG GAT GTG GTG GAG CTG CTG CTG AAG AGC GGG AAC AAG GTG GCG CTG CGG ACC ACC GCC CTG GAG AAC ACG ACT ATT CGG GTG GGC CCG GCC CGC AAG AAC AGC TCC AAG ACC CGG ATG GCC CGT CGG AGC AAG AAG AGC CGG AAG CGC GAC AGC CAA GAC CGG AGG AAA TCC CTC TTC AAG AAG ATC TCC AAG CAA ACC TCC GGG CTT TAC CCC AGC CGC AGC TGC TCC TCT GGC CTC CAT CAC TCG CTC TCA TCC GGC GAG AGC CTG CCT GGC TCC CCG ACC CAC AGC CTG TCC CCT GGG CCG ACC CCC CCT TGC CGC AGC CCC GCC CCG GAC CAC CCG CCA GAT TCG GCC TCG CCG CAG AGC ACC TCC CCG TCC TCC AGC ACG CCG ACC TCT CCG GCG GGC CAC ATC CGT CCG AGC TCC CTG CAC GGC CTG GCG CCC AAG CTC GGT GGC CCA CAC TGC AAG GTG AGC CGC CGG AAG TCG GCC AGC AGC ATC CCG CCC TCG CCC TTG GCC TGC ACG CCG TCC GCC GCC CCG CCG CCC CCA TCT CCG CAG AGG TCA CCC TCG CCA CTG CCC CCA TTC GCC AAG GGC GCC CAG GTC TTC CAG GGA AAG GCG CTG TCC CCG CCC GCC CCC GCC CAC CCC CAC AGT GCC GAG GGC CCC CAC TCC CCA CTG CTC AGG CAC GTC CAG TCG GAG AAG AAG CTG GCC GGC GGG CAG AAG CTG GCG CTG GAG ATG CCC GGC TCG GGG GAC GAG GGC TCA GGG GGA GAA GGG GGT GAG GAG AAG GCC CCG CGG AAG CAC GAG GAG GTG GTG GTC ATG CGG CGG CTG AAC CTG TCC GAG CGC CGG GAC TCC TTC AAG AAG CAG GAG GCC GTC CAG GAG GCG AGC TTT GAC GAG CTG GAG CCC AGC AGC GAG GGC CAG GTG GAG GGG GCG CCG GCG GCC TGG CGG AGA GGC TCA CCC GGG GCC TCG TGG CTG GAG GAC AGG CCC TGC CGC CCG CTG CCC GCA GCC GCC CCC CGG CCG CGC CCG GTG CCC CAC ATC GCG GTG CAA GGG GAA GAG CCG GCC GCC TGG GAG TGC CAG GGG CCC TGC CCC GCC CGG CTG GAG GCC CGG GTG TAC ATC CAG CGA GAG GAC GGG ACC ACG GCC GTG GAG TAC ACG AGC GTC TCA TCC CAG CGC CGG GGG AGC CGG GCA CGG TGG GAG CCT TCG CCG CCC CGC CGA GCC GAG CCC CGG ACA CGC GGC GGG GAG AAG GGG ACA GCC CCC GGG GGA CAG TTG TGG GAG GGT CCG GAA AGC CGG CTG CCA GGG GCT GCG GAA GAC CAA GCA GGG GCC CTC GGC CGA GGA CAG AGA GAA GAC CTC GAG 



After deleting gaps. 4365 sites
      2   4365

SEQ1                            ATG CAG GCG CGC CCC TGG AGC TGC CGG AAC AGC AGC CGG AAG AGC CTG GTG GTT GGG AGT CCT TCG CCC ACC CTT TCC CGC CCG CTG TCC CCC CTC TCC GTG CTG ATA GCT GCT GGC AGC CCG GGC AAC AGC CCG CGC AAC TTC GCG ACC GGC GTG TCG GCC AGC TTC CCG TTC GCC CGC AGC CAT GCC CCT CGG ACA GAC AGG GCC GAC GGA CGA AGA TGG TCC CTG GCT TCC CTC CCC TCC TCT GGC TAC GGG ACC AAC ACG CCC AGC TCC ACC ATT TCG TCC TCA TCG TCT TCC TCG CAG GAG CGC CTC CAC CAG TTG CCC TAC CAG CCC ACC CCG GAC GAG CTC CAC TTC CTC TCC AAG CAC TTC CGG AGC ACG GAG AGC GTG GCG GGA GAG GAG GGG CGC CGC TCC CCC TGC TTC CGC CCT CGT TCC CGG AGC CTG AGC CCC GGG CGG ACG AGC GGG ACC ATC GAC AAT GAG ATA GTC ATG ATG AAC CAC GTG TAC AAG GAG CGG TTC CCG AAG GCC ACG GCC CAG ATG GAA GAG CGC CTG GCC GAG GCG ATC GCC AGT TTC TCC CCC AGC GCC ACC TTG CCC CTG GCC GAC GGC GTC CTG GGC TTC ATC CAC CAC CAG ATC GTC GAG CTG GCC CGC GAC TGC CTC GCC AAG GCC CAA GGG GCC CTC ATC ACC TCC CGC TAC TTC ATG GAG CTG CAA GAG AAG CTG GAG AAG ATG CTG AGG GAT GCC CAG GAG CGC TCA GAG AGC GAG GAG CTG CGC TTC GTC GAA CAG CTG GCC CGG AAG CTG CTG CTC ATC GTC TCC CGG CCA GCC CGG CTG CTG GAG TGT TTG GAG TTT GAC CCG GAG GAG TTC TAC CAC CTG CTG GAG GCG GCC GAA GGC CAC GCC AAG GTG GGC CAA GGG ATC AAG ACC GAC ATC CCG CGC TAC ATC ATC AGC CAG CTT GGC CTC GCC AAG GAC CCC CTG GGA GAC ATC GCC CGC CTG GAC CAG TTG GAC TGC AGC TCC CCT GCG GGA CCG GAG CAG CGC AAC AAG CCC CCA GAG AAC CCG TCC ACT GCC CCC GTC CCT CGG CGG CAG CCC TGC GAG AGC GAC TTC GAA ACC ATC AAG CTG GTC AGC AAC GGA GTG TAC GGG GCT GTT TAC CTG GTG CGG CAC AAG GAG ACC CGC CAG CGC TTC GCC ATC AAG AAG ATC AAC AAG CAG AAC CTG GTG CTG CGC AAC CAG ATC CAG CAG GTC TTT GTG GAG CGC GAC ATC CTG ACC TTC GCC GAG AAC CCC TTT GTG GTC AGC ATG TTC TGC TCC TTC GAG ACT CGG CGC CAC CTC TGC ATG GTC ATG GAG TAC GTG GAA GGT GGG GAC TGC GCC ACG CTG CTG AAC AAC ATG GGC CCC CTC CCC GTG GAC ATG GCC CAG ATG TAT TTT GCC GAG ACG GTG CTG GCC CTG GAG TAT CTC CAC AGC TAC GGC ATC GTC CAC CGG GAC CTC AAG CCG GAC AAC CTG CTC ATC ACC TCG ATG GGT CAC ATC AAG CTG ACG GAC TTC GGC CTG TCC AAA ATC GGC CTG ATG AAC CTG ACC ACC AAC CTC TAC GAG GGG CAC ATT GAG AAG GAT GCG CGG GAG TTC ATG GAC AAG CAG GTC TGC GGC ACG CCG GAG TAC ATC GCC CCA GAG GTG ATC CTG ATC CAG GGG TAC GGG AAG CCG GTG GAC TGG TGG GCT ATG GGC ATC ATC CTG TAC GAG TTC CTG GTC GGC TGC GTC CCG TTC TTC GGC GAC ACC CCG GAG GAG CTC TTC GGG CAG GTG ATC AGT GAC GAG ATC ATC TGG CCC GAA GGC GAC GAG GCG CTT CCA GCC GAC GCG CAG GAC CTC ATC ACC CGC CTC CTG CGG CAC TGC CCC ATG GAG CGT CTG GGC ACA GGA GGG GCC CAC GAG GTG AAG CAG CAC CCG TTC TTC CGT GGC CTG GAC TGG AAC GGG CTT CTG CGG CAG AAA GCG GAG TTC GTC CCT CAG CTG GAG GCG GAG GAC GAC ACC AGC TAC TTT GAC ACC CGC TCC GAG CGC TAC CAG CAC CTG GGC TCC GAG GAC GAG GAG ACG CCT GAC GAG GGG TCA TGC CTG GAG ATC CAC CAG TTC TCC TCT TGC TCC CAC CGC TTC AGC AAG GTT TAC GGC AGC TTG GAG CAT CTG GGT ACC CCC TCT GCC CTC AGC TTT GCG GCG CCG GAG CAG GGC CGG GGC GAG GAC AAG GAC GAC CGG GCC GAG CAC TGG GAT CAC GGC TCC GGA GAC GAG GAG AAG AGC CGG CCC CCC GAG ACC CGG CTT CAC GCC TGG ACC TCC TGC GGA TCC ACG GCC CAC GCC TTC CGC CAG GAC TGT GGC CGC AGC CTG CCC ATC CTC AGT GCC ACC TGC AGC CTG GAA GCC ATG CCC AAG TTC GCT GTC TCC TCC GAG GAC AAG AGC CCC TGC CGG GCG CCG GCA AAA CGG GAG CGG CCC GTC TTT GTG GTT GGG GAT TCC GAG CCG GTG GCG GTG CCA CCA CCG AGG GCA CCC GCC AAG GCC CTG CCA CTG GCA GCT GAC CTG GCC AGC TTG AGC TGC GTC CGG CTG CGG AGC AAC AGC ACA GGC ACT AAG AAC GCC GCC CCG CGG GGC TTG GAG CCC GAG GGC AGC TGC CGG CCG GGC AGC CGC AAG GAC CCC CCC GGG AAG CAG CAG CGC CTG TCG TCC GCC GGC CGC AGG GTC CCC AAG TCG GCC TCG GTC GCT GCG CTC TCG CTC GTC ATC AGC TCA GAC GAC TGG GGG GGC GCG ACC CTG AGG AGC CCC GCC TCG CCC CGC TCC CTG CCT TCC AAC CCC TTG TCC CGG GAC TCC TCC CCC AGC CGG GAC CCG CCC CTG GGA GCC CCC AGC CAG CAC CCC CCT GTG GTC ATC CAC AGC TCC GGC AAG AAA TAC GGC TTT GCC CTG CGT GCC ATC CGG GTC TAC ATG GGG GAC AGT GAC GTC TAC ACG GTG CAG CAC ATG GTC TGG AGC GTG GAA GAT GGC AGC CCG GCT CAG GAG GCT GGG CTC CGC GCG GGA GAC CTC ATC ACG CAC GTG AAC GGC GAG TCG GTG CTG GGG CTG GTC CAC ATG GAT GTG GTG GAG CTG CTG CTG AAG AGC GGG AAC AAG GTG GCG CTG CGG ACC ACC GCC CTG GAG AAC ACG ACT ATT CGG GTG GGC CCG GTC CGC AAG AAC AGC TCC AAG ACC CGA ATG GCC CGT CGG AGC AAG AAG AGC CGG AAG CGC GAC AGC CAA GAC CGG AGG AAA TCC CTC TTC AAG AAG ATC TCC AAG CAA ACC TCC GGG CTT TAC CCC AGC CGC AGC TTC TCC TCT GGC CTC CAT CAC TCG CTC TCG TCC GGC GAG AGC CTG CCT GGC TCC CCG ACC CAC AGC CTG TCC CCT GGG CCG ACC CCC CCT TGC CGC AGC CCT GCC CCG GAC CAC CCG CCA GAT TCG GCC TTG CCG CAG AGC ACC TCC CCG TCC TCC AGC ACG CCG ACC TCT CCG GCG GGC CAC ATC CGT CCG AGC TCC CTG CAC GGC CTG GCG CCC AAG CTC GGT GGC CCG CAC TGC AAG GTG GGC CGC CGG AAG TCG GCC AGC AGC ATC CCG CCC TCG CCC TTG GCC TGC ACG CCG TCC GCC GCC CCG CCG CCC CCA TCT CCG CAG AGG TCA CCC TCG CCG CTG CCC CCA TTC GCC AAG GGC GCC CAG GTC TTC CAG GGA AAG GCG CTG TCC CCG CCC GCC CCC GCC CAC CCC CAT GGC GCC GAG GGC CCC CGC TCC CCA CTG CTC AGG CAC GTC CAG TCG GAG AAG AAG GTG GCT GGC GGG CAG AAG CTG GCG CTG GAG ATG CCC GGC TTG GGG GAC GAG GGC TCA GGG GGA GAA GGG GGT GAG GAG AAG GCC CCG CAG AAG CAC GAG GAG GTG GTG GTC ATG TGG CGG CTG AAC CTG TCC GAG TGC CGG GAC TCC TTC AAG AAG CAG GAG GCC GTC CAG GAG GCG AGC TTT GAC GAG CTG GAG CCC AGC AGC GAG GGC CAG GCG GAG GGG GCG CCG GCA GCC TGG CGG AGA GGC CCC CCC GGG GCC TCG TGG CTG GAG GAC AGG CCC TGC CGC CCG CTG CCC GCA GCC GCC CCC CGG CCA TGC CCG GTG CCC CAC ATC GCG GTG CAA GGG GAA GAG CCG GCC GCC TGG GAG TGC CAG GGG CCC TGC CCC GCC CGG CTG GAG GCC CGG GTG TAC ATC CAG CGA GAG GAC GGG ACC ACG GCC GTG GAG TAC ACG AGT GTC TCG TCC CAG CGC CAG GGG AGC CGG GCA CGG TGG GAG CCT TCG CTG CCC CGC CGA GCC AAG CCC CGG ACA CGC GGC GGG GAG AAG GGG ACG GCC CCC GGG GGA CAG TTG TGG GAG GGT CCG GAA AGC CGG CTG CCG GGG GCT GCG GAA GAC CAA GCA GGG GCC CTC GGC CGA GGA CAG AGA GAA GAC CTC GAG 
SEQ2                            TCG CAG GCG CGC TCC ATG AGC TGC CGG AAC AGC AGC CGG AAG AGC CTG GTG GTT GGG AGT CCT TCG CCC ACC CTT TCC CGC CCA CTG TCC CCC CTC TCC GTG CTG ACA GCT GCT GGC AGC CCA GGC AAC AGC CCG CGC AAC TTC GCG ACT GGC GCG TCA GCC AGC TTC CCG TTC GCC CGC AGC CAT GCC CCT CGG ACA GAC AGG GCC GAC GGA CGA AGA TGG TCC CTG GCT TCC CTC CCC TCC TCT GGC TAC GGG ACC AAC ACG CCC AGC TCC ACC ATT TCG TCC TCG TCG TCT TCC TCG CAG GAG CAC CTC CAC CAG TTG CCC TAC CAG CCC ACC CCG GAC GAG CTC CAC TTT CTC TCC AAG CAC TTC CGG AGC ACG GAG AGC GTG GCG GGA GAG GAG GGG CGC CGC TCC CCC TGC TTC CGC CCT CGT TCC CGG AGC CTG AGC CCC GGG CGG ACG AGC GGG ACC ATC GAC AAT GAG ATA GTC ATG ATG AAC CAC GTG TAC AAG GAG CGG TTC CCG AAG GCC ACG GCC CAG ATG GAA GAG CGC CTG GCC GAG GCG ATC GCC AGT TTC TCC CCC AGC GCC ACC TTG CCC CTG GCC GAC GGC GTC CTG GGC TTC ATC CAC CAC CAG ATC GTC GAG CTG GCC CGT GAC TGC CTC GCC AAG GCC CAA GGG GCC CTC ATC ACC TCC CGC TAC TTC ATG GAG CTG CAA GAG AAG CTG GAG AAG ATG CTG AGG GAT GCC CAG GAG CGC TCA GAG AGC GAG GAG CTG CGC TTT GTC GAA CAG CTG GCC CGG AAG CTG CTG CTC ATC GTC TCC CGG CCA GCC CGG CTG CTG GAG TGT TTG GAG TTT GAC CCG GAG GAG TTC TAC CAC CTG CTG GAG GCG GCC GAA GGC CAC GCC AAG GTG GGC CAA GGG ATC AAG ACC GAC ATC CCG CGC TAC ATC ATC AGC CAG CTT GGC CTC GCC AAG GAC CCC CTG GGA GAC ATC ACC CGC CTG GAC CAG TTG GAC TGC AGC TCC CCT GCG GGA CCG GAG CAG CGT GAC AAG TCC CCA GAG AAC CTG TCC ACT GCC CCC GTC CCT CGG CGG CAG CCC TGC GAG AGC GAC TTC GAA ACC ATC AAG CTG GTC AGC AAC GGA GCG TAC GGG GCA GTT TAC CTG GTG CGG CAC AAG GAG ACC CGC CAG CGC TTC GCC ATC AAG AAG ATC AAC AAG CAG AAC CTG GTG CTG CGC AAC CAG ATC CAG CAG GTC TTT GTG GAG CGC GAC ATC CTG ACC TTC GCC GAG AAC CCC TTT GTG GTT AGC ATG TTC TGC TCC TTC GAG ACT CGG CGC CAC CTC TGC ATG GTC ATG GAG TAC GTG GAA GGT GGG GAC TGC GCC ACG CTG CTG AAG AAC ATG GGC CCC CTC CCC GTG GAC ATG GCC CGG ATG TAT TTT GCC GAG ACG GTG CTG GCC CTG GAG TAT CTC CAC AGC TAC GGC ATC GTC CAC CGG GAC CTC AAG CCG GAC AAC CTG CTC ATC ACC TCG ATG GGT CAC ATC AAG CTG ACG GAC TTC GGC CTG TCC AAA ATC GGC CTG ATG AAC CTG ACC ACC AAC CTC TAC GAG GGG CAC ATT GAG AAG GAT GCG CGG GAG TTC ATG GAC AAG CAG GTC TGC GGC ACG CCG GAG TAC ATC GCT CCA GAG GTG ATC CTG ATC CAG GGG TAC GGG AAG CCG GTG GAC TGG TGG GCT ATG GGC ATC ATC CTG TAC GAG TTC CTG GTT GGC TGC GTC CCG TTC TTC GGC GAC ACC CCG GAG GAG CTC TTT GGG CAG GTG ATC AGT GAC GAG ATC ATC TGG CCC GAA GGC GAC GAG GCA CTT CCG GCC GAC GCG CAG GAC CTC ATC ACC CGC CTC CTG CGG CAC TGC CCC ATG GAG CGT CTG GGC ACA GGA GGG GCC CAC GAG GTG AAG CAG CAC CCG TTC TTC CGC GGC CTG GAC TGG AAC GGG CTT CTG CGG CAG AAA GCG GAG TTC GTC CCT CAG CTG GAG GCG GAG GAT GAC ACC AGC TAC TTT GAC ACC CGC TCC GAG CGC TAC CAG CAC CTG GGC TCC GAG GAC GAG GAG ACG CCT GAC GAG GGG TCA TGC CTG GAG ATC CAC CAG TTC TCC TCT TGC TCC CAC CGC TTC AGC AAG GTT TAC GGC AGC TTG GAG CAT CTG GCT ACA CCC TCT GCC CTC AGC TTT GCG GCG CCG GAG CAG GGC CGG GGC GAG GAC AAG GAC GAC CAG GCC GAG CAC TGG GAT CAC GGC TCC GGA GAC GAG GAG AAG AGC CGG CCC CCC GAG ACC CGG CTT CGC GCC TGG ACC TCC TGC GGA TCC ACG GCC CAC GCC TTC CGC CAG GAC TGT GGC CGC AGC CTG CCC ATC CTC AGT GCC ACC TGC AGC CTG GAA GCC ATG CCC AAG TTC GCT GTC TCC TCC GAG GAC GAG AGC CCC TGC CGG GCG CCG GCA AAA CGG GAG CGG CCT GTC TTT GTG GTC GGG GAT TCC GAG CCG GTG GCA GTG CCA CCA CCG AGG GCA CCC GCC AAG GCC CTG CCA CTG GCA GCT GAC CTG GCC AGC TTG AGC TGT GTC CGG CTG CGG AGC AAC AGC ACA GGC ACT AAG AAC GCT GCC CCG CGG GGC TTG GAG CCC GAG GGC AGC CGC CGG CCG GGC AGC CGC AAG GAC CCC CCC GGG AAG CAG CAG CGC CTG TCG TCC GCC GGC AGC AGG GTC CCC AAG TCG GCC TCG GTC GCT GCG CTC TCG CTC GTC ATC AGC TCA GAC GAC TGG GGG GGC GCG ACC CTG AGG AGC CCC GCC TCG CCC CGC TCC CTG CCT TCC AAC CCC TCG TCC CGG GAC TCC TCC CCC AAC CGG GAC CCG CCC CTG GGA GCC CCC AGC CAG CAC CCC CCC GTG GTC ATC CAC AGC TCC GGC AAG AAA TAC GGC TTT GCC CTG CAT GCC ATC CGG GTC TAC ATG GGG GAC AGT GAC GTC TAC ACG GTG CAG CAC ATG GTC TGG AGC GTG GAA GAT GGC AGC CCG GCT CAG GAG GCT GGG CTC CGC GCG GGA GAC CTC ATC ACG CAC GTG AAC GGC GAG TCG GTG CTG GGG CTG GTC CAC ATG GAT GTG GTG GAG CTG CTG CTG AAG AGC GGG AAC AAG GTG GCG CTG CGG ACC ACC GCC CTG GAG AAC ACG ACT ATT CGG GTG GGC CCG GCC CGC AAG AAC AGC TCC AAG ACC CGG ATG GCC CGT CGG AGC AAG AAG AGC CGG AAG CGC GAC AGC CAA GAC CGG AGG AAA TCC CTC TTC AAG AAG ATC TCC AAG CAA ACC TCC GGG CTT TAC CCC AGC CGC AGC TGC TCC TCT GGC CTC CAT CAC TCG CTC TCA TCC GGC GAG AGC CTG CCT GGC TCC CCG ACC CAC AGC CTG TCC CCT GGG CCG ACC CCC CCT TGC CGC AGC CCC GCC CCG GAC CAC CCG CCA GAT TCG GCC TCG CCG CAG AGC ACC TCC CCG TCC TCC AGC ACG CCG ACC TCT CCG GCG GGC CAC ATC CGT CCG AGC TCC CTG CAC GGC CTG GCG CCC AAG CTC GGT GGC CCA CAC TGC AAG GTG AGC CGC CGG AAG TCG GCC AGC AGC ATC CCG CCC TCG CCC TTG GCC TGC ACG CCG TCC GCC GCC CCG CCG CCC CCA TCT CCG CAG AGG TCA CCC TCG CCA CTG CCC CCA TTC GCC AAG GGC GCC CAG GTC TTC CAG GGA AAG GCG CTG TCC CCG CCC GCC CCC GCC CAC CCC CAC AGT GCC GAG GGC CCC CAC TCC CCA CTG CTC AGG CAC GTC CAG TCG GAG AAG AAG CTG GCC GGC GGG CAG AAG CTG GCG CTG GAG ATG CCC GGC TCG GGG GAC GAG GGC TCA GGG GGA GAA GGG GGT GAG GAG AAG GCC CCG CGG AAG CAC GAG GAG GTG GTG GTC ATG CGG CGG CTG AAC CTG TCC GAG CGC CGG GAC TCC TTC AAG AAG CAG GAG GCC GTC CAG GAG GCG AGC TTT GAC GAG CTG GAG CCC AGC AGC GAG GGC CAG GTG GAG GGG GCG CCG GCG GCC TGG CGG AGA GGC TCA CCC GGG GCC TCG TGG CTG GAG GAC AGG CCC TGC CGC CCG CTG CCC GCA GCC GCC CCC CGG CCG CGC CCG GTG CCC CAC ATC GCG GTG CAA GGG GAA GAG CCG GCC GCC TGG GAG TGC CAG GGG CCC TGC CCC GCC CGG CTG GAG GCC CGG GTG TAC ATC CAG CGA GAG GAC GGG ACC ACG GCC GTG GAG TAC ACG AGC GTC TCA TCC CAG CGC CGG GGG AGC CGG GCA CGG TGG GAG CCT TCG CCG CCC CGC CGA GCC GAG CCC CGG ACA CGC GGC GGG GAG AAG GGG ACA GCC CCC GGG GGA CAG TTG TGG GAG GGT CCG GAA AGC CGG CTG CCA GGG GCT GCG GAA GAC CAA GCA GGG GCC CTC GGC CGA GGA CAG AGA GAA GAC CTC GAG 



Printing out site pattern counts


         2        333  P

SEQ1                            AAA AAC AAC AAC AAG AAG AAT ACA ACC ACC ACC ACG ACG ACT AGA AGC AGC AGG AGT AGT ATA ATA ATC ATG ATG ATT CAA CAC CAC CAG CAG CAT CAT CCA CCA CCC CCC CCC CCC CCG CCG CCG CCT CCT CGA CGA CGC CGC CGC CGC CGG CGG CGT CGT CGT CTC CTG CTG CTT GAA GAC GAC GAG GAT GCA GCA GCC GCC GCC GCG GCG GCG GCT GCT GCT GGA GGC GGC GGC GGG GGT GGT GTC GTC GTC GTG GTG GTG GTT GTT TAC TAT TCA TCA TCC TCG TCG TCT TGC TGC TGC TGG TGG TGG TGT TTC TTC TTC TTG TTG TTT 
SEQ2                            ... ... ..G G.. ... G.. ... ... ..A ... ..T ..A ... ... ... .A. ... ... ..C ... .C. ... ... ... TC. ... ... ... .G. ... .G. ..C ... ... ..G ... ..T T.A T.. ..A ... .T. ..C ... ... ..G A.. .A. ... ..T .A. ... .A. ..C ... ... .C. ... ... ... ... ..T ... ... ... ..G A.. ... ..T ..A ... .T. ..A ..C ... ... A.. A.T ... ... .C. ... .C. ... ..T C.. .C. ... ..C ... ... ... ... ..G ... ..A ... ... C.. ... ..T AT. C.. ... ... .G. ... ..T .C. ... ... 

    5   24    1    1   56    2    1    4    1   31    1    1   17    4    3
    1   62    9    1    5    1    1   40   23    1    3    7   38    1   47
    3    1    3   10    2   60    1    1    2    5   43    1    2   12    4
    1    1    2   37    2    1   47    1    1    4   31    1   81    6   13
   56    1   95    7    6    1    1   73    2    2   25    1    1    1   10
   14    1    1   52   40    1    5    1   29    2    1    2   35    1    3
   23    2    5    1   54    3   19    7    3   22    1    1    1   14    2
    1   31    3    3    9    9

YN00 paml/jobs/LOCW_00021355__LOC_00019370/LOCW_00021355__LOC_00019370.phy

ns =   2	ls =1455

Codon position x base (3x4) table for each sequence.

SEQ1                
position  1:    T:0.14708    C:0.31546    A:0.20550    G:0.33196
position  2:    T:0.21856    C:0.28179    A:0.26598    G:0.23368
position  3:    T:0.06392    C:0.47766    A:0.05361    G:0.40481

SEQ2                
position  1:    T:0.14639    C:0.31615    A:0.20619    G:0.33127
position  2:    T:0.21375    C:0.28729    A:0.26667    G:0.23230
position  3:    T:0.06804    C:0.47079    A:0.05979    G:0.40137

Average
position  1:    T:0.14674    C:0.31581    A:0.20584    G:0.33162
position  2:    T:0.21615    C:0.28454    A:0.26632    G:0.23299
position  3:    T:0.06598    C:0.47423    A:0.05670    G:0.40309

Codon usage for each species
----------------------------------------------------------------------
Phe TTT   9  12 | Ser TCT   7   7 | Tyr TAT   2   2 | Cys TGT   2   3
    TTC  35  31 |     TCC  54  56 |     TAC  23  23 |     TGC  26  23
Leu TTA   0   0 |     TCA   6   9 | *** TAA   0   0 | *** TGA   0   0
    TTG  12   9 |     TCG  22  24 |     TAG   0   0 | Trp TGG  16  14
----------------------------------------------------------------------
Leu CTT   6   6 | Pro CCT  14  13 | His CAT   4   4 | Arg CGT   6   6
    CTC  31  31 |     CCC  64  62 |     CAC  39  41 |     CGC  42  42
    CTA   0   0 |     CCA  12  15 | Gln CAA   7   7 |     CGA   5   4
    CTG  82  83 |     CCG  49  46 |     CAG  50  48 |     CGG  48  52
----------------------------------------------------------------------
Ile ATT   3   3 | Thr ACT   4   5 | Asn AAT   1   1 | Ser AGT   6   6
    ATC  40  40 |     ACC  33  32 |     AAC  26  25 |     AGC  63  65
    ATA   2   1 |     ACA   4   7 | Lys AAA   5   5 | Arg AGA   3   3
Met ATG  24  24 |     ACG  18  17 |     AAG  58  57 |     AGG   9   9
----------------------------------------------------------------------
Val GTT   4   5 | Ala GCT  12  13 | Asp GAT   7   8 | Gly GGT   6   5
    GTC  32  30 |     GCC  76  75 |     GAC  57  57 |     GGC  54  52
    GTA   0   0 |     GCA   7   9 | Glu GAA  13  13 |     GGA  14  14
    GTG  38  36 |     GCG  28  28 |     GAG  95  97 |     GGG  40  40
----------------------------------------------------------------------


Sums
------------------------------------------------------
Phe TTT  21 | Ser TCT  14 | Tyr TAT   4 | Cys TGT   5
    TTC  66 |     TCC 110 |     TAC  46 |     TGC  49
Leu TTA   0 |     TCA  15 | *** TAA   0 | *** TGA   0
    TTG  21 |     TCG  46 |     TAG   0 | Trp TGG  30
------------------------------------------------------
Leu CTT  12 | Pro CCT  27 | His CAT   8 | Arg CGT  12
    CTC  62 |     CCC 126 |     CAC  80 |     CGC  84
    CTA   0 |     CCA  27 | Gln CAA  14 |     CGA   9
    CTG 165 |     CCG  95 |     CAG  98 |     CGG 100
------------------------------------------------------
Ile ATT   6 | Thr ACT   9 | Asn AAT   2 | Ser AGT  12
    ATC  80 |     ACC  65 |     AAC  51 |     AGC 128
    ATA   3 |     ACA  11 | Lys AAA  10 | Arg AGA   6
Met ATG  48 |     ACG  35 |     AAG 115 |     AGG  18
------------------------------------------------------
Val GTT   9 | Ala GCT  25 | Asp GAT  15 | Gly GGT  11
    GTC  62 |     GCC 151 |     GAC 114 |     GGC 106
    GTA   0 |     GCA  16 | Glu GAA  26 |     GGA  28
    GTG  74 |     GCG  56 |     GAG 192 |     GGG  80
------------------------------------------------------



(A) Nei-Gojobori (1986) method



Nei & Gojobori 1986. dN/dS (dN, dS)
(Note: This matrix is not used in later ML. analysis.
Use runmode = -2 for ML pairwise comparison.)

SEQ1                
SEQ2                 0.3491 (0.0128 0.0365)


(B) Yang & Nielsen (2000) method

Yang Z, Nielsen R (2000) Estimating synonymous and nonsynonymous substitution rates under realistic evolutionary models. Mol. Biol. Evol. 17:32-43

(equal weighting of pathways)

seq. seq.     S       N        t   kappa   omega     dN +- SE    dS +- SE

   2    1   655.9  3709.1   0.0577 23.0057  0.1722 0.0112 +- 0.0017  0.0648 +- 0.0106


(C) LWL85, LPB93 & LWLm methods

Li W.-H., C.-I. Wu, Luo (1985) A new method for estimating synonymous and nonsynonymous rates of nucleotide substitutions considering the relative likelihood of nucleotide and codon changes. Mol. Biol. Evol. 2: 150-174.
Li W-H (1993) Unbiased estimation of the rates of synonymous and nonsynonymous substitution. J. Mol. Evol. 36:96-99
Pamilo P, Bianchi NO (1993) Evolution of the Zfx and Zfy genes - rates and interdependence between the genes. Mol. Biol. Evol. 10:271-281
Yang Z (2006) Computational Molecular Evolution. Oxford University Press, Oxford. Eqs. 2.12 & 2.13

2 (SEQ2) vs. 1 (SEQ1)

L(i):     2789.5     754.5     821.0  sum=   4365.0
Ns(i):   32.5000    8.0000   29.5000  sum=  70.0000
Nv(i):    6.5000    1.5000    3.0000  sum=  11.0000
A(i):     0.0118    0.0107    0.0374
B(i):     0.0023    0.0020    0.0037
LWL85:  dS =  0.0390 dN =  0.0124 w = 0.3190 S = 1072.5 N = 3292.5
LWL85m: dS =  0.0277 dN =  0.0143 w = 0.5170 S = 1508.2 N = 2856.8 (rho = 0.911)
LPB93:  dS =  0.0283 dN =  0.0141 w = 0.4972

