      2    330

SEQ1                            ATG ACC TCA AAG GCT AAG AAG TGG GGA GTG CTC CCC ACA CAC CCC GAG CCC CCC AAC ACG GAA CAG ATT CTC GAG GAC GTC CAG CGC ACC CAA CCC AAC GAC CCT GTC TTT GTC CTC CTG GCT GAG CCC AGC GAA GAT CTG CCT ACT CCA GCC AAA AAC GAA GAC CCT GAA GCC AAG CGA GAA CGC CTC TAC CGG CTG ACC CAG TCC TAT GTG GAG ATG AAC CAC CGC CTT CAA AAG GCC TGC AGC CTG CTC AAG GAG AAG TGT GAG GAG CTC AAG CTA GCC GGC GCA ACC CTG GAG CAG GGC ATC CTG GAG ATG AAG CAG AGG GCC TTG 
SEQ2                            ATG ACC TCA AAG GCT AAG AAG CGG GGA GTG CTC CCC ACA CGC CCC GAG CCC CCC AAC ACG GAA CAG ATT CTC GAG GAC GTC CAG CGC GCC CAA CCC AAC GAC CCT GTC TTT GTC CTC CTA GCC GAG CCC AGC GAA GAT CTG CCT ACT CCA GCC AAA AAC GAA GAC CCT GAA GCC AAG CGG GAA CGC CTC TAC CGG CTG ACC CAG TCC TAT GTG GAG ATG AAC CAC CGC CTT CAA AAG GCC TGC AGC CTG CTC AAG GAG AAG TGC GAG GAG CTC AAG CTA GCC GGC GCA ACC CTG GAG CAG GGC ATC CTG GAG ATG AAG CAG AGG GCC TTG 



Printing out site pattern counts


         2        147  P

SEQ1                            AAA AAC AAG ACA ACC ACC ACG ACT AGC AGG ATC ATG ATT CAA CAC CAC CAG CCA CCC CCT CGA CGC CGG CTA CTC CTG CTG CTT GAA GAC GAG GAT GCA GCC GCT GCT GGA GGC GTC GTG TAC TAT TCA TCC TGC TGG TGT TTG TTT 
SEQ2                            ... ... ... ... ... G.. ... ... ... ... ... ... ... ... ... .G. ... ... ... ... ..G ... ... ... ... ..A ... ... ... ... ... ... ... ... ..C ... ... ... ... ... ... ... ... ... ... C.. ..C ... ... 

    1    4    9    1    3    1    1    1    2    1    1    3    1    2    1
    1    5    1    6    3    1    3    1    1    6    1    5    1    5    3
    9    1    1    5    1    1    1    2    3    2    1    1    1    1    1
    1    1    1    1

YN00 paml/jobs/LOCW_00021315__LOC_00019278/LOCW_00021315__LOC_00019278.phy

ns =   2	ls = 110

Codon position x base (3x4) table for each sequence.

SEQ1                
position  1:    T:0.08182    C:0.34545    A:0.26364    G:0.30909
position  2:    T:0.23636    C:0.24545    A:0.39091    G:0.12727
position  3:    T:0.10909    C:0.40000    A:0.13636    G:0.35455

SEQ2                
position  1:    T:0.07273    C:0.35455    A:0.25455    G:0.31818
position  2:    T:0.23636    C:0.24545    A:0.38182    G:0.13636
position  3:    T:0.09091    C:0.41818    A:0.13636    G:0.35455

Average
position  1:    T:0.07727    C:0.35000    A:0.25909    G:0.31364
position  2:    T:0.23636    C:0.24545    A:0.38636    G:0.13182
position  3:    T:0.10000    C:0.40909    A:0.13636    G:0.35455

Codon usage for each species
----------------------------------------------------------------------
Phe TTT   1   1 | Ser TCT   0   0 | Tyr TAT   1   1 | Cys TGT   1   0
    TTC   0   0 |     TCC   1   1 |     TAC   1   1 |     TGC   1   2
Leu TTA   0   0 |     TCA   1   1 | *** TAA   0   0 | *** TGA   0   0
    TTG   1   1 |     TCG   0   0 |     TAG   0   0 | Trp TGG   1   0
----------------------------------------------------------------------
Leu CTT   1   1 | Pro CCT   3   3 | His CAT   0   0 | Arg CGT   0   0
    CTC   6   6 |     CCC   6   6 |     CAC   2   1 |     CGC   3   4
    CTA   1   2 |     CCA   1   1 | Gln CAA   2   2 |     CGA   1   0
    CTG   6   5 |     CCG   0   0 |     CAG   5   5 |     CGG   1   3
----------------------------------------------------------------------
Ile ATT   1   1 | Thr ACT   1   1 | Asn AAT   0   0 | Ser AGT   0   0
    ATC   1   1 |     ACC   4   3 |     AAC   4   4 |     AGC   2   2
    ATA   0   0 |     ACA   1   1 | Lys AAA   1   1 | Arg AGA   0   0
Met ATG   3   3 |     ACG   1   1 |     AAG   9   9 |     AGG   1   1
----------------------------------------------------------------------
Val GTT   0   0 | Ala GCT   2   1 | Asp GAT   1   1 | Gly GGT   0   0
    GTC   3   3 |     GCC   5   7 |     GAC   3   3 |     GGC   2   2
    GTA   0   0 |     GCA   1   1 | Glu GAA   5   5 |     GGA   1   1
    GTG   2   2 |     GCG   0   0 |     GAG   9   9 |     GGG   0   0
----------------------------------------------------------------------


Sums
------------------------------------------------------
Phe TTT   2 | Ser TCT   0 | Tyr TAT   2 | Cys TGT   1
    TTC   0 |     TCC   2 |     TAC   2 |     TGC   3
Leu TTA   0 |     TCA   2 | *** TAA   0 | *** TGA   0
    TTG   2 |     TCG   0 |     TAG   0 | Trp TGG   1
------------------------------------------------------
Leu CTT   2 | Pro CCT   6 | His CAT   0 | Arg CGT   0
    CTC  12 |     CCC  12 |     CAC   3 |     CGC   7
    CTA   3 |     CCA   2 | Gln CAA   4 |     CGA   1
    CTG  11 |     CCG   0 |     CAG  10 |     CGG   4
------------------------------------------------------
Ile ATT   2 | Thr ACT   2 | Asn AAT   0 | Ser AGT   0
    ATC   2 |     ACC   7 |     AAC   8 |     AGC   4
    ATA   0 |     ACA   2 | Lys AAA   2 | Arg AGA   0
Met ATG   6 |     ACG   2 |     AAG  18 |     AGG   2
------------------------------------------------------
Val GTT   0 | Ala GCT   3 | Asp GAT   2 | Gly GGT   0
    GTC   6 |     GCC  12 |     GAC   6 |     GGC   4
    GTA   0 |     GCA   2 | Glu GAA  10 |     GGA   2
    GTG   4 |     GCG   0 |     GAG  18 |     GGG   0
------------------------------------------------------



(A) Nei-Gojobori (1986) method



Nei & Gojobori 1986. dN/dS (dN, dS)
(Note: This matrix is not used in later ML. analysis.
Use runmode = -2 for ML pairwise comparison.)

SEQ1                
SEQ2                 0.2342 (0.0121 0.0517)


(B) Yang & Nielsen (2000) method

Yang Z, Nielsen R (2000) Estimating synonymous and nonsynonymous substitution rates under realistic evolutionary models. Mol. Biol. Evol. 17:32-43

(equal weighting of pathways)

seq. seq.     S       N        t   kappa   omega     dN +- SE    dS +- SE

   2    1    76.0   254.0   0.0652  4.6000  0.2181 0.0119 +- 0.0069  0.0546 +- 0.0275


(C) LWL85, LPB93 & LWLm methods

Li W.-H., C.-I. Wu, Luo (1985) A new method for estimating synonymous and nonsynonymous rates of nucleotide substitutions considering the relative likelihood of nucleotide and codon changes. Mol. Biol. Evol. 2: 150-174.
Li W-H (1993) Unbiased estimation of the rates of synonymous and nonsynonymous substitution. J. Mol. Evol. 36:96-99
Pamilo P, Bianchi NO (1993) Evolution of the Zfx and Zfy genes - rates and interdependence between the genes. Mol. Biol. Evol. 10:271-281
Yang Z (2006) Computational Molecular Evolution. Oxford University Press, Oxford. Eqs. 2.12 & 2.13

2 (SEQ2) vs. 1 (SEQ1)

L(i):      212.0      63.0      55.0  sum=    330.0
Ns(i):    2.5000    1.5000    3.0000  sum=   7.0000
Nv(i):    0.0000    0.0000    0.0000  sum=   0.0000
A(i):     0.0119    0.0244    0.0578
B(i):    -0.0000   -0.0000   -0.0000
LWL85:  dS =  0.0620 dN =  0.0100 w = 0.1606 S =   76.0 N =  254.0
LWL85m: dS =  0.0399 dN =  0.0119 w = 0.2988 S =  118.0 N =  212.0 (rho = 1.000)
LPB93:  dS =  0.0399 dN =  0.0119 w = 0.2988

