      2   3351

SEQ1                            ATG CTT CCC CTC GGT GAA GAC ACC CCA TTG ATT GGC CAT CGG ACC AAC AGC CTT TCC TGC AGC AGT TCA GGC ATC CTT CTG GTA CAC CTT TAT CAC CAG CCA AAC TCT GCC CAG CTG GCC CCA GAT ACG GAT GGG AGT TTA TGC TTC ACC TTT GGG GAG TAC ACT GCG GAG GAG CTA TGC ACA TCA GCT GCC AAA GCA TGT GGG ATC CTT CCT GTC TGC CAC AGC CTC TTC TCG CTG GCC ACG GAG GAC CTC TCG TGC TGG TTC CCC CCC AAC CAC GTC TTC ACC GTG GAC GAG TCT TTC AGC CAA ACG GTC GTC TAT AGG ATC AGG TTC TTG TTC CCT GAC TGG TTT GGG CCC AGA AAA TCC TAT CGC TTT GGC CTG ATG GGC AAC TGT GAA AAC CCG GTG TTG GAT TAT CCG ATG ATC GAT TAT CTC TTT GCT CAA ACC CGC AGC GAT TTC ATC AGC AGA CAG ATG GAG ATG TCC TGG ACG CTG GAG GGG CAA GAG ACA TGT CTC GGC TTG GCT GTG CTT GAC ATG TCA CGG ATC TCC AAG GAG AGG AAG CAG AGC CTG CAG AAG ACA TTC AGA AGT CTC AGC TAT AAG ACG TGT CTT CCG GAG AAA ATG CGG TGC CGG CTC CAG GCG GAG AAC TTC GTC ACC CGG AAA CGG ATC CGG CGC CAG TTC CTT CGG TCG CTG CGC AAG TTC AGC AGC CTC CAG ACA GAA GCG CGC TTC CTC AAG CTG AAG TAT CTC ATG GAA CTG GAG GCT CTG CAG CAG CCC GAG GAG ACC TTC CTG ACC AGG GTG CCT GGC CCA ATG GGA AAG GAA GCC ACG CGG CTG ATT CGC GTC TCT GCG GAA AAT GGG ATT GTG TCA AGC CAC AGT GGT GCT GAG GCC CCG CAT CTG TTC TGC GAT TTC CCC GAG ATT GCT GAC ATC ACC ATC AAA CAA GCC AGC CGG GAT GGT CTC CCT GTG GAG GAC CGC ATC GTC AGC GTG ACC AAG ACA GAT AAC CGG GTT CTG GAG ATG GAG TTC CCC AGC CTG ACC GAG GCC TTG TCC TTC GTC TCC CTC GTC GAC GGC TAT TAC CGG CTC CTG GTC GAC TCC TCA CAC TAT TTC TGC AAG GAA GTG GTT CCC CCA CGT CTC CTG GAG GAG CTG GAG AAC AAG TGC CAC GGC CCC ATC AGG TCA GAA TTT GCA ATG CAC AAA CTG AAA ACA GCG GAG TAC CAC GAA GGA GCG TAT GTG CTT CGA CGC AGC CCG GAA GAT TTC GAG AGC TTC CTG CTC ACC ACC TGC CTC GAG ACT CCC CTC GGC AAG AAC TTC AAG AGT CTA TTG ATC CAG AGG AAC CAA GAT GGA GCC TTC TTG ACT CCC GGT GTG GCC AAG AAT TTC TGC AGC CTG CCA GAA CTG CTG GAC GTC TGT CAG CGC TTC AGC CTC CGT GCT GAT GGG GTG GCC CTG CGG CTG AGC ACT CTC TGC CCC CCA CAG CCC AAA GAA AAA TCC AAC CTG CTG ATC ATT CGT GGG GGC AGC TGC CAC CAG CTG CCC ATG TCC CCG ACT GCT CCA CGA CGC GCC GTG AAT CAG ATG ATG TTC CAC ACA ATC CAG GCA GAG AAC CTG GTG CAG TGT GAA AAC CTG GGG CAA GGG ACC TTC ACC AGG ATC TAC CGG GGA TTC AGA CAG GAT CCG AAG GAG GAG GGC GAT GTC AAG AGA GGC GAG GAG TTT TGG GAG TAC GGG ATG GAA GTT GTG ATG AAG GTC CTG GAC AGC AGT CAC TGC AAC TGG GTC GAG CCC TTC CTG GAA GCG GCC AAC ATG ATC AGC CAG CTC TCC CAT AAG CAC CTC ATC CTA CTC CAT GGA GTC TGC GTG GGG GCG GAA TAC ATC ATG GTG CAG GAG TAC GTG AGG CAT GGA GCC CTA GAC ACT TAC CTG CGG AGG AAC GCA GCC ACC GCC AAA GTG ACC GCC ACC TGG AAG CTG CAA GTG GCC AAG CAA CTA GCC TAC GCC CTC AAC TTC TTG GAG GAC AAA AAG ATA GTC CAT GGC AAC GTC TCG GCT AAA AAA GTC CTG CTA GCC CGC GAG GGA GAC CCA GCA AGC GGA CAG CCC CCC TTC ATC AAA CTC AGT GAC CCA GGA GTC GGC ACC GCT GTG CTG ACA AAA GAC TTG TTA GTC GAC CAC ATC CCC TGG GTG GCC CCA GAG TGC TTG GAT GAC CCC CCA AAA CTG GTG GCC GAG TCA GAC AGG TGG AGT TTC GGC ACC ACT TTG TGG GAG ATC TTC AAC AAC GGG AAC ATG CCA TGG AGT GCA ATG GAG CCT GAA TCG AAG CTC AAG ATC TAC CAG GAC CGC CGC CAG CTA CGC CCT CTC AAG TGG ACA GAA CTG GCT GAC CTG GTG GTC CAT TGC ATG GAT TAC GAC CCA CAG AGG CGC CCA GCC TTC CGC GCC ATC CTC CGA GAC CTC AAC GGC CTC ATC ACT TCG GAT TAT GAG CTT CTG TCA GAC CTC CCG GCC ACG GAC AAT TTT GCG GGG TAC CTG GAC TTC TCC TTG GGC CAG GAC CCC ACC CTC TTT GAA GAT CGG CAC CTA AAA TAC ATC TCA GTG TTG GGC AAG GGG AAT TTC GGA AGC GTG GAG TTG TGC CGA TAT GAC CCG CTG GGC GAC AGC ACT GGA GAG CTG GTG GCG GTA AAG CGG CTG CAC CAG AGT TCA GCC AAA CAG CGG CAG GAC TTT GAG AAG GAG ATC GCC ATC CTG CGC GCC CTG CAC CAC GAC TTC ATT GTC GCC TAC CGT GGG GTG TGC TAC AGT CGA GGC CGG AAC TGC CTC CAT ATG GTC ATG GAA TAC CTG CCC AGT GGC TGC CTC AGG AAT TAC TTG CAG AGG AAC CAG AAG CGG CTG GAC TTG AAG AAG CTG CTG CTT TAT GCC TGG CAG GTG TGC AAG GGC ATG GAC TAC CTG GGC TCT CAG CGC TAC ATC CAC AGA GAC TTG GCC ACC AGG AAC ATC TTG GTG GAA AAC GAG AAC CGT GTC AAG ATC GGT GAC TTC GGC CTG GCC AAA ATC CTG CCC CCG GGC AAG GAG TAC TAT GTG GTG CGG GAA CCT GGA CAA AGC CCC ATC TTC TGG TAC GCA CCA GAA TCT CTG GCT GAC AAC ATC TTC TCC CAA GAG TCG GAC GTC TGG AGT TTT GGT GTC GTC CTC TAC GAG CTG TTC ACC TAT GGG AGC AAG AGC CGC AGT CCC TCG GAG GAA TTT CTC CGC ATG ATG GGA CAC ACC AAC CCC CCC ACG ATC GTC TGT CAC CTC CTT GAG CTG CTG AAG CAG ACC AGG CGA CTC CCG CCC CCC ACG GAC TGC CCG ATA GAG GTT TTT GCC TTG ATG CAA TCC TGC TGG TCC TTC GCG CCG AGC CAG CGG CCC CGA TTC TGC AAG CTG GCC CCA CAA ATC GAA GCC CTG AGG AAT AGC CGC TGC AAA GCC CGG GGC 
SEQ2                            ATG CTT CCC CTC GGT GAA GAC ACC CCA TTG ATT GGC CAT CGG ACC AAC AGC CTT TCC TGC AGC AGT TCA GGC ATC CTT CTG GTA CAC CTT TAT CAC CAG CCA AAC TCT GCC CAG CTG GCC CCA GAT ACG GAT GGG AGT TTA TGC TTC ACC TTT GGG GAG TAC ACT GCG GAG GAG CTA TGC ACA TCA GCT GCC AAA GCA TGT GGG ATC CTT CCT GTC TGC CAC AGC CTC TTC TCG CTG GCC ACG GAG GAC CTC TCG TGC TGG TTC CCC CCC AAC CAC GTC TTC ACC GTG GAC GAG TCT TTC AGC CAA ACG GTC GTC TAT AGG ATC AGG TTC TTG TTC CCT GAC TGG TTT GGG CCC AGA AAA TCC TAT CGC TTT GGC CTG ATG GGC AAC TGT GAA AAC CCG GTG TTG GAT TAT CCG ATG ATC GAT TAT CTC TTT GCT CAA ACC CGC AGC GAT TTC ATC AGC AGA CAG ATG GAG ATG TCC TGG ACG CTG GAG GGG CAA GAG ACA TGT CTC GGC TTG GCT GTG CTT GAC ATG TCA CGG ATC TCC AGG GAG AGG AAG CAG AGC CTG CAG AAG ACA TTC AGA AGT CTC AGC TAT AAG ACG TGT CTT CCG GAG AAA ATG CGG TGC CGG CTC CAG GCG GAG AAC TTC GTC ACC CGG AAA CGG ATC CGG CGC CAG TTC CTT CGG TCG CTG CGC AAG TTC AGC AGC CTC CAG ACA GAA GCG CGC TTC CTC AAG CTG AAG TAT CTC ATG GAA CTG GAG GCT CTG CAG CAG CCC GAG GAG ACC TTC CTG ACC AGG GTG CCT GGC CCA ATG GGA AAG GAA GCC ACG CGG CTG ATT CGC GTC TCT GCG GAA AAT GGG ATT GTG TCA AGC CAC AGT GGT GCT GAG GCC CCG CAT CTG TTC TGC GAT TTC CCC GAG ATT GCT GAC ATC ACC ATC AAA CAA GCC AGC CGG GAT GGT CTC CCT GTG GAG GAC CGC ATC GTC AGC GTG ACC AAG ACA GAT AAC CGG GTT CTG GAG ATG GAG TTC CCC AGC CTG ACC GAG GCC TTG TCC TTC GTC TCC CTC GTC GAC GGC TAT TAC CGG CTC CTG GTC GAC TCC TCA CAC TAT TTC TGC AAG GAA GTG GTT CCC CCA CGT CTC CTG GAG GAG CTG GAG AAC AAG TGC CAC GGC CCC ATC AGG TCA GAA TTT GCA ATG CAC AAA CTG AAA ACA GCG GAG TAC CAC GAA GGA GCG TAT GTG CTT CGA CGC AGC CCG GAA GAT TTC GAG AGC TTC CTG CTC ACC ACC TGC CTC GAG ACT CCC CTC GGC AAG AAC TTC AAG AGT CTA TTG ATC CAG AGG AAC CAA GAT GGA GCC TTC TTG ACT CCC GGT GTG GCC AAG AAT TTC TGC AGC CTG CCA GAA CTG CTG GAC GTC TGT CAG CGC TTC AGC CTC CGT GCT GAT GGG GTG GCC CTG CGG CTG AGC ACT CTC TGC CCC CCA CAG CCC AAA GAA AAA TCC AAC CTG CTG ATC ATT CGT GGG GGC AGC TGC CAC CAG CTG CCC ATG TCC CCG ACT GCT CCA CGA CGC GCC GTG AAT CAG ATG ATG TTC CAC ACA ATC CAG GCA GAG AAC CTG GTG CAG TGT GAA AAC CTG GGG CAA GGG ACC TTC ACC AGG ATC TAC CGG GGA TTC AGA CAG GAT CCG AAG GAG GAG GGC GAT GTC AAG AGA GGC GAG GAG TTT TGG GAG TAC GGG ATG GAA GTT GTG ATG AAG GTC CTG GAC AGC AGT CAC TGC AAC TGG GTC GAG CCC TTC CTG GAA GCG GCC AAC ATG ATC AGC CAG CTC TCC CAT AAG CAC CTC ATC CTA CTC CAT GGA GTC TGC GTG GGG GCG GAA TAC ATC ATG GTG CAG GAG TAC GTG AGG CAT GGA GCC CTA GAC ACT TAC CTG CGG AGG AAC GCA GCC ACC GCC AAA GTG ACC GCC ACC TGG AAG CTG CAA GTG GCC AAG CAA CTA GCC TAC GCC CTC AAC TTC TTG GAG GAC AAA AAG ATA GTC CAT GGC AAC GTC TCG GCT AAA AAA GTC CTG CTA GCC CGC GAG GGA GAC CCA GCA AGC GGA CAG CCC CCC TTC ATC AAA CTC AGT GAC CCA GGA GTC GGC ACC GCT GTG CTG ACA AAA GAC TTG TTA GTC GAC CAC ATC CCC TGG GTG GCC CCA GAG TGC TTG GAT GAC CCC CCA AAA CTG GTG GCC GAG TCA GAC AGG TGG AGT TTC GGC ACC ACT TTG TGG GAG ATC TTC AAC AAC GGG AAC ATG CCA TGG AGT GCA ATG GAG CCT GAA TCG AAG CTC AAG ATC TAC CAG GAC CGC CGC CAG CTA CGC CCT CTC AAG TGG ACA GAA CTG GCT GAC CTG GTG GTC CAT TGC ATG GAT TAC GAC CCA CAG AGG CGC CCA GCC TTC CGC GCC ATC CTC CGA GAC CTC AAC GGC CTC ATC ACT TCG GAT TAT GAG CTT CTG TCA GAC CTC CCG GCC ACG GAC AAT TTT GCG GGG TAC CTG GAC TTC TCC TTG GGC CAG GAC CCC ACC CTC TTT GAA GAT CGG CAC CTA AAA TAC ATC TCA GTG TTG GGC AAG GGG AAT TTC GGA AGC GTG GAG TTG TGC CGA TAT GAC CCG CTG GGC GAC AGC ACT GGA GAG CTG GTG GCG GTA AAG CGG CTG CAC CAG AGT TCA GCC AAA CAG CGG CAG GAC TTT GAG AAG GAG ATC GCC ATC CTG CGC GCC CTG CAC CAC GAC TTC ATT GTC GCC TAC CGT GGG GTG TGC TAC AGT CGA GGC CGG AAC TGC CTC CAT ATG GTC ATG GAA TAC CTG CCC AGT GGC TGC CTC AGG AAT TAC TTG CAG AGG AAC CAG AAG CGG CTG GAC TTG AAG AAG CTG CTG CTT TAT GCC TGG CAG GTG TGC AAG GGC ATG GAC TAC CTG GGC TCT CAG CGC TAC ATC CAC AGA GAC TTG GCC ACC AGG AAC ATC TTG GTG GAA AAC GAG AAC CGT GTC AAG ATC GGT GAC TTC GGC CTG GCC AAA ATC CTG CCC CCG GGC AAG GAG TAC TAT GTG GTG CGG GAA CCT GGA CAA AGC CCC ATC TTC TGG TAC GCA CCA GAA TCT CTG GCT GAC AAC ATC TTC TCC CAA GAG TCG GAC GTC TGG AGT TTT GGT GTC GTC CTC TAC GAG CTG TTC ACC TAT GGG AGC AAG AGC CGC AGT CCC TCG GAG GAA TTT CTC CGC ATG ATG GGA CAC ACC AAC CCC CCC ACG ATC GTC TGT CAC CTC CTT GAG CTG CTG AAG CAG ACC AGG CGA CTC CCG CCC CCC ACG GAC TGC CCG ATA GAG GTT TTT GCC TTG ATG CAA TCC TGC TGG TCC TTC GCG CCG AGC CAG CGG CCC CGA TTC TGC AAG CTG GCC CCA CAA ATC GAA GCC CTG AGG AAT AGC CGC TGC AAA GCC CGG GGC 



Printing out site pattern counts


         2        186  P

SEQ1                            AAA AAC AAG AAG AAT ACA ACC ACG ACT AGA AGC AGG AGT ATA ATC ATG ATT CAA CAC CAG CAT CCA CCC CCG CCT CGA CGC CGG CGT CTA CTC CTG CTT GAA GAC GAG GAT GCA GCC GCG GCT GGA GGC GGG GGT GTA GTC GTG GTT TAC TAT TCA TCC TCG TCT TGC TGG TGT TTA TTC TTG TTT 
SEQ2                            ... ... ... .G. ... ... ... ... ... ... ... ... ... ... ... ... ... ... ... ... ... ... ... ... ... ... ... ... ... ... ... ... ... ... ... ... ... ... ... ... ... ... ... ... ... ... ... ... ... ... ... ... ... ... ... ... ... ... ... ... ... ... 

   20   29   35    1    7    9   25    9    9    6   30   16   14    2   35
   27    6   12   21   34    8   17   29   13    7    7   21   23    5    8
   37   59   12   25   38   52   17    7   37   11   12   13   26   17    6
    2   28   31    4   22   15   10   14    8    5   26   15    7    2   43
   19   12

YN00 paml/jobs/LOCW_00021266__LOC_00019042/LOCW_00021266__LOC_00019042.phy

ns =   2	ls =1117

Codon position x base (3x4) table for each sequence.

SEQ1                
position  1:    T:0.17726    C:0.28021    A:0.25067    G:0.29185
position  2:    T:0.29275    C:0.19875    A:0.30081    G:0.20770
position  3:    T:0.13071    C:0.41271    A:0.12534    G:0.33124

SEQ2                
position  1:    T:0.17726    C:0.28021    A:0.25067    G:0.29185
position  2:    T:0.29275    C:0.19875    A:0.29991    G:0.20859
position  3:    T:0.13071    C:0.41271    A:0.12534    G:0.33124

Average
position  1:    T:0.17726    C:0.28021    A:0.25067    G:0.29185
position  2:    T:0.29275    C:0.19875    A:0.30036    G:0.20815
position  3:    T:0.13071    C:0.41271    A:0.12534    G:0.33124

Codon usage for each species
----------------------------------------------------------------------
Phe TTT  12  12 | Ser TCT   5   5 | Tyr TAT  15  15 | Cys TGT   7   7
    TTC  43  43 |     TCC  14  14 |     TAC  22  22 |     TGC  26  26
Leu TTA   2   2 |     TCA  10  10 | *** TAA   0   0 | *** TGA   0   0
    TTG  19  19 |     TCG   8   8 |     TAG   0   0 | Trp TGG  15  15
----------------------------------------------------------------------
Leu CTT  12  12 | Pro CCT   7   7 | His CAT   8   8 | Arg CGT   5   5
    CTC  37  37 |     CCC  29  29 |     CAC  21  21 |     CGC  21  21
    CTA   8   8 |     CCA  17  17 | Gln CAA  12  12 |     CGA   7   7
    CTG  59  59 |     CCG  13  13 |     CAG  34  34 |     CGG  23  23
----------------------------------------------------------------------
Ile ATT   6   6 | Thr ACT   9   9 | Asn AAT   7   7 | Ser AGT  14  14
    ATC  35  35 |     ACC  25  25 |     AAC  29  29 |     AGC  30  30
    ATA   2   2 |     ACA   9   9 | Lys AAA  20  20 | Arg AGA   6   6
Met ATG  27  27 |     ACG   9   9 |     AAG  36  35 |     AGG  16  17
----------------------------------------------------------------------
Val GTT   4   4 | Ala GCT  12  12 | Asp GAT  17  17 | Gly GGT   6   6
    GTC  28  28 |     GCC  37  37 |     GAC  38  38 |     GGC  26  26
    GTA   2   2 |     GCA   7   7 | Glu GAA  25  25 |     GGA  13  13
    GTG  31  31 |     GCG  11  11 |     GAG  52  52 |     GGG  17  17
----------------------------------------------------------------------


Sums
------------------------------------------------------
Phe TTT  24 | Ser TCT  10 | Tyr TAT  30 | Cys TGT  14
    TTC  86 |     TCC  28 |     TAC  44 |     TGC  52
Leu TTA   4 |     TCA  20 | *** TAA   0 | *** TGA   0
    TTG  38 |     TCG  16 |     TAG   0 | Trp TGG  30
------------------------------------------------------
Leu CTT  24 | Pro CCT  14 | His CAT  16 | Arg CGT  10
    CTC  74 |     CCC  58 |     CAC  42 |     CGC  42
    CTA  16 |     CCA  34 | Gln CAA  24 |     CGA  14
    CTG 118 |     CCG  26 |     CAG  68 |     CGG  46
------------------------------------------------------
Ile ATT  12 | Thr ACT  18 | Asn AAT  14 | Ser AGT  28
    ATC  70 |     ACC  50 |     AAC  58 |     AGC  60
    ATA   4 |     ACA  18 | Lys AAA  40 | Arg AGA  12
Met ATG  54 |     ACG  18 |     AAG  71 |     AGG  33
------------------------------------------------------
Val GTT   8 | Ala GCT  24 | Asp GAT  34 | Gly GGT  12
    GTC  56 |     GCC  74 |     GAC  76 |     GGC  52
    GTA   4 |     GCA  14 | Glu GAA  50 |     GGA  26
    GTG  62 |     GCG  22 |     GAG 104 |     GGG  34
------------------------------------------------------



(A) Nei-Gojobori (1986) method



Nei & Gojobori 1986. dN/dS (dN, dS)
(Note: This matrix is not used in later ML. analysis.
Use runmode = -2 for ML pairwise comparison.)

SEQ1                
SEQ2                -1.0000 (0.0004 0.0000)


(B) Yang & Nielsen (2000) method

Yang Z, Nielsen R (2000) Estimating synonymous and nonsynonymous substitution rates under realistic evolutionary models. Mol. Biol. Evol. 17:32-43

(equal weighting of pathways)

seq. seq.     S       N        t   kappa   omega     dN +- SE    dS +- SE

   2    1   769.8  2581.2   0.0009  4.6000 99.0000 0.0004 +- 0.0004 -0.0000 +- 0.0000


(C) LWL85, LPB93 & LWLm methods

Li W.-H., C.-I. Wu, Luo (1985) A new method for estimating synonymous and nonsynonymous rates of nucleotide substitutions considering the relative likelihood of nucleotide and codon changes. Mol. Biol. Evol. 2: 150-174.
Li W-H (1993) Unbiased estimation of the rates of synonymous and nonsynonymous substitution. J. Mol. Evol. 36:96-99
Pamilo P, Bianchi NO (1993) Evolution of the Zfx and Zfy genes - rates and interdependence between the genes. Mol. Biol. Evol. 10:271-281
Yang Z (2006) Computational Molecular Evolution. Oxford University Press, Oxford. Eqs. 2.12 & 2.13

2 (SEQ2) vs. 1 (SEQ1)

L(i):     2135.5     694.5     521.0  sum=   3351.0
Ns(i):    1.0000    0.0000    0.0000  sum=   1.0000
Nv(i):    0.0000    0.0000    0.0000  sum=   0.0000
A(i):     0.0005    0.0000    0.0000
B(i):    -0.0000   -0.0000   -0.0000
LWL85:  dS =  0.0000 dN =  0.0004 w =    inf S =  752.5 N = 2598.5
LWL85m: dS =    -nan dN =    -nan w =   -nan S =   -nan N =   -nan (rho = -nan)
LPB93:  dS =  0.0000 dN =  0.0005 w =    inf

