
Before deleting alignment gaps
      2   1539

SEQ1                            --- --- --- --- --- --- --- --- --- --- CCC CCG CTT CAC CTT CCT GCC CCA CAG AAC ATG GTG ATG AGT TTC CGT GTG TCA GAC CTC CAG ATG TTG CTT GGA TTT GTT GGC CGG AGC AAG AGC GGC CTG AAA CAT GAA CTG GTA ACG CGG GCC TTG CAG TTG GTC CAG TTT GAC TGT AGC CCA GAA CTG TTC AAG AAG ATC AAG GAG ATC TAT GAG ACG CGT TAC GCC AAG CTC TCC GAC CCA GGG CAG CCC CCC CAG CCG CCC CCA CAG CAG CAT CGA CCG CCT TCC GAA GCG CTC TCC GTC CAC TCT CCC TAC GAC CGC AGC AAT GCG GTT GCC CGG ACT GCT CTC TCT ACG CCC AGC ATA GAC TAT CCT TCC TTC TAT GGA AAG TAC TTA AAT GGA CTC GGA CGG TTA CCC GTC AAA CCG GTG AAA CTC GAA GTC CAG CTG GTA AAG CTT CCC TTC TAC ACC ATC TTG GAT GAA CTG TTG AAA CCC ACT GAG CTC GTC CCG CAG AAC AAT GAA AAG CTT CAG GAG AGC CCC TGC GTC TTT GCC CTA ACG CCA AGG CAA GTG GAG CTG ATC AGA AAT TCC AGG GAG CTG CAG CCA GGT GTG CGA TCA GTC CAG GTT GTC CTC AGA ATC TGC TAC ACA GAC ACC AGT TGC CCC CAG GAA GAC CAG TAC CCC CCA AAC ATT GCC GTG AAA GTG AAC CAT AGT TAC TGT TCT GTC CCG GGC TAT TAT CCC TCA AAC AAG CCA GGC GTG GAG CCC AAG AGG CCT TGT CGT CCA ATC AAC CTC ACG CAT CTC ATG TAC CTG TCT TCT GCC ACC AAC CGC ATC ACC GTC ATT TGG GGC AAT TAC GGA AAG AGT TAT TCC GTG GGC CTC TTC CTC GTG CGA CAA ATG ACG TCG GCG GAG CTG CTG CAG AGG TTG AAA ACG ATC GGC ATC AAG CAC CCC GAG CTG TGC AAG GCG CTC GTC AAA GAG AAG TTG CGC CTG GAT CCA GAG AGC GAA ATC GCC ACC ACT GGT GTG AGG GTG TCT CTC ATA TGC CCG CTG GTG AAA ATG CGT CTG TCG GTG CCG TGT CGG GCT GAG ACC TGT GCC CAC CTG CAG TGC TTC GAC GCC GTC TTC TAC CTG CAG ATG AAC GAG AAG AAG CCC ACG TGG ATG TGT CCA GTG TGT GAC AAA CCG GCC ACT TAC AAC CAG TTG ATG ATT GAC GGG CTC CTG TCG AAG ATC TTG ACA GAA TGC GAG GAT GCT GAT GAG ATT GAA TAC CTG GTA GAT GGC TCC TGG TGT CCC ATC AAA GCG GAG AAA GAG AGG AGC TAC AGC CCG CAG TGT CCA ATT TTA GTC ATT GGT GGA TCT GCT GCA GGG GGA ACC TCT GAA GTC AAT GGG GCA TTA CCC CCA ACC CCC AGT GTG GAA AAT GGC AAG GCT CCT GCT GAT GTG GTG GAC TTA ACA TTG GAC AGC TCA TCC TCT GAT GAG GAG GAG GAG GAG GAG GAG GAG GAT GAC GAC GAC GAT GGT GGA CCC AAA AGG AAA GTG TCC CGC TTA TAC AAG AAT GAC TTG GCT TCT GCC TGC 
SEQ2                            ATG GCG GCG GAG CTG GTG GAG GCG AAA CTC CCA CCC --- CAC CTT CCT GCC CCA CAG AAC ATG GTG ATG AGT TTC CGC GTG TCG GAC CTC CAG ATG TTG CTT GGA TTT GTT GGC CGG AGC AAG AGC GGC CTG AAA CAT GAA CTG GTA ACG CGG GCC TTG CAG TTG GTC CAG TTT GAC TGT AGC CCA GAA CTG TTC AAG AAG ATC AAG GAG ATC TAT GAG ACG CGT TAC GCC AAG CTC TCC GAC CCA GGG CAG CCC CCC CAG CCG CCC CCA CAG CAG CAT CGA CCG CCT TCC GAC GCG CTC TCC GTC CAC TCT CCC TAC GAC CGC AGC AAT GCG GTT GCC CGG ACT GCT CTC TCT ACG CCC AGC ATA GAC TAT CCT TCC CTC TAC GGA AAG TAC TTA AAT GGA CTC GGA CGG TTA CCC GTC AAA CCG GTG AAA CTC GAA GTC CGG CTG GTA AAG CTT CCC TTC TAC ACC ATC TTG GAC GAA CTG TTG AAA CCC ACT GAG CTC GTT CCG CAG AAC AAT GAA AAG CTC CAG GAG AGC CCC TGC GTC TTT GCC CTA ACG CCA AGG CAA GTG GAG CTG ATC AGA AAT TCC AGG GAG CTG CAG CCA GGT GTG CGG TCA GTC CAG GTT GTC CTC AGA ATC TGC TAC ACG GAC ACC AGT TGC CCT CAG GAA GAC CAG TAC CCT CCA AAC ATT GCC GTA AAA GTG AAC CAT AGT TAC TGT TCT GTC CCG GGC TAT TAT CCC TCA AAC AAG CCA GGC GTG GAG CCC AAG AGG CCT TGT CGT CCA ATC AAC CTC ACG CAT CTC ATG TAC CTG TCT TCT GCC ACC AAC CGC ATC ACC GTC ATT TGG GGC AAT TAC GGA AAG AGT TAT TCC GTG GGC CTC TTC CTC GTG CGA CAG ATG ACG TCG GCG GAG CTG CTG CAG AGG TTG AAA ACG ATC GGC ATC AAG CAC CCC GAG CTG TGC AAG GCG CTC GTC AAA GAG AAG TTG CGC CTG GAT CCA GAG AGC GAA ATC GCC ACC ACT GGT GTG AGG GTG TCT CTC ATA TGC CCG CTG GTG AAA ATG CGT CTG TCG GTG CCG TGT CGG GCT GAG ACC TGT GCC CAC CTG CAG TGC TTC GAC GCC GTC TTC TAC CTG CAG ATG AAC GAG AAG AAG CCC ACG TGG ATG TGT CCA GTG TGT GAC AAA CCG GCC ACT TAC GAT CAG CTT ATG ATT GAC GGG CTC CTG TCG AAG ATC TTG ACA GAA TGC GAG GAC GCT GAT GAG ATC GAG TAC CTA GTG GAC GGA TCC TGG TGC CCC ATC AAA GCG GAG AAA GAG AGG AGC TAC AGC CCG CAG TGT CCA ATT TTA GTC GGC AGC GGA TCG GCC ACA GGG GGA ACC TCC GAC ATC AAT GGG GCG TTA CCC CCT ACA CCC AGT GTG GAA AAC GGC AAG GCT CCT GCT GAC GTG GTG GAC TTA ACA CTG GAC AGC TCA TCC TCT GAG GAA GAG GAG GAG GAA GAG GAG GAG GAG GAG GAG GAC --- GGC GGC CCC AAA AGG AAA GTG CCC CGC GTA TAC AAG AAC GGC TTG GCT TCC GCC TGC 



After deleting gaps. 1503 sites
      2   1503

SEQ1                            CCC CCG CAC CTT CCT GCC CCA CAG AAC ATG GTG ATG AGT TTC CGT GTG TCA GAC CTC CAG ATG TTG CTT GGA TTT GTT GGC CGG AGC AAG AGC GGC CTG AAA CAT GAA CTG GTA ACG CGG GCC TTG CAG TTG GTC CAG TTT GAC TGT AGC CCA GAA CTG TTC AAG AAG ATC AAG GAG ATC TAT GAG ACG CGT TAC GCC AAG CTC TCC GAC CCA GGG CAG CCC CCC CAG CCG CCC CCA CAG CAG CAT CGA CCG CCT TCC GAA GCG CTC TCC GTC CAC TCT CCC TAC GAC CGC AGC AAT GCG GTT GCC CGG ACT GCT CTC TCT ACG CCC AGC ATA GAC TAT CCT TCC TTC TAT GGA AAG TAC TTA AAT GGA CTC GGA CGG TTA CCC GTC AAA CCG GTG AAA CTC GAA GTC CAG CTG GTA AAG CTT CCC TTC TAC ACC ATC TTG GAT GAA CTG TTG AAA CCC ACT GAG CTC GTC CCG CAG AAC AAT GAA AAG CTT CAG GAG AGC CCC TGC GTC TTT GCC CTA ACG CCA AGG CAA GTG GAG CTG ATC AGA AAT TCC AGG GAG CTG CAG CCA GGT GTG CGA TCA GTC CAG GTT GTC CTC AGA ATC TGC TAC ACA GAC ACC AGT TGC CCC CAG GAA GAC CAG TAC CCC CCA AAC ATT GCC GTG AAA GTG AAC CAT AGT TAC TGT TCT GTC CCG GGC TAT TAT CCC TCA AAC AAG CCA GGC GTG GAG CCC AAG AGG CCT TGT CGT CCA ATC AAC CTC ACG CAT CTC ATG TAC CTG TCT TCT GCC ACC AAC CGC ATC ACC GTC ATT TGG GGC AAT TAC GGA AAG AGT TAT TCC GTG GGC CTC TTC CTC GTG CGA CAA ATG ACG TCG GCG GAG CTG CTG CAG AGG TTG AAA ACG ATC GGC ATC AAG CAC CCC GAG CTG TGC AAG GCG CTC GTC AAA GAG AAG TTG CGC CTG GAT CCA GAG AGC GAA ATC GCC ACC ACT GGT GTG AGG GTG TCT CTC ATA TGC CCG CTG GTG AAA ATG CGT CTG TCG GTG CCG TGT CGG GCT GAG ACC TGT GCC CAC CTG CAG TGC TTC GAC GCC GTC TTC TAC CTG CAG ATG AAC GAG AAG AAG CCC ACG TGG ATG TGT CCA GTG TGT GAC AAA CCG GCC ACT TAC AAC CAG TTG ATG ATT GAC GGG CTC CTG TCG AAG ATC TTG ACA GAA TGC GAG GAT GCT GAT GAG ATT GAA TAC CTG GTA GAT GGC TCC TGG TGT CCC ATC AAA GCG GAG AAA GAG AGG AGC TAC AGC CCG CAG TGT CCA ATT TTA GTC ATT GGT GGA TCT GCT GCA GGG GGA ACC TCT GAA GTC AAT GGG GCA TTA CCC CCA ACC CCC AGT GTG GAA AAT GGC AAG GCT CCT GCT GAT GTG GTG GAC TTA ACA TTG GAC AGC TCA TCC TCT GAT GAG GAG GAG GAG GAG GAG GAG GAG GAT GAC GAC GAC GGT GGA CCC AAA AGG AAA GTG TCC CGC TTA TAC AAG AAT GAC TTG GCT TCT GCC TGC 
SEQ2                            CCA CCC CAC CTT CCT GCC CCA CAG AAC ATG GTG ATG AGT TTC CGC GTG TCG GAC CTC CAG ATG TTG CTT GGA TTT GTT GGC CGG AGC AAG AGC GGC CTG AAA CAT GAA CTG GTA ACG CGG GCC TTG CAG TTG GTC CAG TTT GAC TGT AGC CCA GAA CTG TTC AAG AAG ATC AAG GAG ATC TAT GAG ACG CGT TAC GCC AAG CTC TCC GAC CCA GGG CAG CCC CCC CAG CCG CCC CCA CAG CAG CAT CGA CCG CCT TCC GAC GCG CTC TCC GTC CAC TCT CCC TAC GAC CGC AGC AAT GCG GTT GCC CGG ACT GCT CTC TCT ACG CCC AGC ATA GAC TAT CCT TCC CTC TAC GGA AAG TAC TTA AAT GGA CTC GGA CGG TTA CCC GTC AAA CCG GTG AAA CTC GAA GTC CGG CTG GTA AAG CTT CCC TTC TAC ACC ATC TTG GAC GAA CTG TTG AAA CCC ACT GAG CTC GTT CCG CAG AAC AAT GAA AAG CTC CAG GAG AGC CCC TGC GTC TTT GCC CTA ACG CCA AGG CAA GTG GAG CTG ATC AGA AAT TCC AGG GAG CTG CAG CCA GGT GTG CGG TCA GTC CAG GTT GTC CTC AGA ATC TGC TAC ACG GAC ACC AGT TGC CCT CAG GAA GAC CAG TAC CCT CCA AAC ATT GCC GTA AAA GTG AAC CAT AGT TAC TGT TCT GTC CCG GGC TAT TAT CCC TCA AAC AAG CCA GGC GTG GAG CCC AAG AGG CCT TGT CGT CCA ATC AAC CTC ACG CAT CTC ATG TAC CTG TCT TCT GCC ACC AAC CGC ATC ACC GTC ATT TGG GGC AAT TAC GGA AAG AGT TAT TCC GTG GGC CTC TTC CTC GTG CGA CAG ATG ACG TCG GCG GAG CTG CTG CAG AGG TTG AAA ACG ATC GGC ATC AAG CAC CCC GAG CTG TGC AAG GCG CTC GTC AAA GAG AAG TTG CGC CTG GAT CCA GAG AGC GAA ATC GCC ACC ACT GGT GTG AGG GTG TCT CTC ATA TGC CCG CTG GTG AAA ATG CGT CTG TCG GTG CCG TGT CGG GCT GAG ACC TGT GCC CAC CTG CAG TGC TTC GAC GCC GTC TTC TAC CTG CAG ATG AAC GAG AAG AAG CCC ACG TGG ATG TGT CCA GTG TGT GAC AAA CCG GCC ACT TAC GAT CAG CTT ATG ATT GAC GGG CTC CTG TCG AAG ATC TTG ACA GAA TGC GAG GAC GCT GAT GAG ATC GAG TAC CTA GTG GAC GGA TCC TGG TGC CCC ATC AAA GCG GAG AAA GAG AGG AGC TAC AGC CCG CAG TGT CCA ATT TTA GTC GGC AGC GGA TCG GCC ACA GGG GGA ACC TCC GAC ATC AAT GGG GCG TTA CCC CCT ACA CCC AGT GTG GAA AAC GGC AAG GCT CCT GCT GAC GTG GTG GAC TTA ACA CTG GAC AGC TCA TCC TCT GAG GAA GAG GAG GAG GAA GAG GAG GAG GAG GAG GAG GAC GGC GGC CCC AAA AGG AAA GTG CCC CGC GTA TAC AAG AAC GGC TTG GCT TCC GCC TGC 



Printing out site pattern counts


         2        312  P

SEQ1                            AAA AAC AAC AAG AAT AAT ACA ACA ACC ACC ACG ACT AGA AGC AGG AGT ATA ATC ATG ATT ATT ATT CAA CAA CAC CAG CAG CAT CCA CCA CCC CCC CCC CCG CCG CCT CGA CGA CGC CGG CGT CGT CTA CTC CTG CTG CTT CTT GAA GAA GAA GAC GAC GAC GAG GAG GAT GAT GAT GCA GCA GCC GCG GCT GCT GGA GGA GGC GGC GGG GGT GGT GGT GTA GTA GTC GTC GTC GTG GTG GTT TAC TAT TAT TCA TCA TCC TCC TCG TCT TCT TCT TGC TGG TGT TGT TTA TTA TTC TTC TTG TTG TTG TTT 
SEQ2                            ... ... G.T ... ..C ... ... ..G ..A ... ... ... ... ... ... ... ... ... ... ..C ... GGC ... ..G ... ... .G. ... ... ..T ..A ... ..T ..C ... ... ... ..G ... ... ..C ... ... ... ..A ... ..C ... ... ..C ..G ... ..G .G. ..A ... ..C ..G ... A.. ..G ... ... ..C ... ... ..C ..A ... ... A.C ..C ... ... ..G A.. ... ..T ..A ... ... ... ..C ... ... ..G C.. ... ... ..C ..G ... ... ... ..C ... G.. ... C.. ... C.. C.T ... ... 

   13    8    1   19    2    6    2    1    1    7    8    4    2   10    7
    5    2   12    9    1    4    1    1    1    4   19    1    4   12    1
    1   17    2    1    9    5    2    1    4    5    1    3    1   15    1
   17    1    3    9    2    1   13    2    1    2   23    4    2    2    1
    1   12    5    1    6    7    1    1    8    4    1    1    2    2    1
    1   12    1    1   18    3   14    1    5    3    1    1    8    3    2
    1    7    8    3    1    8    1    5    1    6    1    1    9    3

YN00 paml/jobs/LOC_00019112__LOCZ_00019112/LOC_00019112__LOCZ_00019112.phy

ns =   2	ls = 501

Codon position x base (3x4) table for each sequence.

SEQ1                
position  1:    T:0.18563    C:0.26347    A:0.24950    G:0.30140
position  2:    T:0.26547    C:0.24551    A:0.31936    G:0.16966
position  3:    T:0.17964    C:0.34132    A:0.14770    G:0.33134

SEQ2                
position  1:    T:0.17565    C:0.27146    A:0.25150    G:0.30140
position  2:    T:0.26347    C:0.24551    A:0.31537    G:0.17565
position  3:    T:0.15170    C:0.36527    A:0.13972    G:0.34331

Average
position  1:    T:0.18064    C:0.26747    A:0.25050    G:0.30140
position  2:    T:0.26447    C:0.24551    A:0.31737    G:0.17265
position  3:    T:0.16567    C:0.35329    A:0.14371    G:0.33733

Codon usage for each species
----------------------------------------------------------------------
Phe TTT   3   3 | Ser TCT  10   7 | Tyr TAT   6   5 | Cys TGT   9   8
    TTC   7   6 |     TCC   9  10 |     TAC  14  15 |     TGC   8   9
Leu TTA   6   5 |     TCA   4   3 | *** TAA   0   0 | *** TGA   0   0
    TTG  11   9 |     TCG   3   5 |     TAG   0   0 | Trp TGG   3   3
----------------------------------------------------------------------
Leu CTT   4   4 | Pro CCT   5   8 | His CAT   4   4 | Arg CGT   4   3
    CTC  15  17 |     CCC  20  19 |     CAC   4   4 |     CGC   4   5
    CTA   1   2 |     CCA  13  13 | Gln CAA   2   1 |     CGA   3   2
    CTG  18  18 |     CCG  10   9 |     CAG  20  20 |     CGG   5   7
----------------------------------------------------------------------
Ile ATT   6   4 | Thr ACT   4   4 | Asn AAT   8   6 | Ser AGT   5   5
    ATC  12  14 |     ACC   8   7 |     AAC   9  10 |     AGC  10  11
    ATA   2   2 |     ACA   3   4 | Lys AAA  13  13 | Arg AGA   2   2
Met ATG   9   9 |     ACG   8   9 |     AAG  19  19 |     AGG   7   7
----------------------------------------------------------------------
Val GTT   3   4 | Ala GCT   7   6 | Asp GAT   8   3 | Gly GGT   4   2
    GTC  14  12 |     GCC  12  13 |     GAC  16  19 |     GGC   9  12
    GTA   3   4 |     GCA   2   0 | Glu GAA  12  11 |     GGA   8   8
    GTG  19  19 |     GCG   5   6 |     GAG  25  28 |     GGG   4   4
----------------------------------------------------------------------


Sums
------------------------------------------------------
Phe TTT   6 | Ser TCT  17 | Tyr TAT  11 | Cys TGT  17
    TTC  13 |     TCC  19 |     TAC  29 |     TGC  17
Leu TTA  11 |     TCA   7 | *** TAA   0 | *** TGA   0
    TTG  20 |     TCG   8 |     TAG   0 | Trp TGG   6
------------------------------------------------------
Leu CTT   8 | Pro CCT  13 | His CAT   8 | Arg CGT   7
    CTC  32 |     CCC  39 |     CAC   8 |     CGC   9
    CTA   3 |     CCA  26 | Gln CAA   3 |     CGA   5
    CTG  36 |     CCG  19 |     CAG  40 |     CGG  12
------------------------------------------------------
Ile ATT  10 | Thr ACT   8 | Asn AAT  14 | Ser AGT  10
    ATC  26 |     ACC  15 |     AAC  19 |     AGC  21
    ATA   4 |     ACA   7 | Lys AAA  26 | Arg AGA   4
Met ATG  18 |     ACG  17 |     AAG  38 |     AGG  14
------------------------------------------------------
Val GTT   7 | Ala GCT  13 | Asp GAT  11 | Gly GGT   6
    GTC  26 |     GCC  25 |     GAC  35 |     GGC  21
    GTA   7 |     GCA   2 | Glu GAA  23 |     GGA  16
    GTG  38 |     GCG  11 |     GAG  53 |     GGG   8
------------------------------------------------------



(A) Nei-Gojobori (1986) method



Nei & Gojobori 1986. dN/dS (dN, dS)
(Note: This matrix is not used in later ML. analysis.
Use runmode = -2 for ML pairwise comparison.)

SEQ1                
SEQ2                 0.1317 (0.0160 0.1215)


(B) Yang & Nielsen (2000) method

Yang Z, Nielsen R (2000) Estimating synonymous and nonsynonymous substitution rates under realistic evolutionary models. Mol. Biol. Evol. 17:32-43

(equal weighting of pathways)

seq. seq.     S       N        t   kappa   omega     dN +- SE    dS +- SE

   2    1   434.2  1068.8   0.1256 15.4964  0.1656 0.0170 +- 0.0040  0.1029 +- 0.0167


(C) LWL85, LPB93 & LWLm methods

Li W.-H., C.-I. Wu, Luo (1985) A new method for estimating synonymous and nonsynonymous rates of nucleotide substitutions considering the relative likelihood of nucleotide and codon changes. Mol. Biol. Evol. 2: 150-174.
Li W-H (1993) Unbiased estimation of the rates of synonymous and nonsynonymous substitution. J. Mol. Evol. 36:96-99
Pamilo P, Bianchi NO (1993) Evolution of the Zfx and Zfy genes - rates and interdependence between the genes. Mol. Biol. Evol. 10:271-281
Yang Z (2006) Computational Molecular Evolution. Oxford University Press, Oxford. Eqs. 2.12 & 2.13

2 (SEQ2) vs. 1 (SEQ1)

L(i):      961.5     298.0     243.5  sum=   1503.0
Ns(i):    9.5000   16.5000   17.0000  sum=  43.0000
Nv(i):    1.5000    7.0000    7.5000  sum=  16.0000
A(i):     0.0100    0.0600    0.0775
B(i):     0.0016    0.0241    0.0318
LWL85:  dS =  0.1298 dN =  0.0158 w = 0.1214 S =  342.8 N = 1160.2
LWL85m: dS =  0.0979 dN =  0.0174 w = 0.1782 S =  454.8 N = 1048.2 (rho = 0.709)
LPB93:  dS =  0.0997 dN =  0.0169 w = 0.1693

