
Before deleting alignment gaps
      2    798

SEQ1                            ATG GCG AAG ACC TAC GAC TAC CTC TTC AAG CTG CTG CTC ATC GGC GAC TCC GGC GTG GGC AAG ACG TGC GCG CTC TTC CGC TTC AGC GAG GAC GCC TTC AAC GCC ACC TTC ATC TCC ACC ATC GGC ATC GAC TTC AAG ATC CGG ACG ATA GAG CTC GAT GGG AAG AGA ATC AAG CTG CAG ATC TGG GGC ACA GCT GGG CAA GAA CAG TTT CGA ACG ATC ACG ACC GCT TAC TAC AGA GGA GCG ATG GGA ATC ATG CTG GTG TAC GAC ATC ACC AAT GAG AAG TCA TTT GAG AAC ATT CGG AAC TGG GTC AGA AAC ATC GAG GAG CAT GCG TCT CCA GAT GTA GAA AAA ATG ATC CTG GGA AAC AAA TGT GAC ATG AAT CAC AAG CGG CAA GTT TCC CGA GAG CAA GGA GAG AAG CTG GCC GTT AGC TTT GGA GTT AAG TTC CTG GAG ACC AGT GCA AAG GCA AAC ATT AAT ATC GAA AAT --- --- --- --- --- --- --- --- --- --- --- --- --- --- --- --- --- --- --- --- --- --- --- --- --- --- --- --- --- --- --- --- --- --- --- --- --- --- --- --- --- --- --- --- --- --- --- GCA TTT TTT ACT CTT GCC AGA GAC ATC AAA GCC AAA ATG GAC AAG AAA CTG GAA GAA GAA GAA AGA CAA GGA AAG GAG CAA GAT TGT GGA CCA GAT TGT GAG CAG CAA GAA GCA GGA GGA AGA GGA GGA GGA GGA GAA ACG GGT CCT GGA CAA GCG GAC CCC CGC CCA GTT GGC CTA 
SEQ2                            ATG GCG AAG ACC TAC GAC TAC CTC TTC AAG CTG CTG CTC ATC GGC GAC TCC GGC GTG GGC AAG ACG TGC GCG CTC TTC CGC TTC AGC GAG GAC GCC TTC AAC GCC ACC TTC ATC TCC ACC ATC GGC ATC GAC TTC AAG ATC CGG ACG ATA GAG CTC GAT GGG AAG AGA ATC AAG CTG CAG ATC TGG GAC ACA GCT GGG CAA GAA CGG TTT CGA ACG ATC ACG ACC GCT TAC TAC AGA GGA GCG ATG GGA ATC ATG CTG GTG TAC GAC ATC ACC AAC GAG AAG TCA TTT GAG AAC ATT CGG AAC TGG GTC AGA AAC ATC GAG GAG CAT GCG TCT CCA GAT GTA GAA AAA ATG ATC CTG GGA AAC AAA TGT GAC ATG AAT CAC AAG CGG CAA GTT TCC CGA GAG CAA GGA GAG AAG CTG GCC GTT AGC TTT GGA GTT AAG TTT ATG GAG ACC AGT GCA AAG GCA AAC ATT AAT ATC GAA AAT AGA CAT CAA AGC CAA AAT GGA CAA GAA ACT GGA AGG CAA CAG CCC CCA AGG GAG CGG CCA GGG CAT CAA GAT CAG CCC AGA CCT GCA GAA GAA AAG CAG CTT TTT CCG ATG TGC TCT TCT CTG AGG GGC ATG GCC TTG GTG --- --- --- --- --- --- --- --- --- --- --- --- --- --- --- --- --- --- --- --- --- --- --- --- --- --- --- --- --- --- --- --- --- --- --- --- --- --- --- --- --- --- --- --- --- --- --- --- --- --- --- --- --- --- --- --- --- --- --- 



After deleting gaps. 480 sites
      2    480

SEQ1                            ATG GCG AAG ACC TAC GAC TAC CTC TTC AAG CTG CTG CTC ATC GGC GAC TCC GGC GTG GGC AAG ACG TGC GCG CTC TTC CGC TTC AGC GAG GAC GCC TTC AAC GCC ACC TTC ATC TCC ACC ATC GGC ATC GAC TTC AAG ATC CGG ACG ATA GAG CTC GAT GGG AAG AGA ATC AAG CTG CAG ATC TGG GGC ACA GCT GGG CAA GAA CAG TTT CGA ACG ATC ACG ACC GCT TAC TAC AGA GGA GCG ATG GGA ATC ATG CTG GTG TAC GAC ATC ACC AAT GAG AAG TCA TTT GAG AAC ATT CGG AAC TGG GTC AGA AAC ATC GAG GAG CAT GCG TCT CCA GAT GTA GAA AAA ATG ATC CTG GGA AAC AAA TGT GAC ATG AAT CAC AAG CGG CAA GTT TCC CGA GAG CAA GGA GAG AAG CTG GCC GTT AGC TTT GGA GTT AAG TTC CTG GAG ACC AGT GCA AAG GCA AAC ATT AAT ATC GAA AAT 
SEQ2                            ATG GCG AAG ACC TAC GAC TAC CTC TTC AAG CTG CTG CTC ATC GGC GAC TCC GGC GTG GGC AAG ACG TGC GCG CTC TTC CGC TTC AGC GAG GAC GCC TTC AAC GCC ACC TTC ATC TCC ACC ATC GGC ATC GAC TTC AAG ATC CGG ACG ATA GAG CTC GAT GGG AAG AGA ATC AAG CTG CAG ATC TGG GAC ACA GCT GGG CAA GAA CGG TTT CGA ACG ATC ACG ACC GCT TAC TAC AGA GGA GCG ATG GGA ATC ATG CTG GTG TAC GAC ATC ACC AAC GAG AAG TCA TTT GAG AAC ATT CGG AAC TGG GTC AGA AAC ATC GAG GAG CAT GCG TCT CCA GAT GTA GAA AAA ATG ATC CTG GGA AAC AAA TGT GAC ATG AAT CAC AAG CGG CAA GTT TCC CGA GAG CAA GGA GAG AAG CTG GCC GTT AGC TTT GGA GTT AAG TTT ATG GAG ACC AGT GCA AAG GCA AAC ATT AAT ATC GAA AAT 



Printing out site pattern counts


         2        159  P

SEQ1                            AAA AAC AAG AAT AAT ACA ACC ACG AGA AGC AGT ATA ATC ATG ATT CAA CAC CAG CAG CAT CCA CGA CGC CGG CTC CTG CTG GAA GAC GAG GAT GCA GCC GCG GCT GGA GGC GGC GGG GTA GTC GTG GTT TAC TCA TCC TCT TGC TGG TGT TTC TTC TTT 
SEQ2                            ... ... ... ..C ... ... ... ... ... ... ... ... ... ... ... ... ... ... .G. ... ... ... ... ... ... A.. ... ... ... ... ... ... ... ... ... ... .A. ... ... ... ... ... ... ... ... ... ... ... ... ... ... ..T ... 

    2    6   11    1    3    1    6    4    3    2    1    1   13    5    2
    3    1    1    1    1    1    2    1    3    4    1    6    3    6    9
    2    2    3    4    2    5    1    4    2    1    1    2    3    5    1
    3    1    1    2    1    6    1    3

YN00 paml/jobs/LOCW_00021338__LOC_00019351/LOCW_00021338__LOC_00019351.phy

ns =   2	ls = 160

Codon position x base (3x4) table for each sequence.

SEQ1                
position  1:    T:0.15000    C:0.15625    A:0.38125    G:0.31250
position  2:    T:0.30625    C:0.17500    A:0.34375    G:0.17500
position  3:    T:0.12500    C:0.40000    A:0.15625    G:0.31875

SEQ2                
position  1:    T:0.15000    C:0.15000    A:0.38750    G:0.31250
position  2:    T:0.30625    C:0.17500    A:0.34375    G:0.17500
position  3:    T:0.12500    C:0.40000    A:0.15625    G:0.31875

Average
position  1:    T:0.15000    C:0.15313    A:0.38437    G:0.31250
position  2:    T:0.30625    C:0.17500    A:0.34375    G:0.17500
position  3:    T:0.12500    C:0.40000    A:0.15625    G:0.31875

Codon usage for each species
----------------------------------------------------------------------
Phe TTT   3   4 | Ser TCT   1   1 | Tyr TAT   0   0 | Cys TGT   1   1
    TTC   7   6 |     TCC   3   3 |     TAC   5   5 |     TGC   1   1
Leu TTA   0   0 |     TCA   1   1 | *** TAA   0   0 | *** TGA   0   0
    TTG   0   0 |     TCG   0   0 |     TAG   0   0 | Trp TGG   2   2
----------------------------------------------------------------------
Leu CTT   0   0 | Pro CCT   0   0 | His CAT   1   1 | Arg CGT   0   0
    CTC   4   4 |     CCC   0   0 |     CAC   1   1 |     CGC   1   1
    CTA   0   0 |     CCA   1   1 | Gln CAA   3   3 |     CGA   2   2
    CTG   7   6 |     CCG   0   0 |     CAG   2   1 |     CGG   3   4
----------------------------------------------------------------------
Ile ATT   2   2 | Thr ACT   0   0 | Asn AAT   4   3 | Ser AGT   1   1
    ATC  13  13 |     ACC   6   6 |     AAC   6   7 |     AGC   2   2
    ATA   1   1 |     ACA   1   1 | Lys AAA   2   2 | Arg AGA   3   3
Met ATG   5   6 |     ACG   4   4 |     AAG  11  11 |     AGG   0   0
----------------------------------------------------------------------
Val GTT   3   3 | Ala GCT   2   2 | Asp GAT   2   2 | Gly GGT   0   0
    GTC   1   1 |     GCC   3   3 |     GAC   6   7 |     GGC   5   4
    GTA   1   1 |     GCA   2   2 | Glu GAA   3   3 |     GGA   5   5
    GTG   2   2 |     GCG   4   4 |     GAG   9   9 |     GGG   2   2
----------------------------------------------------------------------


Sums
------------------------------------------------------
Phe TTT   7 | Ser TCT   2 | Tyr TAT   0 | Cys TGT   2
    TTC  13 |     TCC   6 |     TAC  10 |     TGC   2
Leu TTA   0 |     TCA   2 | *** TAA   0 | *** TGA   0
    TTG   0 |     TCG   0 |     TAG   0 | Trp TGG   4
------------------------------------------------------
Leu CTT   0 | Pro CCT   0 | His CAT   2 | Arg CGT   0
    CTC   8 |     CCC   0 |     CAC   2 |     CGC   2
    CTA   0 |     CCA   2 | Gln CAA   6 |     CGA   4
    CTG  13 |     CCG   0 |     CAG   3 |     CGG   7
------------------------------------------------------
Ile ATT   4 | Thr ACT   0 | Asn AAT   7 | Ser AGT   2
    ATC  26 |     ACC  12 |     AAC  13 |     AGC   4
    ATA   2 |     ACA   2 | Lys AAA   4 | Arg AGA   6
Met ATG  11 |     ACG   8 |     AAG  22 |     AGG   0
------------------------------------------------------
Val GTT   6 | Ala GCT   4 | Asp GAT   4 | Gly GGT   0
    GTC   2 |     GCC   6 |     GAC  13 |     GGC   9
    GTA   2 |     GCA   4 | Glu GAA   6 |     GGA  10
    GTG   4 |     GCG   8 |     GAG  18 |     GGG   4
------------------------------------------------------



(A) Nei-Gojobori (1986) method



Nei & Gojobori 1986. dN/dS (dN, dS)
(Note: This matrix is not used in later ML. analysis.
Use runmode = -2 for ML pairwise comparison.)

SEQ1                
SEQ2                 0.4314 (0.0081 0.0188)


(B) Yang & Nielsen (2000) method

Yang Z, Nielsen R (2000) Estimating synonymous and nonsynonymous substitution rates under realistic evolutionary models. Mol. Biol. Evol. 17:32-43

(equal weighting of pathways)

seq. seq.     S       N        t   kappa   omega     dN +- SE    dS +- SE

   2    1   105.8   374.2   0.0315  4.6000  0.4211 0.0081 +- 0.0047  0.0192 +- 0.0136


(C) LWL85, LPB93 & LWLm methods

Li W.-H., C.-I. Wu, Luo (1985) A new method for estimating synonymous and nonsynonymous rates of nucleotide substitutions considering the relative likelihood of nucleotide and codon changes. Mol. Biol. Evol. 2: 150-174.
Li W-H (1993) Unbiased estimation of the rates of synonymous and nonsynonymous substitution. J. Mol. Evol. 36:96-99
Pamilo P, Bianchi NO (1993) Evolution of the Zfx and Zfy genes - rates and interdependence between the genes. Mol. Biol. Evol. 10:271-281
Yang Z (2006) Computational Molecular Evolution. Oxford University Press, Oxford. Eqs. 2.12 & 2.13

2 (SEQ2) vs. 1 (SEQ1)

L(i):      312.5     104.0      63.5  sum=    480.0
Ns(i):    2.0000    2.0000    0.0000  sum=   4.0000
Nv(i):    0.5000    0.5000    0.0000  sum=   1.0000
A(i):     0.0065    0.0197    0.0000
B(i):     0.0016    0.0048   -0.0000
LWL85:  dS =  0.0209 dN =  0.0079 w = 0.3788 S =   98.2 N =  381.8
LWL85m: dS =    -nan dN =    -nan w =   -nan S =   -nan N =   -nan (rho = -nan)
LPB93:  dS =  0.0122 dN =  0.0089 w = 0.7243

