      2   1917

SEQ1                            ATG GCG GCG GCG CCG GCT TCG GGG CGG CGA GCC TTG CCT GGG TCG CGG CCG CGC CTC CTC CTC CTC CTC CCG CTG CTG GTC GCC CAG GTC TCC TGT GAG TTT GGC ATG GTC CGT GTC TTC TCG GAG AGG GGG AGC GGC AGA GGC AAG GAC TAC TGC ATC CTC TTC AAC TCC CAG TGG GCC CAC CTG CCG CAT GAC CTG GGC AAG GCG TCC CTC CTG CCG CTG CAG GAC CAG ACA GTG TCT GTC TTG TGT GCT CCA TCC GAC GTG CCT GAC GGG GGC TTC GGC AAC ACC GTC CCC ATG GTC ATG CGG GGC AAC TGC ACC TTC TAT GAA AAA GTG CGG CTG GCT CAG CTC AGT GGG GCG CGG GGC CTG CTG GTC GTC AGC CGG GAG AGA CTG GTC CCC CCC GCC GGT AAC CGG AGT CAG TAT GAG GAG ATA GAC ATC CCC GTG GCC CTG CTG AGC TAC ACG GAC ATG TTG GAT ATT GGC AGG AGC TTT GGC CAC TCA GTC AAG GTG GCC ATG TAC GCC CCC AAC GAG CCC GTC CTG GAC TAC AAC ATG GTG ATA ATC TTT GTG ATG GCT GTG GGC ACG GTG GCC GTC GGC GGG TAC TGG GCC GGA AGC AGA GAT GTG AAA AAG CGG TAC ATG AAG CAC AAG CGG GAT GAT GGG GCT GAG AAG CAT GAG GAC GAG ACG GTG GAC GTC ACC CCC ATC ATG ATC TGC GTC TTC GTG GTC ATG TGT TGC TCA ATG CTC GTC CTC CTC TAC TAC TTC TAT GAC CAG CTC GTG TAC GCC ATC ATA GGA ATC TTC TGC CTG GCA GCC TCG ATT GGC CTC TAC AGT TGC CTC TGT CCG TTT GTC CGA AGA TGC CCT GTA GGG AAA TGC AGG GTT CCA GAT AAC AGC TTG CCC TAT TTC CAC AAG CGC CCC CAA ATC CGG ATG CTG CTG CTG GCC GCC TTC TGT GTC ACC GTG AGC CTG GTG TGG GGC GTC TTC CGG AAT GAA GAC CAG TGG GCC TGG ATC CTC CAA GAC GCC CTG GGA ATT GCT TTC TGC CTT TAC ATG CTG AAA ACC ATC CGC CTG CCC ACG TTC AAG GGC TGT ACT CTG CTT CTC ATG GTC CTT TTT GTC TAC GAT GTC TTC TTT GTT TTC ATC ACG CCA TAT TTA ACC AAG ATG GGG GAG AGC ATC ATG GTG GAG GTG GCT GCC GGG CCA ACA GAC TCC GCC ACT CAT GAA AAG CTG CCC ATG GTG CTG AAG GTG CCG CGG CTC AAC TTC TCC CCA CTG GCA CTG TGT GAC AGG CCC TTC TCT CTC CTG GGG TTT GGG GAC ATC TTG GTT CCA GAT TGC CAG CCT GCG GGG GCA GGG ACT CTT GTT TTA CTG ACT GCA TGT CTC CTG GTC GCC TAT TGC CAC AGG TTT GAC ATC CAA GTC CAG TCC TCC CGA GTG TAT TTT GTT GCT TGC ACT GTA GCC TAT GGC ATC GGG CTC CTG GTG ACC TTT GTG GCC CTG GCA CTG ATG CAG AAG GGG CAG CCG GCT CTG CTC TAC CTG GTC CCC TGC ACG CTG CTG ACG AGC TTT GTG GTG GCC CTG TGG CGG AAG GAG CTG GCC ATG TTC TGG ACG GGT AGC GGC TTT GCG AAA GAC CTC CCT CAT CCT CCC TTG GTG ATC TCC CCT GTC AGT TGC CCT ACG CCC GCA AAA GAG GTG GGT TCC CCA ACA CCT ACA CCG GAA GCA GCT GAT AGA GCA GCC ACC CCG ATT TTC CCC ACC GAA GGG CCA ACC AGC ACC CCC TTG AGC AGT GGG GAG CCA CCT CAG GGG CCC TTC CTG GAG ACA GCA GAG GAG GAG GAA CAG ACA GAG CCC AGT GAG ATG CCA TCT GAA AAG CCA GCC CCC CAG TCG CCC CAT ATA GAA GAG CCC AGC CGC CCT CAG GAC CAT GGC CCA GGA AAT GAG AGC CCC CCA GCG GCA AAG CAG AGC CAG TCT GAC 
SEQ2                            ATG GCG GCG GCG CCG GCT TCG GGG CGG CGA GCC TTG CCT GGG TCG CGG CCG CGC CTC CTC CTC CTC CTC CCG CTG CTG GTC GCC CAG GTC TCC TGT GAG TTT GGC ATG GTC CGT GTC TTC TCG GAG AGG GGG AGC GGC AGA GGC AAG GAC TAC TGC ATC CTC TTC AAC TCC CAG TGG GCC CAC CTG CCG CAT GAC CTG GGC AAG GCG TCC CTC CTG CCG CTG CAG GAC CAG ACA GTG TCT GTC TTG TGT GCT CCA TCC GAC GTG CCT GAC GGG GGC TTC GGC AAC ACC GTC CCC ATG GTC ATG CGG GGC AAC TGC ACC TTC TAT GAA AAA GTG CGG CTG GCT CAG CTC AGT GGG GCG CGG GGC CTG CTG GTC GTC AGC CGG GAG AGA CTG GTC CCC CCT GCC GGT AAC CGG AGT CAG TAT GAG GAG ATA GAC ATC CCC GTG GCC CTG CTG AGC TAC ACG GAC ATG TTG GAT ATT GGC AGG AGC TTT GGC CAC TCA GTC AAG GTG GCC ATG TAC GCC CCC AAC GAG CCC GTC CTG GAC TAC AAC ATG GTG ATA ATC TTT GTG ATG GCT GTG GGC ACG GTG GCC GTC GGC GGG TAC TGG GCC GGA AGC AGA GAT GTG AAA AAG CGG TAC ATG AAG CAC AAG CGG GAT GAT GGG GCT GAG AAG CAT GAG GAC GAG ACG GTG GAC GTC ACC CCC ATC ATG ATC TGC GTC TTC GTG GTC ATG TGT TGC TCA ATG CTC GTC CTC CTC TAC TAC TTC TAT GAC CAG CTC GTG TAC GCC ATC ATA GGA ATC TTC TGC CTG GCA GCC TCG ATT GGC CTC TAC AGT TGC CTC TGT CCG TTT GTC CGA AGA TGC CCT GTA GGG AAA TGC AGG GTT CCA GAT AAC AGC TTG CCC TAT TTC CAC AAG CGC CCC CAA ATC CGG ATG CTG CTG CTG GCC GCC TTC TGT GTC ACC GTG AGC CTG GTG TGG GGC GTC TTC CGG AAT GAA GAC CAG TGG GCC TGG ATC CTC CAA GAC GCC CTG GGA ATT GCT TTC TGC CTT TAC ATG CTG AAA ACC ATC CGC CTG CCC ACG TTC AAG GGC TGT ACT CTG CTT CTC ATG GTC CTT TTT GTC TAC GAT GTC TTC TTT GTT TTC ATC ACG CCA TAT TTA ACC AAG ATG GGG GAG AGC ATC ATG GTG GAG GTG GCT GCC GGG CCA ACA GAC TCC GCC ACT CAT GAA AAG CTG CCC ATG GTG CTG AAG GTG CCG CGG CTC AAC TTC TCC CCA CTG GCA CTG TGT GAC AGG CCC TTC TCT CTC CTG GGG TTT GGG GAC ATC TTG GTT CCA GAT TGC CAG CCT GCG GGG GCA GGG ACT CTT GTT TTA CTG ACT GCA TGT CTC CTG GTC GCC TAT TGC CAC AGG TTT GAC ATC CAA GTC CAG TCC TCC CGA GTG TAT TTT GTT GCT TGC ACT GTA GCC TAT GGC ATC GGG CTC CTG GTG ACC TTT GTG GCC CTG GCA CTG ATG CAG AAG GGG CAG CCG GCT CTG CTC TAC CTG GTC CCC TGC ACG CTG CTG ACG AGC TTT GTG GTG GCC CTG TGG CGG AAG GAG CTG GCC ATG TTC TGG ACG GGT AGC GGC TTT GCG AAA GAC CTC CCT CAT CCT CCC TTG GTG ATC TCC CCT GTC AGT TGC CCT ACG CCC GCA AAA GAG GTG GGT TCC CCA ACA CCT ACA CCG GAA GCA GCT GAT AGA GCA GCC ACC CCG ATT TTC CCC ACC GAA GGG CCA ACC AGC ACC CCC TTG AGC AGT GGG GAG CCA CCT CAG GGG CCC TTC CTG GAG ACA GCA GAG GAG GAG GAA CAG ACA GAG CCC AGT GAG ATG CCA TCT GAA AAG CCA GCC CCC CAG TCG CCC CAT ATA GAA GAG CCC AGC CGC CCT CAG GAC CAT GGC CCA GGA AAT GAG AGC CCC CCA GCG GCA AAG CAG AGC CAG TCT GAC 



Printing out site pattern counts


         2        183  P

SEQ1                            AAA AAC AAG AAT ACA ACC ACG ACT AGA AGC AGG AGT ATA ATC ATG ATT CAA CAC CAG CAT CCA CCC CCC CCG CCT CGA CGC CGG CGT CTC CTG CTT GAA GAC GAG GAT GCA GCC GCG GCT GGA GGC GGG GGT GTA GTC GTG GTT TAC TAT TCA TCC TCG TCT TGC TGG TGT TTA TTC TTG TTT 
SEQ2                            ... ... ... ... ... ... ... ... ... ... ... ... ... ... ... ... ... ... ... ... ... ... ..T ... ... ... ... ... ... ... ... ... ... ... ... ... ... ... ... ... ... ... ... ... ... ... ... ... ... ... ... ... ... ... ... ... ... ... ... ... ... 

    6    8   16    2    6   11    9    5    5   15    5    6    4   16   21
    4    3    5   18    6   13   22    1   10   11    3    4   13    1   22
   39    4    8   20   22    8   10   24    8   10    4   18   19    3    2
   27   26    5   13    8    2   10    5    4   14    7    8    2   19    7
   12

YN00 paml/jobs/LOCW_00021245__LOC_00019020/LOCW_00021245__LOC_00019020.phy

ns =   2	ls = 639

Codon position x base (3x4) table for each sequence.

SEQ1                
position  1:    T:0.17371    C:0.27387    A:0.21753    G:0.33490
position  2:    T:0.32864    C:0.25196    A:0.22379    G:0.19562
position  3:    T:0.15180    C:0.38967    A:0.10642    G:0.35211

SEQ2                
position  1:    T:0.17371    C:0.27387    A:0.21753    G:0.33490
position  2:    T:0.32864    C:0.25196    A:0.22379    G:0.19562
position  3:    T:0.15336    C:0.38811    A:0.10642    G:0.35211

Average
position  1:    T:0.17371    C:0.27387    A:0.21753    G:0.33490
position  2:    T:0.32864    C:0.25196    A:0.22379    G:0.19562
position  3:    T:0.15258    C:0.38889    A:0.10642    G:0.35211

Codon usage for each species
----------------------------------------------------------------------
Phe TTT  12  12 | Ser TCT   4   4 | Tyr TAT   8   8 | Cys TGT   8   8
    TTC  19  19 |     TCC  10  10 |     TAC  13  13 |     TGC  14  14
Leu TTA   2   2 |     TCA   2   2 | *** TAA   0   0 | *** TGA   0   0
    TTG   7   7 |     TCG   5   5 |     TAG   0   0 | Trp TGG   7   7
----------------------------------------------------------------------
Leu CTT   4   4 | Pro CCT  11  12 | His CAT   6   6 | Arg CGT   1   1
    CTC  22  22 |     CCC  23  22 |     CAC   5   5 |     CGC   4   4
    CTA   0   0 |     CCA  13  13 | Gln CAA   3   3 |     CGA   3   3
    CTG  39  39 |     CCG  10  10 |     CAG  18  18 |     CGG  13  13
----------------------------------------------------------------------
Ile ATT   4   4 | Thr ACT   5   5 | Asn AAT   2   2 | Ser AGT   6   6
    ATC  16  16 |     ACC  11  11 |     AAC   8   8 |     AGC  15  15
    ATA   4   4 |     ACA   6   6 | Lys AAA   6   6 | Arg AGA   5   5
Met ATG  21  21 |     ACG   9   9 |     AAG  16  16 |     AGG   5   5
----------------------------------------------------------------------
Val GTT   5   5 | Ala GCT  10  10 | Asp GAT   8   8 | Gly GGT   3   3
    GTC  27  27 |     GCC  24  24 |     GAC  20  20 |     GGC  18  18
    GTA   2   2 |     GCA  10  10 | Glu GAA   8   8 |     GGA   4   4
    GTG  26  26 |     GCG   8   8 |     GAG  22  22 |     GGG  19  19
----------------------------------------------------------------------


Sums
------------------------------------------------------
Phe TTT  24 | Ser TCT   8 | Tyr TAT  16 | Cys TGT  16
    TTC  38 |     TCC  20 |     TAC  26 |     TGC  28
Leu TTA   4 |     TCA   4 | *** TAA   0 | *** TGA   0
    TTG  14 |     TCG  10 |     TAG   0 | Trp TGG  14
------------------------------------------------------
Leu CTT   8 | Pro CCT  23 | His CAT  12 | Arg CGT   2
    CTC  44 |     CCC  45 |     CAC  10 |     CGC   8
    CTA   0 |     CCA  26 | Gln CAA   6 |     CGA   6
    CTG  78 |     CCG  20 |     CAG  36 |     CGG  26
------------------------------------------------------
Ile ATT   8 | Thr ACT  10 | Asn AAT   4 | Ser AGT  12
    ATC  32 |     ACC  22 |     AAC  16 |     AGC  30
    ATA   8 |     ACA  12 | Lys AAA  12 | Arg AGA  10
Met ATG  42 |     ACG  18 |     AAG  32 |     AGG  10
------------------------------------------------------
Val GTT  10 | Ala GCT  20 | Asp GAT  16 | Gly GGT   6
    GTC  54 |     GCC  48 |     GAC  40 |     GGC  36
    GTA   4 |     GCA  20 | Glu GAA  16 |     GGA   8
    GTG  52 |     GCG  16 |     GAG  44 |     GGG  38
------------------------------------------------------



(A) Nei-Gojobori (1986) method



Nei & Gojobori 1986. dN/dS (dN, dS)
(Note: This matrix is not used in later ML. analysis.
Use runmode = -2 for ML pairwise comparison.)

SEQ1                
SEQ2                -1.0000 (0.0000 0.0021)


(B) Yang & Nielsen (2000) method

Yang Z, Nielsen R (2000) Estimating synonymous and nonsynonymous substitution rates under realistic evolutionary models. Mol. Biol. Evol. 17:32-43

(equal weighting of pathways)

seq. seq.     S       N        t   kappa   omega     dN +- SE    dS +- SE

   2    1   473.2  1443.8   0.0016  4.6000  0.0000 -0.0000 +- 0.0000  0.0021 +- 0.0021


(C) LWL85, LPB93 & LWLm methods

Li W.-H., C.-I. Wu, Luo (1985) A new method for estimating synonymous and nonsynonymous rates of nucleotide substitutions considering the relative likelihood of nucleotide and codon changes. Mol. Biol. Evol. 2: 150-174.
Li W-H (1993) Unbiased estimation of the rates of synonymous and nonsynonymous substitution. J. Mol. Evol. 36:96-99
Pamilo P, Bianchi NO (1993) Evolution of the Zfx and Zfy genes - rates and interdependence between the genes. Mol. Biol. Evol. 10:271-281
Yang Z (2006) Computational Molecular Evolution. Oxford University Press, Oxford. Eqs. 2.12 & 2.13

2 (SEQ2) vs. 1 (SEQ1)

L(i):     1232.0     334.0     351.0  sum=   1917.0
Ns(i):    0.0000    0.0000    1.0000  sum=   1.0000
Nv(i):    0.0000    0.0000    0.0000  sum=   0.0000
A(i):     0.0000    0.0000    0.0029
B(i):    -0.0000   -0.0000   -0.0000
LWL85:  dS =  0.0022 dN =  0.0000 w = 0.0000 S =  462.3 N = 1454.7
LWL85m: dS =  0.0015 dN =  0.0000 w = 0.0000 S =  685.0 N = 1232.0 (rho = 1.000)
LPB93:  dS =  0.0015 dN =  0.0000 w = 0.0000

