
Before deleting alignment gaps
      2   2187

SEQ1                            ATG GGG AGC ACG GAG GGC TTT CAG TAC CGG GCC CTC TAC CCG TAC CGC AAG GAG CGG GAG GAG GAC ATC GAC CTG CTG CCA GGG GAC ACC TTG GTG GTG AGC CGG GGG GCC CTG CTG GCC CTG GGC TTC AAG GAG GGC GAC GAG CAG GCC CCC CAC CAG ATC GGC TGG ATC CTG GGC GTC AAC GAG CGC ACC AAG CAG AAG GGC GAC TTC CCG GGC ACC TAC GTG GAG TAC GTG GGG GCG GTG AAG ATT GCC CTG CCC GCC CAC CGG CCC CGG GCG CCC CGG CCC CTG CCC CTG CCC GCC ACC CCC GGG GCC GCC ACG GCC CAC ATG CCC GAG GAG CAC GGG CTG GCG CTT CCA GAA CTT TCT GAG CAG TTT GCC CCC CCG GAG GCC GCC CCA CCT CTG CTG TGC AGG CTG GTG GAA GCG ATC GAG AAG AAA GGG CTG GAG AGC GCG ATG CTG TAC CGG ACG TCC GGC TCG GAG CGG TGG CAA GTG CTG AGG ACC GAT TGG GCC TCG GCC GGA GAC CTG GAG ACC TGG GAC GTC CTC TCC CTG GGC GAG GCC CTC AAG GGC TAC CTG CAG GAC CTC CCC ACG CCG GTG GTG CCG CCG TGC GCG CAA GGC GAC GTC CTG CGG GCA CTC CAG GAT GCC ACC CAG CCC GAC GCC TGC CGG GCA CAG CTG CTC TCG GCG CTG GAG GCC CCG GCC GTG CCG CAG CCG CAC CTC CTC ACC CTG CGG TTC CTG CTG CGC CAC CTG GCC AAG GCG GCT GAG CGG GCC GAG AGC AGC GGG CTG TGC CCC CGG GCC CTG GGT GAG ATC TTC GGG CCC CTG CTC CTC CGA GGG CCT CCT GCA GCC AGT GCC GAG GCG GCC CCG GAT TTT GCA GCT CTG TTC CTG GAG ACC CTT CTA CAG GCG AAG GAC CCT GAG ACG GAC CAC CCT CCG CCA GCT CTG CCC CCC AAG CCC CCC AAA CCG AAG CCT GCC GCT GCC CTG GCC AAC GGG AAT GGG ACG ACC CTC CAG GAC GCC GAG TGG TAC TGG GGG GAC ATC TCC AGG GAG GAA GTG AAC GAG AAG CTC AGA GAC ACC CCC GAT GGC ACC TTT CTG GTG AGG GAT GCA TCC AGC AAG ATC CAG GGC GAA TAC ACA CTG ACC CTG AGG AAA GGT GGG AAC AAC AAG CTC ATC AAG ATC TTC CAC CGG GAG GGC AAG TAC GGC TTC TCG GAG CCG CTG ACC TTC GGC TCT GTG GTG GAG CTC ATC AAC CAC TAC CGC CAC GAG TCC CTG GCC CAG TAC AAC GCC AAG CTG GAC ACC CGG CTG CTC TAC CCC ATC TCC AAG TAT CAG CAG GAC CAG GTG GTG AAG GAG GAC AGC GTG GAG GCC GTG GGG GAG CAG CTG CGA GTC TAC CAC CAG CAG TAC CAG GAG AAG AGC CGG GAG TAC GAC CTG CTG TAC GAG GAG TAC ACC CGC ACC TCG CAG GAG CTG CAG ATG AAG CGG ACG GCC ATC GAG GCC TTC AAC GAG ACC ATC AAG ATC TTC GAG GAG CAG TGC CAG ACG CAG GAG AAG TGC AGC CGG GAC TAC ATT GAG CGC TTC CGG CGG GAG GGC AAC GAG AAG GAG CTG CAG AGG ATC CTG ATG AAT TCG GAG AAA CTG AAG TCC CGG GTG ACG GAG ATC CAC GAC AGC AAG ATG AAG CTG GAG GAG GAC CTC AGG CAG CAG GCC GCG GAG AAC CGG GAG ATC GAC AAG CGT ATG AAC AGC CTG AAG CCC GAC CTC CTG CAG CTG CGG AAG CTC CGG GAC CAG TAC CTG GTG TGG CTG ACG CAG AAA GGG ACC CGT CAG AAG AAG ATC AAC GAA TGG CTG GGC ATC AAG AAC GAG ACC GAG GAC CAG TAC TCC ATG ATG GAG GAC GAG GAG GAG CTG CCC CAC CAC GAG GAG CGG ACG TGG TAC GTG GGC AAG ATC AAC CGG CTC CAG GCC GAG GAG ATG CTG GCG GGT CGG CGT GAC GGG ACC TTC CTC GTC CGG GAG AGC AGC CAG CGG GGC TGC TAC GCC TGC TCC GTC GTG GCG GAC GGC GAC ACC AAG CAC TGC GTG ATC TAC AAG ACG GCG ACT GGC TAC GGC TTC GCC GAG CCC TAC AAC CTC TAC GCC TCG CTC AAG GAG CTG GTC CTG CAC TAC CGG CAC ACG TCT CTC GTG CAG CAC AAC GAC TCG CTC AGC GTC ACC CTG GCC CAC CCC GTC CTG TCC CAG CTG CTG CCG CCC AGA 
SEQ2                            ATG GGG AGC ACG GAG GGC TTT CAG TAC CGG GCC CTC TAC CCG TAC CGC AAG GAG CGG GAG GAG GAC ATC GAC CTG CTG CCA GGG GAC ACC TTG GTG GTG AGC CGG GGG GCC CTG ATG GCC CTG GGC TTC AAG GAG GGC GAC GAG CAG GCC CCC CAC CAG ATC GGC TGG ATC CTG GGC GTC AAC GAG CGC ACC AAG CAG AAG GGC GAC TTC CCG GGC ACC TAC GTG GAG TAC GTG GGG GCG GTG AAG ATC GCC CTG CCC GCC CAC CGG CCC CGG GCG CCC CGG CCC CTG --- --- CCC GCC ACC CCC GGG GCC GCC ATG GCC CAC ATG CCC GAG GAG CAC GGG CTG GCG CTT CCA GAA CTT TCT GAG CAG TTT GCC CCC CCG GAG GCC GCC CCA CCT CTG CTG TGC AGG CTG GTG GAA GTG ATC GAG AAG AAA GGG CTG GAG AGC GCG ATG CTG TAC CGG ACG TCC GGC TCG GAG CGG TGG CAA GTG CTG AGG ACC GAT TGG GCC TCG GCC GGA GAC CTG GAG ACC TGG GAC GTC CTC TCC CTG GGC GAG GCC CTC AAG GGC TAC CTG CAG GAC CTC CCC ACG CCG GTG GTG CCG CCG TGC GCG CAA GGC GAC GTC CTG CGG GCA CTC CAG GAT GCC ACC CAG CCC GAC GCC TGC CGG GCA CAG CTG CTC TCG GCA CTG GAG GCC CCG GCC GTG CCG CTG CCG CAC CTC CTC ACC CTG CGG TTC CTG CTG CGC CAC CTG GCC AAG GCG GCC GAG CGG GCC GAG AGC AGC GGG CTG TGC CCC CGG GCC CTG GGC GAG ATC TTC GGG CCC CTG CTC CTC CGA GGG CCT CCT GCG GCC AGC GCC GAG GCG GCC CCG GAT TTT GCA GCT CTG TTC CTG GAG ACC CTT CTA CAG GCG AAG GAC CCT GAG ACG GAC CAC CCT CCG CCA GCT CTG CCC CCC AAG CCC CCC AAA CCG AAG CCT GCC GCC GCC CTG GCC AAC GGG AAC GGG ACG ACC CTC CAG GAT GCC GAG TGG TAC TGG GGG GAC ATC TCC AGG GAG GAA GTG AAC GAG AAG CTC AGA GAC ACC CCC GAT GGC ACT TTT CTG GTG AGG GAT GCA TCC AGC AAG ATC CAG GGC GAA TAC ACA CTG ACC CTG AGG AAA GGT GGG AAC AAC AAG CTG ATC AAG ATC TTC CAC CGG GAG GGC AAG TAC GGC TTC TCG GAG CCG CTG ACC TTC GGC TCT GTG GTG GAG CTC ATC AAC CAC TAC CGC CAC GAG TCC CTG GCC CAG TAC AAC GCC AAG CTG GAC ACC CGG CTG CTC TAC CCC ATC TCC AAG TAT CAG CAG GAC CAG GTG GTG AAG GAG GAC AGC GTG GAG GCC GTG GGG GAG CAG CTG CGA GTC TAC CAC CAG CAG TAC CAG GAG AAG AGC CGG GAG TAC GAC CTG CTG TAC GAG GAG TAC ACC CGC ACC TCG CAG GAG CTG CAG ATG AAG CGG ACA GCC ATC GAG GCC TTC AAC GAG ACC ATC AAG ATC TTC GAG GAG CAG TGC CAG ACG CAG GAG AAG TGC AGC CGG GAC TAC ATC GAG CGC TTC CGG CGG GAG GGC AAC GAG AAG GAG CTG CAG AGG ATC CTG ATG AAT TCG GAG AAA CTG AAG TCC CGG GTG ACG GAG ATC CAC GAC AGC AAG ATG AAG CTG GAG GAG GAC CTC AGG CAG CAG GCC GCG GAG AAC CGG GAG ATC GAC AAG CGT ATG AAC AGC CTG AAG CCC GAC CTC CTG CAG CTA CGG AAG CTC CGG GAC CAG TAC CTG GTG TGG CTG ACG CAG AAA GGG ACC CGT CAG AAG AAG ATC AAC GAA TGG CTG GGC ATC AAG AAC GAG ACC GAG GAC CAG TAC TCC ATG ATG GAG GAC GAG GAG GAA CTG CCC CAC CAC GAG GAG CGG ACG TGG TAC GTG GGC AAG ATC AAC CGG CTC CAG GCC GAG GAG ATG CTG GCG GGT CGG CGT GAC GGG ACC TTC CTC GTC CGG GAG AGC AGC CAG CGA GGC TGC TAC GCC TGC TCC GTC GTG GTG GAC GGC GAC ACC AAG CAC TGC GTG ATC TAC AAG ACG GCG ACC GGC TAC GGC TTC GCC GAG CCC TAC AAC CTC TAC GCC TCG CTC AAG GAG CTG GTC CTG CAC TAC CGG CAC ACG TCT CTC GTG CAG CAC AAC GAC TCG CTC AGC GTC ACC CTG GCC CAC CCC GTC CTG TCC CAG CCG CTG CCG CCC AGA 



After deleting gaps. 2181 sites
      2   2181

SEQ1                            ATG GGG AGC ACG GAG GGC TTT CAG TAC CGG GCC CTC TAC CCG TAC CGC AAG GAG CGG GAG GAG GAC ATC GAC CTG CTG CCA GGG GAC ACC TTG GTG GTG AGC CGG GGG GCC CTG CTG GCC CTG GGC TTC AAG GAG GGC GAC GAG CAG GCC CCC CAC CAG ATC GGC TGG ATC CTG GGC GTC AAC GAG CGC ACC AAG CAG AAG GGC GAC TTC CCG GGC ACC TAC GTG GAG TAC GTG GGG GCG GTG AAG ATT GCC CTG CCC GCC CAC CGG CCC CGG GCG CCC CGG CCC CTG CCC GCC ACC CCC GGG GCC GCC ACG GCC CAC ATG CCC GAG GAG CAC GGG CTG GCG CTT CCA GAA CTT TCT GAG CAG TTT GCC CCC CCG GAG GCC GCC CCA CCT CTG CTG TGC AGG CTG GTG GAA GCG ATC GAG AAG AAA GGG CTG GAG AGC GCG ATG CTG TAC CGG ACG TCC GGC TCG GAG CGG TGG CAA GTG CTG AGG ACC GAT TGG GCC TCG GCC GGA GAC CTG GAG ACC TGG GAC GTC CTC TCC CTG GGC GAG GCC CTC AAG GGC TAC CTG CAG GAC CTC CCC ACG CCG GTG GTG CCG CCG TGC GCG CAA GGC GAC GTC CTG CGG GCA CTC CAG GAT GCC ACC CAG CCC GAC GCC TGC CGG GCA CAG CTG CTC TCG GCG CTG GAG GCC CCG GCC GTG CCG CAG CCG CAC CTC CTC ACC CTG CGG TTC CTG CTG CGC CAC CTG GCC AAG GCG GCT GAG CGG GCC GAG AGC AGC GGG CTG TGC CCC CGG GCC CTG GGT GAG ATC TTC GGG CCC CTG CTC CTC CGA GGG CCT CCT GCA GCC AGT GCC GAG GCG GCC CCG GAT TTT GCA GCT CTG TTC CTG GAG ACC CTT CTA CAG GCG AAG GAC CCT GAG ACG GAC CAC CCT CCG CCA GCT CTG CCC CCC AAG CCC CCC AAA CCG AAG CCT GCC GCT GCC CTG GCC AAC GGG AAT GGG ACG ACC CTC CAG GAC GCC GAG TGG TAC TGG GGG GAC ATC TCC AGG GAG GAA GTG AAC GAG AAG CTC AGA GAC ACC CCC GAT GGC ACC TTT CTG GTG AGG GAT GCA TCC AGC AAG ATC CAG GGC GAA TAC ACA CTG ACC CTG AGG AAA GGT GGG AAC AAC AAG CTC ATC AAG ATC TTC CAC CGG GAG GGC AAG TAC GGC TTC TCG GAG CCG CTG ACC TTC GGC TCT GTG GTG GAG CTC ATC AAC CAC TAC CGC CAC GAG TCC CTG GCC CAG TAC AAC GCC AAG CTG GAC ACC CGG CTG CTC TAC CCC ATC TCC AAG TAT CAG CAG GAC CAG GTG GTG AAG GAG GAC AGC GTG GAG GCC GTG GGG GAG CAG CTG CGA GTC TAC CAC CAG CAG TAC CAG GAG AAG AGC CGG GAG TAC GAC CTG CTG TAC GAG GAG TAC ACC CGC ACC TCG CAG GAG CTG CAG ATG AAG CGG ACG GCC ATC GAG GCC TTC AAC GAG ACC ATC AAG ATC TTC GAG GAG CAG TGC CAG ACG CAG GAG AAG TGC AGC CGG GAC TAC ATT GAG CGC TTC CGG CGG GAG GGC AAC GAG AAG GAG CTG CAG AGG ATC CTG ATG AAT TCG GAG AAA CTG AAG TCC CGG GTG ACG GAG ATC CAC GAC AGC AAG ATG AAG CTG GAG GAG GAC CTC AGG CAG CAG GCC GCG GAG AAC CGG GAG ATC GAC AAG CGT ATG AAC AGC CTG AAG CCC GAC CTC CTG CAG CTG CGG AAG CTC CGG GAC CAG TAC CTG GTG TGG CTG ACG CAG AAA GGG ACC CGT CAG AAG AAG ATC AAC GAA TGG CTG GGC ATC AAG AAC GAG ACC GAG GAC CAG TAC TCC ATG ATG GAG GAC GAG GAG GAG CTG CCC CAC CAC GAG GAG CGG ACG TGG TAC GTG GGC AAG ATC AAC CGG CTC CAG GCC GAG GAG ATG CTG GCG GGT CGG CGT GAC GGG ACC TTC CTC GTC CGG GAG AGC AGC CAG CGG GGC TGC TAC GCC TGC TCC GTC GTG GCG GAC GGC GAC ACC AAG CAC TGC GTG ATC TAC AAG ACG GCG ACT GGC TAC GGC TTC GCC GAG CCC TAC AAC CTC TAC GCC TCG CTC AAG GAG CTG GTC CTG CAC TAC CGG CAC ACG TCT CTC GTG CAG CAC AAC GAC TCG CTC AGC GTC ACC CTG GCC CAC CCC GTC CTG TCC CAG CTG CTG CCG CCC AGA 
SEQ2                            ATG GGG AGC ACG GAG GGC TTT CAG TAC CGG GCC CTC TAC CCG TAC CGC AAG GAG CGG GAG GAG GAC ATC GAC CTG CTG CCA GGG GAC ACC TTG GTG GTG AGC CGG GGG GCC CTG ATG GCC CTG GGC TTC AAG GAG GGC GAC GAG CAG GCC CCC CAC CAG ATC GGC TGG ATC CTG GGC GTC AAC GAG CGC ACC AAG CAG AAG GGC GAC TTC CCG GGC ACC TAC GTG GAG TAC GTG GGG GCG GTG AAG ATC GCC CTG CCC GCC CAC CGG CCC CGG GCG CCC CGG CCC CTG CCC GCC ACC CCC GGG GCC GCC ATG GCC CAC ATG CCC GAG GAG CAC GGG CTG GCG CTT CCA GAA CTT TCT GAG CAG TTT GCC CCC CCG GAG GCC GCC CCA CCT CTG CTG TGC AGG CTG GTG GAA GTG ATC GAG AAG AAA GGG CTG GAG AGC GCG ATG CTG TAC CGG ACG TCC GGC TCG GAG CGG TGG CAA GTG CTG AGG ACC GAT TGG GCC TCG GCC GGA GAC CTG GAG ACC TGG GAC GTC CTC TCC CTG GGC GAG GCC CTC AAG GGC TAC CTG CAG GAC CTC CCC ACG CCG GTG GTG CCG CCG TGC GCG CAA GGC GAC GTC CTG CGG GCA CTC CAG GAT GCC ACC CAG CCC GAC GCC TGC CGG GCA CAG CTG CTC TCG GCA CTG GAG GCC CCG GCC GTG CCG CTG CCG CAC CTC CTC ACC CTG CGG TTC CTG CTG CGC CAC CTG GCC AAG GCG GCC GAG CGG GCC GAG AGC AGC GGG CTG TGC CCC CGG GCC CTG GGC GAG ATC TTC GGG CCC CTG CTC CTC CGA GGG CCT CCT GCG GCC AGC GCC GAG GCG GCC CCG GAT TTT GCA GCT CTG TTC CTG GAG ACC CTT CTA CAG GCG AAG GAC CCT GAG ACG GAC CAC CCT CCG CCA GCT CTG CCC CCC AAG CCC CCC AAA CCG AAG CCT GCC GCC GCC CTG GCC AAC GGG AAC GGG ACG ACC CTC CAG GAT GCC GAG TGG TAC TGG GGG GAC ATC TCC AGG GAG GAA GTG AAC GAG AAG CTC AGA GAC ACC CCC GAT GGC ACT TTT CTG GTG AGG GAT GCA TCC AGC AAG ATC CAG GGC GAA TAC ACA CTG ACC CTG AGG AAA GGT GGG AAC AAC AAG CTG ATC AAG ATC TTC CAC CGG GAG GGC AAG TAC GGC TTC TCG GAG CCG CTG ACC TTC GGC TCT GTG GTG GAG CTC ATC AAC CAC TAC CGC CAC GAG TCC CTG GCC CAG TAC AAC GCC AAG CTG GAC ACC CGG CTG CTC TAC CCC ATC TCC AAG TAT CAG CAG GAC CAG GTG GTG AAG GAG GAC AGC GTG GAG GCC GTG GGG GAG CAG CTG CGA GTC TAC CAC CAG CAG TAC CAG GAG AAG AGC CGG GAG TAC GAC CTG CTG TAC GAG GAG TAC ACC CGC ACC TCG CAG GAG CTG CAG ATG AAG CGG ACA GCC ATC GAG GCC TTC AAC GAG ACC ATC AAG ATC TTC GAG GAG CAG TGC CAG ACG CAG GAG AAG TGC AGC CGG GAC TAC ATC GAG CGC TTC CGG CGG GAG GGC AAC GAG AAG GAG CTG CAG AGG ATC CTG ATG AAT TCG GAG AAA CTG AAG TCC CGG GTG ACG GAG ATC CAC GAC AGC AAG ATG AAG CTG GAG GAG GAC CTC AGG CAG CAG GCC GCG GAG AAC CGG GAG ATC GAC AAG CGT ATG AAC AGC CTG AAG CCC GAC CTC CTG CAG CTA CGG AAG CTC CGG GAC CAG TAC CTG GTG TGG CTG ACG CAG AAA GGG ACC CGT CAG AAG AAG ATC AAC GAA TGG CTG GGC ATC AAG AAC GAG ACC GAG GAC CAG TAC TCC ATG ATG GAG GAC GAG GAG GAA CTG CCC CAC CAC GAG GAG CGG ACG TGG TAC GTG GGC AAG ATC AAC CGG CTC CAG GCC GAG GAG ATG CTG GCG GGT CGG CGT GAC GGG ACC TTC CTC GTC CGG GAG AGC AGC CAG CGA GGC TGC TAC GCC TGC TCC GTC GTG GTG GAC GGC GAC ACC AAG CAC TGC GTG ATC TAC AAG ACG GCG ACC GGC TAC GGC TTC GCC GAG CCC TAC AAC CTC TAC GCC TCG CTC AAG GAG CTG GTC CTG CAC TAC CGG CAC ACG TCT CTC GTG CAG CAC AAC GAC TCG CTC AGC GTC ACC CTG GCC CAC CCC GTC CTG TCC CAG CCG CTG CCG CCC AGA 



Printing out site pattern counts


         2        213  P

SEQ1                            AAA AAC AAG AAT AAT ACA ACC ACC ACG ACG ACG ACT AGA AGC AGG AGT ATC ATG ATT CAA CAC CAG CAG CCA CCC CCG CCT CGA CGC CGG CGG CGT CTA CTC CTC CTG CTG CTG CTG CTT GAA GAC GAC GAG GAG GAT GCA GCA GCC GCG GCG GCG GCT GCT GGA GGC GGG GGT GGT GTC GTG TAC TAT TCC TCG TCT TGC TGG TTC TTG TTT 
SEQ2                            ... ... ... ..C ... ... ... ..T ..A ... .T. ..C ... ... ... ..C ... ... ..C ... ... ... .T. ... ... ... ... ... ... ..A ... ... ... ... ..G A.. .C. ..A ... ... ... ... ..T ..A ... ... ... ..G ... ..A ... .T. ..C ... ... ... ... ..C ... ... ... ... ... ... ... ... ... ... ... ... ... 

    5   16   37    1    1    1   22    1    1   11    1    1    2   14    7
    1   21   10    2    2   19   37    1    4   24   14    6    2    6    1
   29    3    1   23    1    1    1    1   58    3    5   30    1    1   66
    5    4    1   41    1   11    2    2    2    1   23   17    1    2    9
   24   28    1   10    8    3    9    9   13    1    4

YN00 paml/jobs/LOCW_00021354__LOC_00019369/LOCW_00021354__LOC_00019369.phy

ns =   2	ls = 727

Codon position x base (3x4) table for each sequence.

SEQ1                
position  1:    T:0.11829    C:0.32600    A:0.21320    G:0.34250
position  2:    T:0.23796    C:0.23521    A:0.35213    G:0.17469
position  3:    T:0.05227    C:0.42779    A:0.03851    G:0.48143

SEQ2                
position  1:    T:0.11829    C:0.32462    A:0.21458    G:0.34250
position  2:    T:0.24209    C:0.23246    A:0.35076    G:0.17469
position  3:    T:0.04402    C:0.43466    A:0.04402    G:0.47730

Average
position  1:    T:0.11829    C:0.32531    A:0.21389    G:0.34250
position  2:    T:0.24003    C:0.23384    A:0.35144    G:0.17469
position  3:    T:0.04814    C:0.43122    A:0.04127    G:0.47937

Codon usage for each species
----------------------------------------------------------------------
Phe TTT   4   4 | Ser TCT   3   3 | Tyr TAT   1   1 | Cys TGT   0   0
    TTC  13  13 |     TCC  10  10 |     TAC  28  28 |     TGC   9   9
Leu TTA   0   0 |     TCA   0   0 | *** TAA   0   0 | *** TGA   0   0
    TTG   1   1 |     TCG   8   8 |     TAG   0   0 | Trp TGG   9   9
----------------------------------------------------------------------
Leu CTT   3   3 | Pro CCT   6   6 | His CAT   0   0 | Arg CGT   3   3
    CTC  24  23 |     CCC  24  24 |     CAC  19  19 |     CGC   6   6
    CTA   1   2 |     CCA   4   4 | Gln CAA   2   2 |     CGA   2   3
    CTG  61  60 |     CCG  14  15 |     CAG  38  37 |     CGG  30  29
----------------------------------------------------------------------
Ile ATT   2   0 | Thr ACT   1   1 | Asn AAT   2   1 | Ser AGT   1   0
    ATC  21  23 |     ACC  23  23 |     AAC  16  17 |     AGC  14  15
    ATA   0   0 |     ACA   1   2 | Lys AAA   5   5 | Arg AGA   2   2
Met ATG  10  12 |     ACG  13  11 |     AAG  37  37 |     AGG   7   7
----------------------------------------------------------------------
Val GTT   0   0 | Ala GCT   4   2 | Asp GAT   5   6 | Gly GGT   3   2
    GTC   9   9 |     GCC  41  43 |     GAC  31  30 |     GGC  23  24
    GTA   0   0 |     GCA   5   5 | Glu GAA   5   6 |     GGA   1   1
    GTG  24  26 |     GCG  14  12 |     GAG  67  66 |     GGG  17  17
----------------------------------------------------------------------


Sums
------------------------------------------------------
Phe TTT   8 | Ser TCT   6 | Tyr TAT   2 | Cys TGT   0
    TTC  26 |     TCC  20 |     TAC  56 |     TGC  18
Leu TTA   0 |     TCA   0 | *** TAA   0 | *** TGA   0
    TTG   2 |     TCG  16 |     TAG   0 | Trp TGG  18
------------------------------------------------------
Leu CTT   6 | Pro CCT  12 | His CAT   0 | Arg CGT   6
    CTC  47 |     CCC  48 |     CAC  38 |     CGC  12
    CTA   3 |     CCA   8 | Gln CAA   4 |     CGA   5
    CTG 121 |     CCG  29 |     CAG  75 |     CGG  59
------------------------------------------------------
Ile ATT   2 | Thr ACT   2 | Asn AAT   3 | Ser AGT   1
    ATC  44 |     ACC  46 |     AAC  33 |     AGC  29
    ATA   0 |     ACA   3 | Lys AAA  10 | Arg AGA   4
Met ATG  22 |     ACG  24 |     AAG  74 |     AGG  14
------------------------------------------------------
Val GTT   0 | Ala GCT   6 | Asp GAT  11 | Gly GGT   5
    GTC  18 |     GCC  84 |     GAC  61 |     GGC  47
    GTA   0 |     GCA  10 | Glu GAA  11 |     GGA   2
    GTG  50 |     GCG  26 |     GAG 133 |     GGG  34
------------------------------------------------------



(A) Nei-Gojobori (1986) method



Nei & Gojobori 1986. dN/dS (dN, dS)
(Note: This matrix is not used in later ML. analysis.
Use runmode = -2 for ML pairwise comparison.)

SEQ1                
SEQ2                 0.1171 (0.0037 0.0315)


(B) Yang & Nielsen (2000) method

Yang Z, Nielsen R (2000) Estimating synonymous and nonsynonymous substitution rates under realistic evolutionary models. Mol. Biol. Evol. 17:32-43

(equal weighting of pathways)

seq. seq.     S       N        t   kappa   omega     dN +- SE    dS +- SE

   2    1   272.6  1908.4   0.0333 19.0704  0.0473 0.0032 +- 0.0013  0.0666 +- 0.0168


(C) LWL85, LPB93 & LWLm methods

Li W.-H., C.-I. Wu, Luo (1985) A new method for estimating synonymous and nonsynonymous rates of nucleotide substitutions considering the relative likelihood of nucleotide and codon changes. Mol. Biol. Evol. 2: 150-174.
Li W-H (1993) Unbiased estimation of the rates of synonymous and nonsynonymous substitution. J. Mol. Evol. 36:96-99
Pamilo P, Bianchi NO (1993) Evolution of the Zfx and Zfy genes - rates and interdependence between the genes. Mol. Biol. Evol. 10:271-281
Yang Z (2006) Computational Molecular Evolution. Oxford University Press, Oxford. Eqs. 2.12 & 2.13

2 (SEQ2) vs. 1 (SEQ1)

L(i):     1370.0     433.5     377.5  sum=   2181.0
Ns(i):    4.0000    6.0000   10.0000  sum=  20.0000
Nv(i):    1.5000    0.5000    1.0000  sum=   3.0000
A(i):     0.0029    0.0141    0.0273
B(i):     0.0011    0.0012    0.0027
LWL85:  dS =  0.0333 dN =  0.0036 w = 0.1088 S =  522.0 N = 1659.0
LWL85m: dS =  0.0225 dN =  0.0043 w = 0.1897 S =  772.6 N = 1408.4 (rho = 0.911)
LPB93:  dS =  0.0229 dN =  0.0040 w = 0.1767

