
Before deleting alignment gaps
      2   1647

SEQ1                            ATG GAG GGT GGT GTG GAT GGG CCC ATT GGG ATC CCC TTC CCT GAC CAC AGC AGC GAC ATC CTG AGC AGC TTG AAC GAG CAG CGG AAC CAC GGG CTG CTC TGC GAC GTG GTG ATC CTG GTG GAC GGG CAG GAG TTC CCC ACC CAC CGC TCC GTC TTG GCC GCC TGC AGC CAG TAC TTC AAG AAG CTC TTC ACC TCT GGG CTG GTG GTT GAC CAG CAG AAC GTG TAC GAA ATA GAC TTT GTG AGC GCC GAA GCC CTG GCG GCC CTG CTG GAG TTC GCC TAC ACC GCC ACT CTG ACC GTC AGC ACT TCG AGC GTC GGC GAG ATC CTC AAC GCT GCC AAG TTG CTA GAG ATC CAG GCG GTG AGG GAT GTT TGC ACA GAT CTC TTG GAC CGG AAG ATT CTG GCC AAA AAC GAC CAG ATG GAT ACA GTA GAT CAA ATT GAT CAA AGG AAC CAT CTC CGA GCA AAA GAA TAC CTG GAG TTC TTC CAG AGT AAC CCC ATC AAC GGC CCA CTG GGC ACC ATT TCT TGG ACC AAC CAA GAC TTG CGG GAC CTG CAA AGG CTC GGC TTC CAC AGC CAG GAA GAC GAG GGC GAG GTG GAG TGC AAC GGC ATG --- --- --- --- --- --- --- --- --- --- GAC AGA CCA AAG TCG AAG GAC GGC GAC CCC GAG AGC AAC CAC GCC ATG TGG CTG GAC CCA GAG GAG GAG GAG GCA GCC CAG GGT GGC CTG TTC CCT CCT CCC CAG AAT GGA CAA TTT GGC ATC CGC CAC CTG CCG GCA GCA GCG GGA GAG GAG CTG GGA TTC GCT CAG CTG GAC CAC CAG GAG GCC AGG GAC TCC CCC GCC TTT GGC CCC GGG GTA GGG GAG GGC GAG GAG GTG GAC GGC CGC GAA GTG GAC ACC CTG GCC GCC AGC GCC CTC CTG CAG CAG ATG ATC AAT TCC GTG GGG CGC CAG CCA CTG GCC GAC GAG GAC CGC AAG GAG AGC GAC GGG GTC ATG GAT TAT TAC TTG AAA TAT TTT AGC ACT TCC CAA GAG GGC GGC GAC TTT CCG TCC TGG TCC CAG AAA GTG GAG AAG AAG ATC CGA GCG AAA GCA TTC CAG AAG TGC CCC ATC TGC GAG AAG GTG ATC CAA GGG GCC GGC AAG CTC CCA CGC CAC ATT CGG ACC CAC ACG GGC GAG AAG CCC TAC GAA TGT AAC ATT TGC AAA GTT CGG TTT ACG AGG CAG GAC AAG CTG AAG GTG CAC ATG AGG AAG CAT ACC GGT GAG AAG CCC TAC CTG TGC CAG CAG TGT GGG GCA GCC TTC GCC CAC AAC TAC GAC CTG AAG AAC CAC ATG CGT GTC CAC ACG GGC CTC CGT CCC TAC CAG TGC GAA AGC TGC TTC AAG ACT TTC GTG CGA TCC GAC CAC TTG CAC CGG CAC CTT AAG AAA GAC GGC TGC AAC GGG ATC CCT TCC AGG CGG GGG CGC AAG CCC CGG GTG AGA GAG GTG GCC ATC GCG CCT GCC CCG GCC GCT CAG CCA GAT GAC GCA AGC CTG GCG GGC GGA GAA GAG GCC CCG GAC GTT CCC GAG GCC GCC ACC CTG CAG GAC GGG CTG GAC AAG CAC TTT GAG GAG AGC GCT AGC GCG GAC GCG GCG CCA GGA AGT CTG AAT GTA GCG GGG GGT TCG TCT GAG GGC AAA ATG CAA GAA CTC TCC 
SEQ2                            ATG GAG GGC GGT GTG GAC GGG CCC ATT GGG ATC CCC TTC CCT GAC CAC AGC AGC GAC ATC CTG AGC AGC TTG AAC GAG CAG CGG AAC CAC GGG CTG CTC TGC GAC GTG GTG ATC CTG GTG GAC GGG CAG GAG TTC CCC ACC CAC CGC TCC GTC TTG GCC GCC TGC AGC CAG TAC TTC AAG AAG CTC TTC ACC TCC GGG CTG GTG GTG GAC CAG CAG AAC GTG TAC GAA ATA GAC TTT GTG AGC GCC GAA GCC CTG GCG GCC CTG CTG GAG TTC GCC TAC ACC GCC ACT CTG ACC GTC AGC ACT TCG AGC GTC GGC GAG ATC CTC AAC GCC GCC AGG CTG CTG GAG ATC CAG GCG GTG AGG GAC GTT TGC ACG GAT CTC CTG GAC CGG AAG ATT CTG GCC AAG CAC GAC CAG ATG GAT ACA GTA GAT CAA ATT GAT CAA AGG AAC CAT CTC CGA GCA AAA GAA TAC CTG GAG TTC TTC CAG AGT AAC CCC ATC AAT GGC CCG CCG GGC AGC ATT CCA TGG ACC AAC CAA GAG TTG CGG GAC CTG CAG AGG CTC GGC TTC CAC AGC CAG GAA GAC GAG GGC GAG GCG GAG TGC AAC GGC ATA GAC TTC TAC TCC GCG CAG GCC GCC CTC GGC GAC AGA CCA AAG TCG AAG GAC GGC GAC CCC GAG AGC AAC CAC GCC ATG TGG CTG GAC CCG GAG GAG GAG GAG GCG GCC CAG GGC GGC CTG TTC CCC CCT CCC CAG AAT GGA CAG TTT GGC GTC CGC CAC CTG CAG GCA GCA GCA GGG GAG GAG GAG GGA TCG GCT CAG CTG GAC CAC CAG GAG GCC AGG GAC TCC CCC GCC TTC GGC CCC GGG GTA GGG GAG GGC GAG GAG GTG GAC AGC CGC GAA GTG GAC ACC CTG GCC GCC AGC GCC CTC CTG CAG CAG ATG ATC AAT TCC GTG GGG CGC CAG CCA CTG GCC GAC GAG GAC CGC AAG GAG AGC GAC GGG GTC ATG GAT TAT TAC TTG AAA TAT TTT AGC ACT TCC CAA GAG GGC GGT GAC TTT CCG TCC TGG TCC CAG AAA GTG GAG AAG AAG ATC CGA GCG AAA GCA TTC CAG AAG TGC CCC ATC TGC GAG AAG GTG ATC CAA GGG GCC GGC AAG CTC CCA CGC CAC ATT CGG ACC CAC ACG GGC GAG AAG CCC TAC GAA TGT AAC ATT TGC AAA GTT CGG TTT ACG AGG CAG GAC AAG CTG AAG GTG CAC ATG AGG AAG CAT ACC GGT GAG AAG CCC TAC CTG TGC CAG CAG TGT GGG GCG GCC TTC GCC CAC AAC TAC GAC CTG AAG AAC CAC ATG CGT GTC CAC ACG GGC CTC CGT CCC TAC CAG TGC GAA AGC TGC TTC AAG ACT TTC GTG CGA TCC GAC CAC TTG CAC CGA CAC CTT AAG AAA GAC GGC TGC AAC GGG ATC CCT TCC AGG CGG GGG CGC AAG CCC CGG GTG AGA GAG GTG GCC ATC GCG CCT GCC CCG GCC GCT CAG CCA GAC GAC GCA AGC CTG GCG GGC GGA GAA GAG GCC CCG GAC GCT CCC GAG GCC GCC ACC CTG CAG GAC GGG CTG GAC AAG CAC TTT GAG GAG AGC GCT AGC GCG GAC GCG GCG CCA GGA AGT CTG AAT GTA GCG GGG GGT TCG TCT GAG GGC AAA ACG CAA GAA CTC TCC 



After deleting gaps. 1617 sites
      2   1617

SEQ1                            ATG GAG GGT GGT GTG GAT GGG CCC ATT GGG ATC CCC TTC CCT GAC CAC AGC AGC GAC ATC CTG AGC AGC TTG AAC GAG CAG CGG AAC CAC GGG CTG CTC TGC GAC GTG GTG ATC CTG GTG GAC GGG CAG GAG TTC CCC ACC CAC CGC TCC GTC TTG GCC GCC TGC AGC CAG TAC TTC AAG AAG CTC TTC ACC TCT GGG CTG GTG GTT GAC CAG CAG AAC GTG TAC GAA ATA GAC TTT GTG AGC GCC GAA GCC CTG GCG GCC CTG CTG GAG TTC GCC TAC ACC GCC ACT CTG ACC GTC AGC ACT TCG AGC GTC GGC GAG ATC CTC AAC GCT GCC AAG TTG CTA GAG ATC CAG GCG GTG AGG GAT GTT TGC ACA GAT CTC TTG GAC CGG AAG ATT CTG GCC AAA AAC GAC CAG ATG GAT ACA GTA GAT CAA ATT GAT CAA AGG AAC CAT CTC CGA GCA AAA GAA TAC CTG GAG TTC TTC CAG AGT AAC CCC ATC AAC GGC CCA CTG GGC ACC ATT TCT TGG ACC AAC CAA GAC TTG CGG GAC CTG CAA AGG CTC GGC TTC CAC AGC CAG GAA GAC GAG GGC GAG GTG GAG TGC AAC GGC ATG GAC AGA CCA AAG TCG AAG GAC GGC GAC CCC GAG AGC AAC CAC GCC ATG TGG CTG GAC CCA GAG GAG GAG GAG GCA GCC CAG GGT GGC CTG TTC CCT CCT CCC CAG AAT GGA CAA TTT GGC ATC CGC CAC CTG CCG GCA GCA GCG GGA GAG GAG CTG GGA TTC GCT CAG CTG GAC CAC CAG GAG GCC AGG GAC TCC CCC GCC TTT GGC CCC GGG GTA GGG GAG GGC GAG GAG GTG GAC GGC CGC GAA GTG GAC ACC CTG GCC GCC AGC GCC CTC CTG CAG CAG ATG ATC AAT TCC GTG GGG CGC CAG CCA CTG GCC GAC GAG GAC CGC AAG GAG AGC GAC GGG GTC ATG GAT TAT TAC TTG AAA TAT TTT AGC ACT TCC CAA GAG GGC GGC GAC TTT CCG TCC TGG TCC CAG AAA GTG GAG AAG AAG ATC CGA GCG AAA GCA TTC CAG AAG TGC CCC ATC TGC GAG AAG GTG ATC CAA GGG GCC GGC AAG CTC CCA CGC CAC ATT CGG ACC CAC ACG GGC GAG AAG CCC TAC GAA TGT AAC ATT TGC AAA GTT CGG TTT ACG AGG CAG GAC AAG CTG AAG GTG CAC ATG AGG AAG CAT ACC GGT GAG AAG CCC TAC CTG TGC CAG CAG TGT GGG GCA GCC TTC GCC CAC AAC TAC GAC CTG AAG AAC CAC ATG CGT GTC CAC ACG GGC CTC CGT CCC TAC CAG TGC GAA AGC TGC TTC AAG ACT TTC GTG CGA TCC GAC CAC TTG CAC CGG CAC CTT AAG AAA GAC GGC TGC AAC GGG ATC CCT TCC AGG CGG GGG CGC AAG CCC CGG GTG AGA GAG GTG GCC ATC GCG CCT GCC CCG GCC GCT CAG CCA GAT GAC GCA AGC CTG GCG GGC GGA GAA GAG GCC CCG GAC GTT CCC GAG GCC GCC ACC CTG CAG GAC GGG CTG GAC AAG CAC TTT GAG GAG AGC GCT AGC GCG GAC GCG GCG CCA GGA AGT CTG AAT GTA GCG GGG GGT TCG TCT GAG GGC AAA ATG CAA GAA CTC TCC 
SEQ2                            ATG GAG GGC GGT GTG GAC GGG CCC ATT GGG ATC CCC TTC CCT GAC CAC AGC AGC GAC ATC CTG AGC AGC TTG AAC GAG CAG CGG AAC CAC GGG CTG CTC TGC GAC GTG GTG ATC CTG GTG GAC GGG CAG GAG TTC CCC ACC CAC CGC TCC GTC TTG GCC GCC TGC AGC CAG TAC TTC AAG AAG CTC TTC ACC TCC GGG CTG GTG GTG GAC CAG CAG AAC GTG TAC GAA ATA GAC TTT GTG AGC GCC GAA GCC CTG GCG GCC CTG CTG GAG TTC GCC TAC ACC GCC ACT CTG ACC GTC AGC ACT TCG AGC GTC GGC GAG ATC CTC AAC GCC GCC AGG CTG CTG GAG ATC CAG GCG GTG AGG GAC GTT TGC ACG GAT CTC CTG GAC CGG AAG ATT CTG GCC AAG CAC GAC CAG ATG GAT ACA GTA GAT CAA ATT GAT CAA AGG AAC CAT CTC CGA GCA AAA GAA TAC CTG GAG TTC TTC CAG AGT AAC CCC ATC AAT GGC CCG CCG GGC AGC ATT CCA TGG ACC AAC CAA GAG TTG CGG GAC CTG CAG AGG CTC GGC TTC CAC AGC CAG GAA GAC GAG GGC GAG GCG GAG TGC AAC GGC ATA GAC AGA CCA AAG TCG AAG GAC GGC GAC CCC GAG AGC AAC CAC GCC ATG TGG CTG GAC CCG GAG GAG GAG GAG GCG GCC CAG GGC GGC CTG TTC CCC CCT CCC CAG AAT GGA CAG TTT GGC GTC CGC CAC CTG CAG GCA GCA GCA GGG GAG GAG GAG GGA TCG GCT CAG CTG GAC CAC CAG GAG GCC AGG GAC TCC CCC GCC TTC GGC CCC GGG GTA GGG GAG GGC GAG GAG GTG GAC AGC CGC GAA GTG GAC ACC CTG GCC GCC AGC GCC CTC CTG CAG CAG ATG ATC AAT TCC GTG GGG CGC CAG CCA CTG GCC GAC GAG GAC CGC AAG GAG AGC GAC GGG GTC ATG GAT TAT TAC TTG AAA TAT TTT AGC ACT TCC CAA GAG GGC GGT GAC TTT CCG TCC TGG TCC CAG AAA GTG GAG AAG AAG ATC CGA GCG AAA GCA TTC CAG AAG TGC CCC ATC TGC GAG AAG GTG ATC CAA GGG GCC GGC AAG CTC CCA CGC CAC ATT CGG ACC CAC ACG GGC GAG AAG CCC TAC GAA TGT AAC ATT TGC AAA GTT CGG TTT ACG AGG CAG GAC AAG CTG AAG GTG CAC ATG AGG AAG CAT ACC GGT GAG AAG CCC TAC CTG TGC CAG CAG TGT GGG GCG GCC TTC GCC CAC AAC TAC GAC CTG AAG AAC CAC ATG CGT GTC CAC ACG GGC CTC CGT CCC TAC CAG TGC GAA AGC TGC TTC AAG ACT TTC GTG CGA TCC GAC CAC TTG CAC CGA CAC CTT AAG AAA GAC GGC TGC AAC GGG ATC CCT TCC AGG CGG GGG CGC AAG CCC CGG GTG AGA GAG GTG GCC ATC GCG CCT GCC CCG GCC GCT CAG CCA GAC GAC GCA AGC CTG GCG GGC GGA GAA GAG GCC CCG GAC GCT CCC GAG GCC GCC ACC CTG CAG GAC GGG CTG GAC AAG CAC TTT GAG GAG AGC GCT AGC GCG GAC GCG GCG CCA GGA AGT CTG AAT GTA GCG GGG GGT TCG TCT GAG GGC AAA ACG CAA GAA CTC TCC 



Printing out site pattern counts


         2        276  P

SEQ1                            AAA AAA AAC AAC AAC AAG AAG AAT ACA ACA ACC ACC ACG ACT AGA AGC AGG AGT ATA ATC ATC ATG ATG ATG ATT CAA CAA CAC CAG CAT CCA CCA CCC CCG CCG CCT CCT CGA CGC CGG CGG CGT CTA CTC CTG CTG CTG CTT GAA GAC GAC GAG GAT GAT GCA GCA GCC GCG GCG GCT GCT GGA GGA GGC GGC GGC GGG GGT GGT GTA GTC GTG GTG GTT GTT GTT TAC TAT TCC TCG TCT TCT TCT TGC TGG TGT TTC TTC TTG TTG TTT TTT 
SEQ2                            ... ..G ... ..T C.. ... .G. ... ... ..G ... .G. ... ... ... ... ... ... ... ... G.. .C. ..A ... ... ... ..G ... ... ... ... ..G ... .A. ... ..C ... ... ... ..A ... ... ..G ... .C. ... GA. ... ... ... ..G ... ..C ... ... ..G ... ..A ... ..C ... ... ..G A.. ... ..T ... ..C ... ... ... .C. ... .C. ..G ... ... ... ... ... C.A ..C ... ... ... ... .CG ... C.. ... ..C ... 

    7    1   13    1    1   21    1    3    1    1    9    1    3    4    2
   17    7    2    1   12    1    1    1    7    6    6    2   17   24    2
    5    2   14    1    3    1    4    3    7    1    7    2    1   10    1
   25    1    1    9   31    1   34    3    5    5    2   26    1    9    1
    3    4    1    1   18    1   15    2    3    3    5    1   17    1    1
    2    9    2    9    3    1    1    1   11    3    2    1   13    2    5
    1    6

YN00 paml/jobs/LOC_00019114__LOCZ_00019114/LOC_00019114__LOCZ_00019114.phy

ns =   2	ls = 539

Codon position x base (3x4) table for each sequence.

SEQ1                
position  1:    T:0.12987    C:0.25974    A:0.23006    G:0.38033
position  2:    T:0.23377    C:0.20594    A:0.35807    G:0.20223
position  3:    T:0.11132    C:0.42486    A:0.10390    G:0.35993

SEQ2                
position  1:    T:0.12430    C:0.26531    A:0.22820    G:0.38219
position  2:    T:0.22263    C:0.21150    A:0.35993    G:0.20594
position  3:    T:0.09462    C:0.43414    A:0.09276    G:0.37848

Average
position  1:    T:0.12709    C:0.26252    A:0.22913    G:0.38126
position  2:    T:0.22820    C:0.20872    A:0.35900    G:0.20408
position  3:    T:0.10297    C:0.42950    A:0.09833    G:0.36920

Codon usage for each species
----------------------------------------------------------------------
Phe TTT   7   6 | Ser TCT   3   1 | Tyr TAT   2   2 | Cys TGT   2   2
    TTC  14  14 |     TCC   9  10 |     TAC   9   9 |     TGC  11  11
Leu TTA   0   0 |     TCA   0   0 | *** TAA   0   0 | *** TGA   0   0
    TTG   7   5 |     TCG   3   4 |     TAG   0   0 | Trp TGG   3   3
----------------------------------------------------------------------
Leu CTT   1   1 | Pro CCT   5   4 | His CAT   2   2 | Arg CGT   2   2
    CTC  10  10 |     CCC  14  15 |     CAC  17  18 |     CGC   7   7
    CTA   1   0 |     CCA   7   6 | Gln CAA   8   6 |     CGA   3   4
    CTG  27  28 |     CCG   4   6 |     CAG  24  27 |     CGG   8   7
----------------------------------------------------------------------
Ile ATT   6   6 | Thr ACT   4   4 | Asn AAT   3   4 | Ser AGT   2   2
    ATC  13  12 |     ACC  10   9 |     AAC  15  13 |     AGC  17  19
    ATA   1   2 |     ACA   2   1 | Lys AAA   8   7 | Arg AGA   2   2
Met ATG   9   7 |     ACG   3   5 |     AAG  22  22 |     AGG   7   8
----------------------------------------------------------------------
Val GTT   4   2 | Ala GCT   4   4 | Asp GAT   8   5 | Gly GGT   5   4
    GTC   5   6 |     GCC  26  27 |     GAC  32  34 |     GGC  20  20
    GTA   3   3 |     GCA   7   6 | Glu GAA   9   9 |     GGA   5   4
    GTG  18  18 |     GCG  10  12 |     GAG  34  36 |     GGG  15  16
----------------------------------------------------------------------


Sums
------------------------------------------------------
Phe TTT  13 | Ser TCT   4 | Tyr TAT   4 | Cys TGT   4
    TTC  28 |     TCC  19 |     TAC  18 |     TGC  22
Leu TTA   0 |     TCA   0 | *** TAA   0 | *** TGA   0
    TTG  12 |     TCG   7 |     TAG   0 | Trp TGG   6
------------------------------------------------------
Leu CTT   2 | Pro CCT   9 | His CAT   4 | Arg CGT   4
    CTC  20 |     CCC  29 |     CAC  35 |     CGC  14
    CTA   1 |     CCA  13 | Gln CAA  14 |     CGA   7
    CTG  55 |     CCG  10 |     CAG  51 |     CGG  15
------------------------------------------------------
Ile ATT  12 | Thr ACT   8 | Asn AAT   7 | Ser AGT   4
    ATC  25 |     ACC  19 |     AAC  28 |     AGC  36
    ATA   3 |     ACA   3 | Lys AAA  15 | Arg AGA   4
Met ATG  16 |     ACG   8 |     AAG  44 |     AGG  15
------------------------------------------------------
Val GTT   6 | Ala GCT   8 | Asp GAT  13 | Gly GGT   9
    GTC  11 |     GCC  53 |     GAC  66 |     GGC  40
    GTA   6 |     GCA  13 | Glu GAA  18 |     GGA   9
    GTG  36 |     GCG  22 |     GAG  70 |     GGG  31
------------------------------------------------------



(A) Nei-Gojobori (1986) method



Nei & Gojobori 1986. dN/dS (dN, dS)
(Note: This matrix is not used in later ML. analysis.
Use runmode = -2 for ML pairwise comparison.)

SEQ1                
SEQ2                 0.1752 (0.0134 0.0766)


(B) Yang & Nielsen (2000) method

Yang Z, Nielsen R (2000) Estimating synonymous and nonsynonymous substitution rates under realistic evolutionary models. Mol. Biol. Evol. 17:32-43

(equal weighting of pathways)

seq. seq.     S       N        t   kappa   omega     dN +- SE    dS +- SE

   2    1   343.1  1273.9   0.0861 12.8415  0.1507 0.0131 +- 0.0032  0.0868 +- 0.0172


(C) LWL85, LPB93 & LWLm methods

Li W.-H., C.-I. Wu, Luo (1985) A new method for estimating synonymous and nonsynonymous rates of nucleotide substitutions considering the relative likelihood of nucleotide and codon changes. Mol. Biol. Evol. 2: 150-174.
Li W-H (1993) Unbiased estimation of the rates of synonymous and nonsynonymous substitution. J. Mol. Evol. 36:96-99
Pamilo P, Bianchi NO (1993) Evolution of the Zfx and Zfy genes - rates and interdependence between the genes. Mol. Biol. Evol. 10:271-281
Yang Z (2006) Computational Molecular Evolution. Oxford University Press, Oxford. Eqs. 2.12 & 2.13

2 (SEQ2) vs. 1 (SEQ1)

L(i):     1034.5     337.0     245.5  sum=   1617.0
Ns(i):    9.5000   10.5000   15.0000  sum=  35.0000
Nv(i):    4.5000    2.0000    2.5000  sum=   9.0000
A(i):     0.0093    0.0324    0.0659
B(i):     0.0044    0.0060    0.0103
LWL85:  dS =  0.0827 dN =  0.0128 w = 0.1551 S =  357.8 N = 1259.2
LWL85m: dS =  0.0551 dN =  0.0150 w = 0.2714 S =  537.0 N = 1080.0 (rho = 0.865)
LPB93:  dS =  0.0568 dN =  0.0141 w = 0.2478

