
Before deleting alignment gaps
      2   3750

SEQ1                            ATG GCG CTG AAG ATG GTC AAA GGC AGC ATC GAC CGC ATG TTC GAC AAG AAC CTG CAG GAC CTG GTG CGG GGC ATC CGC AAC CAC AAG GAA GAT GAG GCG AAG TAC ATC TCT CAG TGC ATT GAT GAG ATC AAG CAA GAG CTG AAG CAG GAT AAC ATT GCA GTG AAA GCA AAT GCG GTC TGC AAG CTC ACC TAC TTG CAG ATG CTG GGC TAT GAC ATC AGC TGG GCA GCC TTC AAC ATC ATT GAA GTC ATG AGT GCA TCA AAG TTC ACC TTC AAA AGG ATT GGG TAC TTG GCT GCC TCT CAG TGC TTT CAT GAA GGG ACA GAT GTC ATC ATG CTG ACG ACT AAC CAG ATC CGA AAG GAC TTG AGT AGC CCC AAC CAG TAT GAC ACA GGA GTT GCA CTG ACT GGT CTG TCC TGT TTT GTG ACT CCT GAT CTT GCC AGA GAC TTG GCG AAT GAC ATC ATG ACT CTG ATG TCT CAC ACG AAG CCC TAC ATC AGG AAG AAA GCA GTG TTG ATC ATG TAC AAA GTA TTC TTG AAA TAC CCT GAA TCC CTT CGA CCT GCA TTC CCC CGC CTT AAG GAG AAG CTG GAA GAC TCA GAT CCT GGC GTC CAG TCA GCT GCT GTG AAT GTC ATA TGT GAG CTA GCC AGG CGC AAC CCA AAA AAC TAC CTT TCC CTC GCT CCA CTC TTT TTT AAG CTG ATG ACG TCA TCC ACC AAC AAC TGG GTC CTC ATT AAA ATC ATA AAA TTG TTT GGT GCT CTC ACT CCT TTG GAA CCC AGG CTG GGA AAG AAG CTA ATA GAG CCC CTG ACC AAT CTC ATA CAC AGC --- --- --- --- --- --- --- --- --- --- --- --- --- --- --- --- --- --- --- --- --- --- --- --- --- --- --- --- --- --- --- --- --- --- ACT TCA GCG ATG TCA CTT CTC TAT GAG TGT GTG AAC ACA GTG ATA GCA GTT TTG ATC TCT CTC TCA TCT GGG ATG CCC AAC CAC AGT GCC AGC ATC CAG CTC TGT GTT CAG AAG TTG AGG ATA CTG ATA GAA GAT TCA GAT CAG AAC TTG AAG TAT TTA GGA CTG CTG GCC ATG TCC AAA ATC CTG AAA ACG CAT CCT AAA TCG GTA CAG TCT CAT AAG GAT CTT ATC CTC CAG TGC TTG GAT GAC AAG GAC GAG TCC ATC CGC CTC CGA GCC TTG GAC CTC CTC TAT GGA ATG GTA TCC AAG AAG AAC TTG ATG GAA ATA GTG AAG AAG CTG ATG ATT CAC GTG GAC AAA GCT GAA GGG ACC ACC TAC AGG GAT GAG CTG CTG ACC AAA ATC ATT GAC ATA TGC AGC CAG TCC AAT TAC CAG TAC ATC ACA AAC TTT GAA TGG TAC ATC AGC ATT CTG GTG GAG CTG ACG CGA CTG GAG GGC ACC CGG CAT GGC CAC CTC ATT GCG TCC CAG ATG CTG GAT GTG GCC ATC CGC GTG AAG GCC ATC CGC ACG TTT GCC GTG TCA CAG ATG GCC GTG CTC CTG GAC AAT GCC CAC CTG CTT GCC AGC AAC ACC CAG CGG AAT GGG ATC TGC GAG GTG CTG TAT GCT GCC GCC TGG ATA TGC GGG GAG TTC TCG GAA CAC CTC GAG GAA CCG CAC CAG ACC CTT GAA GCC ATG CTG CGG CCT AAA GTG ACG ATG CTT CCA GGC CAC ATC CAG GCG GTT TAC GTT CAA AAC ATG GTA AAG CTT TAT GCC TCA ATC CTG CAG CAG AAG GAG CAG GCT GGG GAG AAG GAG GTG GCC CAG GAG GCA ACG CAG ATG GTG ATT GAG CAC CTG CCT CAG TTT GTG CAA AGC GCA GAT CTC GAA GTC CAA GAG AGG GCT TCC TGC ATC CTT CAG CTC ATG AAA TAC ATC CAC AAG CTT CAG TTC AAA GAG GTG CCT GTG GCT GAG GAA GTG ATT GCC TTG TTT GCC GGG GAG CTC AAC CCC GTG GCC CCC AAA GCC CAG AAG AAA GTT CCA GTT CCA GAA GGT TTG GAC CTT GAT GCC TGG ATC AAT GAG CCT CCC TCA GAC AGC GAG TCT GAG GAC AAG AAA CCC CAG ACC ATT TTC CAC GAT GAA GAG CAG AGG CAC TCC AGG CAC CGG CAG CCC GAA ATG GAT GAG GAG GAG TTG GCC AGA TGC CGA GAG GTC CGG AAG CAG GAG CAA GCA AAC AAT CCT TTT TAT ATT AAA AGT TCT CCT TCC CCA CAG AAG CGG TAC CAA GAC AGC CCC GGT GTT GAG CAT ATA CCT GTG GTT CAG ATC GAC CTC TCT GTT CCC TTA AAA GTT CCT GGC ATG CCA GTC TCT GAC CAG TAC GTG AAG CTG GAG GAG GAG CGC AGA CAT CAG CAG AAG CTG GAG AAA GAC AAG AAG AAG AAG AAG AAG AAG CAA AAG AAG GAG AAG CGG AGC AAG AAC TGG TGC CAC AAC TCG CTG CAC ACG GAG AGC GAG GAG GAC ATT GCG CCT GCC CAG TAT GTG GAC ATC ATC ACA GAG GAG ATG CCG GAG AAC GCT CTG CCC AGC GAT GAG GAT GAC AAG GAC CCC AAT GAC CCC TAC AAG GTG CTG GAC ATC GAC CTG GAC AAG CCT TTA GCA GAC AGT GAG AAG TTT CCT GTG CAG AGG CAT AAA AAT GCT GAT GGT CTC AAG TCA CCT CAA GAA ACA GAA CCT CCC CCC ATT GAG AAG AAG AGC AAG AAA CCA AAA AAG AAG GAA AAG AAG CAC AAA GAG AAA GAG AGG GAA AAA GAG AAG AGG AAA GAG CAA GAG AGA AAA AGA GAG GAG GAA TAC AAA AAG GCT GAA GAA ATG GAC TTC TGG CTT TCT GAC ACC CCA CCG CCT GCA GTA ACT ACA GAG GCA AAG GGT GTG CCT GAG GTG AAC ACA GAC ACA GCA GAA CAT GGA GAA CCA GAG GGA GCC AAG AAG GAG GGC CAA GAG GAG GAG CTG GAG GAG GAA GAC AAA GGA AAG TGG AAA TCG TCC AAG CAT AAG AAG AAG AAG CAT AAG AAG GCA GAA AAA TGC AAG GAA AAG AAG TCC AAA AGG CAC CAT GGC AGC AGG GAG GAG CCG CTG ATG GAA TCC GTG CAG AAC GGG ATG CTG GAG GAG GAG CCA CTG CCA CCT ATG TCA AGT TAC TGC CTT CTT GCT GAA AAT GCG TAC ATT AAA ATG ACA TAC GAT ATT CAG GGA AAC CTC CAG AAT GAC AGC CAG GTT GCC GCA TCT GTG ATC TTT GAA AAC AAG AGC AGC AGC TTC CTG AAG AGC ATG GAG CTG AAT GTC TTG GAC TCA CTC AAC ACC ACA ATG CTC CGG CCA GAA GGC TCC TCA AGT CAC AAC GGA ATA CCT GTC CCA TTC CAG CTG CCT CCT GGA GTC TCA AAC GAG GCC CAG TTT GTC TTC ATC CTG CAG AGT ATT GCG ATG GCA CAG AAA TTA AAA GGA ACC CTA TCG TTT ATT GTC AAA GAC GAG GAT GGC TCC ACG CAC GAA AAG CTA GAC TTC AAG CTG CAC TTC AGC TGC GCC TCT TAC CTA ATC ATG ACG CCC TGT TAC AGT GAT TCT TTC GCC AAG CTA CTA GAG TCA GGG GAC TTG CAC ACC AGC TCA TTT AAA GTC GAC AGT ATC ACC ATC CCT TTC CAA CAC CTC CTG GCA AAA ATT TGT TTC CAC CAT CAC TTC TCA GTT GTT GAA CGA GTG GGG GAC TGC GCG TCC ATG TAC AGC CGT TCT ATC CAG GGT GAT CAT GTC TGC CTG CTG GTG AAA AAG GGA GAG AAT TCA GTG TCC ATA GAT GGG AAA TGC AAC AAT TCA GCC TTA CTG GGC AAC CTA CTG TCT GAG CTC AAG GAG ACC CTA TCA AAG TGC 
SEQ2                            ATG GCG CTG AAG ATG GTC AAA GGC AGC ATC GAC CGC ATG TTC GAC AAG AAC CTG CAG GAC CTG GTG CGG GGC ATC CGC AAC CAC AAG GAA GAT GAG GCA AAG TAC ATC TCT CAG TGC ATT GAT GAG ATC AAG CAA GAG CTG AAG CAA GAT AAC ATC GCA GTG AAA GCA AAT GCT GTC TGC AAG CTT ACC TAC TTG CAG ATG CTG GGC TAT GAC ATC AGC TGG GCA GCC TTC AAC ATC ATC GAA GTC ATG AGT GCA TCA AAG TTC ACT TTC AAA AGG ATT GGG TAC CTG GCT GCC TCT CAG TGC TTT CAT GAA GGG ACA GAT GTC ATC ATG TTG ACG ACT AAC CAG ATC CGA AAG GAC TTG AGT AGC CCC AAC CAG TAC GAT ACT GGA GTT GCG CTG ACT GGT CTG TCC TGT TTT GTG ACT CCT GAT CTT GCC AGA GAT TTG GCA AAT GAT ATC ATG ACC CTG ATG TCT CAC ACG AAG CCT TAC ATC AGG AAG AAA GCA GTG TTG ATC ATG TAC AAA GTA TTC TTG AAA TAC CCC GAA TCC CTT CGA CCT GCG TTC CCC CGT CTT AAG GAG AAG CTG GAA GAC CCA GAT CCT GGC GTC CAA TCA GCT GCC GTG AAT GTC ATA TGT GAA CTA GCC AGG CGC AAC CCA AAA AAC TAC CTT TCC CTC GCT CCA CTC TTT TTT AAG CTG ATG ACG TCG TCC ACC AAC AAC TGG GTC CTC ATT AAA ATC ATA AAA TTG TTT GGT GCT CTC ACT CCT TTG GAA CCC AGG CTG GGA AAG AAG CTA ATA GAG CCC CTG ACC AAT CTC ATA CAC AGC CAG CGC GCG CTC TTC CAA TTA TCT AAA GAG GGC AGA GTT CAT GGC AAC CCT GTC AAA GAT AAA AAA TTA GTC CGC TTC CAA GAA ATT CAG CAA AGT GGA CAC ACT TCA GCG ATG TCA CTT CTC TAT GAG TGT GTG AAC ACA GTG ATT GCA GTT TTG ATC TCT CTC TCG TCT GGG ATG CCC AAC CAC AGT GCC AGC ATC CAG CTC TGT GTT CAG AAG TTG AGG ATA CTG ATA GAA GAT TCA GAT CAG AAC TTG AAG TAT TTA GGA CTG CTG GCC ATG TCC AAA ATC CTG AAA ACG CAT CCT AAA TCG GTA CAG TCT CAT AAA GAT CTC ATC CTC CAG TGC TTG GAC GAC AAG GAT GAA TCC ATC CGC CTC CGA GCC TTG GAC CTT CTC TAT GGA ATG GTA TCC AAG AAG AAC TTG ATG GAA ATA GTG AAG AAG CTG ATG ATC CAC GTG GAC AAA GCT GAA GGG ACC ACC TAC AGG GAT GAG CTG CTG ACC AAA ATC ATT GAC ATA TGC AGC CAG TCC AAT TAC CAG TAC ATC ACA AAT TTT GAA TGG TAC ATC AGC ATT CTG GTG GAG CTG ACG CGA CTG GAG GGT ACC CGG CAT GGC CAC CTC ATT GCC TCC CAG ATG CTG GAC GTG GCC ATC CGT GTG AAG GCC ATC CGC AAG TTT GCC GTG TCA CAG ATG GCT GTG CTC CTG GAC AAC GCC CAC CTG CTT GCC AGC AAC ACC CAG CGG AAC GGG ATC TGC GAG GTG CTG TAT GCT GCT GCC TGG ATA TGC GGG GAG TTC TCA GAA CAC CTC GAG GAA CCG CAC CAG ACC CTT GAA GCC ATG CTG CGG CCT AAA GTG ACG ACG CTT CCA GGC CAC ATC CAG GCG GTT TAT GTT CAA AAC ATG GTG AAG CTT TAC GCC TCA ATC CTG CAG CAG AAG GAG CAA GCT GGG GAG AAG GAG GTG GCC CAG GAG GCA ACG CAG ATG ATG ACT GAG CGC CTG CCC CAG TTC GTG CAG AGT GCA GAT CTT GAA GTC CAA GAG AGG GCT TCC TGC ATC CTT CAG CTC ATG AAA TAC ATC CAC AAG CTT CAG ATC AAA GAG GTG CCT GTG GCT GAG GAA GTG ATT GCC TTG TTT GCT GGG GAG CTC AAC CCT GTG GCC CCC AAA GCC CAG AAG AAA GTT CCA GTT CCA GAA GGT TTG GAC CTT GAC GCC TGG ATC AAC GAG CCT CCC TCG GAC AGC GAG TCC GAG GAT GAG AAA CCC CGA ACC ATC TTC CAC GAT GAA GAG CAG AGG CAC TCC AGG CAC CGG CAG CCC GAA ATG GAT GAG GAG GAG TTG GCC AGA CGC CGA GAG GTC CGG AAG CAG GAG CAA GCA AAC AAT CCT TTT TAC ATT AAA AGT TCT CCT TCC CCA CAG AAG CGG TAC CAA GAC AGC CCC GGT GTC GAG CAT ATA CCT GTG GTT CAG ATC GAC CTC ACT GTT CCC TTA AAG GTT CCT GGC ATG CCA GTC TCT GAC CAG TAC GTG AAG CTG GAG GAG GAG CGC AGA CAT CAG CAG AAG CTG GAG AAA GAC AAG AAG AAG AAG AAG AAG --- CAA AAG AAG GAG AAG CGG AGC AAG AAC CGG CGC CAC AAC TCG CTG CAC ACG GAG AGC GAG GAG GAC ATT GCG CCT GCC CAG CAT GTG GAC ATC ATC ACA GAG GAG ATG CCG GAG AAC GCT CTG CCC AGT GAT GAG GAT GAC AAG GAC CCC AAC GAC CCC TAC AAG GCA CTG GAC ATT GAC CTG GAC AAG CCT TTA GCA GAC AGT GAG AAG CTT CCC GTG CAG AGG CAT AGA AAT GCT GAT GGT CTC AAG TCA CCT CAA GAA ACA GAA CCT CCC CCC ATT GAA AAG AAG AGC AAG AAG CCA AAA AAG AAG GAA AAG AAA CAC AAA GAG AAA GAG AGG GAG AAA GAG AAG AGA AAA GAG CGA GAG AGA GAA ATA GAG GAG GAA GAC AAA AAG GCT GAA GAA ATA GAC TTC TGG CTT TCT GAT GCC CCA CCA CCT GCA GTA GCT GCA GAG GTA AAG GGT GCG CCT GAG CTG AAA ACA GAC ACA GCA GAA CAT GGA GAA CCA GAG GAA GCC AAG AAG GAG GGC CAA GAG GAG GAG CTG GAG GAG GAA GAC GAA GGA AAG TGG AAA TCC TCC AAG CAT AAG AAG AAG AAA CAT AAG AAG GAG GAA AAA TCC AAG GAA AAG AAG TCC AAA AGG CAC CAT GGA AGC AGG GAG GAG CCG CTG ATG GAA TCC GTG CAG AAC GGG ACG CTG GAG GAG GAG CCA CTG CCA CCT ATG TCA AGT TAC TTC CTT CTT GCT GAA AAT GCG TAC ATT AAA ATG ACA TAC GAT ATT CAG GGA AAC CTC CAG AAT GAC AGC CAG GTT GCC GCC TCT GTG ATC TTT GAA AAC AAG AGC AGC AGC TTC CTG AAG AGC ATG GAG CTG AAT GTC TTG GAC TCG CTC AAC ACT AAA ATG CTC CGG CCA GAA GGC TCC TCA ATT CAT GAT GGA ATA CCT GTC CCG TTC CAG CTG CCT CCT GGA GTC TCA AAT GAG GCC CAG TTT GTC TTC ACC CTG CAG AGT ATT GCC ATG GCA CAG AAG CTA AAA GGA ACC CTA TCG TTT ATT GTC AAA GAT GAG GAT GGC TCC ACG CAT GAA AAG CTA GAC TTC AAG CTG CAC TTC AGC TGC GCC TCT TAC CTA ATC ACG ACG CCC TGT TAC AGT GAT GCT TTC GCC AAG CTA CTG GAG TCA GGG GAC CTG CAT GCC AGC TCT TTT AAA GTG GAC GGC ATC ACC ATC CCT TTC CAC CAC CTC CTG GCA AAA ATT TGT TTC CAC CAT CAC TTC TCA GTT GTT GAA CGA GTG GGG GAT TGT GCG TCC ATG TAC AGC CGT TCT ATC CAA GGC GAT CAT GTC TGC CTG CTA GTG AAA AAG GGA AAG AAT TCA GTG TCC ATC GAT GGG AAA TGC AAC GAT TCA GCA TTA CTG GGC AAC CTA CTG TCT GAA CTC AAG GAG ACC CTG TCA AAG TGC 



After deleting gaps. 3645 sites
      2   3645

SEQ1                            ATG GCG CTG AAG ATG GTC AAA GGC AGC ATC GAC CGC ATG TTC GAC AAG AAC CTG CAG GAC CTG GTG CGG GGC ATC CGC AAC CAC AAG GAA GAT GAG GCG AAG TAC ATC TCT CAG TGC ATT GAT GAG ATC AAG CAA GAG CTG AAG CAG GAT AAC ATT GCA GTG AAA GCA AAT GCG GTC TGC AAG CTC ACC TAC TTG CAG ATG CTG GGC TAT GAC ATC AGC TGG GCA GCC TTC AAC ATC ATT GAA GTC ATG AGT GCA TCA AAG TTC ACC TTC AAA AGG ATT GGG TAC TTG GCT GCC TCT CAG TGC TTT CAT GAA GGG ACA GAT GTC ATC ATG CTG ACG ACT AAC CAG ATC CGA AAG GAC TTG AGT AGC CCC AAC CAG TAT GAC ACA GGA GTT GCA CTG ACT GGT CTG TCC TGT TTT GTG ACT CCT GAT CTT GCC AGA GAC TTG GCG AAT GAC ATC ATG ACT CTG ATG TCT CAC ACG AAG CCC TAC ATC AGG AAG AAA GCA GTG TTG ATC ATG TAC AAA GTA TTC TTG AAA TAC CCT GAA TCC CTT CGA CCT GCA TTC CCC CGC CTT AAG GAG AAG CTG GAA GAC TCA GAT CCT GGC GTC CAG TCA GCT GCT GTG AAT GTC ATA TGT GAG CTA GCC AGG CGC AAC CCA AAA AAC TAC CTT TCC CTC GCT CCA CTC TTT TTT AAG CTG ATG ACG TCA TCC ACC AAC AAC TGG GTC CTC ATT AAA ATC ATA AAA TTG TTT GGT GCT CTC ACT CCT TTG GAA CCC AGG CTG GGA AAG AAG CTA ATA GAG CCC CTG ACC AAT CTC ATA CAC AGC ACT TCA GCG ATG TCA CTT CTC TAT GAG TGT GTG AAC ACA GTG ATA GCA GTT TTG ATC TCT CTC TCA TCT GGG ATG CCC AAC CAC AGT GCC AGC ATC CAG CTC TGT GTT CAG AAG TTG AGG ATA CTG ATA GAA GAT TCA GAT CAG AAC TTG AAG TAT TTA GGA CTG CTG GCC ATG TCC AAA ATC CTG AAA ACG CAT CCT AAA TCG GTA CAG TCT CAT AAG GAT CTT ATC CTC CAG TGC TTG GAT GAC AAG GAC GAG TCC ATC CGC CTC CGA GCC TTG GAC CTC CTC TAT GGA ATG GTA TCC AAG AAG AAC TTG ATG GAA ATA GTG AAG AAG CTG ATG ATT CAC GTG GAC AAA GCT GAA GGG ACC ACC TAC AGG GAT GAG CTG CTG ACC AAA ATC ATT GAC ATA TGC AGC CAG TCC AAT TAC CAG TAC ATC ACA AAC TTT GAA TGG TAC ATC AGC ATT CTG GTG GAG CTG ACG CGA CTG GAG GGC ACC CGG CAT GGC CAC CTC ATT GCG TCC CAG ATG CTG GAT GTG GCC ATC CGC GTG AAG GCC ATC CGC ACG TTT GCC GTG TCA CAG ATG GCC GTG CTC CTG GAC AAT GCC CAC CTG CTT GCC AGC AAC ACC CAG CGG AAT GGG ATC TGC GAG GTG CTG TAT GCT GCC GCC TGG ATA TGC GGG GAG TTC TCG GAA CAC CTC GAG GAA CCG CAC CAG ACC CTT GAA GCC ATG CTG CGG CCT AAA GTG ACG ATG CTT CCA GGC CAC ATC CAG GCG GTT TAC GTT CAA AAC ATG GTA AAG CTT TAT GCC TCA ATC CTG CAG CAG AAG GAG CAG GCT GGG GAG AAG GAG GTG GCC CAG GAG GCA ACG CAG ATG GTG ATT GAG CAC CTG CCT CAG TTT GTG CAA AGC GCA GAT CTC GAA GTC CAA GAG AGG GCT TCC TGC ATC CTT CAG CTC ATG AAA TAC ATC CAC AAG CTT CAG TTC AAA GAG GTG CCT GTG GCT GAG GAA GTG ATT GCC TTG TTT GCC GGG GAG CTC AAC CCC GTG GCC CCC AAA GCC CAG AAG AAA GTT CCA GTT CCA GAA GGT TTG GAC CTT GAT GCC TGG ATC AAT GAG CCT CCC TCA GAC AGC GAG TCT GAG GAC AAG AAA CCC CAG ACC ATT TTC CAC GAT GAA GAG CAG AGG CAC TCC AGG CAC CGG CAG CCC GAA ATG GAT GAG GAG GAG TTG GCC AGA TGC CGA GAG GTC CGG AAG CAG GAG CAA GCA AAC AAT CCT TTT TAT ATT AAA AGT TCT CCT TCC CCA CAG AAG CGG TAC CAA GAC AGC CCC GGT GTT GAG CAT ATA CCT GTG GTT CAG ATC GAC CTC TCT GTT CCC TTA AAA GTT CCT GGC ATG CCA GTC TCT GAC CAG TAC GTG AAG CTG GAG GAG GAG CGC AGA CAT CAG CAG AAG CTG GAG AAA GAC AAG AAG AAG AAG AAG AAG CAA AAG AAG GAG AAG CGG AGC AAG AAC TGG TGC CAC AAC TCG CTG CAC ACG GAG AGC GAG GAG GAC ATT GCG CCT GCC CAG TAT GTG GAC ATC ATC ACA GAG GAG ATG CCG GAG AAC GCT CTG CCC AGC GAT GAG GAT GAC AAG GAC CCC AAT GAC CCC TAC AAG GTG CTG GAC ATC GAC CTG GAC AAG CCT TTA GCA GAC AGT GAG AAG TTT CCT GTG CAG AGG CAT AAA AAT GCT GAT GGT CTC AAG TCA CCT CAA GAA ACA GAA CCT CCC CCC ATT GAG AAG AAG AGC AAG AAA CCA AAA AAG AAG GAA AAG AAG CAC AAA GAG AAA GAG AGG GAA AAA GAG AAG AGG AAA GAG CAA GAG AGA AAA AGA GAG GAG GAA TAC AAA AAG GCT GAA GAA ATG GAC TTC TGG CTT TCT GAC ACC CCA CCG CCT GCA GTA ACT ACA GAG GCA AAG GGT GTG CCT GAG GTG AAC ACA GAC ACA GCA GAA CAT GGA GAA CCA GAG GGA GCC AAG AAG GAG GGC CAA GAG GAG GAG CTG GAG GAG GAA GAC AAA GGA AAG TGG AAA TCG TCC AAG CAT AAG AAG AAG AAG CAT AAG AAG GCA GAA AAA TGC AAG GAA AAG AAG TCC AAA AGG CAC CAT GGC AGC AGG GAG GAG CCG CTG ATG GAA TCC GTG CAG AAC GGG ATG CTG GAG GAG GAG CCA CTG CCA CCT ATG TCA AGT TAC TGC CTT CTT GCT GAA AAT GCG TAC ATT AAA ATG ACA TAC GAT ATT CAG GGA AAC CTC CAG AAT GAC AGC CAG GTT GCC GCA TCT GTG ATC TTT GAA AAC AAG AGC AGC AGC TTC CTG AAG AGC ATG GAG CTG AAT GTC TTG GAC TCA CTC AAC ACC ACA ATG CTC CGG CCA GAA GGC TCC TCA AGT CAC AAC GGA ATA CCT GTC CCA TTC CAG CTG CCT CCT GGA GTC TCA AAC GAG GCC CAG TTT GTC TTC ATC CTG CAG AGT ATT GCG ATG GCA CAG AAA TTA AAA GGA ACC CTA TCG TTT ATT GTC AAA GAC GAG GAT GGC TCC ACG CAC GAA AAG CTA GAC TTC AAG CTG CAC TTC AGC TGC GCC TCT TAC CTA ATC ATG ACG CCC TGT TAC AGT GAT TCT TTC GCC AAG CTA CTA GAG TCA GGG GAC TTG CAC ACC AGC TCA TTT AAA GTC GAC AGT ATC ACC ATC CCT TTC CAA CAC CTC CTG GCA AAA ATT TGT TTC CAC CAT CAC TTC TCA GTT GTT GAA CGA GTG GGG GAC TGC GCG TCC ATG TAC AGC CGT TCT ATC CAG GGT GAT CAT GTC TGC CTG CTG GTG AAA AAG GGA GAG AAT TCA GTG TCC ATA GAT GGG AAA TGC AAC AAT TCA GCC TTA CTG GGC AAC CTA CTG TCT GAG CTC AAG GAG ACC CTA TCA AAG TGC 
SEQ2                            ATG GCG CTG AAG ATG GTC AAA GGC AGC ATC GAC CGC ATG TTC GAC AAG AAC CTG CAG GAC CTG GTG CGG GGC ATC CGC AAC CAC AAG GAA GAT GAG GCA AAG TAC ATC TCT CAG TGC ATT GAT GAG ATC AAG CAA GAG CTG AAG CAA GAT AAC ATC GCA GTG AAA GCA AAT GCT GTC TGC AAG CTT ACC TAC TTG CAG ATG CTG GGC TAT GAC ATC AGC TGG GCA GCC TTC AAC ATC ATC GAA GTC ATG AGT GCA TCA AAG TTC ACT TTC AAA AGG ATT GGG TAC CTG GCT GCC TCT CAG TGC TTT CAT GAA GGG ACA GAT GTC ATC ATG TTG ACG ACT AAC CAG ATC CGA AAG GAC TTG AGT AGC CCC AAC CAG TAC GAT ACT GGA GTT GCG CTG ACT GGT CTG TCC TGT TTT GTG ACT CCT GAT CTT GCC AGA GAT TTG GCA AAT GAT ATC ATG ACC CTG ATG TCT CAC ACG AAG CCT TAC ATC AGG AAG AAA GCA GTG TTG ATC ATG TAC AAA GTA TTC TTG AAA TAC CCC GAA TCC CTT CGA CCT GCG TTC CCC CGT CTT AAG GAG AAG CTG GAA GAC CCA GAT CCT GGC GTC CAA TCA GCT GCC GTG AAT GTC ATA TGT GAA CTA GCC AGG CGC AAC CCA AAA AAC TAC CTT TCC CTC GCT CCA CTC TTT TTT AAG CTG ATG ACG TCG TCC ACC AAC AAC TGG GTC CTC ATT AAA ATC ATA AAA TTG TTT GGT GCT CTC ACT CCT TTG GAA CCC AGG CTG GGA AAG AAG CTA ATA GAG CCC CTG ACC AAT CTC ATA CAC AGC ACT TCA GCG ATG TCA CTT CTC TAT GAG TGT GTG AAC ACA GTG ATT GCA GTT TTG ATC TCT CTC TCG TCT GGG ATG CCC AAC CAC AGT GCC AGC ATC CAG CTC TGT GTT CAG AAG TTG AGG ATA CTG ATA GAA GAT TCA GAT CAG AAC TTG AAG TAT TTA GGA CTG CTG GCC ATG TCC AAA ATC CTG AAA ACG CAT CCT AAA TCG GTA CAG TCT CAT AAA GAT CTC ATC CTC CAG TGC TTG GAC GAC AAG GAT GAA TCC ATC CGC CTC CGA GCC TTG GAC CTT CTC TAT GGA ATG GTA TCC AAG AAG AAC TTG ATG GAA ATA GTG AAG AAG CTG ATG ATC CAC GTG GAC AAA GCT GAA GGG ACC ACC TAC AGG GAT GAG CTG CTG ACC AAA ATC ATT GAC ATA TGC AGC CAG TCC AAT TAC CAG TAC ATC ACA AAT TTT GAA TGG TAC ATC AGC ATT CTG GTG GAG CTG ACG CGA CTG GAG GGT ACC CGG CAT GGC CAC CTC ATT GCC TCC CAG ATG CTG GAC GTG GCC ATC CGT GTG AAG GCC ATC CGC AAG TTT GCC GTG TCA CAG ATG GCT GTG CTC CTG GAC AAC GCC CAC CTG CTT GCC AGC AAC ACC CAG CGG AAC GGG ATC TGC GAG GTG CTG TAT GCT GCT GCC TGG ATA TGC GGG GAG TTC TCA GAA CAC CTC GAG GAA CCG CAC CAG ACC CTT GAA GCC ATG CTG CGG CCT AAA GTG ACG ACG CTT CCA GGC CAC ATC CAG GCG GTT TAT GTT CAA AAC ATG GTG AAG CTT TAC GCC TCA ATC CTG CAG CAG AAG GAG CAA GCT GGG GAG AAG GAG GTG GCC CAG GAG GCA ACG CAG ATG ATG ACT GAG CGC CTG CCC CAG TTC GTG CAG AGT GCA GAT CTT GAA GTC CAA GAG AGG GCT TCC TGC ATC CTT CAG CTC ATG AAA TAC ATC CAC AAG CTT CAG ATC AAA GAG GTG CCT GTG GCT GAG GAA GTG ATT GCC TTG TTT GCT GGG GAG CTC AAC CCT GTG GCC CCC AAA GCC CAG AAG AAA GTT CCA GTT CCA GAA GGT TTG GAC CTT GAC GCC TGG ATC AAC GAG CCT CCC TCG GAC AGC GAG TCC GAG GAT GAG AAA CCC CGA ACC ATC TTC CAC GAT GAA GAG CAG AGG CAC TCC AGG CAC CGG CAG CCC GAA ATG GAT GAG GAG GAG TTG GCC AGA CGC CGA GAG GTC CGG AAG CAG GAG CAA GCA AAC AAT CCT TTT TAC ATT AAA AGT TCT CCT TCC CCA CAG AAG CGG TAC CAA GAC AGC CCC GGT GTC GAG CAT ATA CCT GTG GTT CAG ATC GAC CTC ACT GTT CCC TTA AAG GTT CCT GGC ATG CCA GTC TCT GAC CAG TAC GTG AAG CTG GAG GAG GAG CGC AGA CAT CAG CAG AAG CTG GAG AAA GAC AAG AAG AAG AAG AAG AAG CAA AAG AAG GAG AAG CGG AGC AAG AAC CGG CGC CAC AAC TCG CTG CAC ACG GAG AGC GAG GAG GAC ATT GCG CCT GCC CAG CAT GTG GAC ATC ATC ACA GAG GAG ATG CCG GAG AAC GCT CTG CCC AGT GAT GAG GAT GAC AAG GAC CCC AAC GAC CCC TAC AAG GCA CTG GAC ATT GAC CTG GAC AAG CCT TTA GCA GAC AGT GAG AAG CTT CCC GTG CAG AGG CAT AGA AAT GCT GAT GGT CTC AAG TCA CCT CAA GAA ACA GAA CCT CCC CCC ATT GAA AAG AAG AGC AAG AAG CCA AAA AAG AAG GAA AAG AAA CAC AAA GAG AAA GAG AGG GAG AAA GAG AAG AGA AAA GAG CGA GAG AGA GAA ATA GAG GAG GAA GAC AAA AAG GCT GAA GAA ATA GAC TTC TGG CTT TCT GAT GCC CCA CCA CCT GCA GTA GCT GCA GAG GTA AAG GGT GCG CCT GAG CTG AAA ACA GAC ACA GCA GAA CAT GGA GAA CCA GAG GAA GCC AAG AAG GAG GGC CAA GAG GAG GAG CTG GAG GAG GAA GAC GAA GGA AAG TGG AAA TCC TCC AAG CAT AAG AAG AAG AAA CAT AAG AAG GAG GAA AAA TCC AAG GAA AAG AAG TCC AAA AGG CAC CAT GGA AGC AGG GAG GAG CCG CTG ATG GAA TCC GTG CAG AAC GGG ACG CTG GAG GAG GAG CCA CTG CCA CCT ATG TCA AGT TAC TTC CTT CTT GCT GAA AAT GCG TAC ATT AAA ATG ACA TAC GAT ATT CAG GGA AAC CTC CAG AAT GAC AGC CAG GTT GCC GCC TCT GTG ATC TTT GAA AAC AAG AGC AGC AGC TTC CTG AAG AGC ATG GAG CTG AAT GTC TTG GAC TCG CTC AAC ACT AAA ATG CTC CGG CCA GAA GGC TCC TCA ATT CAT GAT GGA ATA CCT GTC CCG TTC CAG CTG CCT CCT GGA GTC TCA AAT GAG GCC CAG TTT GTC TTC ACC CTG CAG AGT ATT GCC ATG GCA CAG AAG CTA AAA GGA ACC CTA TCG TTT ATT GTC AAA GAT GAG GAT GGC TCC ACG CAT GAA AAG CTA GAC TTC AAG CTG CAC TTC AGC TGC GCC TCT TAC CTA ATC ACG ACG CCC TGT TAC AGT GAT GCT TTC GCC AAG CTA CTG GAG TCA GGG GAC CTG CAT GCC AGC TCT TTT AAA GTG GAC GGC ATC ACC ATC CCT TTC CAC CAC CTC CTG GCA AAA ATT TGT TTC CAC CAT CAC TTC TCA GTT GTT GAA CGA GTG GGG GAT TGT GCG TCC ATG TAC AGC CGT TCT ATC CAA GGC GAT CAT GTC TGC CTG CTA GTG AAA AAG GGA AAG AAT TCA GTG TCC ATC GAT GGG AAA TGC AAC GAT TCA GCA TTA CTG GGC AAC CTA CTG TCT GAA CTC AAG GAG ACC CTG TCA AAG TGC 



Printing out site pattern counts


         2        471  P

SEQ1                            AAA AAA AAA AAA AAC AAC AAC AAC AAG AAG AAG AAT AAT AAT ACA ACA ACA ACA ACC ACC ACC ACG ACG ACT ACT ACT AGA AGA AGC AGC AGG AGG AGT AGT AGT ATA ATA ATA ATC ATC ATC ATG ATG ATG ATT ATT ATT CAA CAA CAA CAA CAC CAC CAC CAG CAG CAG CAT CCA CCA CCC CCC CCG CCG CCT CCT CGA CGC CGC CGG CGT CTA CTA CTC CTC CTG CTG CTG CTT CTT GAA GAA GAC GAC GAG GAG GAG GAT GAT GCA GCA GCA GCA GCA GCC GCC GCC GCG GCG GCG GCG GCT GCT GGA GGA GGC GGC GGC GGG GGT GGT GTA GTA GTC GTC GTG GTG GTG GTG GTG GTT GTT TAC TAC TAC TAT TAT TAT TCA TCA TCA TCA TCC TCG TCG TCG TCT TCT TCT TCT TGC TGC TGC TGC TGC TGG TGG TGT TTA TTA TTC TTC TTG TTG TTT TTT TTT 
SEQ2                            ... ..G .G. G.. ..A ... ..T G.T ..A ... G.. ..C ... G.. .A. ... ..T G.. ... ..T G.. .A. ... ..C ... G.. ... .T. ... ..T ..A ... ... .T. G.C ... ..C ..T .C. ... ..T .C. ..A ... .C. ..C ... ... ..C ..G .G. ... ..T .G. ..A ... .GA ... ... ..G ... ..T ..A ... ..C ... ... ... ..T ... ... ... ..G ... ..T ..A ... T.. ..C ... ... ..G ... ..T A.. ..A ... ..C ... .AG ... ..C ..G .T. ..A ... ..T ..A ..C ... ..T ..C ... .A. ... ..A ... ..T ... ..C ... ... ..G ... ..G A.. C.. .CA .C. ... ..C ... G.. ... ..T C.. ..C ... C.. ... ..G ..T ... ..A ..C ... A.. G.. ..C ... C.. .C. ... ..T .T. C.. ... ... C.. ... A.. ... C.. ... C.. ..C ... 

   38    3    1    2    1   27    2    1    3   77    1    4   11    1    1
    8    1    1   13    2    2    1   10    1    5    1    4    1   22    2
    1   13    8    1    1   11    1    1    1   36    1    3    1   32    1
    4   15    8    1    1    1   22    3    1    4   44    1   13   13    1
   17    2    1    3    3   23    6    6    2    9    1    7    2   23    3
    1   48    1    1   15   35    1   34    8    1    4   70    3   21    1
   14    1    2    1    1   27    3    2    2    6    1    1   13    1   11
    1   11    1   12    1    6    4    1   16    1    1    1    1    1   31
    1   13    1   21    1    1    3    5    1   16    4    1   19    1    1
    3    1    1    1   13    2    1   12    1    1    1    7    6    1    4
    1   18    2   17    1    1   13

YN00 paml/jobs/LOCW_00021433__LOC_00019157/LOCW_00021433__LOC_00019157.phy

ns =   2	ls =1215

Codon position x base (3x4) table for each sequence.

SEQ1                
position  1:    T:0.15062    C:0.23621    A:0.31111    G:0.30206
position  2:    T:0.27737    C:0.20247    A:0.39506    G:0.12510
position  3:    T:0.17613    C:0.30453    A:0.17449    G:0.34486

SEQ2                
position  1:    T:0.14074    C:0.24362    A:0.30617    G:0.30947
position  2:    T:0.27490    C:0.20576    A:0.39506    G:0.12428
position  3:    T:0.18519    C:0.30041    A:0.17531    G:0.33909

Average
position  1:    T:0.14568    C:0.23992    A:0.30864    G:0.30576
position  2:    T:0.27613    C:0.20412    A:0.39506    G:0.12469
position  3:    T:0.18066    C:0.30247    A:0.17490    G:0.34198

Codon usage for each species
----------------------------------------------------------------------
Phe TTT  15  13 | Ser TCT  16  14 | Tyr TAT   9   6 | Cys TGT   6   7
    TTC  19  20 |     TCC  19  22 |     TAC  23  24 |     TGC  17  12
Leu TTA   5   4 |     TCA  22  17 | *** TAA   0   0 | *** TGA   0   0
    TTG  19  18 |     TCG   5   7 |     TAG   0   0 | Trp TGG   8   7
----------------------------------------------------------------------
Leu CTT  16  19 | Pro CCT  26  25 | His CAT  13  17 | Arg CGT   1   3
    CTC  26  24 |     CCC  19  20 |     CAC  26  23 |     CGC   8   9
    CTA   9   9 |     CCA  14  15 | Gln CAA  11  12 |     CGA   6   8
    CTG  50  53 |     CCG   4   4 |     CAG  49  45 |     CGG   9  10
----------------------------------------------------------------------
Ile ATT  20  18 | Thr ACT   7  10 | Asn AAT  16  13 | Ser AGT  10  10
    ATC  38  42 |     ACC  17  15 |     AAC  31  31 |     AGC  24  22
    ATA  13  13 |     ACA  11   8 | Lys AAA  44  43 | Arg AGA   5   6
Met ATG  36  33 |     ACG  11  13 |     AAG  81  82 |     AGG  14  13
----------------------------------------------------------------------
Val GTT  14  13 | Ala GCT  14  19 | Asp GAT  24  31 | Gly GGT   7   7
    GTC  17  17 |     GCC  31  33 |     GAC  42  38 |     GGC  13  13
    GTA   5   5 |     GCA  19  19 | Glu GAA  36  42 |     GGA  12  12
    GTG  35  33 |     GCG  11   9 |     GAG  75  73 |     GGG  12  12
----------------------------------------------------------------------


Sums
------------------------------------------------------
Phe TTT  28 | Ser TCT  30 | Tyr TAT  15 | Cys TGT  13
    TTC  39 |     TCC  41 |     TAC  47 |     TGC  29
Leu TTA   9 |     TCA  39 | *** TAA   0 | *** TGA   0
    TTG  37 |     TCG  12 |     TAG   0 | Trp TGG  15
------------------------------------------------------
Leu CTT  35 | Pro CCT  51 | His CAT  30 | Arg CGT   4
    CTC  50 |     CCC  39 |     CAC  49 |     CGC  17
    CTA  18 |     CCA  29 | Gln CAA  23 |     CGA  14
    CTG 103 |     CCG   8 |     CAG  94 |     CGG  19
------------------------------------------------------
Ile ATT  38 | Thr ACT  17 | Asn AAT  29 | Ser AGT  20
    ATC  80 |     ACC  32 |     AAC  62 |     AGC  46
    ATA  26 |     ACA  19 | Lys AAA  87 | Arg AGA  11
Met ATG  69 |     ACG  24 |     AAG 163 |     AGG  27
------------------------------------------------------
Val GTT  27 | Ala GCT  33 | Asp GAT  55 | Gly GGT  14
    GTC  34 |     GCC  64 |     GAC  80 |     GGC  26
    GTA  10 |     GCA  38 | Glu GAA  78 |     GGA  24
    GTG  68 |     GCG  20 |     GAG 148 |     GGG  24
------------------------------------------------------



(A) Nei-Gojobori (1986) method



Nei & Gojobori 1986. dN/dS (dN, dS)
(Note: This matrix is not used in later ML. analysis.
Use runmode = -2 for ML pairwise comparison.)

SEQ1                
SEQ2                 0.1135 (0.0165 0.1450)


(B) Yang & Nielsen (2000) method

Yang Z, Nielsen R (2000) Estimating synonymous and nonsynonymous substitution rates under realistic evolutionary models. Mol. Biol. Evol. 17:32-43

(equal weighting of pathways)

seq. seq.     S       N        t   kappa   omega     dN +- SE    dS +- SE

   2    1  1043.6  2601.4   0.1368  5.7859  0.1564 0.0179 +- 0.0027  0.1146 +- 0.0116


(C) LWL85, LPB93 & LWLm methods

Li W.-H., C.-I. Wu, Luo (1985) A new method for estimating synonymous and nonsynonymous rates of nucleotide substitutions considering the relative likelihood of nucleotide and codon changes. Mol. Biol. Evol. 2: 150-174.
Li W-H (1993) Unbiased estimation of the rates of synonymous and nonsynonymous substitution. J. Mol. Evol. 36:96-99
Pamilo P, Bianchi NO (1993) Evolution of the Zfx and Zfy genes - rates and interdependence between the genes. Mol. Biol. Evol. 10:271-281
Yang Z (2006) Computational Molecular Evolution. Oxford University Press, Oxford. Eqs. 2.12 & 2.13

2 (SEQ2) vs. 1 (SEQ1)

L(i):     2353.0     800.5     491.5  sum=   3645.0
Ns(i):   31.0000   57.5000   39.5000  sum= 128.0000
Nv(i):   11.5000    4.5000   10.0000  sum=  26.0000
A(i):     0.0134    0.0780    0.0895
B(i):     0.0049    0.0057    0.0208
LWL85:  dS =  0.1538 dN =  0.0165 w = 0.1073 S =  758.3 N = 2886.7
LWL85m: dS =  0.1022 dN =  0.0190 w = 0.1862 S = 1141.2 N = 2503.8 (rho = 0.812)
LPB93:  dS =  0.1032 dN =  0.0185 w = 0.1795

