      2    477

SEQ1                            ATG GGA AAC GGT AAT CCA TGG GGT CAC GAA GAG TCG GAC ACG ACT GAA CGG CTG AAC AAC AGC AAC GAA AAA ATC CAT TCT TCA GCT CCA CCC AAC ATG AAG ATC TCT CTG GCT GCC CTG GCC TTT CTC CTA GTC ATC GTC TCC TCT GCC TTG GCT ACC GAT GAC CCC TAT CCA GCC ACC AAA CTG ACT CAA GGT CAG GAT CAA CGT GCC AAG TCT GGG CCT GGC AAC TGC TGT GTG ACG TAC ACC GAG AAA AAA AAT ATT ATA TTA AAA AAC CTG AAA TCT TAT GAG TAC TCA AGC GCC TGG TGC CCC AAG CCA GGA GTC ATA TTC ATC ACG AAA AAG AAC GAG CGG ATC TGT GCT GAT CCC CGG CAG CCG TGG GTT CAG GAG TAC ATT CGT CAC CTC AAG CCC AAC TGG CAA GGT TCA GAC CCC GCC TTG TCC TCC TTC TCA GGA AGA GAA GAG AAA GCA GGG CTC AAG CTG TTT 
SEQ2                            ATG GGA AAC GGT AAT CCA TGG GGT CAC GAA GAG TCG GAC ACG ACT GAA CGG CTG AAC AAC AGC AAC GAA AAA ATC CAT TCT TCA GCT CCA CCC AAC ATG AAG ATC TCT CTG GCT GCC CTG GCC TTT CTC CTA GTC ATC GTC TCC TCT GCC TTG GCT ACC GAT GAC CCC TAT CCA GCC ACC AAA CTG ACT CAA GGT CAG GAT CAA CGT GCC AAG TCT GGG CCT GGC AAC TGC TGT GTG ACG TAC ACC GAG AAA AAA AAT ATT ATA TTA AAA AAC CTG AAA TCT TAT GAG TAC TCA AGC GCC TGG TGC CCC AAG CCA GGA GTC ATA TTC ATC ACG AAA AAG AAC GAG CGG ATC TGT GCT GAT CCC CGG CAG CCG TGG GTT CAG GAG TAC ATT CGT CAC CTC AAG CCC AAC TGG CAA GGT TCA GAC CCC GCC TTG TCC TCC TTC TCA GGA AGA GAA GAG AAA GCA GGG CTC AAG CTG TTT 



Printing out site pattern counts


         2        159  P

SEQ1                            AAA AAC AAG AAT ACC ACG ACT AGA AGC ATA ATC ATG ATT CAA CAC CAG CAT CCA CCC CCG CCT CGG CGT CTA CTC CTG GAA GAC GAG GAT GCA GCC GCT GGA GGC GGG GGT GTC GTG GTT TAC TAT TCA TCC TCG TCT TGC TGG TGT TTA TTC TTG TTT 
SEQ2                            ... ... ... ... ... ... ... ... ... ... ... ... ... ... ... ... ... ... ... ... ... ... ... ... ... ... ... ... ... ... ... ... ... ... ... ... ... ... ... ... ... ... ... ... ... ... ... ... ... ... ... ... ... 

    8    9    6    2    3    3    2    1    2    2    5    2    2    3    2
    3    1    4    6    1    1    3    2    1    3    6    4    3    6    3
    1    7    4    3    1    2    4    3    1    1    3    2    4    3    1
    5    2    4    2    1    2    2    2

YN00 paml/jobs/LOCW_00021278__LOC_00019053/LOCW_00021278__LOC_00019053.phy

ns =   2	ls = 159

Codon position x base (3x4) table for each sequence.

SEQ1                
position  1:    T:0.20755    C:0.22642    A:0.29560    G:0.27044
position  2:    T:0.20755    C:0.28302    A:0.34591    G:0.16352
position  3:    T:0.20755    C:0.33962    A:0.20126    G:0.25157

SEQ2                
position  1:    T:0.20755    C:0.22642    A:0.29560    G:0.27044
position  2:    T:0.20755    C:0.28302    A:0.34591    G:0.16352
position  3:    T:0.20755    C:0.33962    A:0.20126    G:0.25157

Average
position  1:    T:0.20755    C:0.22642    A:0.29560    G:0.27044
position  2:    T:0.20755    C:0.28302    A:0.34591    G:0.16352
position  3:    T:0.20755    C:0.33962    A:0.20126    G:0.25157

Codon usage for each species
----------------------------------------------------------------------
Phe TTT   2   2 | Ser TCT   5   5 | Tyr TAT   2   2 | Cys TGT   2   2
    TTC   2   2 |     TCC   3   3 |     TAC   3   3 |     TGC   2   2
Leu TTA   1   1 |     TCA   4   4 | *** TAA   0   0 | *** TGA   0   0
    TTG   2   2 |     TCG   1   1 |     TAG   0   0 | Trp TGG   4   4
----------------------------------------------------------------------
Leu CTT   0   0 | Pro CCT   1   1 | His CAT   1   1 | Arg CGT   2   2
    CTC   3   3 |     CCC   6   6 |     CAC   2   2 |     CGC   0   0
    CTA   1   1 |     CCA   4   4 | Gln CAA   3   3 |     CGA   0   0
    CTG   6   6 |     CCG   1   1 |     CAG   3   3 |     CGG   3   3
----------------------------------------------------------------------
Ile ATT   2   2 | Thr ACT   2   2 | Asn AAT   2   2 | Ser AGT   0   0
    ATC   5   5 |     ACC   3   3 |     AAC   9   9 |     AGC   2   2
    ATA   2   2 |     ACA   0   0 | Lys AAA   8   8 | Arg AGA   1   1
Met ATG   2   2 |     ACG   3   3 |     AAG   6   6 |     AGG   0   0
----------------------------------------------------------------------
Val GTT   1   1 | Ala GCT   4   4 | Asp GAT   3   3 | Gly GGT   4   4
    GTC   3   3 |     GCC   7   7 |     GAC   3   3 |     GGC   1   1
    GTA   0   0 |     GCA   1   1 | Glu GAA   4   4 |     GGA   3   3
    GTG   1   1 |     GCG   0   0 |     GAG   6   6 |     GGG   2   2
----------------------------------------------------------------------


Sums
------------------------------------------------------
Phe TTT   4 | Ser TCT  10 | Tyr TAT   4 | Cys TGT   4
    TTC   4 |     TCC   6 |     TAC   6 |     TGC   4
Leu TTA   2 |     TCA   8 | *** TAA   0 | *** TGA   0
    TTG   4 |     TCG   2 |     TAG   0 | Trp TGG   8
------------------------------------------------------
Leu CTT   0 | Pro CCT   2 | His CAT   2 | Arg CGT   4
    CTC   6 |     CCC  12 |     CAC   4 |     CGC   0
    CTA   2 |     CCA   8 | Gln CAA   6 |     CGA   0
    CTG  12 |     CCG   2 |     CAG   6 |     CGG   6
------------------------------------------------------
Ile ATT   4 | Thr ACT   4 | Asn AAT   4 | Ser AGT   0
    ATC  10 |     ACC   6 |     AAC  18 |     AGC   4
    ATA   4 |     ACA   0 | Lys AAA  16 | Arg AGA   2
Met ATG   4 |     ACG   6 |     AAG  12 |     AGG   0
------------------------------------------------------
Val GTT   2 | Ala GCT   8 | Asp GAT   6 | Gly GGT   8
    GTC   6 |     GCC  14 |     GAC   6 |     GGC   2
    GTA   0 |     GCA   2 | Glu GAA   8 |     GGA   6
    GTG   2 |     GCG   0 |     GAG  12 |     GGG   4
------------------------------------------------------



(A) Nei-Gojobori (1986) method



Nei & Gojobori 1986. dN/dS (dN, dS)
(Note: This matrix is not used in later ML. analysis.
Use runmode = -2 for ML pairwise comparison.)

SEQ1                
SEQ2                -1.0000 (0.0000 0.0000)


(B) Yang & Nielsen (2000) method

Yang Z, Nielsen R (2000) Estimating synonymous and nonsynonymous substitution rates under realistic evolutionary models. Mol. Biol. Evol. 17:32-43

(equal weighting of pathways)

seq. seq.     S       N        t   kappa   omega     dN +- SE    dS +- SE

   2    1   137.1   339.9  -0.0000  4.6000 99.0000 -0.0000 +- 0.0000 -0.0000 +- 0.0000


(C) LWL85, LPB93 & LWLm methods

Li W.-H., C.-I. Wu, Luo (1985) A new method for estimating synonymous and nonsynonymous rates of nucleotide substitutions considering the relative likelihood of nucleotide and codon changes. Mol. Biol. Evol. 2: 150-174.
Li W-H (1993) Unbiased estimation of the rates of synonymous and nonsynonymous substitution. J. Mol. Evol. 36:96-99
Pamilo P, Bianchi NO (1993) Evolution of the Zfx and Zfy genes - rates and interdependence between the genes. Mol. Biol. Evol. 10:271-281
Yang Z (2006) Computational Molecular Evolution. Oxford University Press, Oxford. Eqs. 2.12 & 2.13

2 (SEQ2) vs. 1 (SEQ1)

L(i):      310.0      92.0      75.0  sum=    477.0
Ns(i):    0.0000    0.0000    0.0000  sum=   0.0000
Nv(i):    0.0000    0.0000    0.0000  sum=   0.0000
A(i):     0.0000    0.0000    0.0000
B(i):    -0.0000   -0.0000   -0.0000
LWL85:  dS =  0.0000 dN =  0.0000 w =   -nan S =  105.7 N =  371.3
LWL85m: dS =    -nan dN =    -nan w =   -nan S =   -nan N =   -nan (rho = -nan)
LPB93:  dS =  0.0000 dN =  0.0000 w =   -nan

