      2    246

SEQ1                            ATG ACG CCT GAG GCA TGT TGG CAA CCT TGC TGG CTG AGC AAA TCA ATA GTT GTT CCT GTT TCA GTG AGG AGA ATT TCA AGA ACT AAT TTT ATA GTG AGA GCA CAG GCA ATG CCG TCT GCC CCA GTG TGC AGT GCC TTC TGT GTG CTG GCA TCC CTC CTG CCT TGT GTT ACC AAT GCT CAT GAG CGC ATT GAT AAA ACA AAT CTG GGT GTG GCT GTA TGC ATT ATT GCA TCA AGG TTC GTC TTG TGC 
SEQ2                            ATG ACG CCT GAG GCA TGT TGG CAA CCT TGC TGG CTG AGC AAA TCA ATA GTT GTT CCT GTT TCA GTG AGG AGA ATT TCA AGA ACT AAT TTT ATA GTG AGA GCA CAG GCA ATG CCG TCT GCC CCA GTG TGC AGT GCC TTC TGT GTG CTG GCA TCC CTC CTG CCT TGT GTT ACC AAT GCT CAT GAG CGC ATT GAT AAA ACA AAT CTG GGT GTG GCT GTA TGC ATT ATT GCA TCA AGG TTC GTC TTG TGC 



Printing out site pattern counts


         2        123  P

SEQ1                            AAA AAT ACA ACC ACG ACT AGA AGC AGG AGT ATA ATG ATT CAA CAG CAT CCA CCG CCT CGC CTC CTG GAG GAT GCA GCC GCT GGT GTA GTC GTG GTT TCA TCC TCT TGC TGG TGT TTC TTG TTT 
SEQ2                            ... ... ... ... ... ... ... ... ... ... ... ... ... ... ... ... ... ... ... ... ... ... ... ... ... ... ... ... ... ... ... ... ... ... ... ... ... ... ... ... ... 

    2    3    1    1    1    1    3    1    2    1    2    2    4    1    1
    1    1    1    4    1    1    4    2    1    5    2    2    1    1    1
    5    4    4    1    1    4    2    3    2    1    1

YN00 paml/jobs/LOCW_00021241__LOC_00019016/LOCW_00021241__LOC_00019016.phy

ns =   2	ls =  82

Codon position x base (3x4) table for each sequence.

SEQ1                
position  1:    T:0.23171    C:0.18293    A:0.29268    G:0.29268
position  2:    T:0.34146    C:0.30488    A:0.13415    G:0.21951
position  3:    T:0.32927    C:0.17073    A:0.24390    G:0.25610

SEQ2                
position  1:    T:0.23171    C:0.18293    A:0.29268    G:0.29268
position  2:    T:0.34146    C:0.30488    A:0.13415    G:0.21951
position  3:    T:0.32927    C:0.17073    A:0.24390    G:0.25610

Average
position  1:    T:0.23171    C:0.18293    A:0.29268    G:0.29268
position  2:    T:0.34146    C:0.30488    A:0.13415    G:0.21951
position  3:    T:0.32927    C:0.17073    A:0.24390    G:0.25610

Codon usage for each species
----------------------------------------------------------------------
Phe TTT   1   1 | Ser TCT   1   1 | Tyr TAT   0   0 | Cys TGT   3   3
    TTC   2   2 |     TCC   1   1 |     TAC   0   0 |     TGC   4   4
Leu TTA   0   0 |     TCA   4   4 | *** TAA   0   0 | *** TGA   0   0
    TTG   1   1 |     TCG   0   0 |     TAG   0   0 | Trp TGG   2   2
----------------------------------------------------------------------
Leu CTT   0   0 | Pro CCT   4   4 | His CAT   1   1 | Arg CGT   0   0
    CTC   1   1 |     CCC   0   0 |     CAC   0   0 |     CGC   1   1
    CTA   0   0 |     CCA   1   1 | Gln CAA   1   1 |     CGA   0   0
    CTG   4   4 |     CCG   1   1 |     CAG   1   1 |     CGG   0   0
----------------------------------------------------------------------
Ile ATT   4   4 | Thr ACT   1   1 | Asn AAT   3   3 | Ser AGT   1   1
    ATC   0   0 |     ACC   1   1 |     AAC   0   0 |     AGC   1   1
    ATA   2   2 |     ACA   1   1 | Lys AAA   2   2 | Arg AGA   3   3
Met ATG   2   2 |     ACG   1   1 |     AAG   0   0 |     AGG   2   2
----------------------------------------------------------------------
Val GTT   4   4 | Ala GCT   2   2 | Asp GAT   1   1 | Gly GGT   1   1
    GTC   1   1 |     GCC   2   2 |     GAC   0   0 |     GGC   0   0
    GTA   1   1 |     GCA   5   5 | Glu GAA   0   0 |     GGA   0   0
    GTG   5   5 |     GCG   0   0 |     GAG   2   2 |     GGG   0   0
----------------------------------------------------------------------


Sums
------------------------------------------------------
Phe TTT   2 | Ser TCT   2 | Tyr TAT   0 | Cys TGT   6
    TTC   4 |     TCC   2 |     TAC   0 |     TGC   8
Leu TTA   0 |     TCA   8 | *** TAA   0 | *** TGA   0
    TTG   2 |     TCG   0 |     TAG   0 | Trp TGG   4
------------------------------------------------------
Leu CTT   0 | Pro CCT   8 | His CAT   2 | Arg CGT   0
    CTC   2 |     CCC   0 |     CAC   0 |     CGC   2
    CTA   0 |     CCA   2 | Gln CAA   2 |     CGA   0
    CTG   8 |     CCG   2 |     CAG   2 |     CGG   0
------------------------------------------------------
Ile ATT   8 | Thr ACT   2 | Asn AAT   6 | Ser AGT   2
    ATC   0 |     ACC   2 |     AAC   0 |     AGC   2
    ATA   4 |     ACA   2 | Lys AAA   4 | Arg AGA   6
Met ATG   4 |     ACG   2 |     AAG   0 |     AGG   4
------------------------------------------------------
Val GTT   8 | Ala GCT   4 | Asp GAT   2 | Gly GGT   2
    GTC   2 |     GCC   4 |     GAC   0 |     GGC   0
    GTA   2 |     GCA  10 | Glu GAA   0 |     GGA   0
    GTG  10 |     GCG   0 |     GAG   4 |     GGG   0
------------------------------------------------------



(A) Nei-Gojobori (1986) method



Nei & Gojobori 1986. dN/dS (dN, dS)
(Note: This matrix is not used in later ML. analysis.
Use runmode = -2 for ML pairwise comparison.)

SEQ1                
SEQ2                -1.0000 (0.0000 0.0000)


(B) Yang & Nielsen (2000) method

Yang Z, Nielsen R (2000) Estimating synonymous and nonsynonymous substitution rates under realistic evolutionary models. Mol. Biol. Evol. 17:32-43

(equal weighting of pathways)

seq. seq.     S       N        t   kappa   omega     dN +- SE    dS +- SE

   2    1    71.9   174.1  -0.0000  4.6000 99.0000 -0.0000 +- 0.0000 -0.0000 +- 0.0000


(C) LWL85, LPB93 & LWLm methods

Li W.-H., C.-I. Wu, Luo (1985) A new method for estimating synonymous and nonsynonymous rates of nucleotide substitutions considering the relative likelihood of nucleotide and codon changes. Mol. Biol. Evol. 2: 150-174.
Li W-H (1993) Unbiased estimation of the rates of synonymous and nonsynonymous substitution. J. Mol. Evol. 36:96-99
Pamilo P, Bianchi NO (1993) Evolution of the Zfx and Zfy genes - rates and interdependence between the genes. Mol. Biol. Evol. 10:271-281
Yang Z (2006) Computational Molecular Evolution. Oxford University Press, Oxford. Eqs. 2.12 & 2.13

2 (SEQ2) vs. 1 (SEQ1)

L(i):      158.0      45.0      43.0  sum=    246.0
Ns(i):    0.0000    0.0000    0.0000  sum=   0.0000
Nv(i):    0.0000    0.0000    0.0000  sum=   0.0000
A(i):     0.0000    0.0000    0.0000
B(i):    -0.0000   -0.0000   -0.0000
LWL85:  dS =  0.0000 dN =  0.0000 w =   -nan S =   58.0 N =  188.0
LWL85m: dS =    -nan dN =    -nan w =   -nan S =   -nan N =   -nan (rho = -nan)
LPB93:  dS =  0.0000 dN =  0.0000 w =   -nan

