      2    627

SEQ1                            ATG GAG AAG AGT CGG AGG CCT GTA GTG GTG ACG GGT TTT GGT CCA TTT GGG GAA CAT TCA GTC AAT GCT AGC TGG ATA GCG GTT CAG GAA CTG GAG AAA ATT GGC CTC AGG GAG GAT GTT GAT CTG CAT GTC TAT GAA ATC CCT GTC GAG TAC CAG GCC GTG CAG AGA CTT ATT CCT GCC TTG TGG AAG AAG CAC AGT CCA CAG CTG GTG GTC CAT GTG GGC CTG TCT GGC ATG GCC ACA ACA GTG ACA CTG GAG AAG TGT GGT CAT AAC GTG GGC TAC CGG GGC TTG GAC AAC TGC CGC TTC TGC CCA GGC TCC CAG TGC TGT GTC GAA GGG GGG CCA GAG TGC ATC GAC TCT GTC ATT GAC ATG GAT GCT GTG TGC AAG AGG GTT TCC ACC TTG GGG CTG GAC ATT GCT GTC ACA ATA TCA AAG GAT GCG GGC AGG TAT CTC TGT GAT TTC ACC TAC TAC ACT TCC CTC TAC CAG AGC CAT GGC CGG TCG GCC TTT GTC CAC GTG CCC CCC CTG GGC AAA CCT TAC AGT GCT GAG CAG CTG GGC CGG GCG CTC CAG GCC ATC ATC AAG GAA ATG CTC AAT GTC TTG GAG CGC TCT GAG AGC AAC ATC AAC TGC CAC AAT GAA CAC 
SEQ2                            ATG GAG AAG AGC CGG CGG CCC GTG GTG GTG ACG GGG TTT GGC CCG TTT GGG GAG CAT TCC GTC AAC GCC AGC TGG ATA GCG GTT CAG GAA CTG GAG AAA ATG GGC CTC CGG GAA GAT GTG GAC CTG CAT GTC TAT GAA ATC CCG GTG GAG TAC CAG GCC GTG CAG AGA CTC ATT CCT GCC CTG TGG AAG AAG CAC AGT CCA CAG CTG GTG GTG CAC GTG GGC CTG TCC GGC ATG GCC ACC ACG GTG ACG CTG GAG AAG CGC GGC CAC AAC GTG GGC TAC CGC GGC CTC GAT AAC TGC CGC TTC TGC CCC GGC TCC CAC TGC TGC ATC GAG GGC GGG CCG GAG TGC ATC GAC TCC GTC ATC GAC ATG GAG GCC GTG TGC AGG CGG GTC TCC GCC CTG GGG CTG GAC GTC GCC GTC ACG ATA TCG AAG GAT GCG GGC AGG TAC CTC TGC GAC TTC ACC TAC TAC ACG TCC CTC TAC CAG AGC CAC GGC CGG TCG GCC TTC GTG CAC GTG CCC CCG CTG GGC AAG CCT TAC AGT GCC GAG CAG CTG GGC CGG GCG CTG CGG GCC ATC ATC GAG GAG ATG CTG GAC GCA CTG GAG CAC TGC GGG GGC AGC ATC AAC TGC CAC AAC GAG CAC 



Printing out site pattern counts


         2        288  P

SEQ1                            AAA AAA AAC AAC AAG AAG AAG AAT AAT ACA ACA ACC ACC ACG ACT AGA AGC AGC AGG AGG AGT AGT ATA ATC ATG ATT ATT ATT ATT CAC CAG CAG CAG CAT CAT CCA CCA CCA CCC CCC CCT CCT CCT CGC CGC CGG CGG CTC CTC CTG CTT GAA GAA GAC GAC GAG GAG GAG GAT GAT GAT GCC GCG GCT GGC GGG GGG GGT GGT GTA GTC GTC GTC GTC GTG GTT GTT GTT TAC TAT TAT TCA TCA TCC TCG TCT TCT TGC TGG TGT TGT TTC TTG TTG TTT TTT 
SEQ2                            ... ..G ... .G. ... .G. G.. ..C G.C ..C ..G ... G.. ... ..G ... ... G.. ... C.. ..C ... ... ... ... ..C ..G ... G.C ... ..C ... .G. ..C ... ... ..C ..G ... ..G ..C ..G ... .A. ... ..C ... ... ..G ... ..C ... ..G ... ..T ..A ... .G. ..C ..G ... ... ... ..C ... ..C ... ..C ..G ..G A.. .CA ... ..G ... ..C ..G ... ... ..C ... ..C ..G ... ... ..C .GC ... ... C.C ..C ... C.C C.. ..C ... 

    1    1    3    1    5    1    1    2    1    1    3    1    1    1    1
    1    2    1    1    3    1    2    2    5    4    1    1    1    1    4
    1    6    1    3    2    1    1    2    1    1    1    1    2    1    1
    1    3    3    2    8    1    2    4    3    1    1    7    1    2    1
    2    5    3    4   10    1    3    2    1    1    1    1    4    3    9
    1    1    1    6    1    1    1    1    3    1    2    1    6    2    1
    2    2    1    3    1    2

YN00 paml/jobs/LOC_00019329__LOCZ_00019329/LOC_00019329__LOCZ_00019329.phy

ns =   2	ls = 209

Codon position x base (3x4) table for each sequence.

SEQ1                
position  1:    T:0.17703    C:0.22488    A:0.23923    G:0.35885
position  2:    T:0.28708    C:0.18660    A:0.31100    G:0.21531
position  3:    T:0.22488    C:0.34450    A:0.10526    G:0.32536

SEQ2                
position  1:    T:0.15311    C:0.26316    A:0.20574    G:0.37799
position  2:    T:0.28230    C:0.18660    A:0.29665    G:0.23445
position  3:    T:0.06699    C:0.47368    A:0.04306    G:0.41627

Average
position  1:    T:0.16507    C:0.24402    A:0.22249    G:0.36842
position  2:    T:0.28469    C:0.18660    A:0.30383    G:0.22488
position  3:    T:0.14593    C:0.40909    A:0.07416    G:0.37081

Codon usage for each species
----------------------------------------------------------------------
Phe TTT   3   2 | Ser TCT   3   0 | Tyr TAT   2   1 | Cys TGT   3   0
    TTC   2   3 |     TCC   3   6 |     TAC   6   7 |     TGC   6   9
Leu TTA   0   0 |     TCA   2   0 | *** TAA   0   0 | *** TGA   0   0
    TTG   4   0 |     TCG   1   2 |     TAG   0   0 | Trp TGG   2   2
----------------------------------------------------------------------
Leu CTT   1   0 | Pro CCT   4   2 | His CAT   5   2 | Arg CGT   0   0
    CTC   5   5 |     CCC   2   3 |     CAC   4   9 |     CGC   2   3
    CTA   0   0 |     CCA   4   1 | Gln CAA   0   0 |     CGA   0   0
    CTG   8  13 |     CCG   0   4 |     CAG   8   6 |     CGG   4   7
----------------------------------------------------------------------
Ile ATT   4   1 | Thr ACT   1   0 | Asn AAT   3   0 | Ser AGT   3   2
    ATC   5   7 |     ACC   2   2 |     AAC   4   5 |     AGC   3   4
    ATA   2   2 |     ACA   4   0 | Lys AAA   2   1 | Arg AGA   1   1
Met ATG   4   5 |     ACG   1   5 |     AAG   7   6 |     AGG   4   2
----------------------------------------------------------------------
Val GTT   3   1 | Ala GCT   4   0 | Asp GAT   5   3 | Gly GGT   3   0
    GTC   9   6 |     GCC   5  10 |     GAC   4   6 |     GGC  10  14
    GTA   1   0 |     GCA   0   1 | Glu GAA   6   3 |     GGA   0   0
    GTG   9  14 |     GCG   3   3 |     GAG   9  13 |     GGG   4   5
----------------------------------------------------------------------


Sums
------------------------------------------------------
Phe TTT   5 | Ser TCT   3 | Tyr TAT   3 | Cys TGT   3
    TTC   5 |     TCC   9 |     TAC  13 |     TGC  15
Leu TTA   0 |     TCA   2 | *** TAA   0 | *** TGA   0
    TTG   4 |     TCG   3 |     TAG   0 | Trp TGG   4
------------------------------------------------------
Leu CTT   1 | Pro CCT   6 | His CAT   7 | Arg CGT   0
    CTC  10 |     CCC   5 |     CAC  13 |     CGC   5
    CTA   0 |     CCA   5 | Gln CAA   0 |     CGA   0
    CTG  21 |     CCG   4 |     CAG  14 |     CGG  11
------------------------------------------------------
Ile ATT   5 | Thr ACT   1 | Asn AAT   3 | Ser AGT   5
    ATC  12 |     ACC   4 |     AAC   9 |     AGC   7
    ATA   4 |     ACA   4 | Lys AAA   3 | Arg AGA   2
Met ATG   9 |     ACG   6 |     AAG  13 |     AGG   6
------------------------------------------------------
Val GTT   4 | Ala GCT   4 | Asp GAT   8 | Gly GGT   3
    GTC  15 |     GCC  15 |     GAC  10 |     GGC  24
    GTA   1 |     GCA   1 | Glu GAA   9 |     GGA   0
    GTG  23 |     GCG   6 |     GAG  22 |     GGG   9
------------------------------------------------------



(A) Nei-Gojobori (1986) method



Nei & Gojobori 1986. dN/dS (dN, dS)
(Note: This matrix is not used in later ML. analysis.
Use runmode = -2 for ML pairwise comparison.)

SEQ1                
SEQ2                 0.0614 (0.0389 0.6333)


(B) Yang & Nielsen (2000) method

Yang Z, Nielsen R (2000) Estimating synonymous and nonsynonymous substitution rates under realistic evolutionary models. Mol. Biol. Evol. 17:32-43

(equal weighting of pathways)

seq. seq.     S       N        t   kappa   omega     dN +- SE    dS +- SE

   2    1   145.2   481.8   0.6535 22.1904  0.0474 0.0385 +- 0.0092  0.8126 +- 0.1695


(C) LWL85, LPB93 & LWLm methods

Li W.-H., C.-I. Wu, Luo (1985) A new method for estimating synonymous and nonsynonymous rates of nucleotide substitutions considering the relative likelihood of nucleotide and codon changes. Mol. Biol. Evol. 2: 150-174.
Li W-H (1993) Unbiased estimation of the rates of synonymous and nonsynonymous substitution. J. Mol. Evol. 36:96-99
Pamilo P, Bianchi NO (1993) Evolution of the Zfx and Zfy genes - rates and interdependence between the genes. Mol. Biol. Evol. 10:271-281
Yang Z (2006) Computational Molecular Evolution. Oxford University Press, Oxford. Eqs. 2.12 & 2.13

2 (SEQ2) vs. 1 (SEQ1)

L(i):      402.5     122.0     102.5  sum=    627.0
Ns(i):   13.5000   26.0000   19.5000  sum=  59.0000
Nv(i):    1.5000    6.0000   16.5000  sum=  24.0000
A(i):     0.0348    0.2967    0.2927
B(i):     0.0037    0.0518    0.1943
LWL85:  dS =  0.6015 dN =  0.0452 w = 0.0751 S =  143.2 N =  483.8
LWL85m: dS =  0.4897 dN =  0.0484 w = 0.0989 S =  175.8 N =  451.2 (rho = 0.601)
LPB93:  dS =  0.4891 dN =  0.0498 w = 0.1017

