
Before deleting alignment gaps
      2   2262

SEQ1                            ATG GCG GCG TCC AGC TCG GTT CAG CCG CTG CTC GCA AAA AAC TCG GCC AGG CTC CAA CGC AAG CAC CGC CGG TCG CCC GCC CCC TCG CCC CCG CCG CTC CGG CGG CGC CGC CGC CGC CGC CGC CCC TCG CAC GAC GAG TCC TCG TGG GGC GGC CGC GTG AAG CCG AGC GCC GTG GCC GCG CCG TGG CCA CCG CCG TCG CTC CTC TCG CTG ACT CTG CCG GAG CGA GTC GTG CGG AGA CGG ACG AAC TTC CCC GCG CAG GGA --- --- --- --- --- --- --- --- --- --- --- --- --- --- --- --- AGC GGC CGG CGG GGC AGG CCG ACG AGC CCG CAG AGG CCG CCG GGC AAC CCG TCG CGG AAG GGC AAG GAC CGC TGG GAC AGC CCC CTG AGG GCC CCC GCG GAA GGC TGG GCC GAG TCC CCG GGC GCG AGG GGG CCT TCC CCG GGG GGC TTC CGC GAG GAC CGG TGG AGC AGC CCC GAG CGA CGG GGA AGT CAG CAG AGG CTG CCC TCG CTT CCT GGC AGA AGG CGG CCG ATC GGG GAA GGC AGC AGC GAG AGG ATG ACA AAG CAG CGC AAC CTC AGC AGC TAC CAC ATG GGC TGG GGC AGC CCC ACA AGG GAG GCC AGG CAG AGG TCC CCC AGG GGC TGG GAA CAC AGC CAG ACA AAT CTC CCC AGG AAC --- --- --- --- --- --- --- CGG GGG AGC CAG CCA TAC CCA CAG CCC CTT AGT AGA CGG CAC GTG GAG CCA GGC AGC CCC GAG GGT GCG AGA AGT CTG GAG AGC CCC AGC AGC CAT TCC AGG GCC CGG AGT GAG CCT GAC TGG GAG CAC AGG CAA GAA TGC CCC CCA GGC TGG AAC CAT CCC AGT CGG GAT GCT GGT GGA GGC AGG TGG AGC ACC TCT GAG AGG AGG GGA GGA GAA CAG CGC CAC CCT CCC AGG AGA TGG CAA ATG GGG CCA GGC AGC CCC AAG AGG CCC CTC CGG AAG AAG GCC AGC GCC AGC CAC AAT CCC CAG GGC TAC AGC AAC CTA GAG CAG GAG CAG GAG TCC CAT CAG AAA TGC CTC CAT GAC CAG CGG CCT CCT GCT GAG GAA TAC TTC TGG GAG AGT CCT GGA GGC AAA TGG CGC AGC CTG GAG AGC AGA GGG AGG GAG CAT GAG AGT CCA GCC AGA GTG CAA AGG CGC AGG AGG CAG GAG AGC ATG TCT GGA GAG GAA AGG GCC TGG GAC AGC CCG AAG CAG AGA GAG GGG TGG GAG GGT TCT GGG AGC CTC AGC AGC CAA AGT GAG TTT GAT TCA GAC CAG GGT GGT GTG AGT TGG TGT GTT AGC AGG CAA AGC AGT CTT GGG CAA AGA GGG ACC GGA GCT GAA AGC CCC CAG AGC TCT GAT CGG CAG CAG AGG CCC ACT GGG --- --- --- --- --- AGC CGG CCC ACA TTC TTT AGC GGG GGA TGG AAT CTT GGG GAG GGC CAA GCA GAA ACC GAG AGC CAC GGA AGG GGC GAG CAA GGC AGT AAT TTT GGC AGG GAA GAG GGC AGC CCC AGG AGG AGC CCC TCC CCC GTG GAA GCA GCC GCC AGC ACC TCT GCA GCC CAG TTG CTG ACA TGG ATG CCA CGT GAA CAG GTG GTG CAG TAT TGG ATG CGG TGC CGG GCC ACC TTG AAA AAC AGG TTG CGG GAG CAG CTG ACG GCC TTC TGC CCC CGG CCC ACC TTG CCC GAC AGG TCT TCC GAG GTC CCG ATC CTG AAC CCA GAG ATC CTG TGC TTG TTC AGC GCC AAG CAG GTC AAG GAG ATC GAG AGC CTC TCG CGG CCC CTG CGG GTG CTG CAG AAT GAG GTC CTG GAC ATG CTG GGG CCT GCC ATG ACC ATC TAC GAG ATG GCC GAG GAA GCG ATG GAG CGG GGG GAG TCC GTG GAT CCC ATG GAG CTG CGG GAG TGG ATG CAC CGC CTC ATC CGC TAC ATT GGC AGC ATC AAC CAC AGG CTG ACC CTG CAG CGC CGC ATC CAG GTC CTC GGC ACC CTC AAC CCG CGG CTC AAG ATG GTG TCG TCC AAA ATG GCG AGC CAC TGC ACC GAG GGG CAG CTC TTT GCG CAA GAC AAG GTG AAG CTT TTG AAG GAG ATC ATC AAG AGG TTC CCA CAG CTG ACA GTG TCC CAG AAC AGG TTG TCC GCT AGG AGG TAC CAG CTC GCT GCC CGG CGA CCT GCA ACT GTG GCC GCC TGG CAG AGA AGA TTT --- --- --- CCT CAG GAA TCC TGC TGC TCA TCA AAG CCC AGG --- --- --- --- --- --- --- --- --- --- --- --- --- --- 
SEQ2                            ATG GCG GCG TCC GGC CCG CTT CAG CCG CTG CTG CCG AGC CCC TCG GCC CGG CTG CCG CGC AGG CGC CGC CGG TCG CCC GCG CCC GCG TCC CCG CCG CCC --- --- --- CGC CGC CGC CGG CGC CCC TCG CGC GAG GAG TCC GCG TGG GGC --- --- --- --- --- --- --- GTG GCC GCG CCG TGG CCG CCG CCG TCG CTG CTC TCG CTG ACT CTG CCG GAG CGG GTC GTG CGG GGC CGG CCG GGC TTC CCC GCG CAG GGC CCG CGC AGC CCC GCG CAG GGC GGC GCC CGG CGG GGC AGC CCG CCC AGG GAC GCC CGG CGC GGG CGG CCG GCG AGC CCG CAG AGG CCG CCG GGC AGC GCG CCG CGG AAG GGC ACG AAC CGC TGG GGC AGC CCG CTG CGG GCC GCC GCG GAA GGC TGG GCC GAG TCG CCG GGC GCG AGG GGC CCT TCC CCG GGG GGC TTC CGC GAG GAC CGC TGG AGC AGC CCG GAG CGA CGG GGG AGT CAG CAG CGG CTG CCC TCG CCC CTG GGC AGA AGG CGG CCT ATC GGG CAG GGC AGC GGC GAG AGG ACG ACC AAG CAG CGC AGC CTC AGC GGC GAC CAC GGG GGC TGG GAC AGC CCC ACA CGG GAG GCC AGG CAG AAG TCC CCC AGG GGC TGG GAA CAT GGC CGG ACA GAT CTC CCC AGG AAC CGG TGG AGC AGC CCT GGA AAG CGG GGC AGC CAG CAG CAC CCA CAG CCC CTC AGT AGA AGG CAC GCC GAG CCA GGC AGC CCC GAG GGC GCG AGA AGT CTG GAG AGC CCC AGC AGC CAC TCC AGG GCC TGG AGT GAG GCT GAC TGG GAG CAC AGG CAA GAA TGC CCC CCG GGC TGG AAC CAT CCC AGT CGG GAT GCT GGT GGA GGC AGG TGG AGC AGC CCA GAG AGG AGG GGC GGC GAA CAG CGC CAC CCT CCC AGG AGA CGG CAG GTG GGG CCG GGC AGT CCG GAG AGG CCC CTC CGG AAG AAG GCC GGC GCC ACC CAC AAT CCC CAG GGC TAC GGC AGC CTA GAG CAG --- --- GAG TCC CGT CAG AAG TGC CCC CAT GAC CAG CGC CCT CCT GCT GAG GAC TAC TTC TGG GAG AGT TCC GGA GGC AAA TGG CGC AGC CTA GAG AGC AGA GGG AGG GAG CAT GAG AGT CCA GCC ATG GTG CAA AGG CGC AGG AGG CAG GAG AGC ATG TCT GGA GAG GAA AGG GCC TGG AAC AGC CCG AAG CCA AGA CCG GGG TGG GAG GGT TCT GGG AGC CTC AGC AGC CAA AGC CAT TTT GAT TCA GAC CAG GGT GGT GTG AGT TGG GGT GTC GGC AGG CAA AGC GGT CTT GGG CAA AGG GCA --- GGA GCT GAA AGC CCC CAG AGC GCC GAT CGG CAG CAG AGG CCC ACT GTG AGC CAG CAG GAC TGG AGC CGG CCC ACA TTC TTC GGC GGG GGA TGG AAT CCC GGG GAG GGC CAA GCA GAA GCG GAG AGC CAC GGA AGG GGC GAG CAA GGC AGT GAT TTT GGC AGG GAA GAG GGC AGC CCC AGG AGG AGC CCC TCC CCT GCG GAA GCA GCC ACC AGC ACC CCT GCG GCC CAG TCG CTG AGG TGG ACG CCA CGC GAG CAG CTG GTG CAG TAC TGG ATG CGG TGC CGG GCC ACC CTG AAA AAC AGG TTG CGG GAG CAG CTG ATG GCC TTC TGC CCC CGG CCC ACC TTG CCC GAC AGG TCT TCC GAG GTC CCG GTC CTG AAC CCA GAG ATC CTG TGC TTG TTC AGC GCC AAG CAG GTC AAG GAG ATC GAG AGC CTC TCG CGG CCC CTG CGG GTG CTG CAG AAC GAG GTC CTG GAC ATG CTT GCG CCG GCC ATG ACC ATC TAC GAG ATG GCC GAG GAA GCG ATG GAG CGG GGG GAG TCC GTG GAT CCC ATG GAG CTG CGC GAG TGG ACG CGC CGC CTC ATC CGC TAC ATC GGC AGC ATC AGC CAC AGG CTG ACC CTG CAG CGC CGC ATC CAG GTC CTC GGC ACC CTC AAC CCG CGG CTC AAG ATG GTG TCG TCC AAG ATG GCG AGC CGC TGC ACC GAT GGG AAG CTC TTT GCG GAG GAC AAG GTG AAG CTC CTG AAG GAG ATC GTC AAG AGG TTC CCG CAG CTG ACG GTG TCC CAG AAC AGG CTG TCC GCC AGG AGG TAC CAG CTC GCT GCC CGG CGA CCT CCA TCT GCG GCC ACC TGG CAG AGA AGA TTC CCC CCG GGG CCT CAT --- --- --- --- --- TCT CGC CCC AGG CAT CCT GCT GCT CAT CAA AGC CCA GGT AAG GCC TTC CAT GGG 



After deleting gaps. 2073 sites
      2   2073

SEQ1                            ATG GCG GCG TCC AGC TCG GTT CAG CCG CTG CTC GCA AAA AAC TCG GCC AGG CTC CAA CGC AAG CAC CGC CGG TCG CCC GCC CCC TCG CCC CCG CCG CTC CGC CGC CGC CGC CGC CCC TCG CAC GAC GAG TCC TCG TGG GGC GTG GCC GCG CCG TGG CCA CCG CCG TCG CTC CTC TCG CTG ACT CTG CCG GAG CGA GTC GTG CGG AGA CGG ACG AAC TTC CCC GCG CAG GGA AGC GGC CGG CGG GGC AGG CCG ACG AGC CCG CAG AGG CCG CCG GGC AAC CCG TCG CGG AAG GGC AAG GAC CGC TGG GAC AGC CCC CTG AGG GCC CCC GCG GAA GGC TGG GCC GAG TCC CCG GGC GCG AGG GGG CCT TCC CCG GGG GGC TTC CGC GAG GAC CGG TGG AGC AGC CCC GAG CGA CGG GGA AGT CAG CAG AGG CTG CCC TCG CTT CCT GGC AGA AGG CGG CCG ATC GGG GAA GGC AGC AGC GAG AGG ATG ACA AAG CAG CGC AAC CTC AGC AGC TAC CAC ATG GGC TGG GGC AGC CCC ACA AGG GAG GCC AGG CAG AGG TCC CCC AGG GGC TGG GAA CAC AGC CAG ACA AAT CTC CCC AGG AAC CGG GGG AGC CAG CCA TAC CCA CAG CCC CTT AGT AGA CGG CAC GTG GAG CCA GGC AGC CCC GAG GGT GCG AGA AGT CTG GAG AGC CCC AGC AGC CAT TCC AGG GCC CGG AGT GAG CCT GAC TGG GAG CAC AGG CAA GAA TGC CCC CCA GGC TGG AAC CAT CCC AGT CGG GAT GCT GGT GGA GGC AGG TGG AGC ACC TCT GAG AGG AGG GGA GGA GAA CAG CGC CAC CCT CCC AGG AGA TGG CAA ATG GGG CCA GGC AGC CCC AAG AGG CCC CTC CGG AAG AAG GCC AGC GCC AGC CAC AAT CCC CAG GGC TAC AGC AAC CTA GAG CAG GAG TCC CAT CAG AAA TGC CTC CAT GAC CAG CGG CCT CCT GCT GAG GAA TAC TTC TGG GAG AGT CCT GGA GGC AAA TGG CGC AGC CTG GAG AGC AGA GGG AGG GAG CAT GAG AGT CCA GCC AGA GTG CAA AGG CGC AGG AGG CAG GAG AGC ATG TCT GGA GAG GAA AGG GCC TGG GAC AGC CCG AAG CAG AGA GAG GGG TGG GAG GGT TCT GGG AGC CTC AGC AGC CAA AGT GAG TTT GAT TCA GAC CAG GGT GGT GTG AGT TGG TGT GTT AGC AGG CAA AGC AGT CTT GGG CAA AGA GGG GGA GCT GAA AGC CCC CAG AGC TCT GAT CGG CAG CAG AGG CCC ACT GGG AGC CGG CCC ACA TTC TTT AGC GGG GGA TGG AAT CTT GGG GAG GGC CAA GCA GAA ACC GAG AGC CAC GGA AGG GGC GAG CAA GGC AGT AAT TTT GGC AGG GAA GAG GGC AGC CCC AGG AGG AGC CCC TCC CCC GTG GAA GCA GCC GCC AGC ACC TCT GCA GCC CAG TTG CTG ACA TGG ATG CCA CGT GAA CAG GTG GTG CAG TAT TGG ATG CGG TGC CGG GCC ACC TTG AAA AAC AGG TTG CGG GAG CAG CTG ACG GCC TTC TGC CCC CGG CCC ACC TTG CCC GAC AGG TCT TCC GAG GTC CCG ATC CTG AAC CCA GAG ATC CTG TGC TTG TTC AGC GCC AAG CAG GTC AAG GAG ATC GAG AGC CTC TCG CGG CCC CTG CGG GTG CTG CAG AAT GAG GTC CTG GAC ATG CTG GGG CCT GCC ATG ACC ATC TAC GAG ATG GCC GAG GAA GCG ATG GAG CGG GGG GAG TCC GTG GAT CCC ATG GAG CTG CGG GAG TGG ATG CAC CGC CTC ATC CGC TAC ATT GGC AGC ATC AAC CAC AGG CTG ACC CTG CAG CGC CGC ATC CAG GTC CTC GGC ACC CTC AAC CCG CGG CTC AAG ATG GTG TCG TCC AAA ATG GCG AGC CAC TGC ACC GAG GGG CAG CTC TTT GCG CAA GAC AAG GTG AAG CTT TTG AAG GAG ATC ATC AAG AGG TTC CCA CAG CTG ACA GTG TCC CAG AAC AGG TTG TCC GCT AGG AGG TAC CAG CTC GCT GCC CGG CGA CCT GCA ACT GTG GCC GCC TGG CAG AGA AGA TTT CCT CAG TCA AAG CCC AGG 
SEQ2                            ATG GCG GCG TCC GGC CCG CTT CAG CCG CTG CTG CCG AGC CCC TCG GCC CGG CTG CCG CGC AGG CGC CGC CGG TCG CCC GCG CCC GCG TCC CCG CCG CCC CGC CGC CGC CGG CGC CCC TCG CGC GAG GAG TCC GCG TGG GGC GTG GCC GCG CCG TGG CCG CCG CCG TCG CTG CTC TCG CTG ACT CTG CCG GAG CGG GTC GTG CGG GGC CGG CCG GGC TTC CCC GCG CAG GGC GAC GCC CGG CGC GGG CGG CCG GCG AGC CCG CAG AGG CCG CCG GGC AGC GCG CCG CGG AAG GGC ACG AAC CGC TGG GGC AGC CCG CTG CGG GCC GCC GCG GAA GGC TGG GCC GAG TCG CCG GGC GCG AGG GGC CCT TCC CCG GGG GGC TTC CGC GAG GAC CGC TGG AGC AGC CCG GAG CGA CGG GGG AGT CAG CAG CGG CTG CCC TCG CCC CTG GGC AGA AGG CGG CCT ATC GGG CAG GGC AGC GGC GAG AGG ACG ACC AAG CAG CGC AGC CTC AGC GGC GAC CAC GGG GGC TGG GAC AGC CCC ACA CGG GAG GCC AGG CAG AAG TCC CCC AGG GGC TGG GAA CAT GGC CGG ACA GAT CTC CCC AGG AAC CGG GGC AGC CAG CAG CAC CCA CAG CCC CTC AGT AGA AGG CAC GCC GAG CCA GGC AGC CCC GAG GGC GCG AGA AGT CTG GAG AGC CCC AGC AGC CAC TCC AGG GCC TGG AGT GAG GCT GAC TGG GAG CAC AGG CAA GAA TGC CCC CCG GGC TGG AAC CAT CCC AGT CGG GAT GCT GGT GGA GGC AGG TGG AGC AGC CCA GAG AGG AGG GGC GGC GAA CAG CGC CAC CCT CCC AGG AGA CGG CAG GTG GGG CCG GGC AGT CCG GAG AGG CCC CTC CGG AAG AAG GCC GGC GCC ACC CAC AAT CCC CAG GGC TAC GGC AGC CTA GAG CAG GAG TCC CGT CAG AAG TGC CCC CAT GAC CAG CGC CCT CCT GCT GAG GAC TAC TTC TGG GAG AGT TCC GGA GGC AAA TGG CGC AGC CTA GAG AGC AGA GGG AGG GAG CAT GAG AGT CCA GCC ATG GTG CAA AGG CGC AGG AGG CAG GAG AGC ATG TCT GGA GAG GAA AGG GCC TGG AAC AGC CCG AAG CCA AGA CCG GGG TGG GAG GGT TCT GGG AGC CTC AGC AGC CAA AGC CAT TTT GAT TCA GAC CAG GGT GGT GTG AGT TGG GGT GTC GGC AGG CAA AGC GGT CTT GGG CAA AGG GCA GGA GCT GAA AGC CCC CAG AGC GCC GAT CGG CAG CAG AGG CCC ACT GTG AGC CGG CCC ACA TTC TTC GGC GGG GGA TGG AAT CCC GGG GAG GGC CAA GCA GAA GCG GAG AGC CAC GGA AGG GGC GAG CAA GGC AGT GAT TTT GGC AGG GAA GAG GGC AGC CCC AGG AGG AGC CCC TCC CCT GCG GAA GCA GCC ACC AGC ACC CCT GCG GCC CAG TCG CTG AGG TGG ACG CCA CGC GAG CAG CTG GTG CAG TAC TGG ATG CGG TGC CGG GCC ACC CTG AAA AAC AGG TTG CGG GAG CAG CTG ATG GCC TTC TGC CCC CGG CCC ACC TTG CCC GAC AGG TCT TCC GAG GTC CCG GTC CTG AAC CCA GAG ATC CTG TGC TTG TTC AGC GCC AAG CAG GTC AAG GAG ATC GAG AGC CTC TCG CGG CCC CTG CGG GTG CTG CAG AAC GAG GTC CTG GAC ATG CTT GCG CCG GCC ATG ACC ATC TAC GAG ATG GCC GAG GAA GCG ATG GAG CGG GGG GAG TCC GTG GAT CCC ATG GAG CTG CGC GAG TGG ACG CGC CGC CTC ATC CGC TAC ATC GGC AGC ATC AGC CAC AGG CTG ACC CTG CAG CGC CGC ATC CAG GTC CTC GGC ACC CTC AAC CCG CGG CTC AAG ATG GTG TCG TCC AAG ATG GCG AGC CGC TGC ACC GAT GGG AAG CTC TTT GCG GAG GAC AAG GTG AAG CTC CTG AAG GAG ATC GTC AAG AGG TTC CCG CAG CTG ACG GTG TCC CAG AAC AGG CTG TCC GCC AGG AGG TAC CAG CTC GCT GCC CGG CGA CCT CCA TCT GCG GCC ACC TGG CAG AGA AGA TTC CCT CAT TCT CGC CCC AGG 



Printing out site pattern counts


         2        504  P

SEQ1                            AAA AAA AAA AAC AAC AAC AAC AAG AAG AAG AAG AAG AAT AAT AAT ACA ACA ACA ACA ACC ACC ACC ACG ACG ACG ACT ACT AGA AGA AGA AGA AGC AGC AGC AGC AGC AGG AGG AGG AGT AGT AGT ATC ATC ATG ATG ATG ATG ATT CAA CAA CAA CAA CAC CAC CAC CAG CAG CAG CAG CAG CAT CAT CAT CCA CCA CCA CCC CCC CCC CCC CCC CCG CCG CCG CCT CCT CCT CCT CCT CGA CGA CGC CGC CGG CGG CGG CGG CGT CTA CTC CTC CTC CTG CTG CTG CTT CTT CTT GAA GAA GAA GAA GAC GAC GAC GAC GAG GAG GAG GAG GAT GCA GCA GCA GCA GCC GCC GCC GCG GCT GCT GGA GGA GGA GGC GGC GGC GGC GGG GGG GGG GGG GGG GGT GGT GTC GTG GTG GTG GTG GTT GTT TAC TAC TAC TAT TCA TCA TCC TCC TCG TCG TCG TCT TCT TCT TCT TGC TGG TGG TGT TTC TTG TTG TTG TTT TTT 
SEQ2                            ... ..G .GC ... .G. CC. GG. ... .C. .G. CGC G.. ..C ... G.. ... ..C ..G .GG ... .G. G.G .T. C.. G.. ... T.. ... ..G .TG G.C .C. ... ..T GA. G.. .A. ... C.. ..C ... G.. ... G.. .C. ... GG. G.. ..C ... ..G .CG G.G ... ..T .G. A.. ... ..T .CA .G. ..C ... .G. .AG ... ..G ... ..G ..T G.. T.. ... ..T G.. ..G ... .TG G.. T.C ... ..G ... ..G A.. ..C ... T.. ..C ... .C. ... ..G ..A ... ..T .CC ..C ... C.G ... ..C ..G A.. ... ..G .G. C.T CC. ... ..T ... C.. C.G ... ..G A.. ... ..G ... ..C ... ... ..C ..G .A. .C. ... ..G .CA .C. ..C ... .T. ..C ... ... C.. .CC .C. ... C.. ..C C.. G.. ... ..C ... ..T ... ..G C.. G.. ... C.A C.. G.C ... ... C.. ... G.. ... C.. .C. ... ..C ... 

    2    2    1    6    4    1    1   12    1    1    1    1    1    2    2
    3    1    1    1    7    1    1    1    1    1    2    1    8    1    1
    1    1   32    1    1    8    1   33    5    1    9    1    8    2    3
   10    1    1    1    7    1    1    1    7    1    4    1   31    1    1
    1    1    3    1    1    5    4   27    3    1    1    1   16    1    1
    1    6    1    1    1    2    1   16    1    1    4   21    1    1    1
    2   12    3    1   17    1    2    2    1    1   10    1    1    2    7
    1    1    1    1   40    1    4    1    1    2    1    2   19    1   10
    1    4    6    3    1    1    1   23    1    1    1    2   11    1    1
    4    5    1    1    2   10    1    1    1    1    5    1    1    1   12
    1    2    2    8    1    1    1    3    6    1   20    1    7    3    1
    3    2    3

YN00 paml/jobs/LOC_00019343__LOCZ_00019343/LOC_00019343__LOCZ_00019343.phy

ns =   2	ls = 691

Codon position x base (3x4) table for each sequence.

SEQ1                
position  1:    T:0.12735    C:0.32272    A:0.27352    G:0.27641
position  2:    T:0.15630    C:0.24168    A:0.25904    G:0.34298
position  3:    T:0.10130    C:0.36179    A:0.10999    G:0.42692

SEQ2                
position  1:    T:0.11288    C:0.34443    A:0.23878    G:0.30391
position  2:    T:0.14472    C:0.26339    A:0.23589    G:0.35601
position  3:    T:0.08538    C:0.38640    A:0.07525    G:0.45297

Average
position  1:    T:0.12012    C:0.33357    A:0.25615    G:0.29016
position  2:    T:0.15051    C:0.25253    A:0.24747    G:0.34949
position  3:    T:0.09334    C:0.37410    A:0.09262    G:0.43994

Codon usage for each species
----------------------------------------------------------------------
Phe TTT   5   3 | Ser TCT   6   5 | Tyr TAT   1   0 | Cys TGT   1   0
    TTC   7   9 |     TCC  13  14 |     TAC   7   6 |     TGC   6   6
Leu TTA   0   0 |     TCA   2   1 | *** TAA   0   0 | *** TGA   0   0
    TTG   7   3 |     TCG  12  10 |     TAG   0   0 | Trp TGG  21  21
----------------------------------------------------------------------
Leu CTT   5   3 | Pro CCT  10   9 | His CAT   5   6 | Arg CGT   1   1
    CTC  17  14 |     CCC  33  32 |     CAC  12   9 |     CGC  17  26
    CTA   1   2 |     CCA  10   8 | Gln CAA  10   7 |     CGA   3   2
    CTG  19  25 |     CCG  18  30 |     CAG  35  34 |     CGG  27  30
----------------------------------------------------------------------
Ile ATT   1   0 | Thr ACT   3   2 | Asn AAT   5   2 | Ser AGT  11  10
    ATC  10   9 |     ACC   9  11 |     AAC  12   9 |     AGC  43  39
    ATA   0   0 |     ACA   6   3 | Lys AAA   5   2 | Arg AGA  11   8
Met ATG  15  12 |     ACG   3   5 |     AAG  16  16 |     AGG  39  37
----------------------------------------------------------------------
Val GTT   2   0 | Ala GCT   5   5 | Asp GAT   4   7 | Gly GGT   5   6
    GTC   5   8 |     GCC  22  24 |     GAC  11  11 |     GGC  26  40
    GTA   0   0 |     GCA   5   3 | Glu GAA  13  10 |     GGA  10   6
    GTG  14  12 |     GCG  10  20 |     GAG  43  44 |     GGG  16  14
----------------------------------------------------------------------


Sums
------------------------------------------------------
Phe TTT   8 | Ser TCT  11 | Tyr TAT   1 | Cys TGT   1
    TTC  16 |     TCC  27 |     TAC  13 |     TGC  12
Leu TTA   0 |     TCA   3 | *** TAA   0 | *** TGA   0
    TTG  10 |     TCG  22 |     TAG   0 | Trp TGG  42
------------------------------------------------------
Leu CTT   8 | Pro CCT  19 | His CAT  11 | Arg CGT   2
    CTC  31 |     CCC  65 |     CAC  21 |     CGC  43
    CTA   3 |     CCA  18 | Gln CAA  17 |     CGA   5
    CTG  44 |     CCG  48 |     CAG  69 |     CGG  57
------------------------------------------------------
Ile ATT   1 | Thr ACT   5 | Asn AAT   7 | Ser AGT  21
    ATC  19 |     ACC  20 |     AAC  21 |     AGC  82
    ATA   0 |     ACA   9 | Lys AAA   7 | Arg AGA  19
Met ATG  27 |     ACG   8 |     AAG  32 |     AGG  76
------------------------------------------------------
Val GTT   2 | Ala GCT  10 | Asp GAT  11 | Gly GGT  11
    GTC  13 |     GCC  46 |     GAC  22 |     GGC  66
    GTA   0 |     GCA   8 | Glu GAA  23 |     GGA  16
    GTG  26 |     GCG  30 |     GAG  87 |     GGG  30
------------------------------------------------------



(A) Nei-Gojobori (1986) method



Nei & Gojobori 1986. dN/dS (dN, dS)
(Note: This matrix is not used in later ML. analysis.
Use runmode = -2 for ML pairwise comparison.)

SEQ1                
SEQ2                 0.4124 (0.0729 0.1768)


(B) Yang & Nielsen (2000) method

Yang Z, Nielsen R (2000) Estimating synonymous and nonsynonymous substitution rates under realistic evolutionary models. Mol. Biol. Evol. 17:32-43

(equal weighting of pathways)

seq. seq.     S       N        t   kappa   omega     dN +- SE    dS +- SE

   2    1   415.7  1657.3   0.3021  3.4841  0.3020 0.0688 +- 0.0067  0.2278 +- 0.0272


(C) LWL85, LPB93 & LWLm methods

Li W.-H., C.-I. Wu, Luo (1985) A new method for estimating synonymous and nonsynonymous rates of nucleotide substitutions considering the relative likelihood of nucleotide and codon changes. Mol. Biol. Evol. 2: 150-174.
Li W-H (1993) Unbiased estimation of the rates of synonymous and nonsynonymous substitution. J. Mol. Evol. 36:96-99
Pamilo P, Bianchi NO (1993) Evolution of the Zfx and Zfy genes - rates and interdependence between the genes. Mol. Biol. Evol. 10:271-281
Yang Z (2006) Computational Molecular Evolution. Oxford University Press, Oxford. Eqs. 2.12 & 2.13

2 (SEQ2) vs. 1 (SEQ1)

L(i):     1309.5     410.5     353.0  sum=   2073.0
Ns(i):   64.0000   23.0000   24.0000  sum= 111.0000
Nv(i):   35.5000   13.5000   29.0000  sum=  78.0000
A(i):     0.0527    0.0613    0.0782
B(i):     0.0279    0.0340    0.0897
LWL85:  dS =  0.1724 dN =  0.0755 w = 0.4381 S =  489.8 N = 1583.2
LWL85m: dS =  0.1552 dN =  0.0782 w = 0.5038 S =  544.1 N = 1528.9 (rho = 0.465)
LPB93:  dS =  0.1588 dN =  0.0821 w = 0.5168

