
Before deleting alignment gaps
      2   3378

SEQ1                            ATG AGC GTG GAG GCG TAC GGG CCC AGT TCC CAG ACG CTG ACT TTC CTG GAC ACG GAG GAG GCC GAG CTG CTA GGC GCC GAC ACG CAG GGC TCC GAG TTT GAG TTC ACC GAC TTC ACC TTG CTC AGC CAG ACC CAG ACG CCG CCT GGG GGA GGC TCC GTC GAA TGC GGC GGC GCG CCG GGC AAC CCG GGA GCG CCG GGC GGA GGA GGG --- --- --- CCG CCC TCC GTC ATT GCG CCG GGG CAG CTC GAC GCC CAG GTC AGT GGG CCA GAC AGC ATC CTC CAG AAT GGG GCA GTG GAT GAT AAT ATG CCT AAG ACT AGC CAG CTC CTT GCA GAG CTC AAT TTT GAG GAA GAT GAG GAA GAC TCT TAT TAC ACC AAG GAC CTG CCT GTG CAT GCC TGC AGC TAC TGT GGC ATC CAT GAC CCA GCT TGT GTG GTC TAC TGT AAC ACC AGC AAG AAG TGG TTC TGT AAT GGA CGT GGG AAT ACA TCT GGC AGC CAC ATC GTG AAC CAT CTT GTG AGA GCT AAA TGC AAG GAA GTG ACT CTT CAC AAG GAT GGC CCT CTG GGC GAA ACT GTC TTG GAG TGT TAC AAC TGT GGC TGT CGT AAT GTG TTC CTC CTT GGC TTC ATC CCA GCC AAG GCA GAC TCG GTG GTC GTC TTG CTG TGC AGG CAG CCT TGT GCT AGT CAG AGC AGC TTA AAA GAT ATC AAC TGG GAC AGC TCA CAG TGG CAG CCT TTG ATC CAA GAC CGC TGC TTC CTT TCC TGG CTG GTC AAA ATT CCT TCT GAG CAG GAA CAG CTG AGA GCA CGG CAG ATT ACT GCT CAG CAA ATT AAC AAG CTG GAA GAA CTC TGG AAG GAG AAC CCA TCC GCC ACC CTG GAG GAC TTA GAG AAG CCT GGT GTT GAT GAA GAG CCA CAG CAT GTC CTC CTC AGA TAT GAG GAT GCT TAT CAG TAC CAA AAC ATC TTT GGG CCT CTG GTC AAG CTT GAG GCA GAC TAT GAC AAG AAG CTA AAG GAA TCC CAG ACC CAA GAC AAC ATC ACC GTG AGG TGG GAT CTG GGC TTG AAC AAG AAA AGG ATC GCC TAC TTC ACC TTG CCA AAG ACT GAT TCA GAT ATG CGC CTG ATG CAG GGA GAC GAG ATC TGC CTG AGA TAC AAA GGG GAC TTG GCC CCG CTA TGG AAA GGA ATC GGC CAC GTT ATT AAA GTT CCT GAT AAT TAT GGT GAT GAA ATT GCA ATC GAG CTG AGG AGT GGC GTT GGC GCT CCT GTG GAG GTG ACC CAT AAC TTC CAA GTG GAC TTT GTG TGG AAG TCG ACT TCC TTT GAC AGA ATG CAG AGT GCC CTC AAA ACG TTT GCT GTG GAT GAA ACC TCT GTG TCT GGC TAT ATC TAT CAC AAG CTT TTG GGT CAT GAG GTT GAG GAT GTC ATT ATC AAA TGT CAG CTG CCA AAG CGC TTC ACA GCA CAA GGA CTT CCT GAC CTC AAC CAT TCT CAG GTG TAT GCT GTG AAG ACC GTC TTG CAA CGT CCC TTG AGC CTC ATC CAG GGC CCC CCT GGG ACA GGC AAG ACT GTG ACA TCG GCC ACC ATT GTG TAC CAT CTG GCC AGG CAA GGA AAT GGG CCC GTA CTG GTT TGT GCC CCA AGT AAC ATA GCT GTG GAC CAG CTG ACA GAG AAG ATA CAT CAG ACA GGG TTG AAA GTG GTG CGT CTC TGC GCA AAG AGC CGT GAG GCC ATC GAC TCC CCT GTC TCT TTC CTG GCA CTG CAC AAC CAG ATC AGG AAT ATG GAC AGT ATG CCT GAG CTC CAG AAG CTG CAG CAG CTG AAA GAT GAG ACT GGG GAG CTG TCA TCC ACA GAC GAA AAG CGC TAC CGG GCA CTG AAA CGG ACA GCT GAG CGG GAA TTG CTG ATG AAT GCT GAC GTC ATT TGC TGT ACG TGC GTG GGA GCC GGT GAT CCA AGG CTT GCA AAA ATG CAG TTC CGC TCC ATT TTG ATC GAT GAA AGT ACG CAG GCC ACT GAG CCG GAG TGC ATG GTG CCA GTT GTC CTC GGG GCA AAG CAG CTG ATC CTT GTG GGC GAC CAC TGC CAG CTC GGC CCT GTC GTG ATG TGT AAG AAG GCA GCT AAA GCA GGC CTG TCT CAG TCC CTC TTT GAG CGG CTG GTG GTG CTT GGG ATC CGG CCC ATC CGC TTG CAA GTG CAG TAC CGC ATG CAT CCT GCC CTG AGT GCT TTT CCT TCC AAC ATC TTC TAT GAG GGG TCT CTT CAG AAC GGC GTC ACT GCA GCA GAC CGT GTG AAG AAG GGA TTT GAC TTC CAG TGG CCC CAG CCA GAC AAG CCC ATG TTT TTC TAT GTG ACC CAA GGG CAA GAA GAA ATT GCA AGC TCC GGT ACT TCT TAC TTA AAC AGG ACG GAG GCC GCA AAT GTC GAG AAG ATC ACC ACC AAG CTG CTG AAG GCT GGT GCA AAA CCG GAT CAG ATT GGT ATA ATC ACT CCC TAT GAG GGC CAG CGC TCT TAC TTG GTG CAG TAC ATG CAG TTC AGC GGC TCT TTG CAT ACC AAG CTT TAC CAG GAA GTG GAA ATT GCC AGT GTT GAT GCT TTC CAA GGA CGG GAG AAA GAC TTC ATT ATC TTG TCT TGT GTC AGA GCC AAT GAA CAC CAA GGA ATT GGC TTT CTG AAT GAC CCC AGG CGT CTC AAT GTA GCT CTC ACC AGA GCA AGG TAT GGC GTC ATC ATT GTC GGC AAC CCA AAG GCA CTC TCT AAG CAG CCC CTC TGG AAT CAC CTC CTG AAC TAC TAC AAG GAG CAG AAG GTG CTG GTT GAG GGG CCC CTG AAC AAC CTC CGC GAG AGC CTC ATG CAG TTC AGC AAG CCC CGG AAG CTG GTC AAC ACC ATC AAC CCC GGA GCC CGG TTC ATG ACA ACT GCA ATG TAT GAT GCC CGT GAA GCT ATT ATC CCT GGA TCA GTA TAT GAC CGT AGC AGC CCA GGC CGG CCC TCC AAC ATG TAT TTC CAA ACC CAT GAT CAG ATT GGA ATG ATC AGT GCC GGG CCT AGT CAC ATT ACA GCC ATG AAC ATC CCC ATC CCA TTC AAC TTG GTG ATG CCT CCC ATG CCG CCA CCA GGG TAT TTT GGA CAG GCC AAC GGG CCA GCT GCT GGA CGT GGG AAC CTG AAA GGC AAG ACT GGC CGA GGT GGG CGC CAG AAG AAC CGT TTT GGG ATG CCA GGG GCT AGC CAG GCC AAC CTA CCC AAC AGC CAG ACC AGT CAA GAT GTG GTC TCC CAG CCT TTC TCT CAG GGC CCA TTG ACT CAG GGC TAC ATC TCC ATG AGC CAG CCG TCT CAG ATG AGC CAG CCA GGC CTG TCC CAG CCA GAA CTG TCG CAG GAT AGT TAT CTT GGT GAT GAG TTT AAA TCT CAG ATC GAT GTG GCC CTG TCG CAG GAT TCA ACT TAC CAG GGA GAA CGC GCA TAT CAA CAT GGA GTG ACG GGA CTG TCA CAG TAT 
SEQ2                            ATG AGC GTG GAG GCG TAC GGG CCC AGC TCC CAG ACG CTC ACC TTC CTG GAC ACG GAG GAG GCC GAG CTG CTG GGC GCC GAC ACG CAG GGC TCC GAG TTC GAG TTC ACC GAC TTC ACC TTG CCC AGC CAG ACC CAG ACG CCG CCC GGG GGG GGC GCC --- --- --- --- GGC GCG CCG GGC AAC GCG GGA GCC CCT GGC GGA GGA GGG CCC GGG GGG CCG CCC TCC GTC GTC GCG GCG GGG CAG CTC GAC GCC CAG GTC AAT GGG CCA GAC GGC ATT CTC CAG AAT GGG GCA GTG GAC GAT AAC ATA CCT AAG ACC AGC CAG CTT CTT GCA GAG CTC AAT TTT GAG GAA GAC GAG GAG GAC ACT TAT TAC ACC AAG GAC CTG CCT GTG CAT GCC TGC AGC TAC TGT GGC ATC CAT GAC CCA GCT TGT GTG GTC TAC TGT AAC ACC AGC AAG AAG TGG TTC TGC AAT GGA CGT GGG AAT ACA TCT GGC AGC CAC ATC GTG AAC CAT CTT GTG AGA GCT AAA TGT AAG GAA GTG ACT CTT CAC AAG GAT GGC CCT CTG GGT GAG ACG GTC TTG GAG TGT TAC AAC TGT GGC TGT CGC AAT GTG TTC CTC CTC GGC TTC ATT CCA GCC AAG GCA GAC TCG GTG GTC GTT TTG CTG TGC AGG CAG CCT TGT GCT AGT CAG AGC AGC TTA AAA GAT ATC AAC TGG GAC AGC TCA CAG TGG CAG CCT TTG ATC CAA GAC CGC TGC TTC CTT TCC TGG CTG GTC AAA ATT CCT TCT GAG CAG GAA CAA CTG AGA GCA CGG CAG ATC ACT GCT CAG CAA ATT AAC AAG CTG GAA GAG CTC TGG AAG GAA AAC CCA TCC GCC ACC CTG GAG GAC TTG GAG AAG CCT GGT GTT GAT GAA GAG CCC CAG CAC GTC CTC CTC AGA TAC GAG GAT GCT TAT CAG TAC CAA AAC ATC TTT GGG CCT CTG GTC AAG CTT GAG GCA GAC TAC GAC AAG AAG CTG AAG GAA TCC CAG ACC CAA GAC AAC ATC ACT GTG AGG TGG GAT CTG GGC TTG AAC AAG AAA AGG ATC GCC TAC TTC ACC TTG CCA AAG ACT GAC TCA GAT ATG CGC CTG ATG CAA GGA GAC GAG ATC TGC CTG AGA TAC AAA GGG GAC TTG GCC CCG CTG TGG AAA GGA ATT GGC CAC GTT ATT AAA GTT CCT GAT AAT TAT GGT GAT GAA ATT GCG ATC GAG CTG AGG AGC AGC GTC GGC GCT CCT GTG GAA GTG ACC CAT AAC TTC CAA GTG GAC TTT GTG TGG AAG TCG ACT TCC TTT GAC AGA ATG CAG AGT GCC CTC AAA ACG TTT GCG GTG GAT GAA ACC TCT GTG TCT GGC TAC ATC TAT CAC AAG CTT TTG GGT CAC GAG GTG GAG GAT GTC ATT ATC AAA TGT CAG CTG CCA AAG CGC TTC ACA GCA CAA GGA CTT CCT GAC CTC AAC CAT TCT CAG GTG TAT GCT GTG AAG ACT GTC TTG CAG CGC CCC TTG AGC CTA ATC CAG GGC CCT CCT GGG ACA GGC AAG ACT GTG ACA TCA GCC ACC ATT GTG TAC CAT CTG GCT AGG CAA GGA AAT GGG CCT GTA CTG GTT TGT GCC CCG AGT AAC ATA GCT GTG GAT CAG CTG ACG GAG AAG ATA CAT CAG ACG GGG CTG AAA GTG GTG CGT CTC TGT GCA AAG AGC CGT GAG GCC ATC GAC TCC CCT GTC TCT TTC CTG GCA CTG CAC AAC CAG ATC AGG AAT ATG GAC AGT ATG CCT GAG CTC CAA AAG CTG CAG CAG CTG AAG GAC GAG ACT GGG GAG CTG TCG TCT GCA GAT GAA AAG CGC TAC CGG GCA CTG AAA CGG ACA GCT GAG CGG GAA TTG CTG ATG AAT GCT GAC GTC ATT TGC TGC ACA TGT GTG GGA GCC GGT GAT CCA AGG CTC GCG AAA ATG CAG TTC CGG TCC ATT TTG ATT GAT GAA AGC ACG CAG GCC ACT GAG CCG GAG TGC ATG GTG CCA GTT GTC CTC GGG GCA AAG CAG CTG ATC CTC GTG GGT GAC CAC TGC CAG CTC GGC CCT GTC GTG ATG TGT AAG AAG GCG GCC AAA GCA GGC CTG TCT CAG TCC CTC TTC GAG CGG CTG GTG GTA CTT GGG ATC CGG CCC ATC CGT TTG CAA GTG CAG TAC CGC ATG CAT CCG GCC TTG AGT GCT TTT CCT TCC AAC ATC TTC TAT GAG GGG TCT CTC CAG AAT GGC GTC ACC GCA GCG GAC CGT GTG AAG AAG GGA TTT GAC TTC CAG TGG CCC CAG CCA GAC AAG CCC ATG TTT TTC TAC GTG ACC CAA GGG CAA GAA GAA ATT GCA AGC TCC GGC ACT TCT TAC TTG AAC AGA ACG GAG GCT GCG AAT GTG GAG AAG ATC ACC ACC AAG CTG CTG AAG GCT GGT GCA AAA CCG GAT CAG ATC GGC ATA ATC ACT CCC TAT GAG GGC CAG CGC TCC TAC CTG GTG CAG TAC ATG CAG TTC AGC GGC TCT TTG CAT ACC AAG CTT TAC CAG GAA GTG GAA ATT GCC AGT GTT GAT GCT TTC CAA GGA CGA GAG AAA GAC TTC ATT ATC CTG TCC TGT GTC AGA GCC AAT GAA CAC CAA GGA ATT GGC TTT CTG AAT GAC CCC AGG CGT CTC AAC GTA GCT CTC ACC AGA GCA AGG TAC GGC GTC ATC ATT GTC GGC AAC CCA AAG GCG CTC TCC AAG CAG CCC CTC TGG AAT CAC CTC CTG AAC TAC TAC AAG GAG CAA AAG GTG CTG GTT GAG GGG CCC CTG AAC AAC CTC CGC GAG AGC CTC ATG CAG TTC AGC AAG CCT CGG AAG CTG GTC AAC ACC ATC AAC CCC GGA GCC CGG TTC ATG ACA ACT GCG ATG TAT GAC GCC CGT GAA GCT ATT ATC CCT GGA TCA GTA TAT GAC CGT AGC AGC CAA AGC CGG CCC TCC AAC ATG TAT TTC CAG ACC CAC GAT CAG ATC GGG ATG ATC AGT GCC GGG CCG AGT CAC GTC ACT GCC ATG AAC ATC CCC ATC CCA TTC AAC TTG GTG ATG CCT CCC ATG CCG CCA CCA GGG TAT TTT GGA CAG GCC AAC GGG CCA GCT GCT GGA CGT GGG AAC TTG AAA GGC AAG ACT GGC CGT GGC GGG CGC CAG AAG AAC CGT TTT GGG ATG CCA GGG GCT AGC CAG GCG AAC CTA CCC AAT AGC CAG GCC AGC CAG GAT GTG GTC TCC CAA CCG TTC TCT CAG GGC CCA CTG ACT CAG GGC TAC ATC TCC ATG AGC CAA CCA TCG CAG ATG AGC CAG CCA GGC CTG TCC CAG CCA GAA CTG TCG CAG GAT AGT TAT CTT GGT GAC GAG TTT AAA TCT CAG ATC GAC GTG GCC CTG TCG CAG GAT TCG ACC TAC CAG GGG GAG CGC GCG TAT CAA CAT GGA GTG ACG GGA CTG TCA CAG TAT 



After deleting gaps. 3357 sites
      2   3357

SEQ1                            ATG AGC GTG GAG GCG TAC GGG CCC AGT TCC CAG ACG CTG ACT TTC CTG GAC ACG GAG GAG GCC GAG CTG CTA GGC GCC GAC ACG CAG GGC TCC GAG TTT GAG TTC ACC GAC TTC ACC TTG CTC AGC CAG ACC CAG ACG CCG CCT GGG GGA GGC TCC GGC GCG CCG GGC AAC CCG GGA GCG CCG GGC GGA GGA GGG CCG CCC TCC GTC ATT GCG CCG GGG CAG CTC GAC GCC CAG GTC AGT GGG CCA GAC AGC ATC CTC CAG AAT GGG GCA GTG GAT GAT AAT ATG CCT AAG ACT AGC CAG CTC CTT GCA GAG CTC AAT TTT GAG GAA GAT GAG GAA GAC TCT TAT TAC ACC AAG GAC CTG CCT GTG CAT GCC TGC AGC TAC TGT GGC ATC CAT GAC CCA GCT TGT GTG GTC TAC TGT AAC ACC AGC AAG AAG TGG TTC TGT AAT GGA CGT GGG AAT ACA TCT GGC AGC CAC ATC GTG AAC CAT CTT GTG AGA GCT AAA TGC AAG GAA GTG ACT CTT CAC AAG GAT GGC CCT CTG GGC GAA ACT GTC TTG GAG TGT TAC AAC TGT GGC TGT CGT AAT GTG TTC CTC CTT GGC TTC ATC CCA GCC AAG GCA GAC TCG GTG GTC GTC TTG CTG TGC AGG CAG CCT TGT GCT AGT CAG AGC AGC TTA AAA GAT ATC AAC TGG GAC AGC TCA CAG TGG CAG CCT TTG ATC CAA GAC CGC TGC TTC CTT TCC TGG CTG GTC AAA ATT CCT TCT GAG CAG GAA CAG CTG AGA GCA CGG CAG ATT ACT GCT CAG CAA ATT AAC AAG CTG GAA GAA CTC TGG AAG GAG AAC CCA TCC GCC ACC CTG GAG GAC TTA GAG AAG CCT GGT GTT GAT GAA GAG CCA CAG CAT GTC CTC CTC AGA TAT GAG GAT GCT TAT CAG TAC CAA AAC ATC TTT GGG CCT CTG GTC AAG CTT GAG GCA GAC TAT GAC AAG AAG CTA AAG GAA TCC CAG ACC CAA GAC AAC ATC ACC GTG AGG TGG GAT CTG GGC TTG AAC AAG AAA AGG ATC GCC TAC TTC ACC TTG CCA AAG ACT GAT TCA GAT ATG CGC CTG ATG CAG GGA GAC GAG ATC TGC CTG AGA TAC AAA GGG GAC TTG GCC CCG CTA TGG AAA GGA ATC GGC CAC GTT ATT AAA GTT CCT GAT AAT TAT GGT GAT GAA ATT GCA ATC GAG CTG AGG AGT GGC GTT GGC GCT CCT GTG GAG GTG ACC CAT AAC TTC CAA GTG GAC TTT GTG TGG AAG TCG ACT TCC TTT GAC AGA ATG CAG AGT GCC CTC AAA ACG TTT GCT GTG GAT GAA ACC TCT GTG TCT GGC TAT ATC TAT CAC AAG CTT TTG GGT CAT GAG GTT GAG GAT GTC ATT ATC AAA TGT CAG CTG CCA AAG CGC TTC ACA GCA CAA GGA CTT CCT GAC CTC AAC CAT TCT CAG GTG TAT GCT GTG AAG ACC GTC TTG CAA CGT CCC TTG AGC CTC ATC CAG GGC CCC CCT GGG ACA GGC AAG ACT GTG ACA TCG GCC ACC ATT GTG TAC CAT CTG GCC AGG CAA GGA AAT GGG CCC GTA CTG GTT TGT GCC CCA AGT AAC ATA GCT GTG GAC CAG CTG ACA GAG AAG ATA CAT CAG ACA GGG TTG AAA GTG GTG CGT CTC TGC GCA AAG AGC CGT GAG GCC ATC GAC TCC CCT GTC TCT TTC CTG GCA CTG CAC AAC CAG ATC AGG AAT ATG GAC AGT ATG CCT GAG CTC CAG AAG CTG CAG CAG CTG AAA GAT GAG ACT GGG GAG CTG TCA TCC ACA GAC GAA AAG CGC TAC CGG GCA CTG AAA CGG ACA GCT GAG CGG GAA TTG CTG ATG AAT GCT GAC GTC ATT TGC TGT ACG TGC GTG GGA GCC GGT GAT CCA AGG CTT GCA AAA ATG CAG TTC CGC TCC ATT TTG ATC GAT GAA AGT ACG CAG GCC ACT GAG CCG GAG TGC ATG GTG CCA GTT GTC CTC GGG GCA AAG CAG CTG ATC CTT GTG GGC GAC CAC TGC CAG CTC GGC CCT GTC GTG ATG TGT AAG AAG GCA GCT AAA GCA GGC CTG TCT CAG TCC CTC TTT GAG CGG CTG GTG GTG CTT GGG ATC CGG CCC ATC CGC TTG CAA GTG CAG TAC CGC ATG CAT CCT GCC CTG AGT GCT TTT CCT TCC AAC ATC TTC TAT GAG GGG TCT CTT CAG AAC GGC GTC ACT GCA GCA GAC CGT GTG AAG AAG GGA TTT GAC TTC CAG TGG CCC CAG CCA GAC AAG CCC ATG TTT TTC TAT GTG ACC CAA GGG CAA GAA GAA ATT GCA AGC TCC GGT ACT TCT TAC TTA AAC AGG ACG GAG GCC GCA AAT GTC GAG AAG ATC ACC ACC AAG CTG CTG AAG GCT GGT GCA AAA CCG GAT CAG ATT GGT ATA ATC ACT CCC TAT GAG GGC CAG CGC TCT TAC TTG GTG CAG TAC ATG CAG TTC AGC GGC TCT TTG CAT ACC AAG CTT TAC CAG GAA GTG GAA ATT GCC AGT GTT GAT GCT TTC CAA GGA CGG GAG AAA GAC TTC ATT ATC TTG TCT TGT GTC AGA GCC AAT GAA CAC CAA GGA ATT GGC TTT CTG AAT GAC CCC AGG CGT CTC AAT GTA GCT CTC ACC AGA GCA AGG TAT GGC GTC ATC ATT GTC GGC AAC CCA AAG GCA CTC TCT AAG CAG CCC CTC TGG AAT CAC CTC CTG AAC TAC TAC AAG GAG CAG AAG GTG CTG GTT GAG GGG CCC CTG AAC AAC CTC CGC GAG AGC CTC ATG CAG TTC AGC AAG CCC CGG AAG CTG GTC AAC ACC ATC AAC CCC GGA GCC CGG TTC ATG ACA ACT GCA ATG TAT GAT GCC CGT GAA GCT ATT ATC CCT GGA TCA GTA TAT GAC CGT AGC AGC CCA GGC CGG CCC TCC AAC ATG TAT TTC CAA ACC CAT GAT CAG ATT GGA ATG ATC AGT GCC GGG CCT AGT CAC ATT ACA GCC ATG AAC ATC CCC ATC CCA TTC AAC TTG GTG ATG CCT CCC ATG CCG CCA CCA GGG TAT TTT GGA CAG GCC AAC GGG CCA GCT GCT GGA CGT GGG AAC CTG AAA GGC AAG ACT GGC CGA GGT GGG CGC CAG AAG AAC CGT TTT GGG ATG CCA GGG GCT AGC CAG GCC AAC CTA CCC AAC AGC CAG ACC AGT CAA GAT GTG GTC TCC CAG CCT TTC TCT CAG GGC CCA TTG ACT CAG GGC TAC ATC TCC ATG AGC CAG CCG TCT CAG ATG AGC CAG CCA GGC CTG TCC CAG CCA GAA CTG TCG CAG GAT AGT TAT CTT GGT GAT GAG TTT AAA TCT CAG ATC GAT GTG GCC CTG TCG CAG GAT TCA ACT TAC CAG GGA GAA CGC GCA TAT CAA CAT GGA GTG ACG GGA CTG TCA CAG TAT 
SEQ2                            ATG AGC GTG GAG GCG TAC GGG CCC AGC TCC CAG ACG CTC ACC TTC CTG GAC ACG GAG GAG GCC GAG CTG CTG GGC GCC GAC ACG CAG GGC TCC GAG TTC GAG TTC ACC GAC TTC ACC TTG CCC AGC CAG ACC CAG ACG CCG CCC GGG GGG GGC GCC GGC GCG CCG GGC AAC GCG GGA GCC CCT GGC GGA GGA GGG CCG CCC TCC GTC GTC GCG GCG GGG CAG CTC GAC GCC CAG GTC AAT GGG CCA GAC GGC ATT CTC CAG AAT GGG GCA GTG GAC GAT AAC ATA CCT AAG ACC AGC CAG CTT CTT GCA GAG CTC AAT TTT GAG GAA GAC GAG GAG GAC ACT TAT TAC ACC AAG GAC CTG CCT GTG CAT GCC TGC AGC TAC TGT GGC ATC CAT GAC CCA GCT TGT GTG GTC TAC TGT AAC ACC AGC AAG AAG TGG TTC TGC AAT GGA CGT GGG AAT ACA TCT GGC AGC CAC ATC GTG AAC CAT CTT GTG AGA GCT AAA TGT AAG GAA GTG ACT CTT CAC AAG GAT GGC CCT CTG GGT GAG ACG GTC TTG GAG TGT TAC AAC TGT GGC TGT CGC AAT GTG TTC CTC CTC GGC TTC ATT CCA GCC AAG GCA GAC TCG GTG GTC GTT TTG CTG TGC AGG CAG CCT TGT GCT AGT CAG AGC AGC TTA AAA GAT ATC AAC TGG GAC AGC TCA CAG TGG CAG CCT TTG ATC CAA GAC CGC TGC TTC CTT TCC TGG CTG GTC AAA ATT CCT TCT GAG CAG GAA CAA CTG AGA GCA CGG CAG ATC ACT GCT CAG CAA ATT AAC AAG CTG GAA GAG CTC TGG AAG GAA AAC CCA TCC GCC ACC CTG GAG GAC TTG GAG AAG CCT GGT GTT GAT GAA GAG CCC CAG CAC GTC CTC CTC AGA TAC GAG GAT GCT TAT CAG TAC CAA AAC ATC TTT GGG CCT CTG GTC AAG CTT GAG GCA GAC TAC GAC AAG AAG CTG AAG GAA TCC CAG ACC CAA GAC AAC ATC ACT GTG AGG TGG GAT CTG GGC TTG AAC AAG AAA AGG ATC GCC TAC TTC ACC TTG CCA AAG ACT GAC TCA GAT ATG CGC CTG ATG CAA GGA GAC GAG ATC TGC CTG AGA TAC AAA GGG GAC TTG GCC CCG CTG TGG AAA GGA ATT GGC CAC GTT ATT AAA GTT CCT GAT AAT TAT GGT GAT GAA ATT GCG ATC GAG CTG AGG AGC AGC GTC GGC GCT CCT GTG GAA GTG ACC CAT AAC TTC CAA GTG GAC TTT GTG TGG AAG TCG ACT TCC TTT GAC AGA ATG CAG AGT GCC CTC AAA ACG TTT GCG GTG GAT GAA ACC TCT GTG TCT GGC TAC ATC TAT CAC AAG CTT TTG GGT CAC GAG GTG GAG GAT GTC ATT ATC AAA TGT CAG CTG CCA AAG CGC TTC ACA GCA CAA GGA CTT CCT GAC CTC AAC CAT TCT CAG GTG TAT GCT GTG AAG ACT GTC TTG CAG CGC CCC TTG AGC CTA ATC CAG GGC CCT CCT GGG ACA GGC AAG ACT GTG ACA TCA GCC ACC ATT GTG TAC CAT CTG GCT AGG CAA GGA AAT GGG CCT GTA CTG GTT TGT GCC CCG AGT AAC ATA GCT GTG GAT CAG CTG ACG GAG AAG ATA CAT CAG ACG GGG CTG AAA GTG GTG CGT CTC TGT GCA AAG AGC CGT GAG GCC ATC GAC TCC CCT GTC TCT TTC CTG GCA CTG CAC AAC CAG ATC AGG AAT ATG GAC AGT ATG CCT GAG CTC CAA AAG CTG CAG CAG CTG AAG GAC GAG ACT GGG GAG CTG TCG TCT GCA GAT GAA AAG CGC TAC CGG GCA CTG AAA CGG ACA GCT GAG CGG GAA TTG CTG ATG AAT GCT GAC GTC ATT TGC TGC ACA TGT GTG GGA GCC GGT GAT CCA AGG CTC GCG AAA ATG CAG TTC CGG TCC ATT TTG ATT GAT GAA AGC ACG CAG GCC ACT GAG CCG GAG TGC ATG GTG CCA GTT GTC CTC GGG GCA AAG CAG CTG ATC CTC GTG GGT GAC CAC TGC CAG CTC GGC CCT GTC GTG ATG TGT AAG AAG GCG GCC AAA GCA GGC CTG TCT CAG TCC CTC TTC GAG CGG CTG GTG GTA CTT GGG ATC CGG CCC ATC CGT TTG CAA GTG CAG TAC CGC ATG CAT CCG GCC TTG AGT GCT TTT CCT TCC AAC ATC TTC TAT GAG GGG TCT CTC CAG AAT GGC GTC ACC GCA GCG GAC CGT GTG AAG AAG GGA TTT GAC TTC CAG TGG CCC CAG CCA GAC AAG CCC ATG TTT TTC TAC GTG ACC CAA GGG CAA GAA GAA ATT GCA AGC TCC GGC ACT TCT TAC TTG AAC AGA ACG GAG GCT GCG AAT GTG GAG AAG ATC ACC ACC AAG CTG CTG AAG GCT GGT GCA AAA CCG GAT CAG ATC GGC ATA ATC ACT CCC TAT GAG GGC CAG CGC TCC TAC CTG GTG CAG TAC ATG CAG TTC AGC GGC TCT TTG CAT ACC AAG CTT TAC CAG GAA GTG GAA ATT GCC AGT GTT GAT GCT TTC CAA GGA CGA GAG AAA GAC TTC ATT ATC CTG TCC TGT GTC AGA GCC AAT GAA CAC CAA GGA ATT GGC TTT CTG AAT GAC CCC AGG CGT CTC AAC GTA GCT CTC ACC AGA GCA AGG TAC GGC GTC ATC ATT GTC GGC AAC CCA AAG GCG CTC TCC AAG CAG CCC CTC TGG AAT CAC CTC CTG AAC TAC TAC AAG GAG CAA AAG GTG CTG GTT GAG GGG CCC CTG AAC AAC CTC CGC GAG AGC CTC ATG CAG TTC AGC AAG CCT CGG AAG CTG GTC AAC ACC ATC AAC CCC GGA GCC CGG TTC ATG ACA ACT GCG ATG TAT GAC GCC CGT GAA GCT ATT ATC CCT GGA TCA GTA TAT GAC CGT AGC AGC CAA AGC CGG CCC TCC AAC ATG TAT TTC CAG ACC CAC GAT CAG ATC GGG ATG ATC AGT GCC GGG CCG AGT CAC GTC ACT GCC ATG AAC ATC CCC ATC CCA TTC AAC TTG GTG ATG CCT CCC ATG CCG CCA CCA GGG TAT TTT GGA CAG GCC AAC GGG CCA GCT GCT GGA CGT GGG AAC TTG AAA GGC AAG ACT GGC CGT GGC GGG CGC CAG AAG AAC CGT TTT GGG ATG CCA GGG GCT AGC CAG GCG AAC CTA CCC AAT AGC CAG GCC AGC CAG GAT GTG GTC TCC CAA CCG TTC TCT CAG GGC CCA CTG ACT CAG GGC TAC ATC TCC ATG AGC CAA CCA TCG CAG ATG AGC CAG CCA GGC CTG TCC CAG CCA GAA CTG TCG CAG GAT AGT TAT CTT GGT GAC GAG TTT AAA TCT CAG ATC GAC GTG GCC CTG TCG CAG GAT TCG ACC TAC CAG GGG GAG CGC GCG TAT CAA CAT GGA GTG ACG GGA CTG TCA CAG TAT 



Printing out site pattern counts


         2        405  P

SEQ1                            AAA AAA AAC AAC AAG AAT AAT ACA ACA ACA ACA ACC ACC ACC ACG ACG ACT ACT ACT AGA AGC AGC AGG AGG AGT AGT AGT ATA ATC ATC ATG ATG ATT ATT ATT CAA CAA CAC CAG CAG CAT CAT CCA CCA CCA CCA CCC CCC CCG CCG CCG CCG CCT CCT CCT CGA CGC CGC CGC CGG CGG CGT CGT CTA CTA CTC CTC CTC CTC CTG CTG CTG CTT CTT GAA GAA GAC GAC GAG GAG GAT GAT GCA GCA GCC GCC GCC GCG GCG GCT GCT GCT GGA GGA GGC GGC GGC GGG GGT GGT GTA GTC GTC GTC GTG GTG GTT GTT GTT TAC TAT TAT TCA TCA TCC TCC TCC TCG TCG TCT TCT TCT TCT TGC TGC TGG TGT TGT TTA TTA TTC TTG TTG TTT TTT 
SEQ2                            ... ..G ... ..T ... ..C ... ... ..G ..T G.. ... ..T G.. ..A ... ..C ..G ... ... ... G.. ..A ... .A. ..C ... ... ... ..T ..A ... ..C ... G.C ... ..G ... ..A ... ..C ... .A. ... ..C ..G ... ..T ..A ... ..T G.. ..C ..G ... ..T ... ..G ..T ..A ... ..C ... ... ..G .C. ..A ... ..T ..C ... T.. ..C ... ... ..G ... ..T ..A ... ..C ... ... ..G ... ..G ..T ..C ... ..C ..G ... ... ..G A.. ... ..T ... ..C ... ... ... ..G ..T ..A ... ..C ..G ... ... ..C ... ... ..G G.. ... ..T ..A ... A.. ..C ..G ... ... ..T ... ..C ... ... ..G ... C.. ... ..C ... 

   17    1   29    2   43    2   13    6    2    1    1   18    2    1    1
    8    4    1   12    7   21    1    1    9    1    4    9    3   29    4
    1   24    3   14    2   13    3    9    6   58    3   10    1   18    1
    1   15    3    1    7    1    2    1    3   18    1    9    1    1    1
    9    2    9    1    3    1    1   21    1    1   39    2    4   10   18
    4   30    2    2   38    7   19   15    8   23    1    2    1    3    1
    1   18   18    3    2   30    2   25    3    6    3   20    1    1    1
   38    1    1    7   19    5   14    4    2    1   16    1    1    4    1
    3    1   12    7    3   10    2   11    1    2   23    4   15    2   12


YN00 paml/jobs/LOCW_00021289__LOC_00019264/LOCW_00021289__LOC_00019264.phy

ns =   2	ls =1119

Codon position x base (3x4) table for each sequence.

SEQ1                
position  1:    T:0.15728    C:0.26005    A:0.26542    G:0.31725
position  2:    T:0.26452    C:0.22163    A:0.32797    G:0.18588
position  3:    T:0.22520    C:0.31546    A:0.14120    G:0.31814

SEQ2                
position  1:    T:0.15371    C:0.26005    A:0.26363    G:0.32261
position  2:    T:0.26363    C:0.22163    A:0.32976    G:0.18499
position  3:    T:0.19929    C:0.33691    A:0.12690    G:0.33691

Average
position  1:    T:0.15550    C:0.26005    A:0.26452    G:0.31993
position  2:    T:0.26408    C:0.22163    A:0.32887    G:0.18543
position  3:    T:0.21224    C:0.32618    A:0.13405    G:0.32752

Codon usage for each species
----------------------------------------------------------------------
Phe TTT  14  12 | Ser TCT  17  13 | Tyr TAT  19  14 | Cys TGT  13  14
    TTC  23  25 |     TCC  18  19 |     TAC  19  24 |     TGC  10   9
Leu TTA   3   1 |     TCA   6   5 | *** TAA   0   0 | *** TGA   0   0
    TTG  19  19 |     TCG   5   7 |     TAG   0   0 | Trp TGG  10  10
----------------------------------------------------------------------
Leu CTT  14  11 | Pro CCT  22  22 | His CAT  13  10 | Arg CGT  11  11
    CTC  24  26 |     CCC  18  18 |     CAC   9  12 |     CGC  11  11
    CTA   4   2 |     CCA  21  19 | Gln CAA  16  20 |     CGA   1   1
    CTG  42  46 |     CCG  11  11 |     CAG  64  61 |     CGG  10  10
----------------------------------------------------------------------
Ile ATT  19  18 | Thr ACT  17  16 | Asn AAT  15  16 | Ser AGT  14   9
    ATC  33  32 |     ACC  21  22 |     AAC  31  31 |     AGC  22  27
    ATA   3   4 |     ACA  10   7 | Lys AAA  18  17 | Arg AGA   7   8
Met ATG  25  24 |     ACG   9  11 |     AAG  43  44 |     AGG  10   9
----------------------------------------------------------------------
Val GTT   9   8 | Ala GCT  20  20 | Asp GAT  26  21 | Gly GGT   9   8
    GTC  22  23 |     GCC  26  27 |     GAC  32  37 |     GGC  34  34
    GTA   3   4 |     GCA  23  16 | Glu GAA  22  20 |     GGA  21  18
    GTG  39  40 |     GCG   4  15 |     GAG  40  42 |     GGG  25  28
----------------------------------------------------------------------


Sums
------------------------------------------------------
Phe TTT  26 | Ser TCT  30 | Tyr TAT  33 | Cys TGT  27
    TTC  48 |     TCC  37 |     TAC  43 |     TGC  19
Leu TTA   4 |     TCA  11 | *** TAA   0 | *** TGA   0
    TTG  38 |     TCG  12 |     TAG   0 | Trp TGG  20
------------------------------------------------------
Leu CTT  25 | Pro CCT  44 | His CAT  23 | Arg CGT  22
    CTC  50 |     CCC  36 |     CAC  21 |     CGC  22
    CTA   6 |     CCA  40 | Gln CAA  36 |     CGA   2
    CTG  88 |     CCG  22 |     CAG 125 |     CGG  20
------------------------------------------------------
Ile ATT  37 | Thr ACT  33 | Asn AAT  31 | Ser AGT  23
    ATC  65 |     ACC  43 |     AAC  62 |     AGC  49
    ATA   7 |     ACA  17 | Lys AAA  35 | Arg AGA  15
Met ATG  49 |     ACG  20 |     AAG  87 |     AGG  19
------------------------------------------------------
Val GTT  17 | Ala GCT  40 | Asp GAT  47 | Gly GGT  17
    GTC  45 |     GCC  53 |     GAC  69 |     GGC  68
    GTA   7 |     GCA  39 | Glu GAA  42 |     GGA  39
    GTG  79 |     GCG  19 |     GAG  82 |     GGG  53
------------------------------------------------------



(A) Nei-Gojobori (1986) method



Nei & Gojobori 1986. dN/dS (dN, dS)
(Note: This matrix is not used in later ML. analysis.
Use runmode = -2 for ML pairwise comparison.)

SEQ1                
SEQ2                 0.0295 (0.0059 0.1992)


(B) Yang & Nielsen (2000) method

Yang Z, Nielsen R (2000) Estimating synonymous and nonsynonymous substitution rates under realistic evolutionary models. Mol. Biol. Evol. 17:32-43

(equal weighting of pathways)

seq. seq.     S       N        t   kappa   omega     dN +- SE    dS +- SE

   2    1   897.5  2459.5   0.1591  4.3078  0.0337 0.0061 +- 0.0016  0.1816 +- 0.0168


(C) LWL85, LPB93 & LWLm methods

Li W.-H., C.-I. Wu, Luo (1985) A new method for estimating synonymous and nonsynonymous rates of nucleotide substitutions considering the relative likelihood of nucleotide and codon changes. Mol. Biol. Evol. 2: 150-174.
Li W-H (1993) Unbiased estimation of the rates of synonymous and nonsynonymous substitution. J. Mol. Evol. 36:96-99
Pamilo P, Bianchi NO (1993) Evolution of the Zfx and Zfy genes - rates and interdependence between the genes. Mol. Biol. Evol. 10:271-281
Yang Z (2006) Computational Molecular Evolution. Oxford University Press, Oxford. Eqs. 2.12 & 2.13

2 (SEQ2) vs. 1 (SEQ1)

L(i):     2176.5     652.5     528.0  sum=   3357.0
Ns(i):    9.5000   65.5000   57.0000  sum= 132.0000
Nv(i):    5.0000    0.0000   17.0000  sum=  22.0000
A(i):     0.0044    0.1121    0.1259
B(i):     0.0023   -0.0000    0.0333
LWL85:  dS =  0.2108 dN =  0.0056 w = 0.0265 S =  745.5 N = 2611.5
LWL85m: dS =  0.1505 dN =  0.0063 w = 0.0419 S = 1044.1 N = 2312.9 (rho = 0.791)
LPB93:  dS =  0.1515 dN =  0.0062 w = 0.0407

