IQ-TREE multicore version 2.3.5 for Linux x86 64-bit built Jun 27 2024
Developed by Bui Quang Minh, Nguyen Lam Tung, Olga Chernomor, Heiko Schmidt,
Dominik Schrempf, Michael Woodhams, Ly Trong Nhan, Thomas Wong

Host:    cn4328 (AVX2, FMA3, 503 GB RAM)
Command: iqtree2 -s align/all_species/clean_fastas/LOC_00019114.fasta -B 10000 -o Podarcis --prefix make_trees/all_species/LOC_00019114 -T 1
Seed:    299809 (Using SPRNG - Scalable Parallel Random Number Generator)
Time:    Tue Aug  4 14:38:01 2026
Kernel:  AVX+FMA - 1 threads (2 CPU cores detected)

HINT: Use -nt option to specify number of threads because your CPU has 2 cores!
HINT: -nt AUTO will automatically determine the best number of threads to use.

Reading alignment file align/all_species/clean_fastas/LOC_00019114.fasta ... Fasta format detected
Reading fasta file: done in 0.00033136 secs using 51.91% CPU
Alignment most likely contains DNA/RNA sequences
Alignment has 12 sequences with 1755 columns, 570 distinct patterns
402 parsimony-informative, 287 singleton sites, 1066 constant sites
             Gap/Ambiguity  Composition  p-value
Analyzing sequences: done in 2.4746e-05 secs using 96.99% CPU
   1  Candoia        7.35%    passed     10.50%
   2  Thamnophis     9.40%    passed      6.85%
   3  Podarcis       6.67%    passed     45.06%
   4  Anolis         6.50%    passed     26.58%
   5  Furcifer       3.76%    failed      0.56%
   6  Heloderma_Z    6.15%    passed     75.36%
   7  Heloderma_W    6.15%    passed     52.35%
   8  Elgaria        6.50%    passed     98.68%
   9  Anniella       5.98%    passed     98.58%
  10  Shinisaurus    5.98%    passed     79.02%
  11  Varanus_Z      6.15%    passed     47.56%
  12  Varanus_W      7.86%    passed     99.79%
****  TOTAL          6.54%  1 sequences failed composition chi2 test (p-value<5%; df=3)


Create initial parsimony tree by phylogenetic likelihood library (PLL)... 0.001 seconds
Perform fast likelihood tree search using GTR+I+G model...
Estimate model parameters (epsilon = 5.000)
Perform nearest neighbor interchange...
Estimate model parameters (epsilon = 1.000)
1. Initial log-likelihood: -8404.546
Optimal log-likelihood: -8404.476
Rate parameters:  A-C: 1.03362  A-G: 2.86413  A-T: 0.54300  C-G: 1.74403  C-T: 5.72453  G-T: 1.00000
Base frequencies:  A: 0.232  C: 0.298  G: 0.312  T: 0.159
Proportion of invariable sites: 0.296
Gamma shape alpha: 0.796
Parameters optimization took 1 rounds (0.008 sec)
Time for fast ML tree search: 0.046 seconds

NOTE: ModelFinder requires 24 MB RAM!
ModelFinder will test up to 484 DNA models (sample size: 1755 epsilon: 0.100) ...
 No. Model         -LnL         df  AIC          AICc         BIC
  1  GTR+F         8724.231     29  17506.462    17507.470    17665.098
  2  GTR+F+I       8430.189     30  16920.378    16921.457    17084.485
  3  GTR+F+G4      8405.264     30  16870.527    16871.606    17034.634
  4  GTR+F+I+G4    8404.468     31  16870.935    16872.086    17040.512
  5  GTR+F+R2      8407.198     31  16876.397    16877.548    17045.974
  6  GTR+F+R3      8404.685     33  16875.370    16876.674    17055.888
 14  GTR+F+I+R2    8406.014     32  16876.029    16877.255    17051.076
 15  GTR+F+I+R3    8404.481     34  16876.963    16878.347    17062.951
 25  SYM+G4        8495.712     27  17045.424    17046.300    17193.121
 26  SYM+I+G4      8496.014     28  17048.029    17048.970    17201.195
 47  TVM+F+G4      8427.055     29  16912.111    16913.119    17070.747
 48  TVM+F+I+G4    8426.214     30  16912.428    16913.507    17076.534
 69  TVMe+G4       8499.150     26  17050.299    17051.112    17192.525
 70  TVMe+I+G4     8499.186     27  17052.373    17053.248    17200.069
 91  TIM3+F+G4     8416.201     28  16888.402    16889.343    17041.569
 92  TIM3+F+I+G4   8415.508     29  16889.017    16890.025    17047.653
113  TIM3e+G4      8523.382     25  17096.764    17097.516    17233.519
114  TIM3e+I+G4    8523.796     26  17099.592    17100.405    17241.818
135  TIM2+F+G4     8413.945     28  16883.891    16884.832    17037.057
136  TIM2+F+I+G4   8412.601     29  16883.202    16884.210    17041.838
157  TIM2e+G4      8547.309     25  17144.618    17145.370    17281.373
158  TIM2e+I+G4    8546.871     26  17145.743    17146.555    17287.969
179  TIM+F+G4      8419.101     28  16894.202    16895.143    17047.368
180  TIM+F+I+G4    8417.896     29  16893.793    16894.801    17052.429
201  TIMe+G4       8554.879     25  17159.759    17160.510    17296.514
202  TIMe+I+G4     8554.591     26  17161.183    17161.995    17303.408
223  TPM3u+F+G4    8437.442     27  16928.884    16929.760    17076.580
224  TPM3u+F+I+G4  8436.627     28  16929.255    16930.196    17082.421
245  TPM3+G4       8527.076     24  17102.153    17102.846    17233.438
246  TPM3+I+G4     8527.213     25  17104.425    17105.177    17241.181
267  TPM2u+F+G4    8436.426     27  16926.852    16927.727    17074.548
268  TPM2u+F+I+G4  8435.288     28  16926.576    16927.517    17079.742
289  TPM2+G4       8549.466     24  17146.932    17147.626    17278.217
290  TPM2+I+G4     8548.901     25  17147.801    17148.553    17284.557
311  K3Pu+F+G4     8441.301     27  16936.603    16937.478    17084.299
312  K3Pu+F+I+G4   8440.160     28  16936.320    16937.261    17089.486
333  K3P+G4        8557.359     24  17162.717    17163.411    17294.003
334  K3P+I+G4      8556.904     25  17163.808    17164.560    17300.564
355  TN+F+G4       8424.349     27  16902.697    16903.573    17050.393
356  TN+F+I+G4     8423.173     28  16902.346    16903.287    17055.513
377  TNe+G4        8571.627     24  17191.255    17191.949    17322.540
378  TNe+I+G4      8571.420     25  17192.841    17193.593    17329.596
399  HKY+F+G4      8446.239     26  16944.478    16945.290    17086.704
400  HKY+F+I+G4    8445.181     27  16944.362    16945.237    17092.058
421  K2P+G4        8574.016     23  17194.032    17194.669    17319.847
422  K2P+I+G4      8573.657     24  17195.313    17196.007    17326.599
443  F81+F+G4      8610.836     25  17271.672    17272.424    17408.428
444  F81+F+I+G4    8610.599     26  17273.199    17274.011    17415.425
465  JC+G4         8699.298     22  17442.595    17443.179    17562.940
466  JC+I+G4       8699.210     23  17444.421    17445.059    17570.236
Akaike Information Criterion:           GTR+F+G4
Corrected Akaike Information Criterion: GTR+F+G4
Bayesian Information Criterion:         GTR+F+G4
Best-fit model: GTR+F+G4 chosen according to BIC

All model information printed to make_trees/all_species/LOC_00019114.model.gz
CPU time for ModelFinder: 0.967 seconds (0h:0m:0s)
Wall-clock time for ModelFinder: 1.008 seconds (0h:0m:1s)
Generating 10000 samples for ultrafast bootstrap (seed: 299809)...

NOTE: 22 MB RAM (0 GB) is required!
Estimate model parameters (epsilon = 0.100)
1. Initial log-likelihood: -8612.208
2. Current log-likelihood: -8407.055
3. Current log-likelihood: -8405.300
Optimal log-likelihood: -8405.276
Rate parameters:  A-C: 1.04032  A-G: 2.86585  A-T: 0.55334  C-G: 1.74725  C-T: 5.67379  G-T: 1.00000
Base frequencies:  A: 0.232  C: 0.298  G: 0.312  T: 0.159
Gamma shape alpha: 0.365
Parameters optimization took 3 rounds (0.033 sec)
Wrote distance file to... 
Computing ML distances based on estimated model parameters...
Calculating distance matrix: done in 0.000548596 secs using 98.98% CPU
Computing ML distances took 0.000598 sec (of wall-clock time) 0.000592 sec (of CPU time)
Setting up auxiliary I and S matrices: done in 1.7894e-05 secs
Computing RapidNJ tree took 0.000061 sec (of wall-clock time) 0.000000 sec (of CPU time)
Log-likelihood of RapidNJ tree: -8429.260
--------------------------------------------------------------------
|             INITIALIZING CANDIDATE TREE SET                      |
--------------------------------------------------------------------
Generating 98 parsimony trees... 0.061 second
Computing log-likelihood of 92 initial trees ... 0.099 seconds
Current best score: -8405.276

Do NNI search on 20 best initial trees
Estimate model parameters (epsilon = 0.100)
BETTER TREE FOUND at iteration 1: -8405.274
Iteration 10 / LogL: -8405.285 / Time: 0h:0m:1s
Iteration 20 / LogL: -8405.445 / Time: 0h:0m:2s
Finish initializing candidate tree set (1)
Current best tree score: -8405.274 / CPU time: 1.093
Number of iterations: 20
--------------------------------------------------------------------
|               OPTIMIZING CANDIDATE TREE SET                      |
--------------------------------------------------------------------
Iteration 30 / LogL: -8405.364 / Time: 0h:0m:2s (0h:0m:4s left)
Iteration 40 / LogL: -8406.397 / Time: 0h:0m:3s (0h:0m:3s left)
Iteration 50 / LogL: -8405.401 / Time: 0h:0m:3s (0h:0m:3s left)
Log-likelihood cutoff on original alignment: -8441.409
Iteration 60 / LogL: -8422.405 / Time: 0h:0m:4s (0h:0m:2s left)
Iteration 70 / LogL: -8422.970 / Time: 0h:0m:5s (0h:0m:1s left)
Iteration 80 / LogL: -8405.294 / Time: 0h:0m:5s (0h:0m:1s left)
Iteration 90 / LogL: -8405.327 / Time: 0h:0m:6s (0h:0m:0s left)
Iteration 100 / LogL: -8405.311 / Time: 0h:0m:6s (0h:0m:0s left)
Log-likelihood cutoff on original alignment: -8441.409
NOTE: Bootstrap correlation coefficient of split occurrence frequencies: 1.000
TREE SEARCH COMPLETED AFTER 102 ITERATIONS / Time: 0h:0m:7s

--------------------------------------------------------------------
|                    FINALIZING TREE SEARCH                        |
--------------------------------------------------------------------
Performs final model parameters optimization
Estimate model parameters (epsilon = 0.010)
1. Initial log-likelihood: -8405.274
Optimal log-likelihood: -8405.272
Rate parameters:  A-C: 1.04363  A-G: 2.87492  A-T: 0.55550  C-G: 1.75259  C-T: 5.69455  G-T: 1.00000
Base frequencies:  A: 0.232  C: 0.298  G: 0.312  T: 0.159
Gamma shape alpha: 0.365
Parameters optimization took 1 rounds (0.004 sec)
BEST SCORE FOUND : -8405.272
Creating bootstrap support values...
Split supports printed to NEXUS file make_trees/all_species/LOC_00019114.splits.nex
Total tree length: 1.135

Total number of iterations: 102
CPU time used for tree search: 5.830 sec (0h:0m:5s)
Wall-clock time used for tree search: 5.918 sec (0h:0m:5s)
Total CPU time used: 7.346 sec (0h:0m:7s)
Total wall-clock time used: 7.508 sec (0h:0m:7s)

Computing bootstrap consensus tree...
Reading input file make_trees/all_species/LOC_00019114.splits.nex...
12 taxa and 59 splits.
Consensus tree written to make_trees/all_species/LOC_00019114.contree
Reading input trees file make_trees/all_species/LOC_00019114.contree
Log-likelihood of consensus tree: -8405.272

Analysis results written to: 
  IQ-TREE report:                make_trees/all_species/LOC_00019114.iqtree
  Maximum-likelihood tree:       make_trees/all_species/LOC_00019114.treefile
  Likelihood distances:          make_trees/all_species/LOC_00019114.mldist

Ultrafast bootstrap approximation results written to:
  Split support values:          make_trees/all_species/LOC_00019114.splits.nex
  Consensus tree:                make_trees/all_species/LOC_00019114.contree
  Screen log file:               make_trees/all_species/LOC_00019114.log

Date and Time: Tue Aug  4 14:38:08 2026
