IQ-TREE multicore version 2.3.5 for Linux x86 64-bit built Jun 27 2024
Developed by Bui Quang Minh, Nguyen Lam Tung, Olga Chernomor, Heiko Schmidt,
Dominik Schrempf, Michael Woodhams, Ly Trong Nhan, Thomas Wong

Host:    cn0058 (AVX512, FMA3, 755 GB RAM)
Command: iqtree2 -s align/all_species/clean_fastas/LOC_00019285.fasta -B 10000 -o Podarcis --prefix make_trees/all_species/LOC_00019285 -T 1
Seed:    301274 (Using SPRNG - Scalable Parallel Random Number Generator)
Time:    Tue Aug  4 14:38:01 2026
Kernel:  AVX+FMA - 1 threads (2 CPU cores detected)

HINT: Use -nt option to specify number of threads because your CPU has 2 cores!
HINT: -nt AUTO will automatically determine the best number of threads to use.

Reading alignment file align/all_species/clean_fastas/LOC_00019285.fasta ... Fasta format detected
Reading fasta file: done in 0.000163444 secs using 99.73% CPU
Alignment most likely contains DNA/RNA sequences
Alignment has 12 sequences with 1455 columns, 277 distinct patterns
187 parsimony-informative, 165 singleton sites, 1103 constant sites
             Gap/Ambiguity  Composition  p-value
Analyzing sequences: done in 8.04197e-06 secs using 99.48% CPU
   1  Furcifer      16.49%    passed     61.90%
   2  Anniella      16.29%    passed     92.35%
   3  Elgaria       16.08%    passed     77.18%
   4  Shinisaurus   16.08%    passed     98.17%
   5  Heloderma_Z   16.08%    passed     96.01%
   6  Heloderma_W    4.74%    passed     40.72%
   7  Varanus_Z     16.08%    passed     94.21%
   8  Varanus_W     15.67%    passed     46.15%
   9  Candoia       16.08%    passed     98.88%
  10  Thamnophis    16.08%    passed     40.82%
  11  Podarcis      14.85%    passed     99.41%
  12  Anolis        12.78%    failed      1.43%
****  TOTAL         14.78%  1 sequences failed composition chi2 test (p-value<5%; df=3)


Create initial parsimony tree by phylogenetic likelihood library (PLL)... 0.000 seconds
Perform fast likelihood tree search using GTR+I+G model...
Estimate model parameters (epsilon = 5.000)
Perform nearest neighbor interchange...
Estimate model parameters (epsilon = 1.000)
1. Initial log-likelihood: -5106.677
Optimal log-likelihood: -5106.556
Rate parameters:  A-C: 1.11076  A-G: 5.50415  A-T: 1.04624  C-G: 0.89247  C-T: 7.10659  G-T: 1.00000
Base frequencies:  A: 0.243  C: 0.299  G: 0.265  T: 0.192
Proportion of invariable sites: 0.372
Gamma shape alpha: 0.513
Parameters optimization took 1 rounds (0.004 sec)
Time for fast ML tree search: 0.024 seconds

NOTE: ModelFinder requires 11 MB RAM!
ModelFinder will test up to 484 DNA models (sample size: 1455 epsilon: 0.100) ...
 No. Model         -LnL         df  AIC          AICc         BIC
  1  GTR+F         5335.434     29  10728.869    10730.090    10882.069
  2  GTR+F+I       5119.550     30  10299.099    10300.405    10457.582
  3  GTR+F+G4      5108.845     30  10277.690    10278.996    10436.173
  4  GTR+F+I+G4    5106.556     31  10275.112    10276.506    10438.877
  5  GTR+F+R2      5107.051     31  10276.102    10277.496    10439.868
  6  GTR+F+R3      5106.477     33  10278.955    10280.534    10453.286
 14  GTR+F+I+R2    5106.769     32  10277.538    10279.023    10446.586
 15  GTR+F+I+R3    5106.481     34  10280.962    10282.638    10460.576
 25  SYM+G4        5131.998     27  10317.995    10319.055    10460.630
 26  SYM+I+G4      5129.096     28  10314.193    10315.331    10462.110
 27  SYM+R2        5129.997     28  10315.995    10317.134    10463.912
 47  TVM+F+G4      5110.688     29  10279.376    10280.597    10432.576
 48  TVM+F+I+G4    5108.361     30  10276.721    10278.027    10435.204
 49  TVM+F+R2      5108.972     30  10277.943    10279.249    10436.426
 69  TVMe+G4       5132.639     26  10317.278    10318.262    10454.630
 70  TVMe+I+G4     5129.748     27  10313.495    10314.555    10456.130
 71  TVMe+R2       5130.697     27  10315.395    10316.455    10458.029
 91  TIM3+F+G4     5109.340     28  10274.681    10275.820    10422.598
 92  TIM3+F+I+G4   5106.940     29  10271.879    10273.100    10425.079
 93  TIM3+F+R2     5107.348     29  10272.695    10273.916    10425.895
113  TIM3e+G4      5132.187     25  10314.374    10315.284    10446.443
114  TIM3e+I+G4    5129.216     26  10310.431    10311.414    10447.783
115  TIM3e+R2      5130.073     26  10312.145    10313.128    10449.497
135  TIM2+F+G4     5108.964     28  10273.929    10275.067    10421.846
136  TIM2+F+I+G4   5106.645     29  10271.289    10272.510    10424.489
137  TIM2+F+R2     5107.060     29  10272.120    10273.341    10425.321
157  TIM2e+G4      5133.973     25  10317.945    10318.855    10450.014
158  TIM2e+I+G4    5131.270     26  10314.539    10315.523    10451.891
159  TIM2e+R2      5131.982     26  10315.965    10316.948    10453.317
179  TIM+F+G4      5109.152     28  10274.304    10275.443    10422.222
180  TIM+F+I+G4    5106.785     29  10271.570    10272.791    10424.770
181  TIM+F+R2      5107.216     29  10272.432    10273.653    10425.632
201  TIMe+G4       5133.973     25  10317.947    10318.857    10450.016
202  TIMe+I+G4     5131.254     26  10314.507    10315.491    10451.859
203  TIMe+R2       5131.971     26  10315.943    10316.926    10453.295
223  TPM3u+F+G4    5111.184     27  10276.368    10277.427    10419.002
224  TPM3u+F+I+G4  5108.735     28  10273.471    10274.610    10421.388
225  TPM3u+F+R2    5109.341     28  10274.682    10275.821    10422.600
245  TPM3+G4       5132.831     24  10313.663    10314.502    10440.449
246  TPM3+I+G4     5129.871     25  10309.742    10310.652    10441.811
247  TPM3+R2       5130.799     25  10311.597    10312.507    10443.666
267  TPM2u+F+G4    5110.811     27  10275.622    10276.681    10418.256
268  TPM2u+F+I+G4  5108.444     28  10272.888    10274.027    10420.806
269  TPM2u+F+R2    5109.070     28  10274.141    10275.280    10422.058
289  TPM2+G4       5134.584     24  10317.168    10318.007    10443.954
290  TPM2+I+G4     5131.882     25  10313.764    10314.674    10445.833
291  TPM2+R2       5132.685     25  10315.370    10316.279    10447.439
311  K3Pu+F+G4     5110.979     27  10275.959    10277.018    10418.593
312  K3Pu+F+I+G4   5108.572     28  10273.143    10274.282    10421.061
313  K3Pu+F+R2     5109.193     28  10274.387    10275.526    10422.304
333  K3P+G4        5134.564     24  10317.128    10317.967    10443.915
334  K3P+I+G4      5131.855     25  10313.710    10314.620    10445.779
335  K3P+R2        5132.658     25  10315.317    10316.227    10447.386
355  TN+F+G4       5109.359     27  10272.717    10273.777    10415.352
356  TN+F+I+G4     5106.946     28  10269.892    10271.031    10417.809
357  TN+F+R2       5107.364     28  10270.727    10271.866    10418.644
377  TNe+G4        5134.068     24  10316.136    10316.975    10442.922
378  TNe+I+G4      5131.317     25  10312.634    10313.544    10444.703
379  TNe+R2        5132.029     25  10314.058    10314.968    10446.127
399  HKY+F+G4      5111.192     26  10274.384    10275.367    10411.735
400  HKY+F+I+G4    5108.737     27  10271.473    10272.533    10414.108
401  HKY+F+R2      5109.348     27  10272.696    10273.755    10415.330
421  K2P+G4        5134.669     23  10315.339    10316.110    10436.842
422  K2P+I+G4      5131.927     24  10311.854    10312.693    10438.640
423  K2P+R2        5132.725     24  10313.450    10314.289    10440.236
443  F81+F+G4      5319.431     25  10688.861    10689.771    10820.930
444  F81+F+I+G4    5318.075     26  10688.150    10689.133    10825.502
445  F81+F+R2      5318.191     26  10688.381    10689.364    10825.733
465  JC+G4         5336.990     22  10717.980    10718.687    10834.201
466  JC+I+G4       5335.580     23  10717.160    10717.931    10838.663
467  JC+R2         5335.833     23  10717.666    10718.437    10839.169
Akaike Information Criterion:           TN+F+I+G4
Corrected Akaike Information Criterion: TN+F+I+G4
Bayesian Information Criterion:         HKY+F+G4
Best-fit model: HKY+F+G4 chosen according to BIC

All model information printed to make_trees/all_species/LOC_00019285.model.gz
CPU time for ModelFinder: 0.418 seconds (0h:0m:0s)
Wall-clock time for ModelFinder: 0.445 seconds (0h:0m:0s)
Generating 10000 samples for ultrafast bootstrap (seed: 301274)...

NOTE: 11 MB RAM (0 GB) is required!
Estimate model parameters (epsilon = 0.100)
1. Initial log-likelihood: -5319.549
2. Current log-likelihood: -5200.193
3. Current log-likelihood: -5161.710
4. Current log-likelihood: -5116.043
5. Current log-likelihood: -5111.228
Optimal log-likelihood: -5111.192
Rate parameters:  A-C: 1.00000  A-G: 6.09005  A-T: 1.00000  C-G: 1.00000  C-T: 6.09005  G-T: 1.00000
Base frequencies:  A: 0.243  C: 0.299  G: 0.265  T: 0.192
Gamma shape alpha: 0.213
Parameters optimization took 5 rounds (0.014 sec)
Wrote distance file to... 
Computing ML distances based on estimated model parameters...
Calculating distance matrix: done in 0.000507367 secs using 99.14% CPU
Computing ML distances took 0.000537 sec (of wall-clock time) 0.000534 sec (of CPU time)
Setting up auxiliary I and S matrices: done in 1.8046e-05 secs using 94.2% CPU
Computing RapidNJ tree took 0.000060 sec (of wall-clock time) 0.000059 sec (of CPU time)
Log-likelihood of RapidNJ tree: -5111.192
--------------------------------------------------------------------
|             INITIALIZING CANDIDATE TREE SET                      |
--------------------------------------------------------------------
Generating 99 parsimony trees... 0.036 second
Computing log-likelihood of 95 initial trees ... 0.052 seconds
Current best score: -5111.192

Do NNI search on 20 best initial trees
Estimate model parameters (epsilon = 0.100)
BETTER TREE FOUND at iteration 1: -5111.192
Iteration 10 / LogL: -5111.201 / Time: 0h:0m:0s
Iteration 20 / LogL: -5111.214 / Time: 0h:0m:1s
Finish initializing candidate tree set (2)
Current best tree score: -5111.192 / CPU time: 0.416
Number of iterations: 20
--------------------------------------------------------------------
|               OPTIMIZING CANDIDATE TREE SET                      |
--------------------------------------------------------------------
Iteration 30 / LogL: -5111.716 / Time: 0h:0m:1s (0h:0m:2s left)
Iteration 40 / LogL: -5111.212 / Time: 0h:0m:1s (0h:0m:2s left)
Iteration 50 / LogL: -5111.193 / Time: 0h:0m:2s (0h:0m:1s left)
Log-likelihood cutoff on original alignment: -5142.067
Iteration 60 / LogL: -5112.745 / Time: 0h:0m:2s (0h:0m:1s left)
Iteration 70 / LogL: -5111.383 / Time: 0h:0m:2s (0h:0m:1s left)
Iteration 80 / LogL: -5111.197 / Time: 0h:0m:3s (0h:0m:0s left)
Iteration 90 / LogL: -5111.210 / Time: 0h:0m:3s (0h:0m:0s left)
Iteration 100 / LogL: -5111.360 / Time: 0h:0m:3s (0h:0m:0s left)
Log-likelihood cutoff on original alignment: -5142.328
NOTE: Bootstrap correlation coefficient of split occurrence frequencies: 1.000
TREE SEARCH COMPLETED AFTER 102 ITERATIONS / Time: 0h:0m:3s

--------------------------------------------------------------------
|                    FINALIZING TREE SEARCH                        |
--------------------------------------------------------------------
Performs final model parameters optimization
Estimate model parameters (epsilon = 0.010)
1. Initial log-likelihood: -5111.192
Optimal log-likelihood: -5111.192
Rate parameters:  A-C: 1.00000  A-G: 6.08379  A-T: 1.00000  C-G: 1.00000  C-T: 6.08379  G-T: 1.00000
Base frequencies:  A: 0.243  C: 0.299  G: 0.265  T: 0.192
Gamma shape alpha: 0.213
Parameters optimization took 1 rounds (0.001 sec)
BEST SCORE FOUND : -5111.192
Creating bootstrap support values...
Split supports printed to NEXUS file make_trees/all_species/LOC_00019285.splits.nex
Total tree length: 0.718

Total number of iterations: 102
CPU time used for tree search: 3.085 sec (0h:0m:3s)
Wall-clock time used for tree search: 3.137 sec (0h:0m:3s)
Total CPU time used: 3.920 sec (0h:0m:3s)
Total wall-clock time used: 4.023 sec (0h:0m:4s)

Computing bootstrap consensus tree...
Reading input file make_trees/all_species/LOC_00019285.splits.nex...
12 taxa and 99 splits.
Consensus tree written to make_trees/all_species/LOC_00019285.contree
Reading input trees file make_trees/all_species/LOC_00019285.contree
Log-likelihood of consensus tree: -5111.192

Analysis results written to: 
  IQ-TREE report:                make_trees/all_species/LOC_00019285.iqtree
  Maximum-likelihood tree:       make_trees/all_species/LOC_00019285.treefile
  Likelihood distances:          make_trees/all_species/LOC_00019285.mldist

Ultrafast bootstrap approximation results written to:
  Split support values:          make_trees/all_species/LOC_00019285.splits.nex
  Consensus tree:                make_trees/all_species/LOC_00019285.contree
  Screen log file:               make_trees/all_species/LOC_00019285.log

Date and Time: Tue Aug  4 14:38:05 2026
