IQ-TREE multicore version 2.3.5 for Linux x86 64-bit built Jun 27 2024
Developed by Bui Quang Minh, Nguyen Lam Tung, Olga Chernomor, Heiko Schmidt,
Dominik Schrempf, Michael Woodhams, Ly Trong Nhan, Thomas Wong

Host:    cn0040 (AVX512, FMA3, 755 GB RAM)
Command: iqtree2 -s align/all_species/clean_fastas/LOC_00019083.fasta -B 10000 -o Podarcis --prefix make_trees/all_species/LOC_00019083 -T 1
Seed:    256959 (Using SPRNG - Scalable Parallel Random Number Generator)
Time:    Tue Aug  4 14:38:01 2026
Kernel:  AVX+FMA - 1 threads (2 CPU cores detected)

HINT: Use -nt option to specify number of threads because your CPU has 2 cores!
HINT: -nt AUTO will automatically determine the best number of threads to use.

Reading alignment file align/all_species/clean_fastas/LOC_00019083.fasta ... Fasta format detected
Reading fasta file: done in 0.000935227 secs
Alignment most likely contains DNA/RNA sequences
Alignment has 12 sequences with 3735 columns, 751 distinct patterns
618 parsimony-informative, 527 singleton sites, 2590 constant sites
             Gap/Ambiguity  Composition  p-value
Analyzing sequences: done in 1.5814e-05 secs
   1  Varanus_Z     28.27%    passed     72.32%
   2  Varanus_W     27.79%    passed      6.18%
   3  Heloderma_Z    3.05%    passed     26.42%
   4  Elgaria        2.97%    passed     20.99%
   5  Heloderma_W   26.67%    failed      1.88%
   6  Anniella      28.27%    passed     53.49%
   7  Shinisaurus   28.27%    passed     99.14%
   8  Anolis        28.19%    passed     20.71%
   9  Furcifer      28.59%    passed     47.82%
  10  Candoia       28.27%    passed     49.56%
  11  Thamnophis    28.27%    passed     50.73%
  12  Podarcis      26.27%    passed     66.63%
****  TOTAL         23.74%  1 sequences failed composition chi2 test (p-value<5%; df=3)


Create initial parsimony tree by phylogenetic likelihood library (PLL)... 0.001 seconds
Perform fast likelihood tree search using GTR+I+G model...
Estimate model parameters (epsilon = 5.000)
Perform nearest neighbor interchange...
Estimate model parameters (epsilon = 1.000)
1. Initial log-likelihood: -15293.676
Optimal log-likelihood: -15293.669
Rate parameters:  A-C: 1.28928  A-G: 5.46702  A-T: 0.84142  C-G: 1.49250  C-T: 7.69631  G-T: 1.00000
Base frequencies:  A: 0.239  C: 0.275  G: 0.278  T: 0.207
Proportion of invariable sites: 0.338
Gamma shape alpha: 0.671
Parameters optimization took 1 rounds (0.005 sec)
Time for fast ML tree search: 0.062 seconds

NOTE: ModelFinder requires 31 MB RAM!
ModelFinder will test up to 484 DNA models (sample size: 3735 epsilon: 0.100) ...
 No. Model         -LnL         df  AIC          AICc         BIC
  1  GTR+F         16030.044    29  32118.089    32118.558    32298.628
  2  GTR+F+I       15366.915    30  30793.831    30794.333    30980.596
  3  GTR+F+G4      15298.137    30  30656.274    30656.776    30843.039
  4  GTR+F+I+G4    15293.684    31  30649.368    30649.904    30842.358
  5  GTR+F+R2      15301.160    31  30664.321    30664.857    30857.311
  6  GTR+F+R3      15292.959    33  30651.917    30652.524    30857.359
 14  GTR+F+I+R2    15295.720    32  30655.440    30656.011    30854.657
 15  GTR+F+I+R3    15292.372    34  30652.744    30653.387    30864.411
 25  SYM+G4        15345.314    27  30744.627    30745.035    30912.716
 26  SYM+I+G4      15340.378    28  30736.756    30737.194    30911.070
 47  TVM+F+G4      15309.366    29  30676.733    30677.202    30857.272
 48  TVM+F+I+G4    15304.006    30  30668.012    30668.515    30854.778
 69  TVMe+G4       15350.161    26  30752.322    30752.701    30914.185
 70  TVMe+I+G4     15344.506    27  30743.012    30743.420    30911.100
 91  TIM3+F+G4     15299.267    28  30654.534    30654.972    30828.848
 92  TIM3+F+I+G4   15294.860    29  30647.721    30648.190    30828.260
113  TIM3e+G4      15349.944    25  30749.888    30750.238    30905.525
114  TIM3e+I+G4    15345.169    26  30742.338    30742.717    30904.202
135  TIM2+F+G4     15305.268    28  30666.537    30666.975    30840.851
136  TIM2+F+I+G4   15300.862    29  30659.724    30660.193    30840.263
157  TIM2e+G4      15367.234    25  30784.468    30784.818    30940.105
158  TIM2e+I+G4    15362.359    26  30776.719    30777.097    30938.582
179  TIM+F+G4      15306.035    28  30668.069    30668.508    30842.383
180  TIM+F+I+G4    15301.652    29  30661.305    30661.774    30841.844
201  TIMe+G4       15370.142    25  30790.284    30790.634    30945.921
202  TIMe+I+G4     15365.404    26  30782.808    30783.186    30944.671
223  TPM3u+F+G4    15310.464    27  30674.929    30675.336    30843.017
224  TPM3u+F+I+G4  15305.129    28  30666.258    30666.697    30840.573
245  TPM3+G4       15354.943    24  30757.886    30758.209    30907.298
246  TPM3+I+G4     15349.431    25  30748.861    30749.212    30904.499
267  TPM2u+F+G4    15316.228    27  30686.456    30686.864    30854.544
268  TPM2u+F+I+G4  15311.103    28  30678.206    30678.644    30852.520
289  TPM2+G4       15371.182    24  30790.363    30790.687    30939.775
290  TPM2+I+G4     15365.743    25  30781.485    30781.836    30937.123
311  K3Pu+F+G4     15316.936    27  30687.871    30688.279    30855.960
312  K3Pu+F+I+G4   15311.836    28  30679.672    30680.110    30853.986
333  K3P+G4        15374.174    24  30796.349    30796.672    30945.761
334  K3P+I+G4      15368.874    25  30787.748    30788.099    30943.386
355  TN+F+G4       15306.348    27  30666.697    30667.105    30834.785
356  TN+F+I+G4     15302.008    28  30660.016    30660.455    30834.330
377  TNe+G4        15371.569    24  30791.139    30791.462    30940.551
378  TNe+I+G4      15366.870    25  30783.741    30784.091    30939.379
399  HKY+F+G4      15317.281    26  30686.561    30686.940    30848.424
400  HKY+F+I+G4    15312.223    27  30678.445    30678.853    30846.534
421  K2P+G4        15375.642    23  30797.284    30797.581    30940.470
422  K2P+I+G4      15370.392    24  30788.784    30789.107    30938.196
443  F81+F+G4      15924.255    25  31898.511    31898.861    32054.148
444  F81+F+I+G4    15922.175    26  31896.351    31896.729    32058.214
465  JC+G4         15951.836    22  31947.672    31947.945    32084.633
466  JC+I+G4       15949.338    23  31944.677    31944.974    32087.863
Akaike Information Criterion:           TIM3+F+I+G4
Corrected Akaike Information Criterion: TIM3+F+I+G4
Bayesian Information Criterion:         TIM3+F+I+G4
Best-fit model: TIM3+F+I+G4 chosen according to BIC

All model information printed to make_trees/all_species/LOC_00019083.model.gz
CPU time for ModelFinder: 0.995 seconds (0h:0m:0s)
Wall-clock time for ModelFinder: 1.039 seconds (0h:0m:1s)
Generating 10000 samples for ultrafast bootstrap (seed: 256959)...

NOTE: 30 MB RAM (0 GB) is required!
Estimate model parameters (epsilon = 0.100)
Thoroughly optimizing +I+G parameters from 10 start values...
Init pinv, alpha: 0.000, 0.739 / Estimate: 0.000, 0.294 / LogL: -15299.270
Init pinv, alpha: 0.077, 0.739 / Estimate: 0.077, 0.339 / LogL: -15297.361
Init pinv, alpha: 0.154, 0.739 / Estimate: 0.153, 0.397 / LogL: -15296.006
Init pinv, alpha: 0.231, 0.739 / Estimate: 0.230, 0.479 / LogL: -15295.114
Init pinv, alpha: 0.308, 0.739 / Estimate: 0.305, 0.596 / LogL: -15294.769
Init pinv, alpha: 0.385, 0.739 / Estimate: 0.374, 0.768 / LogL: -15295.225
Init pinv, alpha: 0.462, 0.739 / Estimate: 0.423, 0.961 / LogL: -15296.479
Init pinv, alpha: 0.539, 0.739 / Estimate: 0.423, 0.959 / LogL: -15296.461
Init pinv, alpha: 0.616, 0.739 / Estimate: 0.425, 0.969 / LogL: -15296.543
Init pinv, alpha: 0.693, 0.739 / Estimate: 0.423, 0.960 / LogL: -15296.471
Optimal pinv,alpha: 0.305, 0.596 / LogL: -15294.769

Parameters optimization took 0.770 sec
Wrote distance file to... 
Computing ML distances based on estimated model parameters...
Calculating distance matrix: done in 0.000503567 secs using 97.9% CPU
Computing ML distances took 0.000558 sec (of wall-clock time) 0.000550 sec (of CPU time)
Setting up auxiliary I and S matrices: done in 1.6886e-05 secs using 100.7% CPU
Computing RapidNJ tree took 0.000056 sec (of wall-clock time) 0.000056 sec (of CPU time)
Log-likelihood of RapidNJ tree: -15340.664
--------------------------------------------------------------------
|             INITIALIZING CANDIDATE TREE SET                      |
--------------------------------------------------------------------
Generating 98 parsimony trees... 0.077 second
Computing log-likelihood of 93 initial trees ... 0.113 seconds
Current best score: -15294.769

Do NNI search on 20 best initial trees
Estimate model parameters (epsilon = 0.100)
BETTER TREE FOUND at iteration 1: -15294.767
Iteration 10 / LogL: -15294.964 / Time: 0h:0m:2s
Iteration 20 / LogL: -15295.605 / Time: 0h:0m:3s
Finish initializing candidate tree set (1)
Current best tree score: -15294.767 / CPU time: 1.095
Number of iterations: 20
--------------------------------------------------------------------
|               OPTIMIZING CANDIDATE TREE SET                      |
--------------------------------------------------------------------
Iteration 30 / LogL: -15294.785 / Time: 0h:0m:4s (0h:0m:7s left)
UPDATE BEST LOG-LIKELIHOOD: -15294.767
Iteration 40 / LogL: -15294.846 / Time: 0h:0m:4s (0h:0m:5s left)
Iteration 50 / LogL: -15294.778 / Time: 0h:0m:5s (0h:0m:4s left)
Log-likelihood cutoff on original alignment: -15356.723
Iteration 60 / LogL: -15294.784 / Time: 0h:0m:5s (0h:0m:3s left)
Iteration 70 / LogL: -15294.951 / Time: 0h:0m:6s (0h:0m:2s left)
Iteration 80 / LogL: -15295.070 / Time: 0h:0m:6s (0h:0m:1s left)
Iteration 90 / LogL: -15294.952 / Time: 0h:0m:7s (0h:0m:0s left)
Iteration 100 / LogL: -15294.839 / Time: 0h:0m:7s (0h:0m:0s left)
Log-likelihood cutoff on original alignment: -15357.497
NOTE: Bootstrap correlation coefficient of split occurrence frequencies: 1.000
TREE SEARCH COMPLETED AFTER 102 ITERATIONS / Time: 0h:0m:8s

--------------------------------------------------------------------
|                    FINALIZING TREE SEARCH                        |
--------------------------------------------------------------------
Performs final model parameters optimization
Estimate model parameters (epsilon = 0.010)
1. Initial log-likelihood: -15294.767
Optimal log-likelihood: -15294.767
Rate parameters:  A-C: 1.52326  A-G: 5.92192  A-T: 1.00000  C-G: 1.52326  C-T: 8.39097  G-T: 1.00000
Base frequencies:  A: 0.239  C: 0.275  G: 0.278  T: 0.207
Proportion of invariable sites: 0.305
Gamma shape alpha: 0.597
Parameters optimization took 1 rounds (0.005 sec)
BEST SCORE FOUND : -15294.767
Creating bootstrap support values...
Split supports printed to NEXUS file make_trees/all_species/LOC_00019083.splits.nex
Total tree length: 1.167

Total number of iterations: 102
CPU time used for tree search: 5.593 sec (0h:0m:5s)
Wall-clock time used for tree search: 5.692 sec (0h:0m:5s)
Total CPU time used: 8.112 sec (0h:0m:8s)
Total wall-clock time used: 8.293 sec (0h:0m:8s)

Computing bootstrap consensus tree...
Reading input file make_trees/all_species/LOC_00019083.splits.nex...
12 taxa and 73 splits.
Consensus tree written to make_trees/all_species/LOC_00019083.contree
Reading input trees file make_trees/all_species/LOC_00019083.contree
Log-likelihood of consensus tree: -15294.767

Analysis results written to: 
  IQ-TREE report:                make_trees/all_species/LOC_00019083.iqtree
  Maximum-likelihood tree:       make_trees/all_species/LOC_00019083.treefile
  Likelihood distances:          make_trees/all_species/LOC_00019083.mldist

Ultrafast bootstrap approximation results written to:
  Split support values:          make_trees/all_species/LOC_00019083.splits.nex
  Consensus tree:                make_trees/all_species/LOC_00019083.contree
  Screen log file:               make_trees/all_species/LOC_00019083.log

Date and Time: Tue Aug  4 14:38:09 2026
