IQ-TREE multicore version 2.3.5 for Linux x86 64-bit built Jun 27 2024
Developed by Bui Quang Minh, Nguyen Lam Tung, Olga Chernomor, Heiko Schmidt,
Dominik Schrempf, Michael Woodhams, Ly Trong Nhan, Thomas Wong

Host:    cn4291 (AVX2, FMA3, 503 GB RAM)
Command: iqtree2 -s align/all_species/clean_fastas/LOC_00019207.fasta -B 10000 -o Podarcis --prefix make_trees/all_species/LOC_00019207 -T 1
Seed:    265971 (Using SPRNG - Scalable Parallel Random Number Generator)
Time:    Tue Aug  4 14:38:01 2026
Kernel:  AVX+FMA - 1 threads (2 CPU cores detected)

HINT: Use -nt option to specify number of threads because your CPU has 2 cores!
HINT: -nt AUTO will automatically determine the best number of threads to use.

Reading alignment file align/all_species/clean_fastas/LOC_00019207.fasta ... Fasta format detected
Reading fasta file: done in 0.000335897 secs using 50.02% CPU
Alignment most likely contains DNA/RNA sequences
Alignment has 12 sequences with 1893 columns, 570 distinct patterns
440 parsimony-informative, 312 singleton sites, 1141 constant sites
             Gap/Ambiguity  Composition  p-value
Analyzing sequences: done in 2.176e-05 secs using 101.1% CPU
   1  Anolis         9.51%    passed     73.80%
   2  Furcifer      14.90%    passed     82.68%
   3  Candoia       14.58%    passed     80.28%
   4  Thamnophis     9.03%    passed     19.47%
   5  Anniella      10.46%    passed     81.37%
   6  Elgaria        9.51%    passed     97.84%
   7  Heloderma_Z    8.40%    passed     91.32%
   8  Heloderma_W    9.67%    passed     58.38%
   9  Shinisaurus    8.40%    passed     65.33%
  10  Varanus_Z      9.19%    passed     71.75%
  11  Varanus_W     13.95%    passed     87.76%
  12  Podarcis       9.83%    passed     76.37%
****  TOTAL         10.62%  0 sequences failed composition chi2 test (p-value<5%; df=3)


Create initial parsimony tree by phylogenetic likelihood library (PLL)... 0.001 seconds
Perform fast likelihood tree search using GTR+I+G model...
Estimate model parameters (epsilon = 5.000)
Perform nearest neighbor interchange...
Estimate model parameters (epsilon = 1.000)
1. Initial log-likelihood: -9100.712
Optimal log-likelihood: -9100.564
Rate parameters:  A-C: 1.08957  A-G: 5.31379  A-T: 0.70403  C-G: 1.29880  C-T: 7.05206  G-T: 1.00000
Base frequencies:  A: 0.241  C: 0.283  G: 0.283  T: 0.193
Proportion of invariable sites: 0.285
Gamma shape alpha: 0.832
Parameters optimization took 1 rounds (0.006 sec)
Time for fast ML tree search: 0.047 seconds

NOTE: ModelFinder requires 24 MB RAM!
ModelFinder will test up to 484 DNA models (sample size: 1893 epsilon: 0.100) ...
 No. Model         -LnL         df  AIC          AICc         BIC
  1  GTR+F         9463.652     29  18985.304    18986.238    19146.136
  2  GTR+F+I       9150.515     30  18361.031    18362.030    18527.408
  3  GTR+F+G4      9102.324     30  18264.647    18265.646    18431.025
  4  GTR+F+I+G4    9100.529     31  18263.058    18264.124    18434.981
  5  GTR+F+R2      9103.634     31  18269.268    18270.334    18441.191
  6  GTR+F+R3      9094.473     33  18254.946    18256.153    18437.962
+R4 reinitialized from +R3 with factor 0.500
  7  GTR+F+R4      9094.348     35  18258.696    18260.053    18452.803
 14  GTR+F+I+R2    9096.367     32  18256.733    18257.869    18434.202
 15  GTR+F+I+R3    9094.690     34  18257.381    18258.662    18445.942
 25  SYM+G4        9137.114     27  18328.229    18329.039    18477.968
 26  SYM+I+G4      9135.849     28  18327.697    18328.569    18482.983
 28  SYM+R3        9126.840     30  18313.679    18314.678    18480.057
 36  SYM+I+R2      9128.004     29  18314.008    18314.942    18474.840
 47  TVM+F+G4      9106.964     29  18271.928    18272.862    18432.760
 48  TVM+F+I+G4    9105.104     30  18270.209    18271.208    18436.586
 50  TVM+F+R3      9097.823     32  18259.645    18260.781    18437.114
 58  TVM+F+I+R2    9099.004     31  18260.008    18261.075    18431.932
 69  TVMe+G4       9138.028     26  18328.056    18328.808    18472.249
 70  TVMe+I+G4     9136.539     27  18327.077    18327.888    18476.817
 72  TVMe+R3       9127.020     29  18312.040    18312.974    18472.871
 80  TVMe+I+R2     9127.958     28  18311.917    18312.788    18467.202
 91  TIM3+F+G4     9103.906     28  18263.812    18264.683    18419.098
 92  TIM3+F+I+G4   9102.129     29  18262.258    18263.192    18423.089
 94  TIM3+F+R3     9096.169     31  18254.339    18255.405    18426.262
102  TIM3+F+I+R2   9097.816     30  18255.632    18256.631    18422.010
113  TIM3e+G4      9141.703     25  18333.405    18334.102    18472.053
114  TIM3e+I+G4    9140.428     26  18332.856    18333.608    18477.049
116  TIM3e+R3      9132.156     28  18320.312    18321.183    18475.597
124  TIM3e+I+R2    9133.425     27  18320.850    18321.661    18470.590
135  TIM2+F+G4     9105.678     28  18267.357    18268.228    18422.643
136  TIM2+F+I+G4   9103.525     29  18265.050    18265.984    18425.881
138  TIM2+F+R3     9096.904     31  18255.809    18256.875    18427.732
146  TIM2+F+I+R2   9098.826     30  18257.652    18258.651    18424.029
157  TIM2e+G4      9151.715     25  18353.429    18354.125    18492.077
158  TIM2e+I+G4    9149.826     26  18351.653    18352.405    18495.847
160  TIM2e+R3      9140.905     28  18337.811    18338.682    18493.097
168  TIM2e+I+R2    9142.064     27  18338.127    18338.938    18487.867
179  TIM+F+G4      9107.051     28  18270.102    18270.973    18425.388
180  TIM+F+I+G4    9104.991     29  18267.982    18268.916    18428.813
182  TIM+F+R3      9098.597     31  18259.193    18260.259    18431.117
190  TIM+F+I+R2    9100.605     30  18261.210    18262.209    18427.587
201  TIMe+G4       9155.321     25  18360.641    18361.337    18499.289
202  TIMe+I+G4     9153.570     26  18359.141    18359.893    18503.335
204  TIMe+R3       9145.437     28  18346.874    18347.745    18502.160
212  TIMe+I+R2     9146.774     27  18347.548    18348.358    18497.288
223  TPM3u+F+G4    9108.519     27  18271.039    18271.849    18420.778
224  TPM3u+F+I+G4  9106.620     28  18269.239    18270.110    18424.525
226  TPM3u+F+R3    9099.619     30  18259.239    18260.238    18425.616
234  TPM3u+F+I+R2  9100.806     29  18259.612    18260.546    18420.444
245  TPM3+G4       9142.676     24  18333.353    18333.995    18466.455
246  TPM3+I+G4     9141.145     25  18332.290    18332.987    18470.938
248  TPM3+R3       9132.391     27  18318.782    18319.592    18468.521
256  TPM3+I+R2     9133.628     26  18319.255    18320.008    18463.449
267  TPM2u+F+G4    9110.477     27  18274.955    18275.765    18424.694
268  TPM2u+F+I+G4  9108.273     28  18272.547    18273.418    18427.832
270  TPM2u+F+R3    9100.906     30  18261.812    18262.811    18428.190
278  TPM2u+F+I+R2  9102.150     29  18262.299    18263.233    18423.131
289  TPM2+G4       9152.439     24  18352.878    18353.521    18485.980
290  TPM2+I+G4     9150.374     25  18350.748    18351.445    18489.396
292  TPM2+R3       9141.138     27  18336.277    18337.087    18486.017
300  TPM2+I+R2     9142.115     26  18336.230    18336.982    18480.424
311  K3Pu+F+G4     9111.817     27  18277.633    18278.444    18427.373
312  K3Pu+F+I+G4   9109.688     28  18275.376    18276.247    18430.662
314  K3Pu+F+R3     9102.654     30  18265.309    18266.307    18431.686
322  K3Pu+F+I+R2   9104.109     29  18266.217    18267.151    18427.049
333  K3P+G4        9156.106     24  18360.213    18360.855    18493.315
334  K3P+I+G4      9154.174     25  18358.348    18359.044    18496.996
336  K3P+R3        9145.716     27  18345.433    18346.244    18495.173
344  K3P+I+R2      9146.922     26  18345.843    18346.595    18490.037
355  TN+F+G4       9107.164     27  18268.328    18269.138    18418.067
356  TN+F+I+G4     9105.030     28  18266.061    18266.932    18421.346
358  TN+F+R3       9098.522     30  18257.044    18258.043    18423.422
366  TN+F+I+R2     9100.601     29  18259.203    18260.137    18420.034
377  TNe+G4        9156.091     24  18360.183    18360.825    18493.285
378  TNe+I+G4      9154.220     25  18358.440    18359.136    18497.088
380  TNe+R3        9145.987     27  18345.973    18346.784    18495.713
388  TNe+I+R2      9147.502     26  18347.003    18347.756    18491.197
399  HKY+F+G4      9111.931     26  18275.861    18276.614    18420.055
400  HKY+F+I+G4    9109.772     27  18273.544    18274.355    18423.284
402  HKY+F+R3      9102.659     29  18263.317    18264.251    18424.149
410  HKY+F+I+R2    9104.198     28  18264.395    18265.267    18419.681
421  K2P+G4        9156.879     23  18359.757    18360.348    18487.314
422  K2P+I+G4      9154.907     24  18357.814    18358.457    18490.916
424  K2P+R3        9146.315     26  18344.630    18345.382    18488.824
432  K2P+I+R2      9147.682     25  18345.364    18346.060    18484.012
443  F81+F+G4      9537.288     25  19124.575    19125.271    19263.223
444  F81+F+I+G4    9536.440     26  19124.879    19125.631    19269.073
446  F81+F+R3      9532.692     28  19121.385    19122.256    19276.670
454  F81+F+I+R2    9534.454     27  19122.907    19123.718    19272.647
465  JC+G4         9563.404     22  19170.809    19171.350    19292.819
466  JC+I+G4       9562.597     23  19171.195    19171.785    19298.751
468  JC+R3         9558.188     25  19166.375    19167.071    19305.023
476  JC+I+R2       9559.687     24  19167.374    19168.016    19300.476
Akaike Information Criterion:           TIM3+F+R3
Corrected Akaike Information Criterion: TIM3+F+R3
Bayesian Information Criterion:         TN+F+G4
Best-fit model: TN+F+G4 chosen according to BIC

All model information printed to make_trees/all_species/LOC_00019207.model.gz
CPU time for ModelFinder: 1.389 seconds (0h:0m:1s)
Wall-clock time for ModelFinder: 1.426 seconds (0h:0m:1s)
Generating 10000 samples for ultrafast bootstrap (seed: 265971)...

NOTE: 22 MB RAM (0 GB) is required!
Estimate model parameters (epsilon = 0.100)
1. Initial log-likelihood: -9537.609
2. Current log-likelihood: -9112.092
3. Current log-likelihood: -9107.204
Optimal log-likelihood: -9107.165
Rate parameters:  A-C: 1.00000  A-G: 4.97279  A-T: 1.00000  C-G: 1.00000  C-T: 6.61810  G-T: 1.00000
Base frequencies:  A: 0.241  C: 0.283  G: 0.283  T: 0.193
Gamma shape alpha: 0.398
Parameters optimization took 3 rounds (0.022 sec)
Wrote distance file to... 
Computing ML distances based on estimated model parameters...
Calculating distance matrix: done in 0.000459087 secs using 98.24% CPU
Computing ML distances took 0.000505 sec (of wall-clock time) 0.000499 sec (of CPU time)
Setting up auxiliary I and S matrices: done in 1.7953e-05 secs using 100.3% CPU
Computing RapidNJ tree took 0.000058 sec (of wall-clock time) 0.000057 sec (of CPU time)
Log-likelihood of RapidNJ tree: -9129.084
--------------------------------------------------------------------
|             INITIALIZING CANDIDATE TREE SET                      |
--------------------------------------------------------------------
Generating 98 parsimony trees... 0.059 second
Computing log-likelihood of 94 initial trees ... 0.101 seconds
Current best score: -9107.165

Do NNI search on 20 best initial trees
Estimate model parameters (epsilon = 0.100)
BETTER TREE FOUND at iteration 1: -9107.164
Iteration 10 / LogL: -9107.194 / Time: 0h:0m:2s
Iteration 20 / LogL: -9107.198 / Time: 0h:0m:2s
Finish initializing candidate tree set (2)
Current best tree score: -9107.164 / CPU time: 0.920
Number of iterations: 20
--------------------------------------------------------------------
|               OPTIMIZING CANDIDATE TREE SET                      |
--------------------------------------------------------------------
Iteration 30 / LogL: -9107.200 / Time: 0h:0m:3s (0h:0m:4s left)
Iteration 40 / LogL: -9107.169 / Time: 0h:0m:3s (0h:0m:3s left)
Iteration 50 / LogL: -9114.671 / Time: 0h:0m:4s (0h:0m:2s left)
Log-likelihood cutoff on original alignment: -9149.437
UPDATE BEST LOG-LIKELIHOOD: -9107.164
Iteration 60 / LogL: -9113.627 / Time: 0h:0m:4s (0h:0m:2s left)
Iteration 70 / LogL: -9107.266 / Time: 0h:0m:5s (0h:0m:1s left)
Iteration 80 / LogL: -9107.511 / Time: 0h:0m:6s (0h:0m:1s left)
Iteration 90 / LogL: -9107.181 / Time: 0h:0m:6s (0h:0m:0s left)
Iteration 100 / LogL: -9107.511 / Time: 0h:0m:7s (0h:0m:0s left)
Log-likelihood cutoff on original alignment: -9149.437
NOTE: Bootstrap correlation coefficient of split occurrence frequencies: 1.000
TREE SEARCH COMPLETED AFTER 102 ITERATIONS / Time: 0h:0m:7s

--------------------------------------------------------------------
|                    FINALIZING TREE SEARCH                        |
--------------------------------------------------------------------
Performs final model parameters optimization
Estimate model parameters (epsilon = 0.010)
1. Initial log-likelihood: -9107.164
Optimal log-likelihood: -9107.164
Rate parameters:  A-C: 1.00000  A-G: 4.97722  A-T: 1.00000  C-G: 1.00000  C-T: 6.63660  G-T: 1.00000
Base frequencies:  A: 0.241  C: 0.283  G: 0.283  T: 0.193
Gamma shape alpha: 0.398
Parameters optimization took 1 rounds (0.003 sec)
BEST SCORE FOUND : -9107.164
Creating bootstrap support values...
Split supports printed to NEXUS file make_trees/all_species/LOC_00019207.splits.nex
Total tree length: 1.251

Total number of iterations: 102
CPU time used for tree search: 5.545 sec (0h:0m:5s)
Wall-clock time used for tree search: 5.618 sec (0h:0m:5s)
Total CPU time used: 7.455 sec (0h:0m:7s)
Total wall-clock time used: 7.580 sec (0h:0m:7s)

Computing bootstrap consensus tree...
Reading input file make_trees/all_species/LOC_00019207.splits.nex...
12 taxa and 81 splits.
Consensus tree written to make_trees/all_species/LOC_00019207.contree
Reading input trees file make_trees/all_species/LOC_00019207.contree
Log-likelihood of consensus tree: -9107.164

Analysis results written to: 
  IQ-TREE report:                make_trees/all_species/LOC_00019207.iqtree
  Maximum-likelihood tree:       make_trees/all_species/LOC_00019207.treefile
  Likelihood distances:          make_trees/all_species/LOC_00019207.mldist

Ultrafast bootstrap approximation results written to:
  Split support values:          make_trees/all_species/LOC_00019207.splits.nex
  Consensus tree:                make_trees/all_species/LOC_00019207.contree
  Screen log file:               make_trees/all_species/LOC_00019207.log

Date and Time: Tue Aug  4 14:38:08 2026
