IQ-TREE multicore version 2.3.5 for Linux x86 64-bit built Jun 27 2024
Developed by Bui Quang Minh, Nguyen Lam Tung, Olga Chernomor, Heiko Schmidt,
Dominik Schrempf, Michael Woodhams, Ly Trong Nhan, Thomas Wong

Host:    cn4301 (AVX2, FMA3, 503 GB RAM)
Command: iqtree2 -s align/all_species/clean_fastas/LOC_00019325.fasta -B 10000 -o Podarcis --prefix make_trees/all_species/LOC_00019325 -T 1
Seed:    315184 (Using SPRNG - Scalable Parallel Random Number Generator)
Time:    Tue Aug  4 14:38:01 2026
Kernel:  AVX+FMA - 1 threads (2 CPU cores detected)

HINT: Use -nt option to specify number of threads because your CPU has 2 cores!
HINT: -nt AUTO will automatically determine the best number of threads to use.

Reading alignment file align/all_species/clean_fastas/LOC_00019325.fasta ... Fasta format detected
Reading fasta file: done in 0.000333452 secs using 51.28% CPU
Alignment most likely contains DNA/RNA sequences
Alignment has 12 sequences with 1955 columns, 852 distinct patterns
580 parsimony-informative, 479 singleton sites, 896 constant sites
             Gap/Ambiguity  Composition  p-value
Analyzing sequences: done in 3.0276e-05 secs using 99.09% CPU
   1  Anolis         7.16%    passed     43.21%
   2  Podarcis       7.01%    passed     38.63%
   3  Furcifer       7.31%    passed      6.25%
   4  Candoia        7.47%    failed      0.00%
   5  Thamnophis     7.47%    failed      0.00%
   6  Heloderma_Z    7.01%    passed     99.36%
   7  Heloderma_W    6.09%    passed     87.74%
   8  Anniella       6.55%    passed     64.61%
   9  Elgaria        7.77%    failed      1.93%
  10  Shinisaurus    6.70%    passed     43.69%
  11  Varanus_Z      7.47%    failed      0.27%
  12  Varanus_W     57.65%    passed     22.28%
WARNING: 1 sequences contain more than 50% gaps/ambiguity
****  TOTAL         11.30%  4 sequences failed composition chi2 test (p-value<5%; df=3)


Create initial parsimony tree by phylogenetic likelihood library (PLL)... 0.001 seconds
Perform fast likelihood tree search using GTR+I+G model...
Estimate model parameters (epsilon = 5.000)
Perform nearest neighbor interchange...
Estimate model parameters (epsilon = 1.000)
1. Initial log-likelihood: -11256.860
Optimal log-likelihood: -11256.678
Rate parameters:  A-C: 0.72628  A-G: 2.96840  A-T: 0.46273  C-G: 0.98889  C-T: 4.21386  G-T: 1.00000
Base frequencies:  A: 0.250  C: 0.314  G: 0.276  T: 0.161
Proportion of invariable sites: 0.213
Gamma shape alpha: 1.396
Parameters optimization took 1 rounds (0.012 sec)
Time for fast ML tree search: 0.058 seconds

NOTE: ModelFinder requires 35 MB RAM!
ModelFinder will test up to 484 DNA models (sample size: 1955 epsilon: 0.100) ...
 No. Model         -LnL         df  AIC          AICc         BIC
  1  GTR+F         11542.990    29  23143.980    23144.884    23305.747
  2  GTR+F+I       11296.307    30  22652.613    22653.580    22819.957
  3  GTR+F+G4      11256.431    30  22572.862    22573.828    22740.206
  4  GTR+F+I+G4    11256.638    31  22575.276    22576.308    22748.198
  5  GTR+F+R2      11260.625    31  22583.251    22584.283    22756.173
  6  GTR+F+R3      11256.616    33  22579.232    22580.400    22763.310
 14  GTR+F+I+R2    11256.961    32  22577.922    22579.020    22756.422
 15  GTR+F+I+R3    11255.423    34  22578.845    22580.085    22768.502
 25  SYM+G4        11352.244    27  22758.487    22759.272    22909.097
 26  SYM+I+G4      11354.769    28  22765.538    22766.381    22921.726
 47  TVM+F+G4      11265.118    29  22588.235    22589.139    22750.001
 48  TVM+F+I+G4    11265.074    30  22590.148    22591.115    22757.493
 69  TVMe+G4       11352.309    26  22756.618    22757.346    22901.649
 70  TVMe+I+G4     11354.614    27  22763.229    22764.013    22913.838
 91  TIM3+F+G4     11267.506    28  22591.011    22591.854    22747.199
 92  TIM3+F+I+G4   11266.885    29  22591.770    22592.674    22753.536
113  TIM3e+G4      11368.236    25  22786.473    22787.147    22925.926
114  TIM3e+I+G4    11370.160    26  22792.320    22793.049    22937.352
135  TIM2+F+G4     11258.980    28  22573.961    22574.804    22730.149
136  TIM2+F+I+G4   11258.283    29  22574.565    22575.469    22736.331
157  TIM2e+G4      11386.105    25  22822.210    22822.884    22961.664
158  TIM2e+I+G4    11387.231    26  22826.462    22827.190    22971.494
179  TIM+F+G4      11268.406    28  22592.812    22593.655    22749.000
180  TIM+F+I+G4    11267.578    29  22593.156    22594.060    22754.922
201  TIMe+G4       11398.841    25  22847.682    22848.356    22987.136
202  TIMe+I+G4     11399.690    26  22851.380    22852.109    22996.412
223  TPM3u+F+G4    11276.211    27  22606.421    22607.206    22757.031
224  TPM3u+F+I+G4  11275.907    28  22607.814    22608.657    22764.002
245  TPM3+G4       11368.323    24  22784.646    22785.268    22918.522
246  TPM3+I+G4     11369.966    25  22789.932    22790.606    22929.386
267  TPM2u+F+G4    11267.765    27  22589.531    22590.315    22740.141
268  TPM2u+F+I+G4  11267.468    28  22590.937    22591.780    22747.125
289  TPM2+G4       11386.133    24  22820.265    22820.887    22954.141
290  TPM2+I+G4     11387.102    25  22824.204    22824.878    22963.657
311  K3Pu+F+G4     11277.234    27  22608.468    22609.253    22759.078
312  K3Pu+F+I+G4   11276.768    28  22609.536    22610.379    22765.724
333  K3P+G4        11398.855    24  22845.710    22846.332    22979.586
334  K3P+I+G4      11399.576    25  22849.152    22849.826    22988.606
355  TN+F+G4       11268.775    27  22591.549    22592.334    22742.159
356  TN+F+I+G4     11267.915    28  22591.830    22592.673    22748.018
377  TNe+G4        11400.806    24  22849.612    22850.233    22983.487
378  TNe+I+G4      11401.465    25  22852.930    22853.604    22992.383
399  HKY+F+G4      11277.580    26  22607.160    22607.888    22752.192
400  HKY+F+I+G4    11277.075    27  22608.150    22608.934    22758.760
421  K2P+G4        11400.820    23  22847.640    22848.212    22975.937
422  K2P+I+G4      11401.457    24  22850.915    22851.537    22984.790
443  F81+F+G4      11663.212    25  23376.424    23377.098    23515.878
444  F81+F+I+G4    11663.300    26  23378.601    23379.329    23523.632
465  JC+G4         11737.138    22  23518.275    23518.799    23640.995
466  JC+I+G4       11737.713    23  23521.425    23521.997    23649.722
Akaike Information Criterion:           GTR+F+G4
Corrected Akaike Information Criterion: GTR+F+G4
Bayesian Information Criterion:         TIM2+F+G4
Best-fit model: TIM2+F+G4 chosen according to BIC

All model information printed to make_trees/all_species/LOC_00019325.model.gz
CPU time for ModelFinder: 1.294 seconds (0h:0m:1s)
Wall-clock time for ModelFinder: 1.412 seconds (0h:0m:1s)
Generating 10000 samples for ultrafast bootstrap (seed: 315184)...

NOTE: 33 MB RAM (0 GB) is required!
Estimate model parameters (epsilon = 0.100)
1. Initial log-likelihood: -11663.946
2. Current log-likelihood: -11263.279
3. Current log-likelihood: -11259.054
Optimal log-likelihood: -11258.989
Rate parameters:  A-C: 0.64233  A-G: 2.99334  A-T: 0.64233  C-G: 1.00000  C-T: 4.21625  G-T: 1.00000
Base frequencies:  A: 0.250  C: 0.314  G: 0.276  T: 0.161
Gamma shape alpha: 0.674
Parameters optimization took 3 rounds (0.039 sec)
Wrote distance file to... 
Computing ML distances based on estimated model parameters...
Calculating distance matrix: done in 0.000651727 secs using 98.66% CPU
Computing ML distances took 0.000710 sec (of wall-clock time) 0.000703 sec (of CPU time)
Setting up auxiliary I and S matrices: done in 1.9367e-05 secs using 98.1% CPU
Computing RapidNJ tree took 0.000060 sec (of wall-clock time) 0.000060 sec (of CPU time)
Log-likelihood of RapidNJ tree: -11280.735
--------------------------------------------------------------------
|             INITIALIZING CANDIDATE TREE SET                      |
--------------------------------------------------------------------
Generating 98 parsimony trees... 0.080 second
Computing log-likelihood of 95 initial trees ... 0.146 seconds
Current best score: -11258.989

Do NNI search on 20 best initial trees
Estimate model parameters (epsilon = 0.100)
BETTER TREE FOUND at iteration 1: -11258.986
Iteration 10 / LogL: -11258.999 / Time: 0h:0m:2s
Iteration 20 / LogL: -11259.025 / Time: 0h:0m:4s
Finish initializing candidate tree set (1)
Current best tree score: -11258.986 / CPU time: 2.303
Number of iterations: 20
--------------------------------------------------------------------
|               OPTIMIZING CANDIDATE TREE SET                      |
--------------------------------------------------------------------
Iteration 30 / LogL: -11259.003 / Time: 0h:0m:4s (0h:0m:8s left)
Iteration 40 / LogL: -11259.022 / Time: 0h:0m:5s (0h:0m:6s left)
Iteration 50 / LogL: -11259.001 / Time: 0h:0m:6s (0h:0m:5s left)
Log-likelihood cutoff on original alignment: -11291.074
Iteration 60 / LogL: -11259.108 / Time: 0h:0m:7s (0h:0m:4s left)
Iteration 70 / LogL: -11259.014 / Time: 0h:0m:8s (0h:0m:3s left)
Iteration 80 / LogL: -11258.996 / Time: 0h:0m:9s (0h:0m:2s left)
UPDATE BEST LOG-LIKELIHOOD: -11258.986
Iteration 90 / LogL: -11259.140 / Time: 0h:0m:10s (0h:0m:1s left)
Iteration 100 / LogL: -11260.183 / Time: 0h:0m:10s (0h:0m:0s left)
Log-likelihood cutoff on original alignment: -11292.120
NOTE: Bootstrap correlation coefficient of split occurrence frequencies: 1.000
TREE SEARCH COMPLETED AFTER 102 ITERATIONS / Time: 0h:0m:11s

--------------------------------------------------------------------
|                    FINALIZING TREE SEARCH                        |
--------------------------------------------------------------------
Performs final model parameters optimization
Estimate model parameters (epsilon = 0.010)
1. Initial log-likelihood: -11258.986
Optimal log-likelihood: -11258.985
Rate parameters:  A-C: 0.64228  A-G: 2.99652  A-T: 0.64228  C-G: 1.00000  C-T: 4.21917  G-T: 1.00000
Base frequencies:  A: 0.250  C: 0.314  G: 0.276  T: 0.161
Gamma shape alpha: 0.673
Parameters optimization took 1 rounds (0.005 sec)
BEST SCORE FOUND : -11258.985
Creating bootstrap support values...
Split supports printed to NEXUS file make_trees/all_species/LOC_00019325.splits.nex
Total tree length: 1.741

Total number of iterations: 102
CPU time used for tree search: 9.385 sec (0h:0m:9s)
Wall-clock time used for tree search: 9.501 sec (0h:0m:9s)
Total CPU time used: 11.258 sec (0h:0m:11s)
Total wall-clock time used: 11.528 sec (0h:0m:11s)

Computing bootstrap consensus tree...
Reading input file make_trees/all_species/LOC_00019325.splits.nex...
12 taxa and 67 splits.
Consensus tree written to make_trees/all_species/LOC_00019325.contree
Reading input trees file make_trees/all_species/LOC_00019325.contree
Log-likelihood of consensus tree: -11258.985

Analysis results written to: 
  IQ-TREE report:                make_trees/all_species/LOC_00019325.iqtree
  Maximum-likelihood tree:       make_trees/all_species/LOC_00019325.treefile
  Likelihood distances:          make_trees/all_species/LOC_00019325.mldist

Ultrafast bootstrap approximation results written to:
  Split support values:          make_trees/all_species/LOC_00019325.splits.nex
  Consensus tree:                make_trees/all_species/LOC_00019325.contree
  Screen log file:               make_trees/all_species/LOC_00019325.log

Date and Time: Tue Aug  4 14:38:12 2026
