IQ-TREE multicore version 2.3.5 for Linux x86 64-bit built Jun 27 2024
Developed by Bui Quang Minh, Nguyen Lam Tung, Olga Chernomor, Heiko Schmidt,
Dominik Schrempf, Michael Woodhams, Ly Trong Nhan, Thomas Wong

Host:    cn4304 (AVX2, FMA3, 503 GB RAM)
Command: iqtree2 -s align/no_shinisaurus/clean_fastas/LOC_00019256.fasta -B 10000 -o Podarcis --prefix make_trees/no_shinisaurus/LOC_00019256 -T 1
Seed:    761416 (Using SPRNG - Scalable Parallel Random Number Generator)
Time:    Tue Aug  4 14:43:44 2026
Kernel:  AVX+FMA - 1 threads (2 CPU cores detected)

HINT: Use -nt option to specify number of threads because your CPU has 2 cores!
HINT: -nt AUTO will automatically determine the best number of threads to use.

Reading alignment file align/no_shinisaurus/clean_fastas/LOC_00019256.fasta ... Fasta format detected
Reading fasta file: done in 0.00016051 secs using 99.06% CPU
Alignment most likely contains DNA/RNA sequences
Alignment has 11 sequences with 1035 columns, 393 distinct patterns
252 parsimony-informative, 197 singleton sites, 586 constant sites
             Gap/Ambiguity  Composition  p-value
Analyzing sequences: done in 2.4956e-05 secs using 64.11% CPU
   1  Candoia        4.93%    failed      3.84%
   2  Thamnophis     4.93%    failed      2.87%
   3  Anolis         5.51%    passed     14.92%
   4  Podarcis       4.93%    passed     29.40%
   5  Heloderma_Z    0.00%    passed     73.67%
   6  Heloderma_W   15.94%    passed     24.30%
   7  Anniella       4.93%    passed     36.22%
   8  Elgaria        4.93%    passed     14.63%
   9  Varanus_Z     25.80%    failed      3.32%
  10  Varanus_W      2.61%    passed     26.99%
  11  Furcifer       5.51%    passed     96.93%
****  TOTAL          7.27%  3 sequences failed composition chi2 test (p-value<5%; df=3)


Create initial parsimony tree by phylogenetic likelihood library (PLL)... 0.000 seconds
Perform fast likelihood tree search using GTR+I+G model...
Estimate model parameters (epsilon = 5.000)
Perform nearest neighbor interchange...
Estimate model parameters (epsilon = 1.000)
1. Initial log-likelihood: -5287.031
Optimal log-likelihood: -5286.897
Rate parameters:  A-C: 2.22882  A-G: 6.37039  A-T: 1.20073  C-G: 1.95731  C-T: 8.48456  G-T: 1.00000
Base frequencies:  A: 0.207  C: 0.280  G: 0.301  T: 0.211
Proportion of invariable sites: 0.274
Gamma shape alpha: 0.789
Parameters optimization took 1 rounds (0.005 sec)
Time for fast ML tree search: 0.031 seconds

NOTE: ModelFinder requires 16 MB RAM!
ModelFinder will test up to 484 DNA models (sample size: 1035 epsilon: 0.100) ...
 No. Model         -LnL         df  AIC          AICc         BIC
  1  GTR+F         5516.155     27  11086.310    11087.811    11219.748
  2  GTR+F+I       5308.646     28  10673.293    10674.907    10811.673
  3  GTR+F+G4      5288.396     28  10632.792    10634.406    10771.173
  4  GTR+F+I+G4    5286.889     29  10631.779    10633.510    10775.101
  5  GTR+F+R2      5291.365     29  10640.730    10642.461    10784.052
  6  GTR+F+R3      5286.635     31  10635.270    10637.248    10788.477
 14  GTR+F+I+R2    5289.564     30  10639.128    10640.981    10787.393
 15  GTR+F+I+R3    5286.809     32  10637.619    10639.727    10795.768
 25  SYM+G4        5308.939     25  10667.877    10669.166    10791.431
 26  SYM+I+G4      5307.600     26  10667.199    10668.592    10795.695
 47  TVM+F+G4      5291.280     27  10636.559    10638.061    10769.997
 48  TVM+F+I+G4    5289.501     28  10635.001    10636.616    10773.382
 69  TVMe+G4       5311.521     24  10671.042    10672.230    10789.653
 70  TVMe+I+G4     5309.913     25  10669.827    10671.115    10793.381
 91  TIM3+F+G4     5288.869     26  10629.738    10631.131    10758.234
 92  TIM3+F+I+G4   5287.370     27  10628.741    10630.242    10762.179
113  TIM3e+G4      5310.257     23  10666.515    10667.607    10780.184
114  TIM3e+I+G4    5308.984     24  10665.968    10667.156    10784.580
135  TIM2+F+G4     5295.667     26  10643.335    10644.727    10771.831
136  TIM2+F+I+G4   5293.912     27  10641.823    10643.325    10775.261
157  TIM2e+G4      5325.208     23  10696.416    10697.508    10810.086
158  TIM2e+I+G4    5323.538     24  10695.077    10696.265    10813.689
179  TIM+F+G4      5295.895     26  10643.791    10645.183    10772.287
180  TIM+F+I+G4    5294.155     27  10642.310    10643.812    10775.748
201  TIMe+G4       5324.659     23  10695.317    10696.409    10808.987
202  TIMe+I+G4     5323.008     24  10694.017    10695.205    10812.629
223  TPM3u+F+G4    5291.741     25  10633.482    10634.771    10757.036
224  TPM3u+F+I+G4  5289.982     26  10631.964    10633.357    10760.460
245  TPM3+G4       5313.066     22  10670.132    10671.132    10778.859
246  TPM3+I+G4     5311.480     23  10668.961    10670.053    10782.630
267  TPM2u+F+G4    5298.412     25  10646.824    10648.112    10770.378
268  TPM2u+F+I+G4  5296.473     26  10644.945    10646.338    10773.441
289  TPM2+G4       5327.179     22  10698.357    10699.357    10807.085
290  TPM2+I+G4     5325.392     23  10696.783    10697.875    10810.453
311  K3Pu+F+G4     5298.622     25  10647.244    10648.533    10770.798
312  K3Pu+F+I+G4   5296.726     26  10645.453    10646.846    10773.949
333  K3P+G4        5326.798     22  10697.597    10698.597    10806.324
334  K3P+I+G4      5324.988     23  10695.977    10697.069    10809.646
355  TN+F+G4       5296.150     25  10642.300    10643.588    10765.853
356  TN+F+I+G4     5294.375     26  10640.750    10642.143    10769.246
377  TNe+G4        5326.328     22  10696.656    10697.656    10805.383
378  TNe+I+G4      5324.686     23  10695.372    10696.464    10809.042
399  HKY+F+G4      5298.888     24  10645.775    10646.963    10764.387
400  HKY+F+I+G4    5296.969     25  10643.939    10645.227    10767.493
421  K2P+G4        5328.481     21  10698.963    10699.875    10802.748
422  K2P+I+G4      5326.687     22  10697.375    10698.375    10806.102
443  F81+F+G4      5482.107     23  11010.214    11011.306    11123.883
444  F81+F+I+G4    5480.629     24  11009.257    11010.446    11127.869
465  JC+G4         5496.058     20  11032.117    11032.945    11130.960
466  JC+I+G4       5494.520     21  11031.039    11031.952    11134.825
Akaike Information Criterion:           TIM3+F+I+G4
Corrected Akaike Information Criterion: TIM3+F+I+G4
Bayesian Information Criterion:         TPM3u+F+G4
Best-fit model: TPM3u+F+G4 chosen according to BIC

All model information printed to make_trees/no_shinisaurus/LOC_00019256.model.gz
CPU time for ModelFinder: 0.464 seconds (0h:0m:0s)
Wall-clock time for ModelFinder: 0.484 seconds (0h:0m:0s)
Generating 10000 samples for ultrafast bootstrap (seed: 761416)...

NOTE: 15 MB RAM (0 GB) is required!
Estimate model parameters (epsilon = 0.100)
1. Initial log-likelihood: -5482.474
2. Current log-likelihood: -5293.601
3. Current log-likelihood: -5291.751
Optimal log-likelihood: -5291.738
Rate parameters:  A-C: 1.88958  A-G: 6.75704  A-T: 1.00000  C-G: 1.88958  C-T: 6.75704  G-T: 1.00000
Base frequencies:  A: 0.207  C: 0.280  G: 0.301  T: 0.211
Gamma shape alpha: 0.390
Parameters optimization took 3 rounds (0.012 sec)
Wrote distance file to... 
Computing ML distances based on estimated model parameters...
Calculating distance matrix: done in 0.000350265 secs using 99.07% CPU
Computing ML distances took 0.000386 sec (of wall-clock time) 0.000384 sec (of CPU time)
Setting up auxiliary I and S matrices: done in 2.8403e-05 secs using 80.98% CPU
Computing RapidNJ tree took 0.000077 sec (of wall-clock time) 0.000072 sec (of CPU time)
Log-likelihood of RapidNJ tree: -5292.808
--------------------------------------------------------------------
|             INITIALIZING CANDIDATE TREE SET                      |
--------------------------------------------------------------------
Generating 98 parsimony trees... 0.040 second
Computing log-likelihood of 91 initial trees ... 0.063 seconds
Current best score: -5291.738

Do NNI search on 20 best initial trees
Estimate model parameters (epsilon = 0.100)
BETTER TREE FOUND at iteration 1: -5291.738
Iteration 10 / LogL: -5291.854 / Time: 0h:0m:0s
Iteration 20 / LogL: -5291.818 / Time: 0h:0m:1s
Finish initializing candidate tree set (1)
Current best tree score: -5291.738 / CPU time: 0.602
Number of iterations: 20
--------------------------------------------------------------------
|               OPTIMIZING CANDIDATE TREE SET                      |
--------------------------------------------------------------------
Iteration 30 / LogL: -5291.741 / Time: 0h:0m:1s (0h:0m:2s left)
Iteration 40 / LogL: -5291.815 / Time: 0h:0m:2s (0h:0m:2s left)
UPDATE BEST LOG-LIKELIHOOD: -5291.738
Iteration 50 / LogL: -5291.738 / Time: 0h:0m:2s (0h:0m:1s left)
Log-likelihood cutoff on original alignment: -5328.675
Iteration 60 / LogL: -5291.777 / Time: 0h:0m:2s (0h:0m:1s left)
Iteration 70 / LogL: -5291.787 / Time: 0h:0m:3s (0h:0m:1s left)
Iteration 80 / LogL: -5291.744 / Time: 0h:0m:3s (0h:0m:0s left)
Iteration 90 / LogL: -5291.751 / Time: 0h:0m:4s (0h:0m:0s left)
Iteration 100 / LogL: -5291.975 / Time: 0h:0m:4s (0h:0m:0s left)
Log-likelihood cutoff on original alignment: -5328.675
NOTE: Bootstrap correlation coefficient of split occurrence frequencies: 0.997
TREE SEARCH COMPLETED AFTER 102 ITERATIONS / Time: 0h:0m:4s

--------------------------------------------------------------------
|                    FINALIZING TREE SEARCH                        |
--------------------------------------------------------------------
Performs final model parameters optimization
Estimate model parameters (epsilon = 0.010)
1. Initial log-likelihood: -5291.738
Optimal log-likelihood: -5291.738
Rate parameters:  A-C: 1.89299  A-G: 6.77775  A-T: 1.00000  C-G: 1.89299  C-T: 6.77775  G-T: 1.00000
Base frequencies:  A: 0.207  C: 0.280  G: 0.301  T: 0.211
Gamma shape alpha: 0.390
Parameters optimization took 1 rounds (0.002 sec)
BEST SCORE FOUND : -5291.738
Creating bootstrap support values...
Split supports printed to NEXUS file make_trees/no_shinisaurus/LOC_00019256.splits.nex
Total tree length: 1.324

Total number of iterations: 102
CPU time used for tree search: 4.012 sec (0h:0m:4s)
Wall-clock time used for tree search: 4.084 sec (0h:0m:4s)
Total CPU time used: 4.819 sec (0h:0m:4s)
Total wall-clock time used: 4.934 sec (0h:0m:4s)

Computing bootstrap consensus tree...
Reading input file make_trees/no_shinisaurus/LOC_00019256.splits.nex...
11 taxa and 70 splits.
Consensus tree written to make_trees/no_shinisaurus/LOC_00019256.contree
Reading input trees file make_trees/no_shinisaurus/LOC_00019256.contree
Log-likelihood of consensus tree: -5291.738

Analysis results written to: 
  IQ-TREE report:                make_trees/no_shinisaurus/LOC_00019256.iqtree
  Maximum-likelihood tree:       make_trees/no_shinisaurus/LOC_00019256.treefile
  Likelihood distances:          make_trees/no_shinisaurus/LOC_00019256.mldist

Ultrafast bootstrap approximation results written to:
  Split support values:          make_trees/no_shinisaurus/LOC_00019256.splits.nex
  Consensus tree:                make_trees/no_shinisaurus/LOC_00019256.contree
  Screen log file:               make_trees/no_shinisaurus/LOC_00019256.log

Date and Time: Tue Aug  4 14:43:49 2026
