
Before deleting alignment gaps
      2    471

SEQ1                            ATG GAG CAC AGG GCC ACT CAG AAC TTC CAA GCT GAG AAG CTG CTG GAG GAA GTG GAG AAG TGG TTG CAG AAA GAG AGA GAA GAC GAA GAG CTG AGG AAC CCA ATG AAG GTT CTG GAG AAC GGA ACC AAA GAT TCC ATG CTT GAG ATG GAA GTC CCG GAG AAC CTG CAG GAG CTG AAG GAT CTG AAC CAG CAC CAG GCC AAT GTG GAC TTC GAA TCC ATG CTG CAG CAG TAC AAG GAC TAC GAG GAG CAG CAG AAG CAG TGG GAG TTG GAG GAG GAT GAG CAG GAG ATG AAA GCT ATG CTG GAG AAA GCC CAA AGC TGG AGG TTG CTG GAA GAC TTG GAT TCA GAT GAT GAT CCT GCC CCG GCC CCT GCA AAA ACC TTT GCG AAA GCA AAG CCC ATG GAC ATC CTG CCT GAG --- CTG GAG CTG CAA GCC AAG AAG CCA AAG GTG GAA AGC TGG GAG AGG AGC ATG GGC AGC 
SEQ2                            ATG GAG CAC GGG GCT ACT CGG AAC TTC CAA GCT GAG AAG CTG CTG GAG GAA GAG GAG AAG CGG TTG CAG AAA GAG AGA GAA GAC GAA GAG CTT AAC AAC CCA ATG AAG GTT CTG GAG AAC AGA ACC AAA GAC TCC AAG CTC GAG ATG GAA GTC CTG GAG AAC CTG CAG GAG CTG AAG GAT CTG AAC CAG CGC CAG GCC CAT GTG GAC TTT GAA TCC ATG CTG CAG CAG TAC AAG GAT TAT GAG GAG CAG CAG AAA CAG CGG GAG TTG GAG GAG GAT GAA CAG GAG ATG AAA GCT ATG CTG GAG AAA GCC CAA AGC CGG AGG TTG CTG GAA GAC TCA GAT TCA GAT GAT GAA CCT GCC CCA GTC CCT GCA AAA TCC TTT GCG AAA GCA AAG CCG ACG GAC ATC CTG CAG GAG GAT CCG GAG CCG CAA GCA AAG AAG CTG AAG GTG GAA AGC TGG GAG AGG AGT GTG GGC AAG 



After deleting gaps. 468 sites
      2    468

SEQ1                            ATG GAG CAC AGG GCC ACT CAG AAC TTC CAA GCT GAG AAG CTG CTG GAG GAA GTG GAG AAG TGG TTG CAG AAA GAG AGA GAA GAC GAA GAG CTG AGG AAC CCA ATG AAG GTT CTG GAG AAC GGA ACC AAA GAT TCC ATG CTT GAG ATG GAA GTC CCG GAG AAC CTG CAG GAG CTG AAG GAT CTG AAC CAG CAC CAG GCC AAT GTG GAC TTC GAA TCC ATG CTG CAG CAG TAC AAG GAC TAC GAG GAG CAG CAG AAG CAG TGG GAG TTG GAG GAG GAT GAG CAG GAG ATG AAA GCT ATG CTG GAG AAA GCC CAA AGC TGG AGG TTG CTG GAA GAC TTG GAT TCA GAT GAT GAT CCT GCC CCG GCC CCT GCA AAA ACC TTT GCG AAA GCA AAG CCC ATG GAC ATC CTG CCT GAG CTG GAG CTG CAA GCC AAG AAG CCA AAG GTG GAA AGC TGG GAG AGG AGC ATG GGC AGC 
SEQ2                            ATG GAG CAC GGG GCT ACT CGG AAC TTC CAA GCT GAG AAG CTG CTG GAG GAA GAG GAG AAG CGG TTG CAG AAA GAG AGA GAA GAC GAA GAG CTT AAC AAC CCA ATG AAG GTT CTG GAG AAC AGA ACC AAA GAC TCC AAG CTC GAG ATG GAA GTC CTG GAG AAC CTG CAG GAG CTG AAG GAT CTG AAC CAG CGC CAG GCC CAT GTG GAC TTT GAA TCC ATG CTG CAG CAG TAC AAG GAT TAT GAG GAG CAG CAG AAA CAG CGG GAG TTG GAG GAG GAT GAA CAG GAG ATG AAA GCT ATG CTG GAG AAA GCC CAA AGC CGG AGG TTG CTG GAA GAC TCA GAT TCA GAT GAT GAA CCT GCC CCA GTC CCT GCA AAA TCC TTT GCG AAA GCA AAG CCG ACG GAC ATC CTG CAG GAG CCG GAG CCG CAA GCA AAG AAG CTG AAG GTG GAA AGC TGG GAG AGG AGT GTG GGC AAG 



Printing out site pattern counts


         2        204  P

SEQ1                            AAA AAC AAG AAG AAT ACC ACC ACT AGA AGC AGC AGC AGG AGG AGG ATC ATG ATG ATG ATG CAA CAC CAC CAG CAG CCA CCA CCC CCG CCG CCT CCT CTG CTG CTG CTT GAA GAC GAC GAG GAG GAT GAT GAT GCA GCC GCC GCC GCC GCG GCT GGA GGC GTC GTG GTG GTT TAC TAC TCA TCC TGG TGG TTC TTC TTG TTG TTT 
SEQ2                            ... ... ..A ... C.. ... T.. ... ... .AG ... ..T .AC ... G.. ... .A. .C. ... G.. ... ... .G. ... .G. ... .TG ..G ..A .T. .AG ... .C. ... ..T ..C ... ... ..T ..A ... ..A ..C ... ... ..A ... ..T .T. ... ... A.. ... ... .A. ... ... ... ..T ... ... C.. ... ... ..T .CA ... ... 

    6    5    1    9    1    1    1    1    1    1    2    1    1    2    1
    1    1    1    6    1    3    1    1   10    1    1    1    1    1    1
    1    2    2   10    1    1    7    4    1    1   20    1    1    5    2
    1    3    1    1    1    2    1    1    1    1    2    1    1    1    1
    2    3    1    1    1    1    3    1

YN00 paml/jobs/LOCW_00021387__LOC_00019085/LOCW_00021387__LOC_00019085.phy

ns =   2	ls = 156

Codon position x base (3x4) table for each sequence.

SEQ1                
position  1:    T:0.10256    C:0.24359    A:0.28205    G:0.37179
position  2:    T:0.23077    C:0.16026    A:0.51282    G:0.09615
position  3:    T:0.10897    C:0.21795    A:0.14744    G:0.52564

SEQ2                
position  1:    T:0.08974    C:0.26923    A:0.26282    G:0.37821
position  2:    T:0.21154    C:0.16026    A:0.53205    G:0.09615
position  3:    T:0.12179    C:0.18590    A:0.17949    G:0.51282

Average
position  1:    T:0.09615    C:0.25641    A:0.27244    G:0.37500
position  2:    T:0.22115    C:0.16026    A:0.52244    G:0.09615
position  3:    T:0.11538    C:0.20192    A:0.16346    G:0.51923

Codon usage for each species
----------------------------------------------------------------------
Phe TTT   1   2 | Ser TCT   0   0 | Tyr TAT   0   1 | Cys TGT   0   0
    TTC   2   1 |     TCC   2   3 |     TAC   2   1 |     TGC   0   0
Leu TTA   0   0 |     TCA   1   2 | *** TAA   0   0 | *** TGA   0   0
    TTG   4   3 |     TCG   0   0 |     TAG   0   0 | Trp TGG   4   1
----------------------------------------------------------------------
Leu CTT   1   1 | Pro CCT   3   2 | His CAT   0   1 | Arg CGT   0   0
    CTC   0   1 |     CCC   1   0 |     CAC   2   1 |     CGC   0   1
    CTA   0   0 |     CCA   2   2 | Gln CAA   3   3 |     CGA   0   0
    CTG  13  12 |     CCG   2   3 |     CAG  11  11 |     CGG   0   4
----------------------------------------------------------------------
Ile ATT   0   0 | Thr ACT   1   1 | Asn AAT   1   0 | Ser AGT   0   1
    ATC   1   1 |     ACC   2   1 |     AAC   5   6 |     AGC   4   2
    ATA   0   0 |     ACA   0   0 | Lys AAA   6   7 | Arg AGA   1   2
Met ATG   9   6 |     ACG   0   1 |     AAG  10  11 |     AGG   4   2
----------------------------------------------------------------------
Val GTT   1   1 | Ala GCT   2   3 | Asp GAT   7   6 | Gly GGT   0   0
    GTC   1   2 |     GCC   6   3 |     GAC   5   5 |     GGC   1   1
    GTA   0   0 |     GCA   2   3 | Glu GAA   7   9 |     GGA   1   0
    GTG   3   3 |     GCG   1   1 |     GAG  21  21 |     GGG   0   1
----------------------------------------------------------------------


Sums
------------------------------------------------------
Phe TTT   3 | Ser TCT   0 | Tyr TAT   1 | Cys TGT   0
    TTC   3 |     TCC   5 |     TAC   3 |     TGC   0
Leu TTA   0 |     TCA   3 | *** TAA   0 | *** TGA   0
    TTG   7 |     TCG   0 |     TAG   0 | Trp TGG   5
------------------------------------------------------
Leu CTT   2 | Pro CCT   5 | His CAT   1 | Arg CGT   0
    CTC   1 |     CCC   1 |     CAC   3 |     CGC   1
    CTA   0 |     CCA   4 | Gln CAA   6 |     CGA   0
    CTG  25 |     CCG   5 |     CAG  22 |     CGG   4
------------------------------------------------------
Ile ATT   0 | Thr ACT   2 | Asn AAT   1 | Ser AGT   1
    ATC   2 |     ACC   3 |     AAC  11 |     AGC   6
    ATA   0 |     ACA   0 | Lys AAA  13 | Arg AGA   3
Met ATG  15 |     ACG   1 |     AAG  21 |     AGG   6
------------------------------------------------------
Val GTT   2 | Ala GCT   5 | Asp GAT  13 | Gly GGT   0
    GTC   3 |     GCC   9 |     GAC  10 |     GGC   2
    GTA   0 |     GCA   5 | Glu GAA  16 |     GGA   1
    GTG   6 |     GCG   2 |     GAG  42 |     GGG   1
------------------------------------------------------



(A) Nei-Gojobori (1986) method



Nei & Gojobori 1986. dN/dS (dN, dS)
(Note: This matrix is not used in later ML. analysis.
Use runmode = -2 for ML pairwise comparison.)

SEQ1                
SEQ2                 0.3860 (0.0716 0.1854)


(B) Yang & Nielsen (2000) method

Yang Z, Nielsen R (2000) Estimating synonymous and nonsynonymous substitution rates under realistic evolutionary models. Mol. Biol. Evol. 17:32-43

(equal weighting of pathways)

seq. seq.     S       N        t   kappa   omega     dN +- SE    dS +- SE

   2    1   121.1   346.9   0.2851  3.7703  0.5419 0.0780 +- 0.0158  0.1439 +- 0.0386


(C) LWL85, LPB93 & LWLm methods

Li W.-H., C.-I. Wu, Luo (1985) A new method for estimating synonymous and nonsynonymous rates of nucleotide substitutions considering the relative likelihood of nucleotide and codon changes. Mol. Biol. Evol. 2: 150-174.
Li W-H (1993) Unbiased estimation of the rates of synonymous and nonsynonymous substitution. J. Mol. Evol. 36:96-99
Pamilo P, Bianchi NO (1993) Evolution of the Zfx and Zfy genes - rates and interdependence between the genes. Mol. Biol. Evol. 10:271-281
Yang Z (2006) Computational Molecular Evolution. Oxford University Press, Oxford. Eqs. 2.12 & 2.13

2 (SEQ2) vs. 1 (SEQ1)

L(i):      299.5     119.5      49.0  sum=    468.0
Ns(i):   14.5000   10.0000    4.5000  sum=  29.0000
Nv(i):    5.0000    3.5000    3.5000  sum=  12.0000
A(i):     0.0518    0.0944    0.1087
B(i):     0.0170    0.0302    0.0771
LWL85:  dS =  0.2295 dN =  0.0638 w = 0.2781 S =   88.8 N =  379.2
LWL85m: dS =  0.1714 dN =  0.0693 w = 0.4044 S =  118.9 N =  349.1 (rho = 0.585)
LPB93:  dS =  0.1756 dN =  0.0725 w = 0.4128

