      2   1479

SEQ1                            ATG GAT CAC AAT TAT GAA AGG CGC CTT CTC CGT CAA ATC AAT ATC CAA AAT GTA AAC ATG ATG CCT TTT GTG GTG GAC ATG AGG AGG ACC CTG ACG CCT TCG AAC TCC CCC GTT TCC TCC CCC AGT AAA CAC GGT GAC AGG TTC ATT CCC TCC CGA GCT GGG GCA AAT TGG AGC ATC AGT TTT CAC AGA ATA AAC GAA AAT GAA AAA TCT CCA AGC CAG AAC AGA AAA GCA AAA GAT GCC ACA GCA GAC AAC GGC AAA GAT GGC CTA GCA TAT TCG GCC TTA CTA AAG AAT GAG CTC CTG GGA GCG GGG ATT GAG AAA GTA CAG GAC CCC CAG ATG GAG GAC AGG AGG CTG CAG CCC TCC ACC CCT GAG AAG AAA AGC CTC TTC GCG TAC TCC CTC ACC ACG AAA CGG TCC AGC CCC GAT GAT GGC AAT GAG GTC TCT CCG TAT TCT CTC TCC CCA GTT AGC AAC AAA AGC CAA AAG TTG CTT CAA TCC CCT CGA AAG CCA ACG AGG AAG ATC TCC AAG ATC CCA TTT AAA GTT CTG GAT GCC CCA GAA CTG CAG GAT GAC TTC TAC TTG AAT CTG GTT GAC TGG TCC TCT CTC AAT GTC CTC AGT GTT GGC CTT GGA ACC TGT GTC TAC CTC TGG AGT GCA TGT ACC AGC CAG GTG ACT CGG CTC TGT GAC CTC TCC GTG GAA GGT GAC TCT GTA ACC TCT GTG GGA TGG TCA GAG AGG GGC AAT TTG GTG GCC GTT GGG ACC CAC AAA GGT TTC GTA CAG ATC TGG GAT GCC GCT GCA GGA AAG AAG CTC TCT GTG TTG GAA GGC CAC ACT GCA AGA GTG GGT GCT CTG GCA TGG AAC GCA GAT CAT CTA TCT TCT GGC AGT CGG GAT CGC ATG ATC CTG CAG CGA GAC ATC CGG ACC CCT CCT GTG CAG TCC GAA CGG CGT CTC CAA GGC CAC AGG CAG GAA GTG TGC GGG CTG AAA TGG TCT ACA GAC CAC CAG CTC CTG GCA TCG GGT GGG AAT GAC AAC AAG CTC CTT GTC TGG AAC CAC TCC AGC CTC AGC CCA GTG CAG CAG TAC ACG GAG CAC CTG GCG GCC GTC AAA GCC ATT GCT TGG TCC CCG CAC CAG CAC GGG CTG CTG GCC TCC GGC GGC GGG ACA GCG GAC CGC TGC ATA CGC TTC TGG AAC ACG CTG ACC GGG CAG CCC TTG CAG TGC ATC GAC ACG GGG TCG CAG GTG TGC AAC CTC GCC TGG TCA AAG CAC GCC AAC GAG CTG GTG AGC ACC CAC GGA TAC TCA CAG AAC CAG ATC CTT GTC TGG AAA TAC CCG TCC TTG ACT CAA GTG GCA AAG CTA ACT GGC CAT TCA TAC AGA GTC CTC TAC CTG GCA ATG TCA CCT GAT GGG GAA GCC ATT GTA ACG GGA GCA GGG GAC GAG ACT TTG AGG TTT TGG AAC GTC TTC AGC AAA ACG CGC TCT ACG AAG GAG TCC GTT TCT GTC CTT AAC CTC TTC ACC CGG ATA CGG 
SEQ2                            ATG GAT CAA GAT TAT GAA AGG CGC CTT CTC CGT CAA ATC AAT ATC CAA AAT GAA AAC ATG ATG CCT TCT GTG GTG GAC ACG AGG AGG ACA CTA ACA CCT TCA AAC TCC CCT GTT TCC TCC CCC AGC AAG CAT GGT GAC AGG TTC ATT CCT TCC CGA GCT GGG GCA AAT TGG AGC ATC AGT TTT CAC AGG ATA AAT GAA AAT GAA AAA TCT CCG AGC CAG AAC AGA AAA GCA AAA GAT GCC ACA TCG GAC AAT GGC AAA GAT GGC CTA GCA TAT TCA GCC TTA CTA AAG AAT GAG CTC CTG GGA GCA GGG ATT GAG AAA GTG CAG GAT CCC CAG ACG GAG GAC AGG CGG CTG CAG CCC TCC ACC CCT GAG AAG AAA AGT CTC TTC ACG TAC TCC CTC ACC ACA AAA CGA TCC AAC CCG GAT GAT GGC AAC GAG GTC TCC CCG TAT TCT CTC TCC CCG GTT AGC AAC AAA AGC CAA AAG TTG CTT CGA TCC CCC CGA AAG CCA ACA AGG AAA ATC TCC AAG ATC CCA TTC AAA GTT CTG GAT GCC CCA GAG CTG CAG GAT GAC TTC TAC TTG AAT CTG GTT GAC TGG TCC TCT CTC AAC GTC CTC AGT GTT GGC CTT GGA ACC TGT GTC TAC CTC TGG AGT GCG TGC ACC AGC CAG GTG ACT CGG CTC TGC GAC CTC TCT GTG GAA GGC GAC TCT GTA ACC TCC GTG GGA TGG TCA GAG AGG GGC AAT TTG GTG GCA GTC GGG ACC CAC AAA GGT TTC GTT CAG ATC TGG GAT GCC GCT GCA GGA AAG AAG CTG TCC GTG TTG GAA GGC CAC ACT GCA AGA GTG GGT GCC CTG GCG TGG AAT GCA GAC CAG CTG TCT TCT GGC AGT CGG GAC CGC ATG ATC CTG CAG CGA GAC ATC CGG ACC CCT CCG GTG CAG ACC GAA CGA CGC CTC CAG GGC CAC AGG CAG GAA GTG TGT GGC CTG AAG TGG TCC ACA GAC CAC CAG CTC CTG GCA TCT GGT GGC AAT GAC AAC AAG CTC CTT GTC TGG AAC CAC TCC AGC CTC AGC CCA GTG CAG CAG TAC ACG GAG CAC CTG GCG GCC GTC AAA GCC ATT GCT TGG TCC CCG CAC CAG CAC GGG CTG CTG GCC TCC GGC GGC GGG ACG GCG GAC CGC TGC ATA CGC TTC TGG AAC ACG CTG ACC GGG CAG CCC TTG CAG TGC ATC GAC ACG GGG TCG CAG GTG TGC AAC CTT GCC TGG TCG AAA CAC GCC AAC GAG CTG GTG AGC ACC CAC GGA TAC TCT CAG AAT CAG ATC CTT GTC TGG AAA TAC CCG TCC TTG ACG CAA GTG GCG AAG CTG ACT GGT CAT TCT TAC AGA GTT CTC TAC CTG GCA ATG TCC CCT GAT GGG GAA GCC ATC GTA ACG GGA GCG GGA GAC GAG ACT CTG AGG TTC TGG AAC GTC TTC AGC AAA ACA CGC TCC ACG AAG GAG TCC GTG TCT GTC CTT AAC CTC TTC ACC CGG ATA CGT 



Printing out site pattern counts


         2        378  P

SEQ1                            AAA AAA AAC AAC AAG AAG AAT AAT AAT ACA ACA ACC ACC ACG ACG ACT ACT AGA AGA AGC AGC AGC AGG AGG AGT AGT ATA ATC ATG ATG ATT ATT CAA CAA CAA CAC CAC CAC CAG CAT CAT CCA CCA CCC CCC CCC CCG CCT CCT CCT CGA CGC CGG CGG CGG CGT CGT CTA CTA CTC CTC CTC CTG CTG CTT GAA GAA GAC GAC GAG GAT GAT GCA GCA GCA GCC GCC GCG GCG GCG GCT GCT GGA GGC GGC GGG GGG GGG GGT GGT GTA GTA GTA GTA GTC GTC GTG GTT GTT GTT TAC TAT TCA TCA TCA TCA TCC TCC TCC TCG TCG TCG TCT TCT TGC TGC TGG TGT TGT TTA TTC TTG TTG TTT TTT TTT 
SEQ2                            ... ..G ... ..T ..A ... ..C ... G.. ... ..G ..A ... ..A ... ..G ... ... ..G .A. ... ..T ... C.. ..C ... ... ... .C. ... ..C ... ... ..G .G. ..A ... ..T ... ..G ... ... ..G ... ..G ..T ... ..C ..G ... ... ... ..A ... ..T ..C ... ... ..G ... ..G ..T ..A ... ... ... ..G ... ..T ... ..C ... ... ..G T.G ..A ... A.. ..A ... ..C ... ... ... ..T ..A ..C ... ..C ... .A. ... ..G ..T ... ..T ... ..C ..G ... ... ... ... ..C ..G ..T A.. ... ..T ..A ... ..T ..C ... ... ..T ... ..C ... ... ... C.. ... .C. ..C ... 

   13    2   11    4    2   10    2    8    1    2    1    1   10    4    5
    1    4    3    1    1    9    1    9    1    1    4    3   10    2    5
    1    3    4    1    1    1   11    1   19    1    1    4    2    4    1
    2    3    1    1    5    3    5    2    4    1    1    1    2    2   16
    1    1    1   15    6    8    1   14    1   10    2    9    8    4    1
    1   10    1    1    2    1    3    6   10    1    1    2    8    1    4
    1    2    1    1    8    1   14    1    1    5    8    3    1    1    1
    2    1   16    1    2    1    1    5    7    3    1   13    2    1    1
    7    1    6    1    2    1

YN00 paml/jobs/LOC_00019183__LOCZ_00019183/LOC_00019183__LOCZ_00019183.phy

ns =   2	ls = 493

Codon position x base (3x4) table for each sequence.

SEQ1                
position  1:    T:0.18053    C:0.25152    A:0.27383    G:0.29412
position  2:    T:0.24746    C:0.24746    A:0.30223    G:0.20284
position  3:    T:0.18458    C:0.35091    A:0.16836    G:0.29615

SEQ2                
position  1:    T:0.17850    C:0.25558    A:0.27383    G:0.29209
position  2:    T:0.23935    C:0.25355    A:0.30426    G:0.20284
position  3:    T:0.17444    C:0.35903    A:0.15822    G:0.30832

Average
position  1:    T:0.17951    C:0.25355    A:0.27383    G:0.29310
position  2:    T:0.24341    C:0.25051    A:0.30325    G:0.20284
position  3:    T:0.17951    C:0.35497    A:0.16329    G:0.30223

Codon usage for each species
----------------------------------------------------------------------
Phe TTT   4   1 | Ser TCT  12  12 | Tyr TAT   3   3 | Cys TGT   3   2
    TTC   7   9 |     TCC  18  22 |     TAC   8   8 |     TGC   4   5
Leu TTA   1   1 |     TCA   5   3 | *** TAA   0   0 | *** TGA   0   0
    TTG   7   6 |     TCG   4   3 |     TAG   0   0 | Trp TGG  13  13
----------------------------------------------------------------------
Leu CTT   6   7 | Pro CCT   7   7 | His CAT   2   2 | Arg CGT   2   2
    CTC  18  16 |     CCC   7   5 |     CAC  13  11 |     CGC   5   6
    CTA   4   3 |     CCA   6   4 | Gln CAA   6   5 |     CGA   3   6
    CTG  16  19 |     CCG   3   7 |     CAG  19  21 |     CGG   7   5
----------------------------------------------------------------------
Ile ATT   4   3 | Thr ACT   5   4 | Asn AAT  11  12 | Ser AGT   5   5
    ATC  10  11 |     ACC  11  11 |     AAC  15  14 |     AGC  11  10
    ATA   3   3 |     ACA   3   7 | Lys AAA  15  15 | Arg AGA   4   3
Met ATG   7   5 |     ACG   9  10 |     AAG  12  12 |     AGG  10  10
----------------------------------------------------------------------
Val GTT   7   7 | Ala GCT   4   3 | Asp GAT  11  11 | Gly GGT   5   5
    GTC   9   9 |     GCC  11  11 |     GAC  15  16 |     GGC  11  13
    GTA   5   2 |     GCA  13  10 | Glu GAA   9   9 |     GGA   6   7
    GTG  14  16 |     GCG   4   6 |     GAG  10  11 |     GGG  11   8
----------------------------------------------------------------------


Sums
------------------------------------------------------
Phe TTT   5 | Ser TCT  24 | Tyr TAT   6 | Cys TGT   5
    TTC  16 |     TCC  40 |     TAC  16 |     TGC   9
Leu TTA   2 |     TCA   8 | *** TAA   0 | *** TGA   0
    TTG  13 |     TCG   7 |     TAG   0 | Trp TGG  26
------------------------------------------------------
Leu CTT  13 | Pro CCT  14 | His CAT   4 | Arg CGT   4
    CTC  34 |     CCC  12 |     CAC  24 |     CGC  11
    CTA   7 |     CCA  10 | Gln CAA  11 |     CGA   9
    CTG  35 |     CCG  10 |     CAG  40 |     CGG  12
------------------------------------------------------
Ile ATT   7 | Thr ACT   9 | Asn AAT  23 | Ser AGT  10
    ATC  21 |     ACC  22 |     AAC  29 |     AGC  21
    ATA   6 |     ACA  10 | Lys AAA  30 | Arg AGA   7
Met ATG  12 |     ACG  19 |     AAG  24 |     AGG  20
------------------------------------------------------
Val GTT  14 | Ala GCT   7 | Asp GAT  22 | Gly GGT  10
    GTC  18 |     GCC  22 |     GAC  31 |     GGC  24
    GTA   7 |     GCA  23 | Glu GAA  18 |     GGA  13
    GTG  30 |     GCG  10 |     GAG  21 |     GGG  19
------------------------------------------------------



(A) Nei-Gojobori (1986) method



Nei & Gojobori 1986. dN/dS (dN, dS)
(Note: This matrix is not used in later ML. analysis.
Use runmode = -2 for ML pairwise comparison.)

SEQ1                
SEQ2                 0.0410 (0.0108 0.2645)


(B) Yang & Nielsen (2000) method

Yang Z, Nielsen R (2000) Estimating synonymous and nonsynonymous substitution rates under realistic evolutionary models. Mol. Biol. Evol. 17:32-43

(equal weighting of pathways)

seq. seq.     S       N        t   kappa   omega     dN +- SE    dS +- SE

   2    1   404.1  1074.9   0.2253  4.9836  0.0459 0.0113 +- 0.0033  0.2449 +- 0.0304


(C) LWL85, LPB93 & LWLm methods

Li W.-H., C.-I. Wu, Luo (1985) A new method for estimating synonymous and nonsynonymous rates of nucleotide substitutions considering the relative likelihood of nucleotide and codon changes. Mol. Biol. Evol. 2: 150-174.
Li W-H (1993) Unbiased estimation of the rates of synonymous and nonsynonymous substitution. J. Mol. Evol. 36:96-99
Pamilo P, Bianchi NO (1993) Evolution of the Zfx and Zfy genes - rates and interdependence between the genes. Mol. Biol. Evol. 10:271-281
Yang Z (2006) Computational Molecular Evolution. Oxford University Press, Oxford. Eqs. 2.12 & 2.13

2 (SEQ2) vs. 1 (SEQ1)

L(i):      952.5     273.0     253.5  sum=   1479.0
Ns(i):    7.0000   26.0000   39.0000  sum=  72.0000
Nv(i):    3.0000    3.0000   15.0000  sum=  21.0000
A(i):     0.0074    0.1069    0.1970
B(i):     0.0032    0.0111    0.0630
LWL85:  dS =  0.2761 dN =  0.0116 w = 0.0419 S =  344.5 N = 1134.5
LWL85m: dS =  0.2066 dN =  0.0129 w = 0.0623 S =  460.4 N = 1018.6 (rho = 0.758)
LPB93:  dS =  0.2133 dN =  0.0124 w = 0.0579

